INFO: Loaded 287 hooks from com.code_intelligence.jazzer.runtime.TraceCmpHooks
INFO: Loaded 5 hooks from com.code_intelligence.jazzer.runtime.TraceDivHooks
INFO: Loaded 2 hooks from com.code_intelligence.jazzer.runtime.TraceIndirHooks
INFO: Loaded 4 hooks from com.code_intelligence.jazzer.runtime.NativeLibHooks
INFO: Loaded 2 hooks from com.code_intelligence.jazzer.sanitizers.ClojureLangHooks
INFO: Loaded 5 hooks from com.code_intelligence.jazzer.sanitizers.Deserialization
INFO: Loaded 5 hooks from com.code_intelligence.jazzer.sanitizers.ExpressionLanguageInjection
INFO: Loaded 70 hooks from com.code_intelligence.jazzer.sanitizers.LdapInjection
INFO: Loaded 46 hooks from com.code_intelligence.jazzer.sanitizers.NamingContextLookup
INFO: Loaded 1 hooks from com.code_intelligence.jazzer.sanitizers.OsCommandInjection
INFO: Loaded 48 hooks from com.code_intelligence.jazzer.sanitizers.ReflectiveCall
INFO: Loaded 8 hooks from com.code_intelligence.jazzer.sanitizers.RegexInjection
INFO: Loaded 16 hooks from com.code_intelligence.jazzer.sanitizers.RegexRoadblocks
INFO: Loaded 12 hooks from com.code_intelligence.jazzer.sanitizers.ScriptEngineInjection
INFO: Loaded 3 hooks from com.code_intelligence.jazzer.sanitizers.ServerSideRequestForgery
INFO: Loaded 19 hooks from com.code_intelligence.jazzer.sanitizers.SqlInjection
INFO: Loaded 6 hooks from com.code_intelligence.jazzer.sanitizers.XPathInjection
INFO: Instrumented org.pqcfuzz.classify.Classifier (took 62 ms, size +26%)
INFO: Instrumented org.pqcfuzz.target.FuzzTarget (took 1 ms, size +12%)
INFO: Instrumented org.pqcfuzz.classify.Outcome (took 2 ms, size +13%)
INFO: Instrumented org.pqcfuzz.fuzz.PqcDecodeFuzzTest (took 10 ms, size +12%)
INFO: Instrumented org.pqcfuzz.target.Targets (took 5 ms, size +19%)
INFO: Instrumented org.pqcfuzz.target.mlkem.MlKem768DecapTarget (took 1 ms, size +13%)
INFO: Instrumented org.pqcfuzz.target.mlkem.MlKem768PublicKeyParseTarget (took 1 ms, size +15%)
INFO: Instrumented org.pqcfuzz.target.mldsa.MlDsa65VerifyTarget (took 2 ms, size +11%)
INFO: Instrumented org.bouncycastle.crypto.CipherParameters (took 0 ms, size +0%)
INFO: Instrumented org.pqcfuzz.target.mldsa.MlDsa65PublicKeyParseTarget (took 2 ms, size +15%)
INFO: Instrumented org.pqcfuzz.target.slhdsa.SlhDsaVerifyTarget (took 2 ms, size +10%)
INFO: Instrumented org.pqcfuzz.target.slhdsa.SlhDsaPublicKeyParseTarget (took 1 ms, size +14%)
INFO: Instrumented org.pqcfuzz.target.mlkem.MlKem768ParseAndEncapsulateTarget (took 1 ms, size +11%)
INFO: Instrumented org.bouncycastle.crypto.params.AsymmetricKeyParameter (took 0 ms, size +32%)
INFO: Instrumented org.bouncycastle.crypto.params.MLKEMPublicKeyParameters (took 1 ms, size +22%)
INFO: Instrumented org.bouncycastle.crypto.params.MLKEMKeyParameters (took 0 ms, size +23%)
INFO: Instrumented org.pqcfuzz.util.DeterministicSecureRandom (took 1 ms, size +24%)
INFO: Instrumented org.pqcfuzz.target.mldsa.MlDsa65ParseAndVerifyTarget (took 1 ms, size +10%)
INFO: Instrumented org.pqcfuzz.target.slhdsa.SlhDsaParseAndVerifyTarget (took 1 ms, size +10%)
INFO: Instrumented org.pqcfuzz.target.jdk.JdkMlKem768DecapTarget (took 1 ms, size +12%)
INFO: Instrumented org.pqcfuzz.target.jdk.JdkMlKem768PublicKeyParseTarget (took 2 ms, size +11%)
INFO: Instrumented org.pqcfuzz.target.jdk.JdkMlDsa65VerifyTarget (took 3 ms, size +10%)
INFO: Instrumented org.pqcfuzz.target.jdk.JdkMlDsa65PublicKeyParseTarget (took 1 ms, size +12%)
INFO: Instrumented org.pqcfuzz.target.jdk.JdkMlKem768ParseAndEncapsulateTarget (took 2 ms, size +9%)
INFO: Instrumented org.pqcfuzz.target.jdk.JdkMlDsa65ParseAndVerifyTarget (took 1 ms, size +9%)
INFO: Instrumented org.pqcfuzz.target.mldsa.MlDsaKeys (took 1 ms, size +7%)
INFO: Instrumented org.bouncycastle.crypto.KeyGenerationParameters (took 0 ms, size +19%)
INFO: Instrumented org.bouncycastle.crypto.params.MLDSAKeyGenerationParameters (took 0 ms, size +20%)
INFO: Instrumented org.bouncycastle.crypto.CryptoException (took 0 ms, size +26%)
INFO: Instrumented org.bouncycastle.crypto.params.MLDSAParameters (took 0 ms, size +22%)
INFO: Instrumented org.bouncycastle.crypto.generators.MLDSAKeyPairGenerator (took 1 ms, size +7%)
INFO: Instrumented org.bouncycastle.crypto.AsymmetricCipherKeyPairGenerator (took 0 ms, size +0%)
INFO: Instrumented org.bouncycastle.crypto.params.MLDSAPrivateKeyParameters (took 3 ms, size +12%)
INFO: Instrumented org.bouncycastle.crypto.params.MLDSAKeyParameters (took 0 ms, size +23%)
INFO: Instrumented org.bouncycastle.crypto.params.MLDSAPublicKeyParameters (took 1 ms, size +18%)
INFO: New number of coverage counters: 1024
INFO: Instrumented org.bouncycastle.crypto.CryptoServicesRegistrar (took 9 ms, size +12%)
INFO: Instrumented org.bouncycastle.crypto.CryptoServicesPermission (took 2 ms, size +72%)
INFO: Instrumented org.bouncycastle.crypto.SecureRandomProvider (took 0 ms, size +0%)
INFO: Instrumented org.bouncycastle.crypto.CryptoServicesConstraints (took 0 ms, size +0%)
INFO: Instrumented org.bouncycastle.crypto.CryptoServicesRegistrar$ThreadLocalSecureRandomProvider (took 1 ms, size +13%)
INFO: Instrumented org.bouncycastle.crypto.CryptoServicesRegistrar$1 (took 0 ms, size +24%)
INFO: Instrumented org.bouncycastle.crypto.params.DSAParameters (took 2 ms, size +66%)
INFO: Instrumented org.bouncycastle.crypto.params.DSAValidationParameters (took 1 ms, size +38%)
INFO: Instrumented org.bouncycastle.util.encoders.Hex (took 1 ms, size +13%)
INFO: Instrumented org.bouncycastle.util.encoders.DecoderException (took 0 ms, size +27%)
INFO: Instrumented org.bouncycastle.util.encoders.EncoderException (took 0 ms, size +27%)
INFO: Instrumented org.bouncycastle.util.encoders.HexEncoder (took 2 ms, size +37%)
INFO: Instrumented org.bouncycastle.util.encoders.Encoder (took 0 ms, size +0%)
INFO: New number of coverage counters: 2048
INFO: Instrumented org.bouncycastle.util.Arrays (took 18 ms, size +34%)
INFO: Instrumented org.bouncycastle.crypto.CryptoServicesRegistrar$Property (took 1 ms, size +10%)
INFO: Instrumented org.bouncycastle.asn1.x9.X9ECParameters (took 1 ms, size +12%)
INFO: Instrumented org.bouncycastle.asn1.x9.X9ObjectIdentifiers (took 0 ms, size +3%)
INFO: Instrumented org.bouncycastle.asn1.ASN1Object (took 1 ms, size +30%)
INFO: Instrumented org.bouncycastle.asn1.ASN1Encodable (took 0 ms, size +0%)
INFO: Instrumented org.bouncycastle.util.Encodable (took 0 ms, size +0%)
INFO: Instrumented org.bouncycastle.crypto.params.DHParameters (took 1 ms, size +39%)
INFO: Instrumented org.bouncycastle.crypto.params.DHValidationParameters (took 0 ms, size +45%)
INFO: Instrumented org.bouncycastle.crypto.signers.mldsa.MLDSAEngine (took 4 ms, size +8%)
INFO: Instrumented org.bouncycastle.crypto.signers.mldsa.Symmetric (took 0 ms, size +18%)
INFO: Instrumented org.bouncycastle.crypto.signers.mldsa.Symmetric$ShakeSymmetric (took 0 ms, size +12%)
INFO: Instrumented org.bouncycastle.crypto.digests.SHAKEDigest (took 2 ms, size +21%)
INFO: Instrumented org.bouncycastle.crypto.Xof (took 0 ms, size +0%)
INFO: Instrumented org.bouncycastle.crypto.ExtendedDigest (took 0 ms, size +0%)
INFO: Instrumented org.bouncycastle.crypto.Digest (took 0 ms, size +0%)
INFO: Instrumented org.bouncycastle.crypto.SavableDigest (took 0 ms, size +0%)
INFO: Instrumented org.bouncycastle.crypto.digests.EncodableDigest (took 0 ms, size +0%)
INFO: Instrumented org.bouncycastle.crypto.EncodableService (took 0 ms, size +0%)
INFO: Instrumented org.bouncycastle.util.Memoable (took 0 ms, size +0%)
INFO: Instrumented org.bouncycastle.crypto.digests.KeccakDigest (took 10 ms, size +19%)
INFO: Instrumented org.bouncycastle.crypto.CryptoServicePurpose (took 2 ms, size +8%)
INFO: Instrumented org.bouncycastle.crypto.digests.Utils (took 1 ms, size +10%)
INFO: Instrumented org.bouncycastle.crypto.CryptoServiceProperties (took 0 ms, size +0%)
INFO: Instrumented org.bouncycastle.crypto.digests.Utils$DefaultProperties (took 1 ms, size +14%)
INFO: Instrumented org.bouncycastle.crypto.signers.mldsa.PolyVecMatrix (took 0 ms, size +25%)
INFO: Instrumented org.bouncycastle.crypto.signers.mldsa.PolyVec (took 2 ms, size +25%)
INFO: Instrumented org.bouncycastle.crypto.signers.mldsa.Poly (took 10 ms, size +18%)
INFO: Instrumented org.bouncycastle.util.Pack (took 5 ms, size +24%)
INFO: Instrumented org.bouncycastle.crypto.signers.mldsa.Ntt (took 3 ms, size +9%)
INFO: Instrumented org.bouncycastle.crypto.signers.mldsa.Reduce (took 1 ms, size +30%)
INFO: Instrumented org.bouncycastle.crypto.signers.mldsa.Rounding (took 1 ms, size +52%)
INFO: Instrumented org.bouncycastle.crypto.signers.mldsa.Packing (took 1 ms, size +20%)
INFO: Instrumented org.bouncycastle.crypto.AsymmetricCipherKeyPair (took 0 ms, size +13%)
INFO: Instrumented org.pqcfuzz.target.TargetKind (took 1 ms, size +12%)
INFO: Instrumented org.pqcfuzz.classify.ExpectedRejections (took 0 ms, size +41%)
INFO: using inputs from: <repo>/.cifuzz-corpus/org.pqcfuzz.fuzz.PqcDecodeFuzzTest/mlDsaPublicKeyParse
INFO: using inputs from: <repo>/target/test-classes/org/pqcfuzz/fuzz/PqcDecodeFuzzTestInputs/mlDsaPublicKeyParse
INFO: using inputs from: /var/folders/m8/hjsd0821793bcvxlpgdpt23r0000gn/T/jazzer-java-seeds11383246834320952649
INFO: found LLVMFuzzerCustomMutator (0x12816b038). Disabling -len_control by default.
INFO: Running with entropic power schedule (0xFF, 100).
INFO: Seed: 2741221877
INFO: Loaded 3 modules   (2048 inline 8-bit counters): 512 [0x74c8090000, 0x74c8090200), 512 [0x74c8090200, 0x74c8090400), 1024 [0x74c8090400, 0x74c8090800), 
INFO: Loaded 3 PC tables (2048 PCs): 512 [0x74cacd0000,0x74cacd2000), 512 [0x74cacda000,0x74cacdc000), 1024 [0x74cd7ec000,0x74cd7f0000), 
INFO:        0 files found in <repo>/.cifuzz-corpus/org.pqcfuzz.fuzz.PqcDecodeFuzzTest/mlDsaPublicKeyParse
INFO:        5 files found in <repo>/target/test-classes/org/pqcfuzz/fuzz/PqcDecodeFuzzTestInputs/mlDsaPublicKeyParse
INFO:        0 files found in /var/folders/m8/hjsd0821793bcvxlpgdpt23r0000gn/T/jazzer-java-seeds11383246834320952649
INFO: -max_len is not provided; libFuzzer will not generate inputs larger than 4096 bytes
INFO: seed corpus: files: 5 min: 1952b max: 2016b total: 9824b rss: 1133Mb
#6	INITED cov: 60 ft: 60 corp: 2/3968b exec/s: 0 rss: 1133Mb
#34	REDUCE cov: 60 ft: 60 corp: 2/3646b lim: 2016 exec/s: 0 rss: 1133Mb L: 1694/1952 MS: 6 ChangeBinInt-Custom-ChangeByte-Custom-EraseBytes-Custom-
#35	REDUCE cov: 60 ft: 60 corp: 2/3184b lim: 2016 exec/s: 0 rss: 1133Mb L: 1232/1952 MS: 2 EraseBytes-Custom-
#36	REDUCE cov: 60 ft: 60 corp: 2/2946b lim: 2016 exec/s: 0 rss: 1133Mb L: 994/1952 MS: 2 EraseBytes-Custom-
#66	REDUCE cov: 60 ft: 60 corp: 2/2802b lim: 2016 exec/s: 0 rss: 1133Mb L: 850/1952 MS: 10 ShuffleBytes-Custom-InsertByte-Custom-InsertByte-Custom-ChangeASCIIInt-Custom-EraseBytes-Custom-
#95	REDUCE cov: 60 ft: 60 corp: 2/2548b lim: 2016 exec/s: 0 rss: 1133Mb L: 596/1952 MS: 8 ShuffleBytes-Custom-ChangeBit-Custom-CrossOver-Custom-EraseBytes-Custom-
#98	REDUCE cov: 60 ft: 60 corp: 2/2353b lim: 2016 exec/s: 0 rss: 1133Mb L: 401/1952 MS: 6 ChangeASCIIInt-Custom-CopyPart-Custom-EraseBytes-Custom-
#108	REDUCE cov: 60 ft: 60 corp: 2/2260b lim: 2016 exec/s: 0 rss: 1133Mb L: 308/1952 MS: 10 ShuffleBytes-Custom-InsertRepeatedBytes-Custom-InsertRepeatedBytes-Custom-InsertByte-Custom-EraseBytes-Custom-
#109	REDUCE cov: 60 ft: 60 corp: 2/2172b lim: 2016 exec/s: 0 rss: 1133Mb L: 220/1952 MS: 2 EraseBytes-Custom-
#120	REDUCE cov: 60 ft: 60 corp: 2/2089b lim: 2016 exec/s: 0 rss: 1133Mb L: 137/1952 MS: 2 EraseBytes-Custom-
#133	REDUCE cov: 60 ft: 60 corp: 2/2054b lim: 2016 exec/s: 0 rss: 1133Mb L: 102/1952 MS: 6 ChangeBit-Custom-ShuffleBytes-Custom-EraseBytes-Custom-
#145	REDUCE cov: 60 ft: 60 corp: 2/2029b lim: 2016 exec/s: 0 rss: 1133Mb L: 77/1952 MS: 4 CopyPart-Custom-EraseBytes-Custom-
#207	REDUCE cov: 60 ft: 60 corp: 2/1996b lim: 2016 exec/s: 0 rss: 1133Mb L: 44/1952 MS: 4 ChangeBinInt-Custom-EraseBytes-Custom-
#242	REDUCE cov: 60 ft: 60 corp: 2/1979b lim: 2016 exec/s: 0 rss: 1133Mb L: 27/1952 MS: 10 ChangeBit-Custom-ShuffleBytes-Custom-ChangeBit-Custom-InsertRepeatedBytes-Custom-EraseBytes-Custom-
#312	REDUCE cov: 60 ft: 60 corp: 2/1978b lim: 2016 exec/s: 0 rss: 1133Mb L: 26/1952 MS: 10 ChangeBit-Custom-ChangeBinInt-Custom-CMP-Custom-InsertByte-Custom-EraseBytes-Custom- DE: "\025\000\000\000"-
#346	REDUCE cov: 60 ft: 60 corp: 2/1972b lim: 2016 exec/s: 0 rss: 1133Mb L: 20/1952 MS: 8 CrossOver-Custom-ChangeByte-Custom-CrossOver-Custom-EraseBytes-Custom-
#353	REDUCE cov: 60 ft: 60 corp: 2/1969b lim: 2016 exec/s: 0 rss: 1133Mb L: 17/1952 MS: 4 CopyPart-Custom-EraseBytes-Custom-
#365	REDUCE cov: 60 ft: 60 corp: 2/1963b lim: 2016 exec/s: 0 rss: 1133Mb L: 11/1952 MS: 4 InsertByte-Custom-EraseBytes-Custom-
#381	REDUCE cov: 60 ft: 60 corp: 2/1960b lim: 2016 exec/s: 0 rss: 1133Mb L: 8/1952 MS: 2 EraseBytes-Custom-
#443	REDUCE cov: 60 ft: 60 corp: 2/1959b lim: 2016 exec/s: 0 rss: 1134Mb L: 7/1952 MS: 4 ChangeBit-Custom-EraseBytes-Custom-
#490	REDUCE cov: 60 ft: 60 corp: 2/1957b lim: 2016 exec/s: 0 rss: 1134Mb L: 5/1952 MS: 4 ChangeByte-Custom-EraseBytes-Custom-
#493	REDUCE cov: 60 ft: 60 corp: 2/1956b lim: 2016 exec/s: 0 rss: 1134Mb L: 4/1952 MS: 6 CrossOver-Custom-ChangeBit-Custom-EraseBytes-Custom-
#655	REDUCE cov: 60 ft: 60 corp: 2/1955b lim: 2016 exec/s: 0 rss: 1134Mb L: 3/1952 MS: 4 ShuffleBytes-Custom-EraseBytes-Custom-
#687	REDUCE cov: 60 ft: 60 corp: 2/1954b lim: 2016 exec/s: 0 rss: 1134Mb L: 2/1952 MS: 4 ChangeBit-Custom-EraseBytes-Custom-
#714	REDUCE cov: 60 ft: 60 corp: 2/1953b lim: 2016 exec/s: 0 rss: 1134Mb L: 1/1952 MS: 4 ChangeByte-Custom-EraseBytes-Custom-
#524288	pulse  cov: 60 ft: 60 corp: 2/1953b lim: 4096 exec/s: 262144 rss: 1135Mb
#1048576	pulse  cov: 60 ft: 60 corp: 2/1953b lim: 4096 exec/s: 209715 rss: 1146Mb
#2097152	pulse  cov: 60 ft: 60 corp: 2/1953b lim: 4096 exec/s: 190650 rss: 1146Mb
#4194304	pulse  cov: 60 ft: 60 corp: 2/1953b lim: 4096 exec/s: 190650 rss: 1146Mb
#8388608	pulse  cov: 60 ft: 60 corp: 2/1953b lim: 4096 exec/s: 186413 rss: 1146Mb
#16777216	pulse  cov: 60 ft: 60 corp: 2/1953b lim: 4096 exec/s: 184365 rss: 1146Mb
#22130902	DONE   cov: 60 ft: 60 corp: 2/1953b lim: 4096 exec/s: 182900 rss: 1146Mb
[INFO] Tests run: 7, Failures: 0, Errors: 0, Skipped: 0, Time elapsed: 123.3 s -- in org.pqcfuzz.fuzz.PqcDecodeFuzzTest
[INFO] Tests run: 7, Failures: 0, Errors: 0, Skipped: 0
