INFO: Loaded 287 hooks from com.code_intelligence.jazzer.runtime.TraceCmpHooks
INFO: Loaded 5 hooks from com.code_intelligence.jazzer.runtime.TraceDivHooks
INFO: Loaded 2 hooks from com.code_intelligence.jazzer.runtime.TraceIndirHooks
INFO: Loaded 4 hooks from com.code_intelligence.jazzer.runtime.NativeLibHooks
INFO: Loaded 2 hooks from com.code_intelligence.jazzer.sanitizers.ClojureLangHooks
INFO: Loaded 5 hooks from com.code_intelligence.jazzer.sanitizers.Deserialization
INFO: Loaded 5 hooks from com.code_intelligence.jazzer.sanitizers.ExpressionLanguageInjection
INFO: Loaded 70 hooks from com.code_intelligence.jazzer.sanitizers.LdapInjection
INFO: Loaded 46 hooks from com.code_intelligence.jazzer.sanitizers.NamingContextLookup
INFO: Loaded 1 hooks from com.code_intelligence.jazzer.sanitizers.OsCommandInjection
INFO: Loaded 48 hooks from com.code_intelligence.jazzer.sanitizers.ReflectiveCall
INFO: Loaded 8 hooks from com.code_intelligence.jazzer.sanitizers.RegexInjection
INFO: Loaded 16 hooks from com.code_intelligence.jazzer.sanitizers.RegexRoadblocks
INFO: Loaded 12 hooks from com.code_intelligence.jazzer.sanitizers.ScriptEngineInjection
INFO: Loaded 3 hooks from com.code_intelligence.jazzer.sanitizers.ServerSideRequestForgery
INFO: Loaded 19 hooks from com.code_intelligence.jazzer.sanitizers.SqlInjection
INFO: Loaded 6 hooks from com.code_intelligence.jazzer.sanitizers.XPathInjection
INFO: Instrumented org.pqcfuzz.classify.Classifier (took 59 ms, size +26%)
INFO: Instrumented org.pqcfuzz.target.FuzzTarget (took 1 ms, size +12%)
INFO: Instrumented org.pqcfuzz.classify.Outcome (took 2 ms, size +13%)
INFO: Instrumented org.pqcfuzz.fuzz.PqcDecodeFuzzTest (took 15 ms, size +12%)
INFO: Instrumented org.pqcfuzz.target.Targets (took 12 ms, size +19%)
INFO: Instrumented org.pqcfuzz.target.mlkem.MlKem768DecapTarget (took 4 ms, size +13%)
INFO: Instrumented org.pqcfuzz.target.mlkem.MlKem768PublicKeyParseTarget (took 4 ms, size +15%)
INFO: Instrumented org.pqcfuzz.target.mldsa.MlDsa65VerifyTarget (took 6 ms, size +11%)
INFO: Instrumented org.bouncycastle.crypto.CipherParameters (took 0 ms, size +0%)
INFO: Instrumented org.pqcfuzz.target.mldsa.MlDsa65PublicKeyParseTarget (took 1 ms, size +15%)
INFO: Instrumented org.pqcfuzz.target.slhdsa.SlhDsaVerifyTarget (took 3 ms, size +10%)
INFO: Instrumented org.pqcfuzz.target.slhdsa.SlhDsaPublicKeyParseTarget (took 2 ms, size +14%)
INFO: Instrumented org.pqcfuzz.target.mlkem.MlKem768ParseAndEncapsulateTarget (took 2 ms, size +11%)
INFO: Instrumented org.bouncycastle.crypto.params.AsymmetricKeyParameter (took 0 ms, size +32%)
INFO: Instrumented org.bouncycastle.crypto.params.MLKEMPublicKeyParameters (took 1 ms, size +22%)
INFO: Instrumented org.bouncycastle.crypto.params.MLKEMKeyParameters (took 0 ms, size +23%)
INFO: Instrumented org.pqcfuzz.util.DeterministicSecureRandom (took 1 ms, size +24%)
INFO: Instrumented org.pqcfuzz.target.mldsa.MlDsa65ParseAndVerifyTarget (took 2 ms, size +10%)
INFO: Instrumented org.pqcfuzz.target.slhdsa.SlhDsaParseAndVerifyTarget (took 3 ms, size +10%)
INFO: Instrumented org.pqcfuzz.target.jdk.JdkMlKem768DecapTarget (took 2 ms, size +12%)
INFO: Instrumented org.pqcfuzz.target.jdk.JdkMlKem768PublicKeyParseTarget (took 1 ms, size +11%)
INFO: Instrumented org.pqcfuzz.target.jdk.JdkMlDsa65VerifyTarget (took 2 ms, size +10%)
INFO: Instrumented org.pqcfuzz.target.jdk.JdkMlDsa65PublicKeyParseTarget (took 1 ms, size +12%)
INFO: Instrumented org.pqcfuzz.target.jdk.JdkMlKem768ParseAndEncapsulateTarget (took 2 ms, size +9%)
INFO: Instrumented org.pqcfuzz.target.jdk.JdkMlDsa65ParseAndVerifyTarget (took 2 ms, size +9%)
INFO: Instrumented org.pqcfuzz.target.mldsa.MlDsaKeys (took 0 ms, size +7%)
INFO: Instrumented org.bouncycastle.crypto.KeyGenerationParameters (took 0 ms, size +19%)
INFO: Instrumented org.bouncycastle.crypto.params.MLDSAKeyGenerationParameters (took 0 ms, size +20%)
INFO: Instrumented org.bouncycastle.crypto.CryptoException (took 1 ms, size +26%)
INFO: Instrumented org.bouncycastle.crypto.params.MLDSAParameters (took 1 ms, size +22%)
INFO: Instrumented org.bouncycastle.crypto.generators.MLDSAKeyPairGenerator (took 0 ms, size +7%)
INFO: Instrumented org.bouncycastle.crypto.AsymmetricCipherKeyPairGenerator (took 0 ms, size +0%)
INFO: Instrumented org.bouncycastle.crypto.params.MLDSAPrivateKeyParameters (took 2 ms, size +12%)
INFO: Instrumented org.bouncycastle.crypto.params.MLDSAKeyParameters (took 0 ms, size +23%)
INFO: Instrumented org.bouncycastle.crypto.params.MLDSAPublicKeyParameters (took 0 ms, size +18%)
INFO: New number of coverage counters: 1024
INFO: Instrumented org.bouncycastle.crypto.CryptoServicesRegistrar (took 6 ms, size +12%)
INFO: Instrumented org.bouncycastle.crypto.CryptoServicesPermission (took 1 ms, size +72%)
INFO: Instrumented org.bouncycastle.crypto.SecureRandomProvider (took 0 ms, size +0%)
INFO: Instrumented org.bouncycastle.crypto.CryptoServicesConstraints (took 0 ms, size +0%)
INFO: Instrumented org.bouncycastle.crypto.CryptoServicesRegistrar$ThreadLocalSecureRandomProvider (took 0 ms, size +13%)
INFO: Instrumented org.bouncycastle.crypto.CryptoServicesRegistrar$1 (took 0 ms, size +24%)
INFO: Instrumented org.bouncycastle.crypto.params.DSAParameters (took 0 ms, size +66%)
INFO: Instrumented org.bouncycastle.crypto.params.DSAValidationParameters (took 0 ms, size +38%)
INFO: Instrumented org.bouncycastle.util.encoders.Hex (took 1 ms, size +13%)
INFO: Instrumented org.bouncycastle.util.encoders.DecoderException (took 0 ms, size +27%)
INFO: Instrumented org.bouncycastle.util.encoders.EncoderException (took 0 ms, size +27%)
INFO: Instrumented org.bouncycastle.util.encoders.HexEncoder (took 1 ms, size +37%)
INFO: Instrumented org.bouncycastle.util.encoders.Encoder (took 0 ms, size +0%)
INFO: New number of coverage counters: 2048
INFO: Instrumented org.bouncycastle.util.Arrays (took 10 ms, size +34%)
INFO: Instrumented org.bouncycastle.crypto.CryptoServicesRegistrar$Property (took 0 ms, size +10%)
INFO: Instrumented org.bouncycastle.asn1.x9.X9ECParameters (took 1 ms, size +12%)
INFO: Instrumented org.bouncycastle.asn1.x9.X9ObjectIdentifiers (took 0 ms, size +3%)
INFO: Instrumented org.bouncycastle.asn1.ASN1Object (took 2 ms, size +30%)
INFO: Instrumented org.bouncycastle.asn1.ASN1Encodable (took 0 ms, size +0%)
INFO: Instrumented org.bouncycastle.util.Encodable (took 0 ms, size +0%)
INFO: Instrumented org.bouncycastle.crypto.params.DHParameters (took 4 ms, size +39%)
INFO: Instrumented org.bouncycastle.crypto.params.DHValidationParameters (took 0 ms, size +45%)
INFO: Instrumented org.bouncycastle.crypto.signers.mldsa.MLDSAEngine (took 3 ms, size +8%)
INFO: Instrumented org.bouncycastle.crypto.signers.mldsa.Symmetric (took 0 ms, size +18%)
INFO: Instrumented org.bouncycastle.crypto.signers.mldsa.Symmetric$ShakeSymmetric (took 0 ms, size +12%)
INFO: Instrumented org.bouncycastle.crypto.digests.SHAKEDigest (took 2 ms, size +21%)
INFO: Instrumented org.bouncycastle.crypto.Xof (took 0 ms, size +0%)
INFO: Instrumented org.bouncycastle.crypto.ExtendedDigest (took 0 ms, size +0%)
INFO: Instrumented org.bouncycastle.crypto.Digest (took 0 ms, size +0%)
INFO: Instrumented org.bouncycastle.crypto.SavableDigest (took 0 ms, size +0%)
INFO: Instrumented org.bouncycastle.crypto.digests.EncodableDigest (took 0 ms, size +0%)
INFO: Instrumented org.bouncycastle.crypto.EncodableService (took 0 ms, size +0%)
INFO: Instrumented org.bouncycastle.util.Memoable (took 0 ms, size +0%)
INFO: Instrumented org.bouncycastle.crypto.digests.KeccakDigest (took 9 ms, size +19%)
INFO: Instrumented org.bouncycastle.crypto.CryptoServicePurpose (took 0 ms, size +8%)
INFO: Instrumented org.bouncycastle.crypto.digests.Utils (took 0 ms, size +10%)
INFO: Instrumented org.bouncycastle.crypto.CryptoServiceProperties (took 0 ms, size +0%)
INFO: Instrumented org.bouncycastle.crypto.digests.Utils$DefaultProperties (took 1 ms, size +14%)
INFO: Instrumented org.bouncycastle.crypto.signers.mldsa.PolyVecMatrix (took 1 ms, size +25%)
INFO: Instrumented org.bouncycastle.crypto.signers.mldsa.PolyVec (took 4 ms, size +25%)
INFO: Instrumented org.bouncycastle.crypto.signers.mldsa.Poly (took 10 ms, size +18%)
INFO: Instrumented org.bouncycastle.util.Pack (took 6 ms, size +24%)
INFO: Instrumented org.bouncycastle.crypto.signers.mldsa.Ntt (took 6 ms, size +9%)
INFO: Instrumented org.bouncycastle.crypto.signers.mldsa.Reduce (took 0 ms, size +30%)
INFO: Instrumented org.bouncycastle.crypto.signers.mldsa.Rounding (took 0 ms, size +52%)
INFO: Instrumented org.bouncycastle.crypto.signers.mldsa.Packing (took 2 ms, size +20%)
INFO: Instrumented org.bouncycastle.crypto.AsymmetricCipherKeyPair (took 1 ms, size +13%)
INFO: Instrumented org.pqcfuzz.target.TargetKind (took 0 ms, size +12%)
INFO: Instrumented org.pqcfuzz.classify.ExpectedRejections (took 0 ms, size +41%)
INFO: found LLVMFuzzerCustomMutator (0x10717f038). Disabling -len_control by default.
INFO: Running with entropic power schedule (0xFF, 100).
INFO: Seed: 1618440955
INFO: Loaded 3 modules   (2048 inline 8-bit counters): 512 [0x7502588000, 0x7502588200), 512 [0x7502588200, 0x7502588400), 1024 [0x7502588400, 0x7502588800), 
INFO: Loaded 3 PC tables (2048 PCs): 512 [0x7502ca6000,0x7502ca8000), 512 [0x750212c000,0x750212e000), 1024 [0x7505808000,0x750580c000), 
INFO:        0 files found in <repo>/.cifuzz-corpus/org.pqcfuzz.fuzz.PqcDecodeFuzzTest/mlDsaPublicKeyParse
INFO:        5 files found in <repo>/target/test-classes/org/pqcfuzz/fuzz/PqcDecodeFuzzTestInputs/mlDsaPublicKeyParse
INFO:        0 files found in /var/folders/m8/hjsd0821793bcvxlpgdpt23r0000gn/T/jazzer-java-seeds16017547460667360786
INFO: -max_len is not provided; libFuzzer will not generate inputs larger than 4096 bytes
INFO: seed corpus: files: 5 min: 1952b max: 2016b total: 9824b rss: 1067Mb
#6	INITED cov: 60 ft: 60 corp: 2/3968b exec/s: 0 rss: 1067Mb
#21	REDUCE cov: 60 ft: 60 corp: 2/3914b lim: 2016 exec/s: 0 rss: 1067Mb L: 1962/1962 MS: 10 CopyPart-Custom-ChangeByte-Custom-ChangeByte-Custom-ChangeBit-Custom-EraseBytes-Custom-
#44	REDUCE cov: 60 ft: 60 corp: 2/3868b lim: 2016 exec/s: 0 rss: 1067Mb L: 1916/1952 MS: 6 InsertByte-Custom-InsertByte-Custom-EraseBytes-Custom-
#49	REDUCE cov: 60 ft: 60 corp: 2/3550b lim: 2016 exec/s: 0 rss: 1067Mb L: 1598/1952 MS: 10 CrossOver-Custom-CopyPart-Custom-ChangeBit-Custom-CrossOver-Custom-EraseBytes-Custom-
#69	REDUCE cov: 60 ft: 60 corp: 2/3009b lim: 2016 exec/s: 0 rss: 1067Mb L: 1057/1952 MS: 10 CMP-Custom-CMP-Custom-InsertByte-Custom-CopyPart-Custom-EraseBytes-Custom- DE: "\001\000\000\031"-"\001\000\000\000\000\000\000\000"-
#93	REDUCE cov: 60 ft: 60 corp: 2/2487b lim: 2016 exec/s: 0 rss: 1067Mb L: 535/1952 MS: 8 InsertByte-Custom-ShuffleBytes-Custom-ChangeBit-Custom-EraseBytes-Custom-
#105	REDUCE cov: 60 ft: 60 corp: 2/2291b lim: 2016 exec/s: 0 rss: 1067Mb L: 339/1952 MS: 4 ChangeByte-Custom-EraseBytes-Custom-
#186	REDUCE cov: 60 ft: 60 corp: 2/2267b lim: 2016 exec/s: 0 rss: 1067Mb L: 315/1952 MS: 2 EraseBytes-Custom-
#214	REDUCE cov: 60 ft: 60 corp: 2/2151b lim: 2016 exec/s: 0 rss: 1067Mb L: 199/1952 MS: 6 InsertByte-Custom-CrossOver-Custom-EraseBytes-Custom-
#325	REDUCE cov: 60 ft: 60 corp: 2/2134b lim: 2016 exec/s: 0 rss: 1067Mb L: 182/1952 MS: 2 EraseBytes-Custom-
#381	REDUCE cov: 60 ft: 60 corp: 2/2125b lim: 2016 exec/s: 0 rss: 1067Mb L: 173/1952 MS: 2 EraseBytes-Custom-
#383	REDUCE cov: 60 ft: 60 corp: 2/2098b lim: 2016 exec/s: 0 rss: 1067Mb L: 146/1952 MS: 4 CopyPart-Custom-EraseBytes-Custom-
#401	REDUCE cov: 60 ft: 60 corp: 2/1981b lim: 2016 exec/s: 0 rss: 1067Mb L: 29/1952 MS: 6 ShuffleBytes-Custom-ChangeByte-Custom-CrossOver-Custom-
#428	REDUCE cov: 60 ft: 60 corp: 2/1976b lim: 2016 exec/s: 0 rss: 1067Mb L: 24/1952 MS: 4 InsertByte-Custom-EraseBytes-Custom-
#449	REDUCE cov: 60 ft: 60 corp: 2/1965b lim: 2016 exec/s: 0 rss: 1067Mb L: 13/1952 MS: 2 EraseBytes-Custom-
#457	REDUCE cov: 60 ft: 60 corp: 2/1960b lim: 2016 exec/s: 0 rss: 1067Mb L: 8/1952 MS: 6 ShuffleBytes-Custom-CopyPart-Custom-EraseBytes-Custom-
#605	REDUCE cov: 60 ft: 60 corp: 2/1957b lim: 2016 exec/s: 0 rss: 1067Mb L: 5/1952 MS: 6 CopyPart-Custom-InsertByte-Custom-EraseBytes-Custom-
#712	REDUCE cov: 60 ft: 60 corp: 2/1955b lim: 2016 exec/s: 0 rss: 1067Mb L: 3/1952 MS: 4 ChangeBit-Custom-EraseBytes-Custom-
#759	REDUCE cov: 60 ft: 60 corp: 2/1954b lim: 2016 exec/s: 0 rss: 1067Mb L: 2/1952 MS: 4 ShuffleBytes-Custom-EraseBytes-Custom-
#1122	REDUCE cov: 60 ft: 60 corp: 2/1953b lim: 2016 exec/s: 0 rss: 1067Mb L: 1/1952 MS: 6 ChangeBit-Custom-ChangeBinInt-Custom-EraseBytes-Custom-
INFO: using inputs from: <repo>/.cifuzz-corpus/org.pqcfuzz.fuzz.PqcDecodeFuzzTest/mlDsaPublicKeyParse
INFO: using inputs from: <repo>/target/test-classes/org/pqcfuzz/fuzz/PqcDecodeFuzzTestInputs/mlDsaPublicKeyParse
INFO: using inputs from: /var/folders/m8/hjsd0821793bcvxlpgdpt23r0000gn/T/jazzer-java-seeds16017547460667360786
#524288	pulse  cov: 60 ft: 60 corp: 2/1953b lim: 4096 exec/s: 262144 rss: 1068Mb
#1048576	pulse  cov: 60 ft: 60 corp: 2/1953b lim: 4096 exec/s: 209715 rss: 1077Mb
#2097152	pulse  cov: 60 ft: 60 corp: 2/1953b lim: 4096 exec/s: 190650 rss: 1077Mb
#4194304	pulse  cov: 60 ft: 60 corp: 2/1953b lim: 4096 exec/s: 190650 rss: 1077Mb
#8388608	pulse  cov: 60 ft: 60 corp: 2/1953b lim: 4096 exec/s: 190650 rss: 1077Mb
#16777216	pulse  cov: 60 ft: 60 corp: 2/1953b lim: 4096 exec/s: 188508 rss: 1077Mb
#22652745	DONE   cov: 60 ft: 60 corp: 2/1953b lim: 4096 exec/s: 187212 rss: 1077Mb
[INFO] Tests run: 7, Failures: 0, Errors: 0, Skipped: 0, Time elapsed: 123.3 s -- in org.pqcfuzz.fuzz.PqcDecodeFuzzTest
[INFO] Tests run: 7, Failures: 0, Errors: 0, Skipped: 0
