INFO: Loaded 287 hooks from com.code_intelligence.jazzer.runtime.TraceCmpHooks
INFO: Loaded 5 hooks from com.code_intelligence.jazzer.runtime.TraceDivHooks
INFO: Loaded 2 hooks from com.code_intelligence.jazzer.runtime.TraceIndirHooks
INFO: Loaded 4 hooks from com.code_intelligence.jazzer.runtime.NativeLibHooks
INFO: Loaded 2 hooks from com.code_intelligence.jazzer.sanitizers.ClojureLangHooks
INFO: Loaded 5 hooks from com.code_intelligence.jazzer.sanitizers.Deserialization
INFO: Loaded 5 hooks from com.code_intelligence.jazzer.sanitizers.ExpressionLanguageInjection
INFO: Loaded 70 hooks from com.code_intelligence.jazzer.sanitizers.LdapInjection
INFO: Loaded 46 hooks from com.code_intelligence.jazzer.sanitizers.NamingContextLookup
INFO: Loaded 1 hooks from com.code_intelligence.jazzer.sanitizers.OsCommandInjection
INFO: Loaded 48 hooks from com.code_intelligence.jazzer.sanitizers.ReflectiveCall
INFO: Loaded 8 hooks from com.code_intelligence.jazzer.sanitizers.RegexInjection
INFO: Loaded 16 hooks from com.code_intelligence.jazzer.sanitizers.RegexRoadblocks
INFO: Loaded 12 hooks from com.code_intelligence.jazzer.sanitizers.ScriptEngineInjection
INFO: Loaded 3 hooks from com.code_intelligence.jazzer.sanitizers.ServerSideRequestForgery
INFO: Loaded 19 hooks from com.code_intelligence.jazzer.sanitizers.SqlInjection
INFO: Loaded 6 hooks from com.code_intelligence.jazzer.sanitizers.XPathInjection
INFO: Instrumented org.pqcfuzz.classify.Classifier (took 85 ms, size +26%)
INFO: Instrumented org.pqcfuzz.target.FuzzTarget (took 1 ms, size +12%)
INFO: Instrumented org.pqcfuzz.classify.Outcome (took 4 ms, size +13%)
INFO: Instrumented org.pqcfuzz.fuzz.PqcDecodeFuzzTest (took 13 ms, size +12%)
INFO: Instrumented org.pqcfuzz.target.Targets (took 12 ms, size +19%)
INFO: Instrumented org.pqcfuzz.target.mlkem.MlKem768DecapTarget (took 3 ms, size +13%)
INFO: Instrumented org.pqcfuzz.target.mlkem.MlKem768PublicKeyParseTarget (took 2 ms, size +15%)
INFO: Instrumented org.pqcfuzz.target.mldsa.MlDsa65VerifyTarget (took 5 ms, size +11%)
INFO: Instrumented org.bouncycastle.crypto.CipherParameters (took 0 ms, size +0%)
INFO: Instrumented org.pqcfuzz.target.mldsa.MlDsa65PublicKeyParseTarget (took 3 ms, size +15%)
INFO: Instrumented org.pqcfuzz.target.slhdsa.SlhDsaVerifyTarget (took 3 ms, size +10%)
INFO: Instrumented org.pqcfuzz.target.slhdsa.SlhDsaPublicKeyParseTarget (took 2 ms, size +14%)
INFO: Instrumented org.pqcfuzz.target.mlkem.MlKem768ParseAndEncapsulateTarget (took 2 ms, size +11%)
INFO: Instrumented org.bouncycastle.crypto.params.AsymmetricKeyParameter (took 0 ms, size +32%)
INFO: Instrumented org.bouncycastle.crypto.params.MLKEMPublicKeyParameters (took 2 ms, size +22%)
INFO: Instrumented org.bouncycastle.crypto.params.MLKEMKeyParameters (took 1 ms, size +23%)
INFO: Instrumented org.pqcfuzz.util.DeterministicSecureRandom (took 2 ms, size +24%)
INFO: Instrumented org.pqcfuzz.target.mldsa.MlDsa65ParseAndVerifyTarget (took 2 ms, size +10%)
INFO: Instrumented org.pqcfuzz.target.slhdsa.SlhDsaParseAndVerifyTarget (took 1 ms, size +10%)
INFO: Instrumented org.pqcfuzz.target.jdk.JdkMlKem768DecapTarget (took 1 ms, size +12%)
INFO: Instrumented org.pqcfuzz.target.jdk.JdkMlKem768PublicKeyParseTarget (took 4 ms, size +11%)
INFO: Instrumented org.pqcfuzz.target.jdk.JdkMlDsa65VerifyTarget (took 2 ms, size +10%)
INFO: Instrumented org.pqcfuzz.target.jdk.JdkMlDsa65PublicKeyParseTarget (took 1 ms, size +12%)
INFO: Instrumented org.pqcfuzz.target.jdk.JdkMlKem768ParseAndEncapsulateTarget (took 2 ms, size +9%)
INFO: Instrumented org.pqcfuzz.target.jdk.JdkMlDsa65ParseAndVerifyTarget (took 2 ms, size +9%)
INFO: Instrumented org.pqcfuzz.target.mldsa.MlDsaKeys (took 1 ms, size +7%)
INFO: Instrumented org.bouncycastle.crypto.KeyGenerationParameters (took 0 ms, size +19%)
INFO: Instrumented org.bouncycastle.crypto.params.MLDSAKeyGenerationParameters (took 0 ms, size +20%)
INFO: Instrumented org.bouncycastle.crypto.CryptoException (took 0 ms, size +26%)
INFO: Instrumented org.bouncycastle.crypto.params.MLDSAParameters (took 2 ms, size +22%)
INFO: Instrumented org.bouncycastle.crypto.generators.MLDSAKeyPairGenerator (took 0 ms, size +7%)
INFO: Instrumented org.bouncycastle.crypto.AsymmetricCipherKeyPairGenerator (took 0 ms, size +0%)
INFO: Instrumented org.bouncycastle.crypto.params.MLDSAPrivateKeyParameters (took 7 ms, size +12%)
INFO: Instrumented org.bouncycastle.crypto.params.MLDSAKeyParameters (took 1 ms, size +23%)
INFO: Instrumented org.bouncycastle.crypto.params.MLDSAPublicKeyParameters (took 4 ms, size +18%)
INFO: New number of coverage counters: 1024
INFO: Instrumented org.bouncycastle.crypto.CryptoServicesRegistrar (took 9 ms, size +12%)
INFO: Instrumented org.bouncycastle.crypto.CryptoServicesPermission (took 2 ms, size +72%)
INFO: Instrumented org.bouncycastle.crypto.SecureRandomProvider (took 0 ms, size +0%)
INFO: Instrumented org.bouncycastle.crypto.CryptoServicesConstraints (took 0 ms, size +0%)
INFO: Instrumented org.bouncycastle.crypto.CryptoServicesRegistrar$ThreadLocalSecureRandomProvider (took 1 ms, size +13%)
INFO: Instrumented org.bouncycastle.crypto.CryptoServicesRegistrar$1 (took 1 ms, size +24%)
INFO: Instrumented org.bouncycastle.crypto.params.DSAParameters (took 2 ms, size +66%)
INFO: Instrumented org.bouncycastle.crypto.params.DSAValidationParameters (took 2 ms, size +38%)
INFO: Instrumented org.bouncycastle.util.encoders.Hex (took 4 ms, size +13%)
INFO: Instrumented org.bouncycastle.util.encoders.DecoderException (took 0 ms, size +27%)
INFO: Instrumented org.bouncycastle.util.encoders.EncoderException (took 0 ms, size +27%)
INFO: Instrumented org.bouncycastle.util.encoders.HexEncoder (took 1 ms, size +37%)
INFO: Instrumented org.bouncycastle.util.encoders.Encoder (took 0 ms, size +0%)
INFO: New number of coverage counters: 2048
INFO: Instrumented org.bouncycastle.util.Arrays (took 18 ms, size +34%)
INFO: Instrumented org.bouncycastle.crypto.CryptoServicesRegistrar$Property (took 0 ms, size +10%)
INFO: Instrumented org.bouncycastle.asn1.x9.X9ECParameters (took 4 ms, size +12%)
INFO: Instrumented org.bouncycastle.asn1.x9.X9ObjectIdentifiers (took 1 ms, size +3%)
INFO: Instrumented org.bouncycastle.asn1.ASN1Object (took 1 ms, size +30%)
INFO: Instrumented org.bouncycastle.asn1.ASN1Encodable (took 0 ms, size +0%)
INFO: Instrumented org.bouncycastle.util.Encodable (took 0 ms, size +0%)
INFO: Instrumented org.bouncycastle.crypto.params.DHParameters (took 1 ms, size +39%)
INFO: Instrumented org.bouncycastle.crypto.params.DHValidationParameters (took 1 ms, size +45%)
INFO: Instrumented org.bouncycastle.crypto.signers.mldsa.MLDSAEngine (took 7 ms, size +8%)
INFO: Instrumented org.bouncycastle.crypto.signers.mldsa.Symmetric (took 0 ms, size +18%)
INFO: Instrumented org.bouncycastle.crypto.signers.mldsa.Symmetric$ShakeSymmetric (took 1 ms, size +12%)
INFO: Instrumented org.bouncycastle.crypto.digests.SHAKEDigest (took 4 ms, size +21%)
INFO: Instrumented org.bouncycastle.crypto.Xof (took 0 ms, size +0%)
INFO: Instrumented org.bouncycastle.crypto.ExtendedDigest (took 0 ms, size +0%)
INFO: Instrumented org.bouncycastle.crypto.Digest (took 0 ms, size +0%)
INFO: Instrumented org.bouncycastle.crypto.SavableDigest (took 0 ms, size +0%)
INFO: Instrumented org.bouncycastle.crypto.digests.EncodableDigest (took 0 ms, size +0%)
INFO: Instrumented org.bouncycastle.crypto.EncodableService (took 0 ms, size +0%)
INFO: Instrumented org.bouncycastle.util.Memoable (took 0 ms, size +0%)
INFO: Instrumented org.bouncycastle.crypto.digests.KeccakDigest (took 6 ms, size +19%)
INFO: Instrumented org.bouncycastle.crypto.CryptoServicePurpose (took 0 ms, size +8%)
INFO: Instrumented org.bouncycastle.crypto.digests.Utils (took 0 ms, size +10%)
INFO: Instrumented org.bouncycastle.crypto.CryptoServiceProperties (took 0 ms, size +0%)
INFO: Instrumented org.bouncycastle.crypto.digests.Utils$DefaultProperties (took 0 ms, size +14%)
INFO: Instrumented org.bouncycastle.crypto.signers.mldsa.PolyVecMatrix (took 0 ms, size +25%)
INFO: Instrumented org.bouncycastle.crypto.signers.mldsa.PolyVec (took 1 ms, size +25%)
INFO: Instrumented org.bouncycastle.crypto.signers.mldsa.Poly (took 7 ms, size +18%)
INFO: Instrumented org.bouncycastle.util.Pack (took 11 ms, size +24%)
INFO: Instrumented org.bouncycastle.crypto.signers.mldsa.Ntt (took 9 ms, size +9%)
INFO: Instrumented org.bouncycastle.crypto.signers.mldsa.Reduce (took 1 ms, size +30%)
INFO: Instrumented org.bouncycastle.crypto.signers.mldsa.Rounding (took 2 ms, size +52%)
INFO: Instrumented org.bouncycastle.crypto.signers.mldsa.Packing (took 1 ms, size +20%)
INFO: Instrumented org.bouncycastle.crypto.AsymmetricCipherKeyPair (took 1 ms, size +13%)
INFO: Instrumented org.bouncycastle.crypto.signers.MLDSASigner (took 3 ms, size +12%)
INFO: Instrumented org.bouncycastle.crypto.Signer (took 0 ms, size +0%)
INFO: Instrumented org.bouncycastle.crypto.DataLengthException (took 0 ms, size +39%)
INFO: Instrumented org.bouncycastle.crypto.RuntimeCryptoException (took 0 ms, size +42%)
INFO: Instrumented org.bouncycastle.crypto.params.ParametersWithContext (took 0 ms, size +23%)
INFO: Instrumented org.bouncycastle.crypto.params.ParametersWithRandom (took 0 ms, size +13%)
INFO: Instrumented org.pqcfuzz.target.TargetKind (took 0 ms, size +12%)
INFO: Instrumented org.pqcfuzz.classify.ExpectedRejections (took 0 ms, size +41%)
INFO: using inputs from: <repo>/.cifuzz-corpus/org.pqcfuzz.fuzz.PqcDecodeFuzzTest/mlDsaParseAndVerify
INFO: using inputs from: <repo>/target/test-classes/org/pqcfuzz/fuzz/PqcDecodeFuzzTestInputs/mlDsaParseAndVerify
INFO: using inputs from: /var/folders/m8/hjsd0821793bcvxlpgdpt23r0000gn/T/jazzer-java-seeds8261936169245503378
INFO: found LLVMFuzzerCustomMutator (0x104ebb038). Disabling -len_control by default.
INFO: Running with entropic power schedule (0xFF, 100).
INFO: Seed: 619405728
INFO: Loaded 3 modules   (2048 inline 8-bit counters): 512 [0x7a9a400000, 0x7a9a400200), 512 [0x7a9a400200, 0x7a9a400400), 1024 [0x7a9a400400, 0x7a9a400800), 
INFO: Loaded 3 PC tables (2048 PCs): 512 [0x7a9cd8c000,0x7a9cd8e000), 512 [0x7a9cd8e000,0x7a9cd90000), 1024 [0x7a9d54c000,0x7a9d550000), 
INFO:        0 files found in <repo>/.cifuzz-corpus/org.pqcfuzz.fuzz.PqcDecodeFuzzTest/mlDsaParseAndVerify
INFO:        5 files found in <repo>/target/test-classes/org/pqcfuzz/fuzz/PqcDecodeFuzzTestInputs/mlDsaParseAndVerify
INFO:        0 files found in /var/folders/m8/hjsd0821793bcvxlpgdpt23r0000gn/T/jazzer-java-seeds8261936169245503378
INFO: -max_len is not provided; libFuzzer will not generate inputs larger than 4096 bytes
INFO: seed corpus: files: 5 min: 1952b max: 2016b total: 9824b rss: 1056Mb
#6	INITED cov: 285 ft: 310 corp: 4/7872b exec/s: 0 rss: 1056Mb
#33	NEW    cov: 285 ft: 311 corp: 5/9824b lim: 2016 exec/s: 0 rss: 1056Mb L: 1952/2016 MS: 4 ChangeBit-Custom-CopyPart-Custom-
#52	REDUCE cov: 285 ft: 311 corp: 5/8912b lim: 2016 exec/s: 0 rss: 1056Mb L: 1104/1952 MS: 8 ChangeBinInt-Custom-ChangeBinInt-Custom-ChangeBinInt-Custom-EraseBytes-Custom-
#74	REDUCE cov: 285 ft: 311 corp: 5/8846b lim: 2016 exec/s: 0 rss: 1056Mb L: 1038/1952 MS: 4 ChangeASCIIInt-Custom-EraseBytes-Custom-
#141	REDUCE cov: 285 ft: 311 corp: 5/8845b lim: 2016 exec/s: 0 rss: 1056Mb L: 1037/1952 MS: 4 CMP-Custom-EraseBytes-Custom- DE: "\015\000"-
#189	REDUCE cov: 285 ft: 311 corp: 5/8819b lim: 2016 exec/s: 0 rss: 1056Mb L: 1011/1952 MS: 6 ChangeByte-Custom-PersAutoDict-Custom-EraseBytes-Custom- DE: "\015\000"-
#213	REDUCE cov: 285 ft: 311 corp: 5/8467b lim: 2016 exec/s: 0 rss: 1056Mb L: 659/1952 MS: 8 ChangeByte-Custom-ShuffleBytes-Custom-ChangeBit-Custom-EraseBytes-Custom-
#262	REDUCE cov: 285 ft: 311 corp: 5/8455b lim: 2016 exec/s: 0 rss: 1056Mb L: 647/1952 MS: 8 ChangeBit-Custom-ChangeASCIIInt-Custom-ChangeBinInt-Custom-EraseBytes-Custom-
#270	REDUCE cov: 285 ft: 311 corp: 5/8241b lim: 2016 exec/s: 0 rss: 1056Mb L: 433/1952 MS: 6 ChangeBinInt-Custom-ChangeByte-Custom-EraseBytes-Custom-
#307	REDUCE cov: 285 ft: 311 corp: 5/8168b lim: 2016 exec/s: 0 rss: 1056Mb L: 360/1952 MS: 4 ChangeASCIIInt-Custom-EraseBytes-Custom-
#363	REDUCE cov: 285 ft: 311 corp: 5/8086b lim: 2016 exec/s: 0 rss: 1056Mb L: 278/1952 MS: 2 EraseBytes-Custom-
#399	REDUCE cov: 285 ft: 311 corp: 5/8079b lim: 2016 exec/s: 0 rss: 1056Mb L: 271/1952 MS: 2 EraseBytes-Custom-
#556	REDUCE cov: 285 ft: 311 corp: 5/7980b lim: 2016 exec/s: 0 rss: 1056Mb L: 172/1952 MS: 4 ShuffleBytes-Custom-EraseBytes-Custom-
#582	REDUCE cov: 285 ft: 311 corp: 5/7942b lim: 2016 exec/s: 0 rss: 1056Mb L: 134/1952 MS: 2 EraseBytes-Custom-
#648	REDUCE cov: 285 ft: 311 corp: 5/7900b lim: 2016 exec/s: 0 rss: 1056Mb L: 92/1952 MS: 2 EraseBytes-Custom-
#705	REDUCE cov: 285 ft: 311 corp: 5/7877b lim: 2016 exec/s: 0 rss: 1056Mb L: 69/1952 MS: 4 PersAutoDict-Custom-EraseBytes-Custom- DE: "\015\000"-
#811	REDUCE cov: 285 ft: 311 corp: 5/7850b lim: 2016 exec/s: 0 rss: 1056Mb L: 42/1952 MS: 2 EraseBytes-Custom-
#1059	REDUCE cov: 285 ft: 311 corp: 5/7837b lim: 2016 exec/s: 0 rss: 1056Mb L: 29/1952 MS: 6 ChangeByte-Custom-ChangeByte-Custom-EraseBytes-Custom-
#1481	REDUCE cov: 285 ft: 311 corp: 5/7836b lim: 2016 exec/s: 0 rss: 1056Mb L: 28/1952 MS: 4 InsertByte-Custom-EraseBytes-Custom-
#1807	REDUCE cov: 285 ft: 311 corp: 5/7827b lim: 2016 exec/s: 0 rss: 1056Mb L: 19/1952 MS: 2 EraseBytes-Custom-
#1944	REDUCE cov: 285 ft: 311 corp: 5/7822b lim: 2016 exec/s: 0 rss: 1056Mb L: 14/1952 MS: 4 ShuffleBytes-Custom-EraseBytes-Custom-
#2065	REDUCE cov: 285 ft: 311 corp: 5/7819b lim: 2016 exec/s: 0 rss: 1056Mb L: 11/1952 MS: 2 EraseBytes-Custom-
#2139	REDUCE cov: 285 ft: 311 corp: 5/7816b lim: 2016 exec/s: 0 rss: 1056Mb L: 8/1952 MS: 8 CopyPart-Custom-PersAutoDict-Custom-CopyPart-Custom-EraseBytes-Custom- DE: "\015\000"-
#2165	REDUCE cov: 285 ft: 311 corp: 5/7812b lim: 2016 exec/s: 0 rss: 1056Mb L: 4/1952 MS: 2 EraseBytes-Custom-
#2413	REDUCE cov: 285 ft: 311 corp: 5/7811b lim: 2016 exec/s: 0 rss: 1056Mb L: 3/1952 MS: 6 CopyPart-Custom-InsertByte-Custom-EraseBytes-Custom-
#2686	REDUCE cov: 285 ft: 311 corp: 5/7810b lim: 2016 exec/s: 0 rss: 1056Mb L: 2/1952 MS: 6 ChangeByte-Custom-ShuffleBytes-Custom-EraseBytes-Custom-
#2709	REDUCE cov: 285 ft: 311 corp: 5/7809b lim: 2016 exec/s: 0 rss: 1056Mb L: 1/1952 MS: 6 ChangeByte-Custom-CrossOver-Custom-EraseBytes-Custom-
#13037	NEW    cov: 285 ft: 312 corp: 6/9761b lim: 2111 exec/s: 13037 rss: 1056Mb L: 1952/1952 MS: 8 ChangeByte-Custom-ChangeByte-Custom-ChangeASCIIInt-Custom-PersAutoDict-Custom- DE: "\015\000"-
#13423	NEW    cov: 285 ft: 313 corp: 7/11713b lim: 2111 exec/s: 13423 rss: 1057Mb L: 1952/1952 MS: 2 CopyPart-Custom-
#19899	NEW    cov: 285 ft: 314 corp: 8/13665b lim: 2166 exec/s: 19899 rss: 1057Mb L: 1952/1952 MS: 2 ChangeBinInt-Custom-
#32768	pulse  cov: 285 ft: 314 corp: 8/13665b lim: 2287 exec/s: 10922 rss: 1057Mb
#51219	NEW    cov: 285 ft: 315 corp: 9/15617b lim: 2474 exec/s: 10243 rss: 1057Mb L: 1952/1952 MS: 2 ChangeByte-Custom-
#65536	pulse  cov: 285 ft: 315 corp: 9/15617b lim: 2606 exec/s: 10922 rss: 1057Mb
#109182	NEW    cov: 285 ft: 316 corp: 10/17Kb lim: 3046 exec/s: 9925 rss: 1057Mb L: 1952/1952 MS: 6 ChangeByte-Custom-ShuffleBytes-Custom-PersAutoDict-Custom- DE: "\015\000"-
#131072	pulse  cov: 285 ft: 316 corp: 10/17Kb lim: 3255 exec/s: 9362 rss: 1057Mb
#262144	pulse  cov: 285 ft: 316 corp: 10/17Kb lim: 4096 exec/s: 9362 rss: 1057Mb
#426869	NEW    cov: 285 ft: 317 corp: 11/19Kb lim: 4096 exec/s: 9485 rss: 1057Mb L: 1952/1952 MS: 4 ChangeBinInt-Custom-CopyPart-Custom-
#524288	pulse  cov: 285 ft: 317 corp: 11/19Kb lim: 4096 exec/s: 9532 rss: 1057Mb
#691156	NEW    cov: 285 ft: 318 corp: 12/20Kb lim: 4096 exec/s: 9599 rss: 1057Mb L: 1952/1952 MS: 4 ChangeBinInt-Custom-ChangeBit-Custom-
#694217	NEW    cov: 285 ft: 320 corp: 13/22Kb lim: 4096 exec/s: 9509 rss: 1057Mb L: 1952/1952 MS: 2 ChangeByte-Custom-
#705988	NEW    cov: 285 ft: 321 corp: 14/24Kb lim: 4096 exec/s: 9540 rss: 1057Mb L: 1952/1952 MS: 2 ChangeByte-Custom-
#1048576	pulse  cov: 285 ft: 321 corp: 14/24Kb lim: 4096 exec/s: 9619 rss: 1057Mb
#1165763	DONE   cov: 285 ft: 321 corp: 14/24Kb lim: 4096 exec/s: 9634 rss: 1057Mb
[INFO] Tests run: 7, Failures: 0, Errors: 0, Skipped: 0, Time elapsed: 123.7 s -- in org.pqcfuzz.fuzz.PqcDecodeFuzzTest
[INFO] Tests run: 7, Failures: 0, Errors: 0, Skipped: 0
