INFO: Loaded 287 hooks from com.code_intelligence.jazzer.runtime.TraceCmpHooks
INFO: Loaded 5 hooks from com.code_intelligence.jazzer.runtime.TraceDivHooks
INFO: Loaded 2 hooks from com.code_intelligence.jazzer.runtime.TraceIndirHooks
INFO: Loaded 4 hooks from com.code_intelligence.jazzer.runtime.NativeLibHooks
INFO: Loaded 2 hooks from com.code_intelligence.jazzer.sanitizers.ClojureLangHooks
INFO: Loaded 5 hooks from com.code_intelligence.jazzer.sanitizers.Deserialization
INFO: Loaded 5 hooks from com.code_intelligence.jazzer.sanitizers.ExpressionLanguageInjection
INFO: Loaded 70 hooks from com.code_intelligence.jazzer.sanitizers.LdapInjection
INFO: Loaded 46 hooks from com.code_intelligence.jazzer.sanitizers.NamingContextLookup
INFO: Loaded 1 hooks from com.code_intelligence.jazzer.sanitizers.OsCommandInjection
INFO: Loaded 48 hooks from com.code_intelligence.jazzer.sanitizers.ReflectiveCall
INFO: Loaded 8 hooks from com.code_intelligence.jazzer.sanitizers.RegexInjection
INFO: Loaded 16 hooks from com.code_intelligence.jazzer.sanitizers.RegexRoadblocks
INFO: Loaded 12 hooks from com.code_intelligence.jazzer.sanitizers.ScriptEngineInjection
INFO: Loaded 3 hooks from com.code_intelligence.jazzer.sanitizers.ServerSideRequestForgery
INFO: Loaded 19 hooks from com.code_intelligence.jazzer.sanitizers.SqlInjection
INFO: Loaded 6 hooks from com.code_intelligence.jazzer.sanitizers.XPathInjection
INFO: Instrumented org.pqcfuzz.classify.Classifier (took 91 ms, size +26%)
INFO: Instrumented org.pqcfuzz.target.FuzzTarget (took 6 ms, size +12%)
INFO: Instrumented org.pqcfuzz.classify.Outcome (took 2 ms, size +13%)
INFO: Instrumented org.pqcfuzz.fuzz.PqcDecodeFuzzTest (took 9 ms, size +12%)
INFO: Instrumented org.pqcfuzz.target.Targets (took 11 ms, size +19%)
INFO: Instrumented org.pqcfuzz.target.mlkem.MlKem768DecapTarget (took 3 ms, size +13%)
INFO: Instrumented org.pqcfuzz.target.mlkem.MlKem768PublicKeyParseTarget (took 2 ms, size +15%)
INFO: Instrumented org.pqcfuzz.target.mldsa.MlDsa65VerifyTarget (took 3 ms, size +11%)
INFO: Instrumented org.bouncycastle.crypto.CipherParameters (took 0 ms, size +0%)
INFO: Instrumented org.pqcfuzz.target.mldsa.MlDsa65PublicKeyParseTarget (took 4 ms, size +15%)
INFO: Instrumented org.pqcfuzz.target.slhdsa.SlhDsaVerifyTarget (took 3 ms, size +10%)
INFO: Instrumented org.pqcfuzz.target.slhdsa.SlhDsaPublicKeyParseTarget (took 3 ms, size +14%)
INFO: Instrumented org.pqcfuzz.target.mlkem.MlKem768ParseAndEncapsulateTarget (took 3 ms, size +11%)
INFO: Instrumented org.bouncycastle.crypto.params.AsymmetricKeyParameter (took 0 ms, size +32%)
INFO: Instrumented org.bouncycastle.crypto.params.MLKEMPublicKeyParameters (took 1 ms, size +22%)
INFO: Instrumented org.bouncycastle.crypto.params.MLKEMKeyParameters (took 1 ms, size +23%)
INFO: Instrumented org.pqcfuzz.util.DeterministicSecureRandom (took 3 ms, size +24%)
INFO: Instrumented org.pqcfuzz.target.mldsa.MlDsa65ParseAndVerifyTarget (took 3 ms, size +10%)
INFO: Instrumented org.pqcfuzz.target.slhdsa.SlhDsaParseAndVerifyTarget (took 3 ms, size +10%)
INFO: Instrumented org.pqcfuzz.target.jdk.JdkMlKem768DecapTarget (took 2 ms, size +12%)
INFO: Instrumented org.pqcfuzz.target.jdk.JdkMlKem768PublicKeyParseTarget (took 1 ms, size +11%)
INFO: Instrumented org.pqcfuzz.target.jdk.JdkMlDsa65VerifyTarget (took 1 ms, size +10%)
INFO: Instrumented org.pqcfuzz.target.jdk.JdkMlDsa65PublicKeyParseTarget (took 1 ms, size +12%)
INFO: Instrumented org.pqcfuzz.target.jdk.JdkMlKem768ParseAndEncapsulateTarget (took 1 ms, size +9%)
INFO: Instrumented org.pqcfuzz.target.jdk.JdkMlDsa65ParseAndVerifyTarget (took 2 ms, size +9%)
INFO: Instrumented org.pqcfuzz.target.mldsa.MlDsaKeys (took 0 ms, size +7%)
INFO: Instrumented org.bouncycastle.crypto.KeyGenerationParameters (took 0 ms, size +19%)
INFO: Instrumented org.bouncycastle.crypto.params.MLDSAKeyGenerationParameters (took 0 ms, size +20%)
INFO: Instrumented org.bouncycastle.crypto.CryptoException (took 0 ms, size +26%)
INFO: Instrumented org.bouncycastle.crypto.params.MLDSAParameters (took 1 ms, size +22%)
INFO: Instrumented org.bouncycastle.crypto.generators.MLDSAKeyPairGenerator (took 1 ms, size +7%)
INFO: Instrumented org.bouncycastle.crypto.AsymmetricCipherKeyPairGenerator (took 0 ms, size +0%)
INFO: Instrumented org.bouncycastle.crypto.params.MLDSAPrivateKeyParameters (took 4 ms, size +12%)
INFO: Instrumented org.bouncycastle.crypto.params.MLDSAKeyParameters (took 0 ms, size +23%)
INFO: Instrumented org.bouncycastle.crypto.params.MLDSAPublicKeyParameters (took 1 ms, size +18%)
INFO: New number of coverage counters: 1024
INFO: Instrumented org.bouncycastle.crypto.CryptoServicesRegistrar (took 6 ms, size +12%)
INFO: Instrumented org.bouncycastle.crypto.CryptoServicesPermission (took 1 ms, size +72%)
INFO: Instrumented org.bouncycastle.crypto.SecureRandomProvider (took 0 ms, size +0%)
INFO: Instrumented org.bouncycastle.crypto.CryptoServicesConstraints (took 0 ms, size +0%)
INFO: Instrumented org.bouncycastle.crypto.CryptoServicesRegistrar$ThreadLocalSecureRandomProvider (took 1 ms, size +13%)
INFO: Instrumented org.bouncycastle.crypto.CryptoServicesRegistrar$1 (took 0 ms, size +24%)
INFO: Instrumented org.bouncycastle.crypto.params.DSAParameters (took 1 ms, size +66%)
INFO: Instrumented org.bouncycastle.crypto.params.DSAValidationParameters (took 1 ms, size +38%)
INFO: Instrumented org.bouncycastle.util.encoders.Hex (took 2 ms, size +13%)
INFO: Instrumented org.bouncycastle.util.encoders.DecoderException (took 1 ms, size +27%)
INFO: Instrumented org.bouncycastle.util.encoders.EncoderException (took 0 ms, size +27%)
INFO: Instrumented org.bouncycastle.util.encoders.HexEncoder (took 4 ms, size +37%)
INFO: Instrumented org.bouncycastle.util.encoders.Encoder (took 0 ms, size +0%)
INFO: New number of coverage counters: 2048
INFO: Instrumented org.bouncycastle.util.Arrays (took 23 ms, size +34%)
INFO: Instrumented org.bouncycastle.crypto.CryptoServicesRegistrar$Property (took 1 ms, size +10%)
INFO: Instrumented org.bouncycastle.asn1.x9.X9ECParameters (took 6 ms, size +12%)
INFO: Instrumented org.bouncycastle.asn1.x9.X9ObjectIdentifiers (took 1 ms, size +3%)
INFO: Instrumented org.bouncycastle.asn1.ASN1Object (took 2 ms, size +30%)
INFO: Instrumented org.bouncycastle.asn1.ASN1Encodable (took 0 ms, size +0%)
INFO: Instrumented org.bouncycastle.util.Encodable (took 0 ms, size +0%)
INFO: Instrumented org.bouncycastle.crypto.params.DHParameters (took 2 ms, size +39%)
INFO: Instrumented org.bouncycastle.crypto.params.DHValidationParameters (took 0 ms, size +45%)
INFO: Instrumented org.bouncycastle.crypto.signers.mldsa.MLDSAEngine (took 8 ms, size +8%)
INFO: Instrumented org.bouncycastle.crypto.signers.mldsa.Symmetric (took 0 ms, size +18%)
INFO: Instrumented org.bouncycastle.crypto.signers.mldsa.Symmetric$ShakeSymmetric (took 0 ms, size +12%)
INFO: Instrumented org.bouncycastle.crypto.digests.SHAKEDigest (took 5 ms, size +21%)
INFO: Instrumented org.bouncycastle.crypto.Xof (took 0 ms, size +0%)
INFO: Instrumented org.bouncycastle.crypto.ExtendedDigest (took 0 ms, size +0%)
INFO: Instrumented org.bouncycastle.crypto.Digest (took 0 ms, size +0%)
INFO: Instrumented org.bouncycastle.crypto.SavableDigest (took 0 ms, size +0%)
INFO: Instrumented org.bouncycastle.crypto.digests.EncodableDigest (took 0 ms, size +0%)
INFO: Instrumented org.bouncycastle.crypto.EncodableService (took 0 ms, size +0%)
INFO: Instrumented org.bouncycastle.util.Memoable (took 0 ms, size +0%)
INFO: Instrumented org.bouncycastle.crypto.digests.KeccakDigest (took 7 ms, size +19%)
INFO: Instrumented org.bouncycastle.crypto.CryptoServicePurpose (took 0 ms, size +8%)
INFO: Instrumented org.bouncycastle.crypto.digests.Utils (took 0 ms, size +10%)
INFO: Instrumented org.bouncycastle.crypto.CryptoServiceProperties (took 0 ms, size +0%)
INFO: Instrumented org.bouncycastle.crypto.digests.Utils$DefaultProperties (took 0 ms, size +14%)
INFO: Instrumented org.bouncycastle.crypto.signers.mldsa.PolyVecMatrix (took 1 ms, size +25%)
INFO: Instrumented org.bouncycastle.crypto.signers.mldsa.PolyVec (took 4 ms, size +25%)
INFO: Instrumented org.bouncycastle.crypto.signers.mldsa.Poly (took 11 ms, size +18%)
INFO: Instrumented org.bouncycastle.util.Pack (took 6 ms, size +24%)
INFO: Instrumented org.bouncycastle.crypto.signers.mldsa.Ntt (took 3 ms, size +9%)
INFO: Instrumented org.bouncycastle.crypto.signers.mldsa.Reduce (took 1 ms, size +30%)
INFO: Instrumented org.bouncycastle.crypto.signers.mldsa.Rounding (took 1 ms, size +52%)
INFO: Instrumented org.bouncycastle.crypto.signers.mldsa.Packing (took 1 ms, size +20%)
INFO: Instrumented org.bouncycastle.crypto.AsymmetricCipherKeyPair (took 0 ms, size +13%)
INFO: Instrumented org.bouncycastle.crypto.signers.MLDSASigner (took 2 ms, size +12%)
INFO: Instrumented org.bouncycastle.crypto.Signer (took 0 ms, size +0%)
INFO: Instrumented org.bouncycastle.crypto.DataLengthException (took 0 ms, size +39%)
INFO: Instrumented org.bouncycastle.crypto.RuntimeCryptoException (took 0 ms, size +42%)
INFO: Instrumented org.bouncycastle.crypto.params.ParametersWithContext (took 0 ms, size +23%)
INFO: Instrumented org.bouncycastle.crypto.params.ParametersWithRandom (took 0 ms, size +13%)
INFO: Instrumented org.pqcfuzz.target.TargetKind (took 1 ms, size +12%)
INFO: found LLVMFuzzerCustomMutator (0x10722b038). Disabling -len_control by default.
INFO: Running with entropic power schedule (0xFF, 100).
INFO: Seed: 368998840
INFO: Loaded 3 modules   (2048 inline 8-bit counters): 512 [0x74afa4c000, 0x74afa4c200), 512 [0x74afa4c200, 0x74afa4c400), 1024 [0x74afa4c400, 0x74afa4c800), 
INFO: Loaded 3 PC tables (2048 PCs): 512 [0x102c53f00,0x102c55f00), 512 [0x74b3940000,0x74b3942000), 1024 [0x74b3818000,0x74b381c000), 
INFO:        0 files found in <repo>/.cifuzz-corpus/org.pqcfuzz.fuzz.PqcDecodeFuzzTest/mlDsaVerify
INFO:        5 files found in <repo>/target/test-classes/org/pqcfuzz/fuzz/PqcDecodeFuzzTestInputs/mlDsaVerify
INFO:        0 files found in /var/folders/m8/hjsd0821793bcvxlpgdpt23r0000gn/T/jazzer-java-seeds14231485114458703897
INFO: -max_len is not provided; libFuzzer will not generate inputs larger than 4096 bytes
INFO: seed corpus: files: 5 min: 3309b max: 3373b total: 16609b rss: 1276Mb
#6	INITED cov: 249 ft: 293 corp: 5/16Kb exec/s: 0 rss: 1276Mb
#17	NEW    cov: 249 ft: 294 corp: 6/19Kb lim: 3373 exec/s: 0 rss: 1276Mb L: 3309/3373 MS: 2 ChangeASCIIInt-Custom-
#104	NEW    cov: 249 ft: 295 corp: 7/22Kb lim: 3373 exec/s: 0 rss: 1276Mb L: 3309/3373 MS: 4 CopyPart-Custom-ChangeASCIIInt-Custom-
#117	REDUCE cov: 249 ft: 295 corp: 7/22Kb lim: 3373 exec/s: 0 rss: 1276Mb L: 2923/3309 MS: 6 ChangeASCIIInt-Custom-CopyPart-Custom-EraseBytes-Custom-
INFO: using inputs from: <repo>/.cifuzz-corpus/org.pqcfuzz.fuzz.PqcDecodeFuzzTest/mlDsaVerify
INFO: using inputs from: <repo>/target/test-classes/org/pqcfuzz/fuzz/PqcDecodeFuzzTestInputs/mlDsaVerify
INFO: using inputs from: /var/folders/m8/hjsd0821793bcvxlpgdpt23r0000gn/T/jazzer-java-seeds14231485114458703897
#183	REDUCE cov: 249 ft: 295 corp: 7/20Kb lim: 3373 exec/s: 0 rss: 1276Mb L: 1241/3309 MS: 2 CrossOver-Custom-
#230	NEW    cov: 252 ft: 312 corp: 8/23Kb lim: 3373 exec/s: 0 rss: 1276Mb L: 3309/3309 MS: 4 CMP-Custom-CopyPart-Custom- DE: ".\000"-
#239	NEW    cov: 252 ft: 313 corp: 9/27Kb lim: 3373 exec/s: 0 rss: 1276Mb L: 3309/3309 MS: 8 ChangeBinInt-Custom-ChangeByte-Custom-ChangeBinInt-Custom-CrossOver-Custom-
#243	REDUCE cov: 252 ft: 313 corp: 9/26Kb lim: 3373 exec/s: 0 rss: 1276Mb L: 1154/3309 MS: 8 InsertRepeatedBytes-Custom-ShuffleBytes-Custom-ShuffleBytes-Custom-EraseBytes-Custom-
#276	NEW    cov: 252 ft: 314 corp: 10/30Kb lim: 3373 exec/s: 0 rss: 1276Mb L: 3309/3309 MS: 6 CrossOver-Custom-ChangeBit-Custom-CMP-Custom- DE: "\377\377\377/"-
#355	REDUCE cov: 252 ft: 314 corp: 10/29Kb lim: 3373 exec/s: 0 rss: 1276Mb L: 923/3309 MS: 8 ChangeBit-Custom-ChangeASCIIInt-Custom-InsertByte-Custom-EraseBytes-Custom-
#373	REDUCE cov: 252 ft: 314 corp: 10/29Kb lim: 3373 exec/s: 0 rss: 1276Mb L: 624/3309 MS: 6 InsertByte-Custom-ChangeBit-Custom-EraseBytes-Custom-
#561	NEW    cov: 254 ft: 326 corp: 11/32Kb lim: 3373 exec/s: 0 rss: 1276Mb L: 3309/3309 MS: 6 ChangeByte-Custom-ChangeASCIIInt-Custom-CopyPart-Custom-
#642	REDUCE cov: 254 ft: 326 corp: 11/32Kb lim: 3373 exec/s: 0 rss: 1276Mb L: 539/3309 MS: 2 EraseBytes-Custom-
#715	REDUCE cov: 254 ft: 326 corp: 11/32Kb lim: 3373 exec/s: 0 rss: 1276Mb L: 330/3309 MS: 6 CopyPart-Custom-ChangeByte-Custom-EraseBytes-Custom-
#778	NEW    cov: 254 ft: 328 corp: 12/35Kb lim: 3373 exec/s: 0 rss: 1276Mb L: 3309/3309 MS: 6 ChangeASCIIInt-Custom-ChangeASCIIInt-Custom-PersAutoDict-Custom- DE: "\377\377\377/"-
#791	NEW    cov: 254 ft: 331 corp: 13/39Kb lim: 3373 exec/s: 0 rss: 1276Mb L: 3309/3309 MS: 6 ShuffleBytes-Custom-ChangeASCIIInt-Custom-CopyPart-Custom-
#862	REDUCE cov: 254 ft: 331 corp: 13/39Kb lim: 3373 exec/s: 0 rss: 1276Mb L: 292/3309 MS: 2 EraseBytes-Custom-
#885	NEW    cov: 255 ft: 333 corp: 14/42Kb lim: 3373 exec/s: 0 rss: 1276Mb L: 3309/3309 MS: 6 ChangeBinInt-Custom-ChangeByte-Custom-CMP-Custom- DE: "\001\000\000\000\000\000\000\000"-
#889	REDUCE cov: 255 ft: 333 corp: 14/42Kb lim: 3373 exec/s: 0 rss: 1276Mb L: 156/3309 MS: 8 ChangeASCIIInt-Custom-CMP-Custom-ChangeASCIIInt-Custom-EraseBytes-Custom- DE: "\000\000\000\000\000\000\000\000"-
#915	REDUCE cov: 255 ft: 333 corp: 14/42Kb lim: 3373 exec/s: 0 rss: 1276Mb L: 133/3309 MS: 2 EraseBytes-Custom-
#1052	NEW    cov: 255 ft: 336 corp: 15/45Kb lim: 3373 exec/s: 0 rss: 1276Mb L: 3309/3309 MS: 4 ChangeByte-Custom-CopyPart-Custom-
#1147	NEW    cov: 257 ft: 339 corp: 16/48Kb lim: 3373 exec/s: 0 rss: 1276Mb L: 3309/3309 MS: 10 CrossOver-Custom-ChangeByte-Custom-CrossOver-Custom-ChangeASCIIInt-Custom-CrossOver-Custom-
#1193	NEW    cov: 257 ft: 340 corp: 17/51Kb lim: 3373 exec/s: 0 rss: 1276Mb L: 3309/3309 MS: 2 PersAutoDict-Custom- DE: "\377\377\377/"-
#1659	REDUCE cov: 257 ft: 340 corp: 17/51Kb lim: 3373 exec/s: 0 rss: 1276Mb L: 87/3309 MS: 2 EraseBytes-Custom-
#1728	REDUCE cov: 257 ft: 340 corp: 17/51Kb lim: 3373 exec/s: 0 rss: 1276Mb L: 85/3309 MS: 8 ChangeBit-Custom-CopyPart-Custom-ChangeASCIIInt-Custom-EraseBytes-Custom-
#1846	NEW    cov: 257 ft: 341 corp: 18/55Kb lim: 3373 exec/s: 0 rss: 1276Mb L: 3309/3309 MS: 6 ChangeBinInt-Custom-ChangeBinInt-Custom-CMP-Custom- DE: "\001\000\000\000\000\000\000\000"-
#1978	NEW    cov: 258 ft: 342 corp: 19/58Kb lim: 3373 exec/s: 0 rss: 1276Mb L: 3309/3309 MS: 4 CopyPart-Custom-ChangeBit-Custom-
#2000	NEW    cov: 258 ft: 343 corp: 20/61Kb lim: 3373 exec/s: 0 rss: 1276Mb L: 3309/3309 MS: 4 ChangeByte-Custom-CopyPart-Custom-
#2254	NEW    cov: 258 ft: 344 corp: 21/64Kb lim: 3373 exec/s: 0 rss: 1276Mb L: 3309/3309 MS: 8 PersAutoDict-Custom-ChangeByte-Custom-ChangeBit-Custom-ChangeByte-Custom- DE: "\377\377\377/"-
#2445	REDUCE cov: 258 ft: 344 corp: 21/64Kb lim: 3373 exec/s: 0 rss: 1276Mb L: 72/3309 MS: 2 EraseBytes-Custom-
#2452	NEW    cov: 258 ft: 345 corp: 22/67Kb lim: 3373 exec/s: 0 rss: 1276Mb L: 3309/3309 MS: 4 ChangeBinInt-Custom-CopyPart-Custom-
#2713	NEW    cov: 258 ft: 346 corp: 23/71Kb lim: 3373 exec/s: 0 rss: 1276Mb L: 3309/3309 MS: 2 CMP-Custom- DE: "\000\000\000\000\000\000\000\000"-
#3104	REDUCE cov: 258 ft: 346 corp: 23/71Kb lim: 3373 exec/s: 0 rss: 1276Mb L: 47/3309 MS: 2 EraseBytes-Custom-
#3160	NEW    cov: 258 ft: 347 corp: 24/74Kb lim: 3373 exec/s: 0 rss: 1276Mb L: 3309/3309 MS: 2 PersAutoDict-Custom- DE: "\377\377\377/"-
#3453	REDUCE cov: 258 ft: 347 corp: 24/74Kb lim: 3373 exec/s: 0 rss: 1276Mb L: 34/3309 MS: 6 PersAutoDict-Custom-ChangeASCIIInt-Custom-EraseBytes-Custom- DE: "\000\000\000\000\000\000\000\000"-
#3657	NEW    cov: 258 ft: 349 corp: 25/77Kb lim: 3373 exec/s: 0 rss: 1276Mb L: 3309/3309 MS: 8 CMP-Custom-ChangeASCIIInt-Custom-ChangeByte-Custom-CopyPart-Custom- DE: "\377\377\377\377\377\377\377\377"-
#4043	NEW    cov: 258 ft: 350 corp: 26/80Kb lim: 3373 exec/s: 0 rss: 1276Mb L: 3309/3309 MS: 2 CMP-Custom- DE: "\377\377\377\377\377\377\377\377"-
#4125	REDUCE cov: 258 ft: 350 corp: 26/80Kb lim: 3373 exec/s: 0 rss: 1276Mb L: 29/3309 MS: 4 ChangeByte-Custom-EraseBytes-Custom-
#4413	NEW    cov: 258 ft: 351 corp: 27/84Kb lim: 3373 exec/s: 0 rss: 1276Mb L: 3309/3309 MS: 6 CrossOver-Custom-ChangeASCIIInt-Custom-ChangeBinInt-Custom-
#4535	NEW    cov: 258 ft: 352 corp: 28/87Kb lim: 3373 exec/s: 0 rss: 1276Mb L: 3309/3309 MS: 4 CrossOver-Custom-CrossOver-Custom-
#6141	REDUCE cov: 258 ft: 352 corp: 28/87Kb lim: 3384 exec/s: 0 rss: 1276Mb L: 16/3309 MS: 2 EraseBytes-Custom-
#6830	REDUCE cov: 258 ft: 352 corp: 28/87Kb lim: 3384 exec/s: 0 rss: 1276Mb L: 13/3309 MS: 8 ChangeBinInt-Custom-ChangeByte-Custom-InsertByte-Custom-EraseBytes-Custom-
#7587	NEW    cov: 258 ft: 353 corp: 29/90Kb lim: 3384 exec/s: 0 rss: 1276Mb L: 3309/3309 MS: 4 ChangeBinInt-Custom-CMP-Custom- DE: "\0000"-
#8157	REDUCE cov: 258 ft: 353 corp: 29/90Kb lim: 3384 exec/s: 0 rss: 1276Mb L: 9/3309 MS: 10 InsertByte-Custom-CMP-Custom-InsertByte-Custom-EraseBytes-Custom-EraseBytes-Custom- DE: "\001\000\000\031"-
#8177	REDUCE cov: 258 ft: 353 corp: 29/90Kb lim: 3384 exec/s: 0 rss: 1276Mb L: 5/3309 MS: 10 CMP-Custom-InsertByte-Custom-ChangeBinInt-Custom-ChangeBinInt-Custom-EraseBytes-Custom- DE: "\031\000"-
#9218	REDUCE cov: 258 ft: 353 corp: 29/90Kb lim: 3384 exec/s: 0 rss: 1276Mb L: 3/3309 MS: 2 EraseBytes-Custom-
#9539	REDUCE cov: 258 ft: 353 corp: 29/90Kb lim: 3384 exec/s: 0 rss: 1276Mb L: 2/3309 MS: 2 EraseBytes-Custom-
#12207	REDUCE cov: 258 ft: 353 corp: 29/90Kb lim: 3406 exec/s: 0 rss: 1276Mb L: 1/3309 MS: 6 ChangeByte-Custom-ShuffleBytes-Custom-EraseBytes-Custom-
#12443	NEW    cov: 258 ft: 362 corp: 30/93Kb lim: 3406 exec/s: 0 rss: 1276Mb L: 3309/3309 MS: 2 ChangeBinInt-Custom-
#12570	NEW    cov: 258 ft: 363 corp: 31/96Kb lim: 3406 exec/s: 0 rss: 1276Mb L: 3309/3309 MS: 4 ChangeBit-Custom-ChangeByte-Custom-
#16297	NEW    cov: 258 ft: 370 corp: 32/100Kb lim: 3439 exec/s: 0 rss: 1276Mb L: 3309/3309 MS: 4 CMP-Custom-ShuffleBytes-Custom- DE: "\011\000\000\000\000\000\000\000"-
#17564	NEW    cov: 258 ft: 371 corp: 33/103Kb lim: 3450 exec/s: 0 rss: 1276Mb L: 3309/3309 MS: 4 ChangeBinInt-Custom-PersAutoDict-Custom- DE: "\011\000\000\000\000\000\000\000"-
#23780	NEW    cov: 258 ft: 372 corp: 34/106Kb lim: 3505 exec/s: 0 rss: 1276Mb L: 3309/3309 MS: 2 ChangeBinInt-Custom-
#32794	NEW    cov: 258 ft: 373 corp: 35/109Kb lim: 3593 exec/s: 32794 rss: 1276Mb L: 3309/3309 MS: 4 ShuffleBytes-Custom-ShuffleBytes-Custom-
#33520	NEW    cov: 258 ft: 374 corp: 36/113Kb lim: 3593 exec/s: 33520 rss: 1276Mb L: 3309/3309 MS: 2 ChangeBinInt-Custom-
#41007	NEW    cov: 258 ft: 375 corp: 37/116Kb lim: 3659 exec/s: 41007 rss: 1276Mb L: 3309/3309 MS: 4 CopyPart-Custom-PersAutoDict-Custom- DE: "\001\000\000\000\000\000\000\000"-
#51546	NEW    cov: 258 ft: 376 corp: 38/119Kb lim: 3758 exec/s: 51546 rss: 1276Mb L: 3309/3309 MS: 8 ChangeBinInt-Custom-ChangeBit-Custom-ShuffleBytes-Custom-ShuffleBytes-Custom-
#65536	pulse  cov: 258 ft: 376 corp: 38/119Kb lim: 3890 exec/s: 32768 rss: 1276Mb
#131072	pulse  cov: 258 ft: 376 corp: 38/119Kb lim: 4096 exec/s: 32768 rss: 1276Mb
#205643	NEW    cov: 258 ft: 377 corp: 39/122Kb lim: 4096 exec/s: 29377 rss: 1276Mb L: 3309/3309 MS: 2 ChangeByte-Custom-
#212669	NEW    cov: 258 ft: 378 corp: 40/126Kb lim: 4096 exec/s: 30381 rss: 1276Mb L: 3309/3309 MS: 2 ChangeBinInt-Custom-
#233215	NEW    cov: 258 ft: 379 corp: 41/129Kb lim: 4096 exec/s: 29151 rss: 1276Mb L: 3309/3309 MS: 2 ChangeBinInt-Custom-
#256053	NEW    cov: 258 ft: 380 corp: 42/132Kb lim: 4096 exec/s: 28450 rss: 1276Mb L: 3309/3309 MS: 6 ChangeBit-Custom-PersAutoDict-Custom-ChangeASCIIInt-Custom- DE: ".\000"-
#262144	pulse  cov: 258 ft: 380 corp: 42/132Kb lim: 4096 exec/s: 26214 rss: 1276Mb
#308749	NEW    cov: 258 ft: 381 corp: 43/135Kb lim: 4096 exec/s: 25729 rss: 1276Mb L: 3309/3309 MS: 2 ChangeBinInt-Custom-
#524288	pulse  cov: 258 ft: 381 corp: 43/135Kb lim: 4096 exec/s: 24966 rss: 1276Mb
#586675	NEW    cov: 258 ft: 382 corp: 44/138Kb lim: 4096 exec/s: 24444 rss: 1276Mb L: 3309/3309 MS: 2 ChangeByte-Custom-
#1048576	pulse  cov: 258 ft: 382 corp: 44/138Kb lim: 4096 exec/s: 23831 rss: 1276Mb
#2097152	pulse  cov: 258 ft: 382 corp: 44/138Kb lim: 4096 exec/s: 23045 rss: 1276Mb
#2785895	DONE   cov: 258 ft: 382 corp: 44/138Kb lim: 4096 exec/s: 23023 rss: 1276Mb
[INFO] Tests run: 7, Failures: 0, Errors: 0, Skipped: 0, Time elapsed: 123.6 s -- in org.pqcfuzz.fuzz.PqcDecodeFuzzTest
[INFO] Tests run: 7, Failures: 0, Errors: 0, Skipped: 0
