INFO: Loaded 287 hooks from com.code_intelligence.jazzer.runtime.TraceCmpHooks
INFO: Loaded 5 hooks from com.code_intelligence.jazzer.runtime.TraceDivHooks
INFO: Loaded 2 hooks from com.code_intelligence.jazzer.runtime.TraceIndirHooks
INFO: Loaded 4 hooks from com.code_intelligence.jazzer.runtime.NativeLibHooks
INFO: Loaded 2 hooks from com.code_intelligence.jazzer.sanitizers.ClojureLangHooks
INFO: Loaded 5 hooks from com.code_intelligence.jazzer.sanitizers.Deserialization
INFO: Loaded 5 hooks from com.code_intelligence.jazzer.sanitizers.ExpressionLanguageInjection
INFO: Loaded 70 hooks from com.code_intelligence.jazzer.sanitizers.LdapInjection
INFO: Loaded 46 hooks from com.code_intelligence.jazzer.sanitizers.NamingContextLookup
INFO: Loaded 1 hooks from com.code_intelligence.jazzer.sanitizers.OsCommandInjection
INFO: Loaded 48 hooks from com.code_intelligence.jazzer.sanitizers.ReflectiveCall
INFO: Loaded 8 hooks from com.code_intelligence.jazzer.sanitizers.RegexInjection
INFO: Loaded 16 hooks from com.code_intelligence.jazzer.sanitizers.RegexRoadblocks
INFO: Loaded 12 hooks from com.code_intelligence.jazzer.sanitizers.ScriptEngineInjection
INFO: Loaded 3 hooks from com.code_intelligence.jazzer.sanitizers.ServerSideRequestForgery
INFO: Loaded 19 hooks from com.code_intelligence.jazzer.sanitizers.SqlInjection
INFO: Loaded 6 hooks from com.code_intelligence.jazzer.sanitizers.XPathInjection
INFO: Instrumented org.pqcfuzz.classify.Classifier (took 64 ms, size +26%)
INFO: Instrumented org.pqcfuzz.target.FuzzTarget (took 0 ms, size +12%)
INFO: Instrumented org.pqcfuzz.classify.Outcome (took 3 ms, size +13%)
INFO: Instrumented org.pqcfuzz.fuzz.PqcDecodeFuzzTest (took 11 ms, size +12%)
INFO: Instrumented org.pqcfuzz.target.Targets (took 8 ms, size +19%)
INFO: Instrumented org.pqcfuzz.target.mlkem.MlKem768DecapTarget (took 3 ms, size +13%)
INFO: Instrumented org.pqcfuzz.target.mlkem.MlKem768PublicKeyParseTarget (took 3 ms, size +15%)
INFO: Instrumented org.pqcfuzz.target.mldsa.MlDsa65VerifyTarget (took 3 ms, size +11%)
INFO: Instrumented org.bouncycastle.crypto.CipherParameters (took 0 ms, size +0%)
INFO: Instrumented org.pqcfuzz.target.mldsa.MlDsa65PublicKeyParseTarget (took 2 ms, size +15%)
INFO: Instrumented org.pqcfuzz.target.slhdsa.SlhDsaVerifyTarget (took 3 ms, size +10%)
INFO: Instrumented org.pqcfuzz.target.slhdsa.SlhDsaPublicKeyParseTarget (took 1 ms, size +14%)
INFO: Instrumented org.pqcfuzz.target.mlkem.MlKem768ParseAndEncapsulateTarget (took 1 ms, size +11%)
INFO: Instrumented org.bouncycastle.crypto.params.AsymmetricKeyParameter (took 0 ms, size +32%)
INFO: Instrumented org.bouncycastle.crypto.params.MLKEMPublicKeyParameters (took 1 ms, size +22%)
INFO: Instrumented org.bouncycastle.crypto.params.MLKEMKeyParameters (took 0 ms, size +23%)
INFO: Instrumented org.pqcfuzz.util.DeterministicSecureRandom (took 2 ms, size +24%)
INFO: Instrumented org.pqcfuzz.target.mldsa.MlDsa65ParseAndVerifyTarget (took 2 ms, size +10%)
INFO: Instrumented org.pqcfuzz.target.slhdsa.SlhDsaParseAndVerifyTarget (took 1 ms, size +10%)
INFO: Instrumented org.pqcfuzz.target.jdk.JdkMlKem768DecapTarget (took 1 ms, size +12%)
INFO: Instrumented org.pqcfuzz.target.jdk.JdkMlKem768PublicKeyParseTarget (took 1 ms, size +11%)
INFO: Instrumented org.pqcfuzz.target.jdk.JdkMlDsa65VerifyTarget (took 1 ms, size +10%)
INFO: Instrumented org.pqcfuzz.target.jdk.JdkMlDsa65PublicKeyParseTarget (took 1 ms, size +12%)
INFO: Instrumented org.pqcfuzz.target.jdk.JdkMlKem768ParseAndEncapsulateTarget (took 1 ms, size +9%)
INFO: Instrumented org.pqcfuzz.target.jdk.JdkMlDsa65ParseAndVerifyTarget (took 1 ms, size +9%)
INFO: Instrumented org.pqcfuzz.target.mldsa.MlDsaKeys (took 0 ms, size +7%)
INFO: Instrumented org.bouncycastle.crypto.KeyGenerationParameters (took 0 ms, size +19%)
INFO: Instrumented org.bouncycastle.crypto.params.MLDSAKeyGenerationParameters (took 0 ms, size +20%)
INFO: Instrumented org.bouncycastle.crypto.CryptoException (took 1 ms, size +26%)
INFO: Instrumented org.bouncycastle.crypto.params.MLDSAParameters (took 1 ms, size +22%)
INFO: Instrumented org.bouncycastle.crypto.generators.MLDSAKeyPairGenerator (took 1 ms, size +7%)
INFO: Instrumented org.bouncycastle.crypto.AsymmetricCipherKeyPairGenerator (took 0 ms, size +0%)
INFO: Instrumented org.bouncycastle.crypto.params.MLDSAPrivateKeyParameters (took 3 ms, size +12%)
INFO: Instrumented org.bouncycastle.crypto.params.MLDSAKeyParameters (took 0 ms, size +23%)
INFO: Instrumented org.bouncycastle.crypto.params.MLDSAPublicKeyParameters (took 2 ms, size +18%)
INFO: New number of coverage counters: 1024
INFO: Instrumented org.bouncycastle.crypto.CryptoServicesRegistrar (took 6 ms, size +12%)
INFO: Instrumented org.bouncycastle.crypto.CryptoServicesPermission (took 1 ms, size +72%)
INFO: Instrumented org.bouncycastle.crypto.SecureRandomProvider (took 0 ms, size +0%)
INFO: Instrumented org.bouncycastle.crypto.CryptoServicesConstraints (took 0 ms, size +0%)
INFO: Instrumented org.bouncycastle.crypto.CryptoServicesRegistrar$ThreadLocalSecureRandomProvider (took 1 ms, size +13%)
INFO: Instrumented org.bouncycastle.crypto.CryptoServicesRegistrar$1 (took 0 ms, size +24%)
INFO: Instrumented org.bouncycastle.crypto.params.DSAParameters (took 1 ms, size +66%)
INFO: Instrumented org.bouncycastle.crypto.params.DSAValidationParameters (took 0 ms, size +38%)
INFO: Instrumented org.bouncycastle.util.encoders.Hex (took 2 ms, size +13%)
INFO: Instrumented org.bouncycastle.util.encoders.DecoderException (took 0 ms, size +27%)
INFO: Instrumented org.bouncycastle.util.encoders.EncoderException (took 0 ms, size +27%)
INFO: Instrumented org.bouncycastle.util.encoders.HexEncoder (took 2 ms, size +37%)
INFO: Instrumented org.bouncycastle.util.encoders.Encoder (took 0 ms, size +0%)
INFO: New number of coverage counters: 2048
INFO: Instrumented org.bouncycastle.util.Arrays (took 18 ms, size +34%)
INFO: Instrumented org.bouncycastle.crypto.CryptoServicesRegistrar$Property (took 0 ms, size +10%)
INFO: Instrumented org.bouncycastle.asn1.x9.X9ECParameters (took 1 ms, size +12%)
INFO: Instrumented org.bouncycastle.asn1.x9.X9ObjectIdentifiers (took 0 ms, size +3%)
INFO: Instrumented org.bouncycastle.asn1.ASN1Object (took 1 ms, size +30%)
INFO: Instrumented org.bouncycastle.asn1.ASN1Encodable (took 0 ms, size +0%)
INFO: Instrumented org.bouncycastle.util.Encodable (took 0 ms, size +0%)
INFO: Instrumented org.bouncycastle.crypto.params.DHParameters (took 2 ms, size +39%)
INFO: Instrumented org.bouncycastle.crypto.params.DHValidationParameters (took 0 ms, size +45%)
INFO: Instrumented org.bouncycastle.crypto.signers.mldsa.MLDSAEngine (took 2 ms, size +8%)
INFO: Instrumented org.bouncycastle.crypto.signers.mldsa.Symmetric (took 0 ms, size +18%)
INFO: Instrumented org.bouncycastle.crypto.signers.mldsa.Symmetric$ShakeSymmetric (took 1 ms, size +12%)
INFO: Instrumented org.bouncycastle.crypto.digests.SHAKEDigest (took 10 ms, size +21%)
INFO: Instrumented org.bouncycastle.crypto.Xof (took 0 ms, size +0%)
INFO: Instrumented org.bouncycastle.crypto.ExtendedDigest (took 0 ms, size +0%)
INFO: Instrumented org.bouncycastle.crypto.Digest (took 0 ms, size +0%)
INFO: Instrumented org.bouncycastle.crypto.SavableDigest (took 0 ms, size +0%)
INFO: Instrumented org.bouncycastle.crypto.digests.EncodableDigest (took 0 ms, size +0%)
INFO: Instrumented org.bouncycastle.crypto.EncodableService (took 0 ms, size +0%)
INFO: Instrumented org.bouncycastle.util.Memoable (took 0 ms, size +0%)
INFO: Instrumented org.bouncycastle.crypto.digests.KeccakDigest (took 7 ms, size +19%)
INFO: Instrumented org.bouncycastle.crypto.CryptoServicePurpose (took 0 ms, size +8%)
INFO: Instrumented org.bouncycastle.crypto.digests.Utils (took 0 ms, size +10%)
INFO: Instrumented org.bouncycastle.crypto.CryptoServiceProperties (took 0 ms, size +0%)
INFO: Instrumented org.bouncycastle.crypto.digests.Utils$DefaultProperties (took 0 ms, size +14%)
INFO: Instrumented org.bouncycastle.crypto.signers.mldsa.PolyVecMatrix (took 0 ms, size +25%)
INFO: Instrumented org.bouncycastle.crypto.signers.mldsa.PolyVec (took 2 ms, size +25%)
INFO: Instrumented org.bouncycastle.crypto.signers.mldsa.Poly (took 9 ms, size +18%)
INFO: Instrumented org.bouncycastle.util.Pack (took 13 ms, size +24%)
INFO: Instrumented org.bouncycastle.crypto.signers.mldsa.Ntt (took 1 ms, size +9%)
INFO: Instrumented org.bouncycastle.crypto.signers.mldsa.Reduce (took 0 ms, size +30%)
INFO: Instrumented org.bouncycastle.crypto.signers.mldsa.Rounding (took 0 ms, size +52%)
INFO: Instrumented org.bouncycastle.crypto.signers.mldsa.Packing (took 1 ms, size +20%)
INFO: Instrumented org.bouncycastle.crypto.AsymmetricCipherKeyPair (took 0 ms, size +13%)
INFO: Instrumented org.bouncycastle.crypto.signers.MLDSASigner (took 4 ms, size +12%)
INFO: Instrumented org.bouncycastle.crypto.Signer (took 0 ms, size +0%)
INFO: Instrumented org.bouncycastle.crypto.DataLengthException (took 0 ms, size +39%)
INFO: Instrumented org.bouncycastle.crypto.RuntimeCryptoException (took 0 ms, size +42%)
INFO: Instrumented org.bouncycastle.crypto.params.ParametersWithContext (took 0 ms, size +23%)
INFO: Instrumented org.bouncycastle.crypto.params.ParametersWithRandom (took 0 ms, size +13%)
INFO: Instrumented org.pqcfuzz.target.TargetKind (took 0 ms, size +12%)
INFO: Instrumented org.pqcfuzz.classify.ExpectedRejections (took 0 ms, size +41%)
INFO: using inputs from: <repo>/.cifuzz-corpus/org.pqcfuzz.fuzz.PqcDecodeFuzzTest/mlDsaParseAndVerify
INFO: using inputs from: <repo>/target/test-classes/org/pqcfuzz/fuzz/PqcDecodeFuzzTestInputs/mlDsaParseAndVerify
INFO: using inputs from: /var/folders/m8/hjsd0821793bcvxlpgdpt23r0000gn/T/jazzer-java-seeds9538218954757397422
INFO: found LLVMFuzzerCustomMutator (0x11b16b038). Disabling -len_control by default.
INFO: Running with entropic power schedule (0xFF, 100).
INFO: Seed: 2865789284
INFO: Loaded 3 modules   (2048 inline 8-bit counters): 512 [0x75eb508000, 0x75eb508200), 512 [0x75eb508200, 0x75eb508400), 1024 [0x75eb508400, 0x75eb508800), 
INFO: Loaded 3 PC tables (2048 PCs): 512 [0x75ed0e8000,0x75ed0ea000), 512 [0x75ed0f4000,0x75ed0f6000), 1024 [0x75ef990000,0x75ef994000), 
INFO:        0 files found in <repo>/.cifuzz-corpus/org.pqcfuzz.fuzz.PqcDecodeFuzzTest/mlDsaParseAndVerify
INFO:        5 files found in <repo>/target/test-classes/org/pqcfuzz/fuzz/PqcDecodeFuzzTestInputs/mlDsaParseAndVerify
INFO:        0 files found in /var/folders/m8/hjsd0821793bcvxlpgdpt23r0000gn/T/jazzer-java-seeds9538218954757397422
INFO: -max_len is not provided; libFuzzer will not generate inputs larger than 4096 bytes
INFO: seed corpus: files: 5 min: 1952b max: 2016b total: 9824b rss: 1236Mb
#6	INITED cov: 285 ft: 310 corp: 4/7872b exec/s: 0 rss: 1236Mb
#33	REDUCE cov: 285 ft: 310 corp: 4/7598b lim: 2016 exec/s: 0 rss: 1236Mb L: 1742/1952 MS: 4 ChangeASCIIInt-Custom-CrossOver-Custom-
#51	REDUCE cov: 285 ft: 310 corp: 4/7241b lim: 2016 exec/s: 0 rss: 1236Mb L: 1385/1952 MS: 6 ShuffleBytes-Custom-InsertRepeatedBytes-Custom-CrossOver-Custom-
#53	NEW    cov: 285 ft: 311 corp: 5/9193b lim: 2016 exec/s: 0 rss: 1236Mb L: 1952/1952 MS: 4 ChangeBit-Custom-CopyPart-Custom-
#98	REDUCE cov: 285 ft: 311 corp: 5/8063b lim: 2016 exec/s: 0 rss: 1236Mb L: 255/1952 MS: 10 CrossOver-Custom-ChangeASCIIInt-Custom-InsertRepeatedBytes-Custom-InsertByte-Custom-CrossOver-Custom-
#159	REDUCE cov: 285 ft: 311 corp: 5/8026b lim: 2016 exec/s: 0 rss: 1237Mb L: 218/1952 MS: 2 EraseBytes-Custom-
#295	REDUCE cov: 285 ft: 311 corp: 5/8023b lim: 2016 exec/s: 0 rss: 1237Mb L: 215/1952 MS: 2 EraseBytes-Custom-
#484	REDUCE cov: 285 ft: 311 corp: 5/8005b lim: 2016 exec/s: 0 rss: 1237Mb L: 197/1952 MS: 8 ShuffleBytes-Custom-InsertRepeatedBytes-Custom-ChangeBit-Custom-EraseBytes-Custom-
#591	REDUCE cov: 285 ft: 311 corp: 5/7909b lim: 2016 exec/s: 0 rss: 1237Mb L: 101/1952 MS: 4 CMP-Custom-EraseBytes-Custom- DE: "\001\000"-
#628	REDUCE cov: 285 ft: 311 corp: 5/7859b lim: 2016 exec/s: 0 rss: 1237Mb L: 51/1952 MS: 4 CrossOver-Custom-EraseBytes-Custom-
#729	REDUCE cov: 285 ft: 311 corp: 5/7850b lim: 2016 exec/s: 0 rss: 1237Mb L: 42/1952 MS: 2 EraseBytes-Custom-
#891	REDUCE cov: 285 ft: 311 corp: 5/7835b lim: 2016 exec/s: 0 rss: 1238Mb L: 27/1952 MS: 4 CrossOver-Custom-EraseBytes-Custom-
#1024	REDUCE cov: 285 ft: 311 corp: 5/7827b lim: 2016 exec/s: 0 rss: 1238Mb L: 19/1952 MS: 6 PersAutoDict-Custom-ChangeASCIIInt-Custom-EraseBytes-Custom- DE: "\001\000"-
#1050	REDUCE cov: 285 ft: 311 corp: 5/7826b lim: 2016 exec/s: 0 rss: 1238Mb L: 18/1952 MS: 2 EraseBytes-Custom-
#1141	REDUCE cov: 285 ft: 311 corp: 5/7818b lim: 2016 exec/s: 0 rss: 1238Mb L: 10/1952 MS: 2 EraseBytes-Custom-
#1735	REDUCE cov: 285 ft: 311 corp: 5/7816b lim: 2016 exec/s: 0 rss: 1239Mb L: 8/1952 MS: 8 ChangeBit-Custom-PersAutoDict-Custom-ShuffleBytes-Custom-EraseBytes-Custom- DE: "\001\000"-
#1911	REDUCE cov: 285 ft: 311 corp: 5/7814b lim: 2016 exec/s: 0 rss: 1239Mb L: 6/1952 MS: 2 EraseBytes-Custom-
#2018	REDUCE cov: 285 ft: 311 corp: 5/7812b lim: 2016 exec/s: 0 rss: 1239Mb L: 4/1952 MS: 4 PersAutoDict-Custom-EraseBytes-Custom- DE: "\001\000"-
#2295	REDUCE cov: 285 ft: 311 corp: 5/7810b lim: 2016 exec/s: 0 rss: 1240Mb L: 2/1952 MS: 4 ShuffleBytes-Custom-EraseBytes-Custom-
#2382	REDUCE cov: 285 ft: 311 corp: 5/7809b lim: 2016 exec/s: 0 rss: 1240Mb L: 1/1952 MS: 4 ChangeByte-Custom-EraseBytes-Custom-
#5294	NEW    cov: 285 ft: 312 corp: 6/9761b lim: 2036 exec/s: 0 rss: 1244Mb L: 1952/1952 MS: 4 CMP-Custom-ChangeASCIIInt-Custom- DE: "\001\000\000\000\000\000\000\000"-
#21652	NEW    cov: 285 ft: 313 corp: 7/11713b lim: 2188 exec/s: 10826 rss: 1245Mb L: 1952/1952 MS: 2 ChangeByte-Custom-
#32768	pulse  cov: 285 ft: 313 corp: 7/11713b lim: 2298 exec/s: 10922 rss: 1245Mb
#37103	NEW    cov: 285 ft: 314 corp: 8/13665b lim: 2331 exec/s: 12367 rss: 1245Mb L: 1952/1952 MS: 2 ShuffleBytes-Custom-
#41687	NEW    cov: 285 ft: 315 corp: 9/15617b lim: 2375 exec/s: 10421 rss: 1245Mb L: 1952/1952 MS: 8 ChangeBit-Custom-PersAutoDict-Custom-PersAutoDict-Custom-ChangeByte-Custom- DE: "\001\000\000\000\000\000\000\000"-"\001\000"-
#52432	NEW    cov: 285 ft: 316 corp: 10/17Kb lim: 2474 exec/s: 10486 rss: 1245Mb L: 1952/1952 MS: 10 ChangeBit-Custom-ShuffleBytes-Custom-ShuffleBytes-Custom-ChangeASCIIInt-Custom-CopyPart-Custom-
#65536	pulse  cov: 285 ft: 316 corp: 10/17Kb lim: 2595 exec/s: 10922 rss: 1245Mb
#67107	NEW    cov: 285 ft: 317 corp: 11/19Kb lim: 2617 exec/s: 11184 rss: 1245Mb L: 1952/1952 MS: 10 ChangeASCIIInt-Custom-ChangeBinInt-Custom-ShuffleBytes-Custom-ChangeBit-Custom-ChangeByte-Custom-
#131072	pulse  cov: 285 ft: 317 corp: 11/19Kb lim: 3244 exec/s: 10082 rss: 1245Mb
#262144	pulse  cov: 285 ft: 317 corp: 11/19Kb lim: 4096 exec/s: 9709 rss: 1246Mb
#305875	NEW    cov: 285 ft: 318 corp: 12/20Kb lim: 4096 exec/s: 9558 rss: 1246Mb L: 1952/1952 MS: 6 ShuffleBytes-Custom-ChangeBinInt-Custom-ShuffleBytes-Custom-
#324581	NEW    cov: 285 ft: 320 corp: 13/22Kb lim: 4096 exec/s: 9835 rss: 1246Mb L: 1952/1952 MS: 2 ChangeBinInt-Custom-
#355577	NEW    cov: 285 ft: 321 corp: 14/24Kb lim: 4096 exec/s: 9610 rss: 1246Mb L: 1952/1952 MS: 2 ChangeBinInt-Custom-
#524288	pulse  cov: 285 ft: 321 corp: 14/24Kb lim: 4096 exec/s: 9709 rss: 1246Mb
#1048576	pulse  cov: 285 ft: 321 corp: 14/24Kb lim: 4096 exec/s: 9709 rss: 1246Mb
#1170737	DONE   cov: 285 ft: 321 corp: 14/24Kb lim: 4096 exec/s: 9675 rss: 1246Mb
[INFO] Tests run: 7, Failures: 0, Errors: 0, Skipped: 0, Time elapsed: 123.4 s -- in org.pqcfuzz.fuzz.PqcDecodeFuzzTest
[INFO] Tests run: 7, Failures: 0, Errors: 0, Skipped: 0
