INFO: Loaded 287 hooks from com.code_intelligence.jazzer.runtime.TraceCmpHooks
INFO: Loaded 5 hooks from com.code_intelligence.jazzer.runtime.TraceDivHooks
INFO: Loaded 2 hooks from com.code_intelligence.jazzer.runtime.TraceIndirHooks
INFO: Loaded 4 hooks from com.code_intelligence.jazzer.runtime.NativeLibHooks
INFO: Loaded 2 hooks from com.code_intelligence.jazzer.sanitizers.ClojureLangHooks
INFO: Loaded 5 hooks from com.code_intelligence.jazzer.sanitizers.Deserialization
INFO: Loaded 5 hooks from com.code_intelligence.jazzer.sanitizers.ExpressionLanguageInjection
INFO: Loaded 70 hooks from com.code_intelligence.jazzer.sanitizers.LdapInjection
INFO: Loaded 46 hooks from com.code_intelligence.jazzer.sanitizers.NamingContextLookup
INFO: Loaded 1 hooks from com.code_intelligence.jazzer.sanitizers.OsCommandInjection
INFO: Loaded 48 hooks from com.code_intelligence.jazzer.sanitizers.ReflectiveCall
INFO: Loaded 8 hooks from com.code_intelligence.jazzer.sanitizers.RegexInjection
INFO: Loaded 16 hooks from com.code_intelligence.jazzer.sanitizers.RegexRoadblocks
INFO: Loaded 12 hooks from com.code_intelligence.jazzer.sanitizers.ScriptEngineInjection
INFO: Loaded 3 hooks from com.code_intelligence.jazzer.sanitizers.ServerSideRequestForgery
INFO: Loaded 19 hooks from com.code_intelligence.jazzer.sanitizers.SqlInjection
INFO: Loaded 6 hooks from com.code_intelligence.jazzer.sanitizers.XPathInjection
INFO: Instrumented org.pqcfuzz.classify.Classifier (took 102 ms, size +26%)
INFO: Instrumented org.pqcfuzz.target.FuzzTarget (took 0 ms, size +12%)
INFO: Instrumented org.pqcfuzz.classify.Outcome (took 2 ms, size +13%)
INFO: Instrumented org.pqcfuzz.fuzz.PqcDecodeFuzzTest (took 9 ms, size +12%)
INFO: Instrumented org.pqcfuzz.target.Targets (took 13 ms, size +19%)
INFO: Instrumented org.pqcfuzz.target.mlkem.MlKem768DecapTarget (took 5 ms, size +13%)
INFO: Instrumented org.pqcfuzz.target.mlkem.MlKem768PublicKeyParseTarget (took 4 ms, size +15%)
INFO: Instrumented org.pqcfuzz.target.mldsa.MlDsa65VerifyTarget (took 6 ms, size +11%)
INFO: Instrumented org.bouncycastle.crypto.CipherParameters (took 0 ms, size +0%)
INFO: Instrumented org.pqcfuzz.target.mldsa.MlDsa65PublicKeyParseTarget (took 3 ms, size +15%)
INFO: Instrumented org.pqcfuzz.target.slhdsa.SlhDsaVerifyTarget (took 3 ms, size +10%)
INFO: Instrumented org.pqcfuzz.target.slhdsa.SlhDsaPublicKeyParseTarget (took 1 ms, size +14%)
INFO: Instrumented org.pqcfuzz.target.mlkem.MlKem768ParseAndEncapsulateTarget (took 1 ms, size +11%)
INFO: Instrumented org.bouncycastle.crypto.params.AsymmetricKeyParameter (took 1 ms, size +32%)
INFO: Instrumented org.bouncycastle.crypto.params.MLKEMPublicKeyParameters (took 2 ms, size +22%)
INFO: Instrumented org.bouncycastle.crypto.params.MLKEMKeyParameters (took 1 ms, size +23%)
INFO: Instrumented org.pqcfuzz.util.DeterministicSecureRandom (took 1 ms, size +24%)
INFO: Instrumented org.pqcfuzz.target.mldsa.MlDsa65ParseAndVerifyTarget (took 2 ms, size +10%)
INFO: Instrumented org.pqcfuzz.target.slhdsa.SlhDsaParseAndVerifyTarget (took 8 ms, size +10%)
INFO: Instrumented org.pqcfuzz.target.jdk.JdkMlKem768DecapTarget (took 3 ms, size +12%)
INFO: Instrumented org.pqcfuzz.target.jdk.JdkMlKem768PublicKeyParseTarget (took 2 ms, size +11%)
INFO: Instrumented org.pqcfuzz.target.jdk.JdkMlDsa65VerifyTarget (took 1 ms, size +10%)
INFO: Instrumented org.pqcfuzz.target.jdk.JdkMlDsa65PublicKeyParseTarget (took 2 ms, size +12%)
INFO: Instrumented org.pqcfuzz.target.jdk.JdkMlKem768ParseAndEncapsulateTarget (took 2 ms, size +9%)
INFO: Instrumented org.pqcfuzz.target.jdk.JdkMlDsa65ParseAndVerifyTarget (took 1 ms, size +9%)
INFO: Instrumented org.pqcfuzz.target.mldsa.MlDsaKeys (took 0 ms, size +7%)
INFO: Instrumented org.bouncycastle.crypto.KeyGenerationParameters (took 1 ms, size +19%)
INFO: Instrumented org.bouncycastle.crypto.params.MLDSAKeyGenerationParameters (took 0 ms, size +20%)
INFO: Instrumented org.bouncycastle.crypto.CryptoException (took 1 ms, size +26%)
INFO: Instrumented org.bouncycastle.crypto.params.MLDSAParameters (took 1 ms, size +22%)
INFO: Instrumented org.bouncycastle.crypto.generators.MLDSAKeyPairGenerator (took 1 ms, size +7%)
INFO: Instrumented org.bouncycastle.crypto.AsymmetricCipherKeyPairGenerator (took 0 ms, size +0%)
INFO: Instrumented org.bouncycastle.crypto.params.MLDSAPrivateKeyParameters (took 4 ms, size +12%)
INFO: Instrumented org.bouncycastle.crypto.params.MLDSAKeyParameters (took 0 ms, size +23%)
INFO: Instrumented org.bouncycastle.crypto.params.MLDSAPublicKeyParameters (took 0 ms, size +18%)
INFO: New number of coverage counters: 1024
INFO: Instrumented org.bouncycastle.crypto.CryptoServicesRegistrar (took 6 ms, size +12%)
INFO: Instrumented org.bouncycastle.crypto.CryptoServicesPermission (took 1 ms, size +72%)
INFO: Instrumented org.bouncycastle.crypto.SecureRandomProvider (took 0 ms, size +0%)
INFO: Instrumented org.bouncycastle.crypto.CryptoServicesConstraints (took 0 ms, size +0%)
INFO: Instrumented org.bouncycastle.crypto.CryptoServicesRegistrar$ThreadLocalSecureRandomProvider (took 0 ms, size +13%)
INFO: Instrumented org.bouncycastle.crypto.CryptoServicesRegistrar$1 (took 0 ms, size +24%)
INFO: Instrumented org.bouncycastle.crypto.params.DSAParameters (took 1 ms, size +66%)
INFO: Instrumented org.bouncycastle.crypto.params.DSAValidationParameters (took 1 ms, size +38%)
INFO: Instrumented org.bouncycastle.util.encoders.Hex (took 2 ms, size +13%)
INFO: Instrumented org.bouncycastle.util.encoders.DecoderException (took 0 ms, size +27%)
INFO: Instrumented org.bouncycastle.util.encoders.EncoderException (took 0 ms, size +27%)
INFO: Instrumented org.bouncycastle.util.encoders.HexEncoder (took 2 ms, size +37%)
INFO: Instrumented org.bouncycastle.util.encoders.Encoder (took 0 ms, size +0%)
INFO: New number of coverage counters: 2048
INFO: Instrumented org.bouncycastle.util.Arrays (took 17 ms, size +34%)
INFO: Instrumented org.bouncycastle.crypto.CryptoServicesRegistrar$Property (took 1 ms, size +10%)
INFO: Instrumented org.bouncycastle.asn1.x9.X9ECParameters (took 2 ms, size +12%)
INFO: Instrumented org.bouncycastle.asn1.x9.X9ObjectIdentifiers (took 2 ms, size +3%)
INFO: Instrumented org.bouncycastle.asn1.ASN1Object (took 2 ms, size +30%)
INFO: Instrumented org.bouncycastle.asn1.ASN1Encodable (took 0 ms, size +0%)
INFO: Instrumented org.bouncycastle.util.Encodable (took 0 ms, size +0%)
INFO: Instrumented org.bouncycastle.crypto.params.DHParameters (took 1 ms, size +39%)
INFO: Instrumented org.bouncycastle.crypto.params.DHValidationParameters (took 0 ms, size +45%)
INFO: Instrumented org.bouncycastle.crypto.signers.mldsa.MLDSAEngine (took 3 ms, size +8%)
INFO: Instrumented org.bouncycastle.crypto.signers.mldsa.Symmetric (took 0 ms, size +18%)
INFO: Instrumented org.bouncycastle.crypto.signers.mldsa.Symmetric$ShakeSymmetric (took 0 ms, size +12%)
INFO: Instrumented org.bouncycastle.crypto.digests.SHAKEDigest (took 2 ms, size +21%)
INFO: Instrumented org.bouncycastle.crypto.Xof (took 0 ms, size +0%)
INFO: Instrumented org.bouncycastle.crypto.ExtendedDigest (took 0 ms, size +0%)
INFO: Instrumented org.bouncycastle.crypto.Digest (took 0 ms, size +0%)
INFO: Instrumented org.bouncycastle.crypto.SavableDigest (took 0 ms, size +0%)
INFO: Instrumented org.bouncycastle.crypto.digests.EncodableDigest (took 0 ms, size +0%)
INFO: Instrumented org.bouncycastle.crypto.EncodableService (took 0 ms, size +0%)
INFO: Instrumented org.bouncycastle.util.Memoable (took 0 ms, size +0%)
INFO: Instrumented org.bouncycastle.crypto.digests.KeccakDigest (took 5 ms, size +19%)
INFO: Instrumented org.bouncycastle.crypto.CryptoServicePurpose (took 0 ms, size +8%)
INFO: Instrumented org.bouncycastle.crypto.digests.Utils (took 0 ms, size +10%)
INFO: Instrumented org.bouncycastle.crypto.CryptoServiceProperties (took 0 ms, size +0%)
INFO: Instrumented org.bouncycastle.crypto.digests.Utils$DefaultProperties (took 0 ms, size +14%)
INFO: Instrumented org.bouncycastle.crypto.signers.mldsa.PolyVecMatrix (took 0 ms, size +25%)
INFO: Instrumented org.bouncycastle.crypto.signers.mldsa.PolyVec (took 1 ms, size +25%)
INFO: Instrumented org.bouncycastle.crypto.signers.mldsa.Poly (took 6 ms, size +18%)
INFO: Instrumented org.bouncycastle.util.Pack (took 6 ms, size +24%)
INFO: Instrumented org.bouncycastle.crypto.signers.mldsa.Ntt (took 1 ms, size +9%)
INFO: Instrumented org.bouncycastle.crypto.signers.mldsa.Reduce (took 0 ms, size +30%)
INFO: Instrumented org.bouncycastle.crypto.signers.mldsa.Rounding (took 1 ms, size +52%)
INFO: Instrumented org.bouncycastle.crypto.signers.mldsa.Packing (took 2 ms, size +20%)
INFO: Instrumented org.bouncycastle.crypto.AsymmetricCipherKeyPair (took 1 ms, size +13%)
INFO: Instrumented org.bouncycastle.crypto.signers.MLDSASigner (took 3 ms, size +12%)
INFO: Instrumented org.bouncycastle.crypto.Signer (took 0 ms, size +0%)
INFO: Instrumented org.bouncycastle.crypto.DataLengthException (took 0 ms, size +39%)
INFO: Instrumented org.bouncycastle.crypto.RuntimeCryptoException (took 0 ms, size +42%)
INFO: Instrumented org.bouncycastle.crypto.params.ParametersWithContext (took 0 ms, size +23%)
INFO: Instrumented org.bouncycastle.crypto.params.ParametersWithRandom (took 0 ms, size +13%)
INFO: Instrumented org.pqcfuzz.target.TargetKind (took 2 ms, size +12%)
INFO: found LLVMFuzzerCustomMutator (0x12ba23038). Disabling -len_control by default.
INFO: Running with entropic power schedule (0xFF, 100).
INFO: Seed: 3537777968
INFO: Loaded 3 modules   (2048 inline 8-bit counters): 512 [0x75c8024000, 0x75c8024200), 512 [0x75c8024200, 0x75c8024400), 1024 [0x75c8024400, 0x75c8024800), 
INFO: Loaded 3 PC tables (2048 PCs): 512 [0x75cd4c2000,0x75cd4c4000), 512 [0x75cd4c4000,0x75cd4c6000), 1024 [0x75cd168000,0x75cd16c000), 
INFO:        0 files found in <repo>/.cifuzz-corpus/org.pqcfuzz.fuzz.PqcDecodeFuzzTest/mlDsaVerify
INFO:        5 files found in <repo>/target/test-classes/org/pqcfuzz/fuzz/PqcDecodeFuzzTestInputs/mlDsaVerify
INFO:        0 files found in /var/folders/m8/hjsd0821793bcvxlpgdpt23r0000gn/T/jazzer-java-seeds2795758254517338522
INFO: -max_len is not provided; libFuzzer will not generate inputs larger than 4096 bytes
INFO: seed corpus: files: 5 min: 3309b max: 3373b total: 16609b rss: 1006Mb
#6	INITED cov: 249 ft: 293 corp: 4/13300b exec/s: 0 rss: 1006Mb
#18	REDUCE cov: 249 ft: 293 corp: 4/13006b lim: 3373 exec/s: 0 rss: 1006Mb L: 3079/3309 MS: 4 ChangeASCIIInt-Custom-EraseBytes-Custom-
#25	NEW    cov: 249 ft: 294 corp: 5/16315b lim: 3373 exec/s: 0 rss: 1006Mb L: 3309/3309 MS: 4 ChangeASCIIInt-Custom-ChangeByte-Custom-
#61	REDUCE cov: 249 ft: 294 corp: 5/15742b lim: 3373 exec/s: 0 rss: 1006Mb L: 2506/3309 MS: 2 EraseBytes-Custom-
#128	REDUCE cov: 249 ft: 294 corp: 5/15238b lim: 3373 exec/s: 0 rss: 1006Mb L: 2002/3309 MS: 4 CopyPart-Custom-EraseBytes-Custom-
#165	NEW    cov: 251 ft: 313 corp: 6/18Kb lim: 3373 exec/s: 0 rss: 1006Mb L: 3309/3309 MS: 4 ChangeASCIIInt-Custom-ShuffleBytes-Custom-
#184	NEW    cov: 254 ft: 320 corp: 7/21Kb lim: 3373 exec/s: 0 rss: 1006Mb L: 3309/3309 MS: 8 ChangeASCIIInt-Custom-ChangeASCIIInt-Custom-ChangeByte-Custom-CMP-Custom- DE: "\000\000\000\000\000\000\000\000"-
#188	NEW    cov: 255 ft: 322 corp: 8/24Kb lim: 3373 exec/s: 0 rss: 1006Mb L: 3309/3309 MS: 8 ChangeBit-Custom-ChangeBinInt-Custom-ChangeASCIIInt-Custom-CMP-Custom- DE: "\377\377\377\377\377\377\377\377"-
#195	NEW    cov: 255 ft: 323 corp: 9/27Kb lim: 3373 exec/s: 0 rss: 1006Mb L: 3309/3309 MS: 4 ChangeASCIIInt-Custom-ChangeByte-Custom-
#226	REDUCE cov: 255 ft: 323 corp: 9/26Kb lim: 3373 exec/s: 0 rss: 1006Mb L: 1174/3309 MS: 2 EraseBytes-Custom-
#444	NEW    cov: 255 ft: 324 corp: 10/30Kb lim: 3373 exec/s: 0 rss: 1006Mb L: 3309/3309 MS: 6 CopyPart-Custom-ShuffleBytes-Custom-PersAutoDict-Custom- DE: "\000\000\000\000\000\000\000\000"-
#489	REDUCE cov: 255 ft: 324 corp: 10/29Kb lim: 3373 exec/s: 0 rss: 1006Mb L: 642/3309 MS: 10 ChangeBinInt-Custom-ChangeByte-Custom-InsertRepeatedBytes-Custom-ShuffleBytes-Custom-EraseBytes-Custom-
#545	REDUCE cov: 255 ft: 324 corp: 10/29Kb lim: 3373 exec/s: 0 rss: 1006Mb L: 483/3309 MS: 2 EraseBytes-Custom-
#550	NEW    cov: 255 ft: 326 corp: 11/32Kb lim: 3373 exec/s: 0 rss: 1006Mb L: 3309/3309 MS: 10 ChangeBinInt-Custom-ChangeByte-Custom-ChangeBinInt-Custom-ChangeByte-Custom-PersAutoDict-Custom- DE: "\377\377\377\377\377\377\377\377"-
#616	NEW    cov: 255 ft: 329 corp: 12/36Kb lim: 3373 exec/s: 0 rss: 1006Mb L: 3309/3309 MS: 2 CMP-Custom- DE: "\377\377\377\377\377\377\377\377"-
INFO: using inputs from: <repo>/.cifuzz-corpus/org.pqcfuzz.fuzz.PqcDecodeFuzzTest/mlDsaVerify
INFO: using inputs from: <repo>/target/test-classes/org/pqcfuzz/fuzz/PqcDecodeFuzzTestInputs/mlDsaVerify
INFO: using inputs from: /var/folders/m8/hjsd0821793bcvxlpgdpt23r0000gn/T/jazzer-java-seeds2795758254517338522
#868	NEW    cov: 255 ft: 332 corp: 13/39Kb lim: 3373 exec/s: 0 rss: 1006Mb L: 3309/3309 MS: 4 ChangeASCIIInt-Custom-CrossOver-Custom-
#935	NEW    cov: 255 ft: 335 corp: 14/42Kb lim: 3373 exec/s: 0 rss: 1006Mb L: 3309/3309 MS: 4 ChangeBit-Custom-PersAutoDict-Custom- DE: "\377\377\377\377\377\377\377\377"-
#1006	REDUCE cov: 255 ft: 335 corp: 14/42Kb lim: 3373 exec/s: 0 rss: 1006Mb L: 426/3309 MS: 2 EraseBytes-Custom-
#1067	NEW    cov: 255 ft: 336 corp: 15/45Kb lim: 3373 exec/s: 0 rss: 1006Mb L: 3309/3309 MS: 2 CopyPart-Custom-
#1088	NEW    cov: 255 ft: 337 corp: 16/48Kb lim: 3373 exec/s: 0 rss: 1006Mb L: 3309/3309 MS: 2 CrossOver-Custom-
#1243	NEW    cov: 257 ft: 340 corp: 17/52Kb lim: 3373 exec/s: 0 rss: 1006Mb L: 3309/3309 MS: 10 ShuffleBytes-Custom-ChangeByte-Custom-ChangeBinInt-Custom-ChangeBit-Custom-CrossOver-Custom-
#1254	NEW    cov: 257 ft: 341 corp: 18/55Kb lim: 3373 exec/s: 0 rss: 1006Mb L: 3309/3309 MS: 2 CMP-Custom- DE: "\377\377\377\377\377\377\377\377"-
#1349	REDUCE cov: 257 ft: 341 corp: 18/55Kb lim: 3373 exec/s: 0 rss: 1006Mb L: 342/3309 MS: 10 ShuffleBytes-Custom-ChangeByte-Custom-InsertByte-Custom-InsertByte-Custom-EraseBytes-Custom-
#1400	NEW    cov: 257 ft: 342 corp: 19/58Kb lim: 3373 exec/s: 0 rss: 1006Mb L: 3309/3309 MS: 2 PersAutoDict-Custom- DE: "\377\377\377\377\377\377\377\377"-
#1547	NEW    cov: 257 ft: 351 corp: 20/61Kb lim: 3373 exec/s: 0 rss: 1006Mb L: 3309/3309 MS: 4 PersAutoDict-Custom-PersAutoDict-Custom- DE: "\377\377\377\377\377\377\377\377"-"\377\377\377\377\377\377\377\377"-
#1553	REDUCE cov: 257 ft: 351 corp: 20/61Kb lim: 3373 exec/s: 0 rss: 1006Mb L: 249/3309 MS: 2 EraseBytes-Custom-
#1554	NEW    cov: 257 ft: 353 corp: 21/64Kb lim: 3373 exec/s: 0 rss: 1006Mb L: 3309/3309 MS: 2 CopyPart-Custom-
#2010	NEW    cov: 257 ft: 354 corp: 22/68Kb lim: 3373 exec/s: 0 rss: 1006Mb L: 3309/3309 MS: 2 CMP-Custom- DE: "\377\377\377\377\377\377\377\377"-
#2423	REDUCE cov: 257 ft: 354 corp: 22/68Kb lim: 3373 exec/s: 0 rss: 1006Mb L: 228/3309 MS: 6 InsertByte-Custom-PersAutoDict-Custom-EraseBytes-Custom- DE: "\377\377\377\377\377\377\377\377"-
#2539	NEW    cov: 257 ft: 355 corp: 23/71Kb lim: 3373 exec/s: 0 rss: 1006Mb L: 3309/3309 MS: 2 PersAutoDict-Custom- DE: "\377\377\377\377\377\377\377\377"-
#2796	NEW    cov: 257 ft: 356 corp: 24/74Kb lim: 3373 exec/s: 0 rss: 1006Mb L: 3309/3309 MS: 4 ChangeByte-Custom-CopyPart-Custom-
#3522	REDUCE cov: 257 ft: 356 corp: 24/74Kb lim: 3373 exec/s: 0 rss: 1006Mb L: 143/3309 MS: 2 EraseBytes-Custom-
#4181	REDUCE cov: 257 ft: 356 corp: 24/74Kb lim: 3373 exec/s: 0 rss: 1006Mb L: 80/3309 MS: 8 CMP-Custom-ChangeByte-Custom-ChangeBit-Custom-EraseBytes-Custom- DE: "\000\000\000\000\000\000\002\000"-
#4311	NEW    cov: 257 ft: 358 corp: 25/77Kb lim: 3373 exec/s: 0 rss: 1006Mb L: 3309/3309 MS: 10 ChangeBit-Custom-ChangeASCIIInt-Custom-ChangeBinInt-Custom-ShuffleBytes-Custom-CopyPart-Custom-
#4906	NEW    cov: 257 ft: 359 corp: 26/80Kb lim: 3373 exec/s: 0 rss: 1006Mb L: 3309/3309 MS: 10 ChangeByte-Custom-ChangeBinInt-Custom-ChangeBinInt-Custom-ChangeByte-Custom-ChangeBinInt-Custom-
#5343	NEW    cov: 257 ft: 360 corp: 27/84Kb lim: 3373 exec/s: 0 rss: 1006Mb L: 3309/3309 MS: 4 ChangeBinInt-Custom-CMP-Custom- DE: "\001\000\000\014"-
#5435	NEW    cov: 257 ft: 361 corp: 28/87Kb lim: 3373 exec/s: 0 rss: 1006Mb L: 3309/3309 MS: 4 ShuffleBytes-Custom-ShuffleBytes-Custom-
#5674	NEW    cov: 257 ft: 368 corp: 29/90Kb lim: 3373 exec/s: 0 rss: 1006Mb L: 3309/3309 MS: 8 CMP-Custom-ChangeASCIIInt-Custom-ChangeBit-Custom-ChangeBit-Custom- DE: "\001\000\000\000\000\000\000\000"-
#7034	REDUCE cov: 257 ft: 368 corp: 29/90Kb lim: 3384 exec/s: 0 rss: 1007Mb L: 46/3309 MS: 10 PersAutoDict-Custom-ChangeBit-Custom-ChangeBit-Custom-InsertByte-Custom-EraseBytes-Custom- DE: "\001\000\000\014"-
#7947	REDUCE cov: 257 ft: 368 corp: 29/90Kb lim: 3384 exec/s: 0 rss: 1007Mb L: 35/3309 MS: 6 ChangeByte-Custom-InsertByte-Custom-EraseBytes-Custom-
#7996	REDUCE cov: 257 ft: 368 corp: 29/90Kb lim: 3384 exec/s: 0 rss: 1007Mb L: 23/3309 MS: 8 ChangeASCIIInt-Custom-InsertByte-Custom-PersAutoDict-Custom-EraseBytes-Custom- DE: "\377\377\377\377\377\377\377\377"-
#8652	REDUCE cov: 257 ft: 368 corp: 29/90Kb lim: 3384 exec/s: 0 rss: 1007Mb L: 21/3309 MS: 2 EraseBytes-Custom-
#8975	REDUCE cov: 257 ft: 368 corp: 29/90Kb lim: 3384 exec/s: 0 rss: 1007Mb L: 18/3309 MS: 6 ChangeASCIIInt-Custom-ChangeBinInt-Custom-EraseBytes-Custom-
#9705	NEW    cov: 257 ft: 369 corp: 30/93Kb lim: 3384 exec/s: 0 rss: 1007Mb L: 3309/3309 MS: 10 CMP-Custom-ChangeBit-Custom-ChangeByte-Custom-ChangeBinInt-Custom-ChangeByte-Custom- DE: "\000\000\000\000\000\000\000\000"-
#10131	REDUCE cov: 257 ft: 369 corp: 30/93Kb lim: 3384 exec/s: 0 rss: 1007Mb L: 15/3309 MS: 2 EraseBytes-Custom-
#14072	NEW    cov: 257 ft: 370 corp: 31/96Kb lim: 3417 exec/s: 0 rss: 1007Mb L: 3309/3309 MS: 2 ChangeBinInt-Custom-
#14134	NEW    cov: 257 ft: 371 corp: 32/100Kb lim: 3417 exec/s: 0 rss: 1007Mb L: 3309/3309 MS: 4 ChangeBinInt-Custom-ChangeBinInt-Custom-
#16050	REDUCE cov: 257 ft: 371 corp: 32/100Kb lim: 3428 exec/s: 0 rss: 1007Mb L: 13/3309 MS: 2 EraseBytes-Custom-
#16236	REDUCE cov: 257 ft: 371 corp: 32/100Kb lim: 3428 exec/s: 0 rss: 1007Mb L: 8/3309 MS: 2 EraseBytes-Custom-
#16582	NEW    cov: 257 ft: 372 corp: 33/103Kb lim: 3428 exec/s: 0 rss: 1007Mb L: 3309/3309 MS: 2 ChangeBit-Custom-
#16974	REDUCE cov: 257 ft: 372 corp: 33/103Kb lim: 3428 exec/s: 0 rss: 1007Mb L: 5/3309 MS: 4 ShuffleBytes-Custom-EraseBytes-Custom-
#17702	REDUCE cov: 257 ft: 372 corp: 33/103Kb lim: 3428 exec/s: 0 rss: 1007Mb L: 3/3309 MS: 6 ChangeByte-Custom-ShuffleBytes-Custom-EraseBytes-Custom-
#18046	REDUCE cov: 257 ft: 372 corp: 33/103Kb lim: 3428 exec/s: 0 rss: 1007Mb L: 2/3309 MS: 8 ChangeBit-Custom-ChangeByte-Custom-CrossOver-Custom-EraseBytes-Custom-
#26099	REDUCE cov: 257 ft: 372 corp: 33/103Kb lim: 3505 exec/s: 0 rss: 1007Mb L: 1/3309 MS: 6 ChangeByte-Custom-ChangeByte-Custom-EraseBytes-Custom-
#31678	NEW    cov: 257 ft: 373 corp: 34/106Kb lim: 3560 exec/s: 31678 rss: 1007Mb L: 3309/3309 MS: 2 CMP-Custom- DE: "\000\000\000\000\000\000\000\000"-
#36789	NEW    cov: 257 ft: 374 corp: 35/109Kb lim: 3604 exec/s: 36789 rss: 1007Mb L: 3309/3309 MS: 2 PersAutoDict-Custom- DE: "\001\000\000\000\000\000\000\000"-
#42872	NEW    cov: 257 ft: 375 corp: 36/113Kb lim: 3659 exec/s: 42872 rss: 1007Mb L: 3309/3309 MS: 6 ChangeByte-Custom-ChangeBit-Custom-CMP-Custom- DE: "\001\000\000\000\000\000\000\000"-
#65536	pulse  cov: 257 ft: 375 corp: 36/113Kb lim: 3879 exec/s: 32768 rss: 1007Mb
#80850	NEW    cov: 258 ft: 376 corp: 37/116Kb lim: 4033 exec/s: 40425 rss: 1007Mb L: 3309/3309 MS: 6 ChangeByte-Custom-ChangeByte-Custom-ChangeBinInt-Custom-
#131072	pulse  cov: 258 ft: 376 corp: 37/116Kb lim: 4096 exec/s: 32768 rss: 1007Mb
#165281	NEW    cov: 258 ft: 377 corp: 38/119Kb lim: 4096 exec/s: 33056 rss: 1007Mb L: 3309/3309 MS: 2 ShuffleBytes-Custom-
#262144	pulse  cov: 258 ft: 377 corp: 38/119Kb lim: 4096 exec/s: 29127 rss: 1007Mb
#302672	NEW    cov: 258 ft: 378 corp: 39/122Kb lim: 4096 exec/s: 27515 rss: 1008Mb L: 3309/3309 MS: 2 ChangeBit-Custom-
#419676	NEW    cov: 258 ft: 379 corp: 40/126Kb lim: 4096 exec/s: 27978 rss: 1021Mb L: 3309/3309 MS: 8 CrossOver-Custom-ChangeBit-Custom-ChangeBinInt-Custom-ShuffleBytes-Custom-
#474883	NEW    cov: 258 ft: 380 corp: 41/129Kb lim: 4096 exec/s: 27934 rss: 1021Mb L: 3309/3309 MS: 4 ChangeBit-Custom-ChangeBinInt-Custom-
#524288	pulse  cov: 258 ft: 380 corp: 41/129Kb lim: 4096 exec/s: 27594 rss: 1022Mb
#623849	NEW    cov: 258 ft: 381 corp: 42/132Kb lim: 4096 exec/s: 27123 rss: 1022Mb L: 3309/3309 MS: 2 ChangeBinInt-Custom-
#1048576	pulse  cov: 258 ft: 381 corp: 42/132Kb lim: 4096 exec/s: 26214 rss: 1022Mb
#2097152	pulse  cov: 258 ft: 381 corp: 42/132Kb lim: 4096 exec/s: 25266 rss: 1022Mb
#3064574	DONE   cov: 258 ft: 381 corp: 42/132Kb lim: 4096 exec/s: 25327 rss: 1022Mb
[INFO] Tests run: 7, Failures: 0, Errors: 0, Skipped: 0, Time elapsed: 123.4 s -- in org.pqcfuzz.fuzz.PqcDecodeFuzzTest
[INFO] Tests run: 7, Failures: 0, Errors: 0, Skipped: 0
