INFO: Loaded 287 hooks from com.code_intelligence.jazzer.runtime.TraceCmpHooks
INFO: Loaded 5 hooks from com.code_intelligence.jazzer.runtime.TraceDivHooks
INFO: Loaded 2 hooks from com.code_intelligence.jazzer.runtime.TraceIndirHooks
INFO: Loaded 4 hooks from com.code_intelligence.jazzer.runtime.NativeLibHooks
INFO: Loaded 2 hooks from com.code_intelligence.jazzer.sanitizers.ClojureLangHooks
INFO: Loaded 5 hooks from com.code_intelligence.jazzer.sanitizers.Deserialization
INFO: Loaded 5 hooks from com.code_intelligence.jazzer.sanitizers.ExpressionLanguageInjection
INFO: Loaded 70 hooks from com.code_intelligence.jazzer.sanitizers.LdapInjection
INFO: Loaded 46 hooks from com.code_intelligence.jazzer.sanitizers.NamingContextLookup
INFO: Loaded 1 hooks from com.code_intelligence.jazzer.sanitizers.OsCommandInjection
INFO: Loaded 48 hooks from com.code_intelligence.jazzer.sanitizers.ReflectiveCall
INFO: Loaded 8 hooks from com.code_intelligence.jazzer.sanitizers.RegexInjection
INFO: Loaded 16 hooks from com.code_intelligence.jazzer.sanitizers.RegexRoadblocks
INFO: Loaded 12 hooks from com.code_intelligence.jazzer.sanitizers.ScriptEngineInjection
INFO: Loaded 3 hooks from com.code_intelligence.jazzer.sanitizers.ServerSideRequestForgery
INFO: Loaded 19 hooks from com.code_intelligence.jazzer.sanitizers.SqlInjection
INFO: Loaded 6 hooks from com.code_intelligence.jazzer.sanitizers.XPathInjection
INFO: Instrumented org.pqcfuzz.classify.Classifier (took 67 ms, size +26%)
INFO: Instrumented org.pqcfuzz.target.FuzzTarget (took 0 ms, size +12%)
INFO: Instrumented org.pqcfuzz.classify.Outcome (took 2 ms, size +13%)
INFO: Instrumented org.pqcfuzz.fuzz.PqcDecodeFuzzTest (took 8 ms, size +12%)
INFO: Instrumented org.pqcfuzz.target.Targets (took 8 ms, size +19%)
INFO: Instrumented org.pqcfuzz.target.mlkem.MlKem768DecapTarget (took 3 ms, size +13%)
INFO: Instrumented org.pqcfuzz.target.mlkem.MlKem768PublicKeyParseTarget (took 3 ms, size +15%)
INFO: Instrumented org.pqcfuzz.target.mldsa.MlDsa65VerifyTarget (took 4 ms, size +11%)
INFO: Instrumented org.bouncycastle.crypto.CipherParameters (took 0 ms, size +0%)
INFO: Instrumented org.pqcfuzz.target.mldsa.MlDsa65PublicKeyParseTarget (took 1 ms, size +15%)
INFO: Instrumented org.pqcfuzz.target.slhdsa.SlhDsaVerifyTarget (took 2 ms, size +10%)
INFO: Instrumented org.pqcfuzz.target.slhdsa.SlhDsaPublicKeyParseTarget (took 1 ms, size +14%)
INFO: Instrumented org.pqcfuzz.target.mlkem.MlKem768ParseAndEncapsulateTarget (took 1 ms, size +11%)
INFO: Instrumented org.bouncycastle.crypto.params.AsymmetricKeyParameter (took 0 ms, size +32%)
INFO: Instrumented org.bouncycastle.crypto.params.MLKEMPublicKeyParameters (took 1 ms, size +22%)
INFO: Instrumented org.bouncycastle.crypto.params.MLKEMKeyParameters (took 0 ms, size +23%)
INFO: Instrumented org.pqcfuzz.util.DeterministicSecureRandom (took 0 ms, size +24%)
INFO: Instrumented org.pqcfuzz.target.mldsa.MlDsa65ParseAndVerifyTarget (took 2 ms, size +10%)
INFO: Instrumented org.pqcfuzz.target.slhdsa.SlhDsaParseAndVerifyTarget (took 2 ms, size +10%)
INFO: Instrumented org.pqcfuzz.target.jdk.JdkMlKem768DecapTarget (took 1 ms, size +12%)
INFO: Instrumented org.pqcfuzz.target.jdk.JdkMlKem768PublicKeyParseTarget (took 2 ms, size +11%)
INFO: Instrumented org.pqcfuzz.target.jdk.JdkMlDsa65VerifyTarget (took 2 ms, size +10%)
INFO: Instrumented org.pqcfuzz.target.jdk.JdkMlDsa65PublicKeyParseTarget (took 1 ms, size +12%)
INFO: Instrumented org.pqcfuzz.target.jdk.JdkMlKem768ParseAndEncapsulateTarget (took 1 ms, size +9%)
INFO: Instrumented org.pqcfuzz.target.jdk.JdkMlDsa65ParseAndVerifyTarget (took 1 ms, size +9%)
INFO: Instrumented org.pqcfuzz.target.mldsa.MlDsaKeys (took 1 ms, size +7%)
INFO: Instrumented org.bouncycastle.crypto.KeyGenerationParameters (took 0 ms, size +19%)
INFO: Instrumented org.bouncycastle.crypto.params.MLDSAKeyGenerationParameters (took 0 ms, size +20%)
INFO: Instrumented org.bouncycastle.crypto.CryptoException (took 1 ms, size +26%)
INFO: Instrumented org.bouncycastle.crypto.params.MLDSAParameters (took 1 ms, size +22%)
INFO: Instrumented org.bouncycastle.crypto.generators.MLDSAKeyPairGenerator (took 0 ms, size +7%)
INFO: Instrumented org.bouncycastle.crypto.AsymmetricCipherKeyPairGenerator (took 0 ms, size +0%)
INFO: Instrumented org.bouncycastle.crypto.params.MLDSAPrivateKeyParameters (took 2 ms, size +12%)
INFO: Instrumented org.bouncycastle.crypto.params.MLDSAKeyParameters (took 0 ms, size +23%)
INFO: Instrumented org.bouncycastle.crypto.params.MLDSAPublicKeyParameters (took 1 ms, size +18%)
INFO: New number of coverage counters: 1024
INFO: Instrumented org.bouncycastle.crypto.CryptoServicesRegistrar (took 4 ms, size +12%)
INFO: Instrumented org.bouncycastle.crypto.CryptoServicesPermission (took 1 ms, size +72%)
INFO: Instrumented org.bouncycastle.crypto.SecureRandomProvider (took 0 ms, size +0%)
INFO: Instrumented org.bouncycastle.crypto.CryptoServicesConstraints (took 0 ms, size +0%)
INFO: Instrumented org.bouncycastle.crypto.CryptoServicesRegistrar$ThreadLocalSecureRandomProvider (took 1 ms, size +13%)
INFO: Instrumented org.bouncycastle.crypto.CryptoServicesRegistrar$1 (took 0 ms, size +24%)
INFO: Instrumented org.bouncycastle.crypto.params.DSAParameters (took 1 ms, size +66%)
INFO: Instrumented org.bouncycastle.crypto.params.DSAValidationParameters (took 1 ms, size +38%)
INFO: Instrumented org.bouncycastle.util.encoders.Hex (took 3 ms, size +13%)
INFO: Instrumented org.bouncycastle.util.encoders.DecoderException (took 0 ms, size +27%)
INFO: Instrumented org.bouncycastle.util.encoders.EncoderException (took 0 ms, size +27%)
INFO: Instrumented org.bouncycastle.util.encoders.HexEncoder (took 2 ms, size +37%)
INFO: Instrumented org.bouncycastle.util.encoders.Encoder (took 0 ms, size +0%)
INFO: New number of coverage counters: 2048
INFO: Instrumented org.bouncycastle.util.Arrays (took 22 ms, size +34%)
INFO: Instrumented org.bouncycastle.crypto.CryptoServicesRegistrar$Property (took 1 ms, size +10%)
INFO: Instrumented org.bouncycastle.asn1.x9.X9ECParameters (took 2 ms, size +12%)
INFO: Instrumented org.bouncycastle.asn1.x9.X9ObjectIdentifiers (took 0 ms, size +3%)
INFO: Instrumented org.bouncycastle.asn1.ASN1Object (took 1 ms, size +30%)
INFO: Instrumented org.bouncycastle.asn1.ASN1Encodable (took 0 ms, size +0%)
INFO: Instrumented org.bouncycastle.util.Encodable (took 0 ms, size +0%)
INFO: Instrumented org.bouncycastle.crypto.params.DHParameters (took 1 ms, size +39%)
INFO: Instrumented org.bouncycastle.crypto.params.DHValidationParameters (took 0 ms, size +45%)
INFO: Instrumented org.bouncycastle.crypto.signers.mldsa.MLDSAEngine (took 4 ms, size +8%)
INFO: Instrumented org.bouncycastle.crypto.signers.mldsa.Symmetric (took 0 ms, size +18%)
INFO: Instrumented org.bouncycastle.crypto.signers.mldsa.Symmetric$ShakeSymmetric (took 0 ms, size +12%)
INFO: Instrumented org.bouncycastle.crypto.digests.SHAKEDigest (took 2 ms, size +21%)
INFO: Instrumented org.bouncycastle.crypto.Xof (took 0 ms, size +0%)
INFO: Instrumented org.bouncycastle.crypto.ExtendedDigest (took 0 ms, size +0%)
INFO: Instrumented org.bouncycastle.crypto.Digest (took 0 ms, size +0%)
INFO: Instrumented org.bouncycastle.crypto.SavableDigest (took 0 ms, size +0%)
INFO: Instrumented org.bouncycastle.crypto.digests.EncodableDigest (took 0 ms, size +0%)
INFO: Instrumented org.bouncycastle.crypto.EncodableService (took 0 ms, size +0%)
INFO: Instrumented org.bouncycastle.util.Memoable (took 0 ms, size +0%)
INFO: Instrumented org.bouncycastle.crypto.digests.KeccakDigest (took 5 ms, size +19%)
INFO: Instrumented org.bouncycastle.crypto.CryptoServicePurpose (took 0 ms, size +8%)
INFO: Instrumented org.bouncycastle.crypto.digests.Utils (took 0 ms, size +10%)
INFO: Instrumented org.bouncycastle.crypto.CryptoServiceProperties (took 0 ms, size +0%)
INFO: Instrumented org.bouncycastle.crypto.digests.Utils$DefaultProperties (took 0 ms, size +14%)
INFO: Instrumented org.bouncycastle.crypto.signers.mldsa.PolyVecMatrix (took 0 ms, size +25%)
INFO: Instrumented org.bouncycastle.crypto.signers.mldsa.PolyVec (took 1 ms, size +25%)
INFO: Instrumented org.bouncycastle.crypto.signers.mldsa.Poly (took 12 ms, size +18%)
INFO: Instrumented org.bouncycastle.util.Pack (took 7 ms, size +24%)
INFO: Instrumented org.bouncycastle.crypto.signers.mldsa.Ntt (took 1 ms, size +9%)
INFO: Instrumented org.bouncycastle.crypto.signers.mldsa.Reduce (took 0 ms, size +30%)
INFO: Instrumented org.bouncycastle.crypto.signers.mldsa.Rounding (took 2 ms, size +52%)
INFO: Instrumented org.bouncycastle.crypto.signers.mldsa.Packing (took 2 ms, size +20%)
INFO: Instrumented org.bouncycastle.crypto.AsymmetricCipherKeyPair (took 0 ms, size +13%)
INFO: Instrumented org.bouncycastle.crypto.signers.MLDSASigner (took 1 ms, size +12%)
INFO: Instrumented org.bouncycastle.crypto.Signer (took 0 ms, size +0%)
INFO: Instrumented org.bouncycastle.crypto.DataLengthException (took 0 ms, size +39%)
INFO: Instrumented org.bouncycastle.crypto.RuntimeCryptoException (took 0 ms, size +42%)
INFO: Instrumented org.bouncycastle.crypto.params.ParametersWithContext (took 1 ms, size +23%)
INFO: Instrumented org.bouncycastle.crypto.params.ParametersWithRandom (took 1 ms, size +13%)
INFO: Instrumented org.pqcfuzz.target.TargetKind (took 0 ms, size +12%)
INFO: Instrumented org.pqcfuzz.classify.ExpectedRejections (took 0 ms, size +41%)
INFO: found LLVMFuzzerCustomMutator (0x107c7b038). Disabling -len_control by default.
INFO: Running with entropic power schedule (0xFF, 100).
INFO: Seed: 3787384099
INFO: Loaded 3 modules   (2048 inline 8-bit counters): 512 [0x74d1280000, 0x74d1280200), 512 [0x74d1280200, 0x74d1280400), 1024 [0x74d1280400, 0x74d1280800), 
INFO: Loaded 3 PC tables (2048 PCs): 512 [0x74d310e000,0x74d3110000), 512 [0x74d310c000,0x74d310e000), 1024 [0x74d52cc000,0x74d52d0000), 
INFO:        0 files found in <repo>/.cifuzz-corpus/org.pqcfuzz.fuzz.PqcDecodeFuzzTest/mlDsaParseAndVerify
INFO:        5 files found in <repo>/target/test-classes/org/pqcfuzz/fuzz/PqcDecodeFuzzTestInputs/mlDsaParseAndVerify
INFO:        0 files found in /var/folders/m8/hjsd0821793bcvxlpgdpt23r0000gn/T/jazzer-java-seeds16872289068480355958
INFO: -max_len is not provided; libFuzzer will not generate inputs larger than 4096 bytes
INFO: seed corpus: files: 5 min: 1952b max: 2016b total: 9824b rss: 1013Mb
#6	INITED cov: 285 ft: 310 corp: 3/5920b exec/s: 0 rss: 1013Mb
#118	NEW    cov: 285 ft: 311 corp: 4/7872b lim: 2016 exec/s: 0 rss: 1013Mb L: 1952/2016 MS: 4 ChangeBit-Custom-CrossOver-Custom-
#127	REDUCE cov: 285 ft: 311 corp: 4/6722b lim: 2016 exec/s: 0 rss: 1013Mb L: 866/1952 MS: 8 ChangeByte-Custom-ChangeBinInt-Custom-ChangeBinInt-Custom-CrossOver-Custom-
#131	REDUCE cov: 285 ft: 311 corp: 4/6692b lim: 2016 exec/s: 0 rss: 1013Mb L: 836/1952 MS: 8 ShuffleBytes-Custom-ChangeByte-Custom-CMP-Custom-EraseBytes-Custom- DE: "\377\377\377\377\377\377\377\377"-
#193	REDUCE cov: 285 ft: 311 corp: 4/6405b lim: 2016 exec/s: 0 rss: 1013Mb L: 549/1952 MS: 4 PersAutoDict-Custom-EraseBytes-Custom- DE: "\377\377\377\377\377\377\377\377"-
#235	REDUCE cov: 285 ft: 311 corp: 4/6328b lim: 2016 exec/s: 0 rss: 1013Mb L: 472/1952 MS: 4 PersAutoDict-Custom-EraseBytes-Custom- DE: "\377\377\377\377\377\377\377\377"-
#242	REDUCE cov: 285 ft: 311 corp: 4/6291b lim: 2016 exec/s: 0 rss: 1014Mb L: 435/1952 MS: 4 CMP-Custom-EraseBytes-Custom- DE: "\031\000\000\000"-
#283	REDUCE cov: 285 ft: 311 corp: 4/6134b lim: 2016 exec/s: 0 rss: 1014Mb L: 278/1952 MS: 2 EraseBytes-Custom-
INFO: using inputs from: <repo>/.cifuzz-corpus/org.pqcfuzz.fuzz.PqcDecodeFuzzTest/mlDsaParseAndVerify
INFO: using inputs from: <repo>/target/test-classes/org/pqcfuzz/fuzz/PqcDecodeFuzzTestInputs/mlDsaParseAndVerify
INFO: using inputs from: /var/folders/m8/hjsd0821793bcvxlpgdpt23r0000gn/T/jazzer-java-seeds16872289068480355958
#400	REDUCE cov: 285 ft: 311 corp: 4/6114b lim: 2016 exec/s: 0 rss: 1014Mb L: 258/1952 MS: 4 InsertByte-Custom-EraseBytes-Custom-
#413	REDUCE cov: 285 ft: 311 corp: 4/6010b lim: 2016 exec/s: 0 rss: 1014Mb L: 154/1952 MS: 6 ChangeByte-Custom-ShuffleBytes-Custom-EraseBytes-Custom-
#629	REDUCE cov: 285 ft: 311 corp: 4/5999b lim: 2016 exec/s: 0 rss: 1014Mb L: 143/1952 MS: 2 EraseBytes-Custom-
#662	REDUCE cov: 285 ft: 311 corp: 4/5980b lim: 2016 exec/s: 0 rss: 1014Mb L: 124/1952 MS: 6 CrossOver-Custom-PersAutoDict-Custom-EraseBytes-Custom- DE: "\377\377\377\377\377\377\377\377"-
#871	REDUCE cov: 285 ft: 311 corp: 4/5950b lim: 2016 exec/s: 0 rss: 1014Mb L: 94/1952 MS: 8 InsertRepeatedBytes-Custom-CrossOver-Custom-ChangeBit-Custom-EraseBytes-Custom-
#890	REDUCE cov: 285 ft: 311 corp: 4/5932b lim: 2016 exec/s: 0 rss: 1014Mb L: 76/1952 MS: 8 ChangeASCIIInt-Custom-CopyPart-Custom-InsertByte-Custom-EraseBytes-Custom-
#937	REDUCE cov: 285 ft: 311 corp: 4/5920b lim: 2016 exec/s: 0 rss: 1014Mb L: 64/1952 MS: 4 InsertByte-Custom-EraseBytes-Custom-
#994	REDUCE cov: 285 ft: 311 corp: 4/5916b lim: 2016 exec/s: 0 rss: 1014Mb L: 60/1952 MS: 4 InsertByte-Custom-EraseBytes-Custom-
#1040	REDUCE cov: 285 ft: 311 corp: 4/5902b lim: 2016 exec/s: 0 rss: 1014Mb L: 46/1952 MS: 2 EraseBytes-Custom-
#1122	REDUCE cov: 285 ft: 311 corp: 4/5885b lim: 2016 exec/s: 0 rss: 1014Mb L: 29/1952 MS: 4 InsertByte-Custom-EraseBytes-Custom-
#1183	REDUCE cov: 285 ft: 311 corp: 4/5883b lim: 2016 exec/s: 0 rss: 1014Mb L: 27/1952 MS: 2 EraseBytes-Custom-
#1217	REDUCE cov: 285 ft: 311 corp: 4/5872b lim: 2016 exec/s: 0 rss: 1014Mb L: 16/1952 MS: 8 ChangeBit-Custom-CrossOver-Custom-CMP-Custom-EraseBytes-Custom- DE: "\001\000\000\027"-
#1329	REDUCE cov: 285 ft: 311 corp: 4/5864b lim: 2016 exec/s: 0 rss: 1014Mb L: 8/1952 MS: 4 ShuffleBytes-Custom-EraseBytes-Custom-
#1366	REDUCE cov: 285 ft: 311 corp: 4/5860b lim: 2016 exec/s: 0 rss: 1014Mb L: 4/1952 MS: 4 ShuffleBytes-Custom-EraseBytes-Custom-
#1628	REDUCE cov: 285 ft: 311 corp: 4/5858b lim: 2016 exec/s: 0 rss: 1014Mb L: 2/1952 MS: 4 ShuffleBytes-Custom-EraseBytes-Custom-
#1644	REDUCE cov: 285 ft: 311 corp: 4/5857b lim: 2016 exec/s: 0 rss: 1014Mb L: 1/1952 MS: 2 EraseBytes-Custom-
#14229	NEW    cov: 285 ft: 312 corp: 5/7809b lim: 2133 exec/s: 14229 rss: 1014Mb L: 1952/1952 MS: 8 ChangeBit-Custom-ChangeASCIIInt-Custom-ChangeBinInt-Custom-ChangeByte-Custom-
#26051	NEW    cov: 285 ft: 313 corp: 6/9761b lim: 2243 exec/s: 13025 rss: 1014Mb L: 1952/1952 MS: 2 PersAutoDict-Custom- DE: "\031\000\000\000"-
#26593	NEW    cov: 285 ft: 314 corp: 7/11713b lim: 2243 exec/s: 13296 rss: 1014Mb L: 1952/1952 MS: 4 CopyPart-Custom-CrossOver-Custom-
#32768	pulse  cov: 285 ft: 314 corp: 7/11713b lim: 2298 exec/s: 16384 rss: 1014Mb
#54665	NEW    cov: 285 ft: 315 corp: 8/13665b lim: 2518 exec/s: 10933 rss: 1014Mb L: 1952/1952 MS: 4 CrossOver-Custom-CrossOver-Custom-
#65536	pulse  cov: 285 ft: 315 corp: 8/13665b lim: 2617 exec/s: 10922 rss: 1014Mb
#131072	pulse  cov: 285 ft: 315 corp: 8/13665b lim: 3277 exec/s: 10082 rss: 1015Mb
#165891	NEW    cov: 285 ft: 316 corp: 9/15617b lim: 3618 exec/s: 10368 rss: 1015Mb L: 1952/1952 MS: 2 CopyPart-Custom-
#238978	NEW    cov: 285 ft: 317 corp: 10/17Kb lim: 4096 exec/s: 9957 rss: 1040Mb L: 1952/1952 MS: 4 PersAutoDict-Custom-PersAutoDict-Custom- DE: "\031\000\000\000"-"\377\377\377\377\377\377\377\377"-
#241229	NEW    cov: 285 ft: 319 corp: 11/19Kb lim: 4096 exec/s: 10051 rss: 1040Mb L: 1952/1952 MS: 2 PersAutoDict-Custom- DE: "\001\000\000\027"-
#243255	NEW    cov: 285 ft: 320 corp: 12/20Kb lim: 4096 exec/s: 10135 rss: 1040Mb L: 1952/1952 MS: 2 ShuffleBytes-Custom-
#262144	pulse  cov: 285 ft: 320 corp: 12/20Kb lim: 4096 exec/s: 10082 rss: 1040Mb
#264880	NEW    cov: 285 ft: 321 corp: 13/22Kb lim: 4096 exec/s: 10187 rss: 1040Mb L: 1952/1952 MS: 10 ChangeByte-Custom-ChangeByte-Custom-ChangeBit-Custom-ChangeASCIIInt-Custom-PersAutoDict-Custom- DE: "\001\000\000\027"-
#524288	pulse  cov: 285 ft: 321 corp: 13/22Kb lim: 4096 exec/s: 10082 rss: 1040Mb
#1048576	pulse  cov: 285 ft: 321 corp: 13/22Kb lim: 4096 exec/s: 9986 rss: 1040Mb
#1134401	NEW    cov: 285 ft: 322 corp: 14/24Kb lim: 4096 exec/s: 9950 rss: 1040Mb L: 1952/1952 MS: 2 ChangeByte-Custom-
#1139628	NEW    cov: 285 ft: 324 corp: 15/26Kb lim: 4096 exec/s: 9909 rss: 1040Mb L: 1952/1952 MS: 4 ChangeBinInt-Custom-ChangeByte-Custom-
#1141640	NEW    cov: 285 ft: 325 corp: 16/28Kb lim: 4096 exec/s: 9927 rss: 1040Mb L: 1952/1952 MS: 4 ChangeBit-Custom-ChangeBinInt-Custom-
#1196920	DONE   cov: 285 ft: 325 corp: 16/28Kb lim: 4096 exec/s: 9891 rss: 1040Mb
[INFO] Tests run: 7, Failures: 0, Errors: 0, Skipped: 0, Time elapsed: 123.4 s -- in org.pqcfuzz.fuzz.PqcDecodeFuzzTest
[INFO] Tests run: 7, Failures: 0, Errors: 0, Skipped: 0
