INFO: Loaded 287 hooks from com.code_intelligence.jazzer.runtime.TraceCmpHooks
INFO: Loaded 5 hooks from com.code_intelligence.jazzer.runtime.TraceDivHooks
INFO: Loaded 2 hooks from com.code_intelligence.jazzer.runtime.TraceIndirHooks
INFO: Loaded 4 hooks from com.code_intelligence.jazzer.runtime.NativeLibHooks
INFO: Loaded 2 hooks from com.code_intelligence.jazzer.sanitizers.ClojureLangHooks
INFO: Loaded 5 hooks from com.code_intelligence.jazzer.sanitizers.Deserialization
INFO: Loaded 5 hooks from com.code_intelligence.jazzer.sanitizers.ExpressionLanguageInjection
INFO: Loaded 70 hooks from com.code_intelligence.jazzer.sanitizers.LdapInjection
INFO: Loaded 46 hooks from com.code_intelligence.jazzer.sanitizers.NamingContextLookup
INFO: Loaded 1 hooks from com.code_intelligence.jazzer.sanitizers.OsCommandInjection
INFO: Loaded 48 hooks from com.code_intelligence.jazzer.sanitizers.ReflectiveCall
INFO: Loaded 8 hooks from com.code_intelligence.jazzer.sanitizers.RegexInjection
INFO: Loaded 16 hooks from com.code_intelligence.jazzer.sanitizers.RegexRoadblocks
INFO: Loaded 12 hooks from com.code_intelligence.jazzer.sanitizers.ScriptEngineInjection
INFO: Loaded 3 hooks from com.code_intelligence.jazzer.sanitizers.ServerSideRequestForgery
INFO: Loaded 19 hooks from com.code_intelligence.jazzer.sanitizers.SqlInjection
INFO: Loaded 6 hooks from com.code_intelligence.jazzer.sanitizers.XPathInjection
INFO: Instrumented org.pqcfuzz.classify.Classifier (took 71 ms, size +26%)
INFO: Instrumented org.pqcfuzz.target.FuzzTarget (took 1 ms, size +12%)
INFO: Instrumented org.pqcfuzz.classify.Outcome (took 3 ms, size +13%)
INFO: Instrumented org.pqcfuzz.fuzz.PqcDecodeFuzzTest (took 10 ms, size +12%)
INFO: Instrumented org.pqcfuzz.target.Targets (took 10 ms, size +19%)
INFO: Instrumented org.pqcfuzz.target.mlkem.MlKem768DecapTarget (took 2 ms, size +13%)
INFO: Instrumented org.pqcfuzz.target.mlkem.MlKem768PublicKeyParseTarget (took 1 ms, size +15%)
INFO: Instrumented org.pqcfuzz.target.mldsa.MlDsa65VerifyTarget (took 2 ms, size +11%)
INFO: Instrumented org.bouncycastle.crypto.CipherParameters (took 0 ms, size +0%)
INFO: Instrumented org.pqcfuzz.target.mldsa.MlDsa65PublicKeyParseTarget (took 2 ms, size +15%)
INFO: Instrumented org.pqcfuzz.target.slhdsa.SlhDsaVerifyTarget (took 1 ms, size +10%)
INFO: Instrumented org.pqcfuzz.target.slhdsa.SlhDsaPublicKeyParseTarget (took 1 ms, size +14%)
INFO: Instrumented org.pqcfuzz.target.mlkem.MlKem768ParseAndEncapsulateTarget (took 3 ms, size +11%)
INFO: Instrumented org.bouncycastle.crypto.params.AsymmetricKeyParameter (took 0 ms, size +32%)
INFO: Instrumented org.bouncycastle.crypto.params.MLKEMPublicKeyParameters (took 1 ms, size +22%)
INFO: Instrumented org.bouncycastle.crypto.params.MLKEMKeyParameters (took 0 ms, size +23%)
INFO: Instrumented org.pqcfuzz.util.DeterministicSecureRandom (took 1 ms, size +24%)
INFO: Instrumented org.pqcfuzz.target.mldsa.MlDsa65ParseAndVerifyTarget (took 2 ms, size +10%)
INFO: Instrumented org.pqcfuzz.target.slhdsa.SlhDsaParseAndVerifyTarget (took 1 ms, size +10%)
INFO: Instrumented org.pqcfuzz.target.jdk.JdkMlKem768DecapTarget (took 1 ms, size +12%)
INFO: Instrumented org.pqcfuzz.target.jdk.JdkMlKem768PublicKeyParseTarget (took 1 ms, size +11%)
INFO: Instrumented org.pqcfuzz.target.jdk.JdkMlDsa65VerifyTarget (took 3 ms, size +10%)
INFO: Instrumented org.pqcfuzz.target.jdk.JdkMlDsa65PublicKeyParseTarget (took 1 ms, size +12%)
INFO: Instrumented org.pqcfuzz.target.jdk.JdkMlKem768ParseAndEncapsulateTarget (took 2 ms, size +9%)
INFO: Instrumented org.pqcfuzz.target.jdk.JdkMlDsa65ParseAndVerifyTarget (took 2 ms, size +9%)
INFO: Instrumented org.pqcfuzz.target.mldsa.MlDsaKeys (took 0 ms, size +7%)
INFO: Instrumented org.bouncycastle.crypto.KeyGenerationParameters (took 0 ms, size +19%)
INFO: Instrumented org.bouncycastle.crypto.params.MLDSAKeyGenerationParameters (took 0 ms, size +20%)
INFO: Instrumented org.bouncycastle.crypto.CryptoException (took 0 ms, size +26%)
INFO: Instrumented org.bouncycastle.crypto.params.MLDSAParameters (took 1 ms, size +22%)
INFO: Instrumented org.bouncycastle.crypto.generators.MLDSAKeyPairGenerator (took 1 ms, size +7%)
INFO: Instrumented org.bouncycastle.crypto.AsymmetricCipherKeyPairGenerator (took 0 ms, size +0%)
INFO: Instrumented org.bouncycastle.crypto.params.MLDSAPrivateKeyParameters (took 7 ms, size +12%)
INFO: Instrumented org.bouncycastle.crypto.params.MLDSAKeyParameters (took 0 ms, size +23%)
INFO: Instrumented org.bouncycastle.crypto.params.MLDSAPublicKeyParameters (took 1 ms, size +18%)
INFO: New number of coverage counters: 1024
INFO: Instrumented org.bouncycastle.crypto.CryptoServicesRegistrar (took 4 ms, size +12%)
INFO: Instrumented org.bouncycastle.crypto.CryptoServicesPermission (took 1 ms, size +72%)
INFO: Instrumented org.bouncycastle.crypto.SecureRandomProvider (took 0 ms, size +0%)
INFO: Instrumented org.bouncycastle.crypto.CryptoServicesConstraints (took 0 ms, size +0%)
INFO: Instrumented org.bouncycastle.crypto.CryptoServicesRegistrar$ThreadLocalSecureRandomProvider (took 0 ms, size +13%)
INFO: Instrumented org.bouncycastle.crypto.CryptoServicesRegistrar$1 (took 0 ms, size +24%)
INFO: Instrumented org.bouncycastle.crypto.params.DSAParameters (took 1 ms, size +66%)
INFO: Instrumented org.bouncycastle.crypto.params.DSAValidationParameters (took 1 ms, size +38%)
INFO: Instrumented org.bouncycastle.util.encoders.Hex (took 2 ms, size +13%)
INFO: Instrumented org.bouncycastle.util.encoders.DecoderException (took 0 ms, size +27%)
INFO: Instrumented org.bouncycastle.util.encoders.EncoderException (took 0 ms, size +27%)
INFO: Instrumented org.bouncycastle.util.encoders.HexEncoder (took 2 ms, size +37%)
INFO: Instrumented org.bouncycastle.util.encoders.Encoder (took 0 ms, size +0%)
INFO: New number of coverage counters: 2048
INFO: Instrumented org.bouncycastle.util.Arrays (took 19 ms, size +34%)
INFO: Instrumented org.bouncycastle.crypto.CryptoServicesRegistrar$Property (took 1 ms, size +10%)
INFO: Instrumented org.bouncycastle.asn1.x9.X9ECParameters (took 5 ms, size +12%)
INFO: Instrumented org.bouncycastle.asn1.x9.X9ObjectIdentifiers (took 2 ms, size +3%)
INFO: Instrumented org.bouncycastle.asn1.ASN1Object (took 1 ms, size +30%)
INFO: Instrumented org.bouncycastle.asn1.ASN1Encodable (took 0 ms, size +0%)
INFO: Instrumented org.bouncycastle.util.Encodable (took 0 ms, size +0%)
INFO: Instrumented org.bouncycastle.crypto.params.DHParameters (took 2 ms, size +39%)
INFO: Instrumented org.bouncycastle.crypto.params.DHValidationParameters (took 0 ms, size +45%)
INFO: Instrumented org.bouncycastle.crypto.signers.mldsa.MLDSAEngine (took 4 ms, size +8%)
INFO: Instrumented org.bouncycastle.crypto.signers.mldsa.Symmetric (took 0 ms, size +18%)
INFO: Instrumented org.bouncycastle.crypto.signers.mldsa.Symmetric$ShakeSymmetric (took 0 ms, size +12%)
INFO: Instrumented org.bouncycastle.crypto.digests.SHAKEDigest (took 3 ms, size +21%)
INFO: Instrumented org.bouncycastle.crypto.Xof (took 0 ms, size +0%)
INFO: Instrumented org.bouncycastle.crypto.ExtendedDigest (took 0 ms, size +0%)
INFO: Instrumented org.bouncycastle.crypto.Digest (took 0 ms, size +0%)
INFO: Instrumented org.bouncycastle.crypto.SavableDigest (took 0 ms, size +0%)
INFO: Instrumented org.bouncycastle.crypto.digests.EncodableDigest (took 0 ms, size +0%)
INFO: Instrumented org.bouncycastle.crypto.EncodableService (took 0 ms, size +0%)
INFO: Instrumented org.bouncycastle.util.Memoable (took 0 ms, size +0%)
INFO: Instrumented org.bouncycastle.crypto.digests.KeccakDigest (took 5 ms, size +19%)
INFO: Instrumented org.bouncycastle.crypto.CryptoServicePurpose (took 0 ms, size +8%)
INFO: Instrumented org.bouncycastle.crypto.digests.Utils (took 0 ms, size +10%)
INFO: Instrumented org.bouncycastle.crypto.CryptoServiceProperties (took 0 ms, size +0%)
INFO: Instrumented org.bouncycastle.crypto.digests.Utils$DefaultProperties (took 0 ms, size +14%)
INFO: Instrumented org.bouncycastle.crypto.signers.mldsa.PolyVecMatrix (took 0 ms, size +25%)
INFO: Instrumented org.bouncycastle.crypto.signers.mldsa.PolyVec (took 4 ms, size +25%)
INFO: Instrumented org.bouncycastle.crypto.signers.mldsa.Poly (took 13 ms, size +18%)
INFO: Instrumented org.bouncycastle.util.Pack (took 10 ms, size +24%)
INFO: Instrumented org.bouncycastle.crypto.signers.mldsa.Ntt (took 2 ms, size +9%)
INFO: Instrumented org.bouncycastle.crypto.signers.mldsa.Reduce (took 0 ms, size +30%)
INFO: Instrumented org.bouncycastle.crypto.signers.mldsa.Rounding (took 0 ms, size +52%)
INFO: Instrumented org.bouncycastle.crypto.signers.mldsa.Packing (took 1 ms, size +20%)
INFO: Instrumented org.bouncycastle.crypto.AsymmetricCipherKeyPair (took 0 ms, size +13%)
INFO: Instrumented org.bouncycastle.crypto.signers.MLDSASigner (took 1 ms, size +12%)
INFO: Instrumented org.bouncycastle.crypto.Signer (took 0 ms, size +0%)
INFO: Instrumented org.bouncycastle.crypto.DataLengthException (took 0 ms, size +39%)
INFO: Instrumented org.bouncycastle.crypto.RuntimeCryptoException (took 0 ms, size +42%)
INFO: Instrumented org.bouncycastle.crypto.params.ParametersWithContext (took 0 ms, size +23%)
INFO: Instrumented org.bouncycastle.crypto.params.ParametersWithRandom (took 0 ms, size +13%)
INFO: Instrumented org.pqcfuzz.target.TargetKind (took 0 ms, size +12%)
INFO: Instrumented org.pqcfuzz.classify.ExpectedRejections (took 0 ms, size +41%)
INFO: found LLVMFuzzerCustomMutator (0x107e07038). Disabling -len_control by default.
INFO: Running with entropic power schedule (0xFF, 100).
INFO: Seed: 1743095503
INFO: Loaded 3 modules   (2048 inline 8-bit counters): 512 [0x77e46fc000, 0x77e46fc200), 512 [0x77e46fc200, 0x77e46fc400), 1024 [0x77e46fc400, 0x77e46fc800), 
INFO: Loaded 3 PC tables (2048 PCs): 512 [0x10369c7e0,0x10369e7e0), 512 [0x77e7dec000,0x77e7dee000), 1024 [0x77e7e10000,0x77e7e14000), 
INFO:        0 files found in <repo>/.cifuzz-corpus/org.pqcfuzz.fuzz.PqcDecodeFuzzTest/mlDsaParseAndVerify
INFO:        5 files found in <repo>/target/test-classes/org/pqcfuzz/fuzz/PqcDecodeFuzzTestInputs/mlDsaParseAndVerify
INFO:        0 files found in /var/folders/m8/hjsd0821793bcvxlpgdpt23r0000gn/T/jazzer-java-seeds5117587352771393262
INFO: -max_len is not provided; libFuzzer will not generate inputs larger than 4096 bytes
INFO: seed corpus: files: 5 min: 1952b max: 2016b total: 9824b rss: 1267Mb
#6	INITED cov: 285 ft: 310 corp: 4/7872b exec/s: 0 rss: 1267Mb
#20	REDUCE cov: 285 ft: 310 corp: 4/7530b lim: 2016 exec/s: 0 rss: 1267Mb L: 1674/1952 MS: 8 ChangeBit-Custom-ChangeASCIIInt-Custom-ChangeBinInt-Custom-EraseBytes-Custom-
#65	REDUCE cov: 285 ft: 310 corp: 4/6658b lim: 2016 exec/s: 0 rss: 1267Mb L: 802/1952 MS: 10 CrossOver-Custom-ChangeBit-Custom-InsertRepeatedBytes-Custom-InsertRepeatedBytes-Custom-CrossOver-Custom-
#68	REDUCE cov: 285 ft: 310 corp: 4/6297b lim: 2016 exec/s: 0 rss: 1267Mb L: 441/1952 MS: 6 ChangeASCIIInt-Custom-InsertRepeatedBytes-Custom-EraseBytes-Custom-
#119	REDUCE cov: 285 ft: 310 corp: 4/6282b lim: 2016 exec/s: 0 rss: 1267Mb L: 426/1952 MS: 2 EraseBytes-Custom-
#150	REDUCE cov: 285 ft: 310 corp: 4/6176b lim: 2016 exec/s: 0 rss: 1267Mb L: 320/1952 MS: 2 EraseBytes-Custom-
#171	REDUCE cov: 285 ft: 310 corp: 4/6164b lim: 2016 exec/s: 0 rss: 1267Mb L: 308/1952 MS: 2 EraseBytes-Custom-
#178	NEW    cov: 285 ft: 311 corp: 5/8116b lim: 2016 exec/s: 0 rss: 1267Mb L: 1952/1952 MS: 4 ChangeBit-Custom-CopyPart-Custom-
#228	REDUCE cov: 285 ft: 311 corp: 5/8041b lim: 2016 exec/s: 0 rss: 1267Mb L: 233/1952 MS: 10 ChangeASCIIInt-Custom-CopyPart-Custom-ChangeBit-Custom-ChangeBinInt-Custom-EraseBytes-Custom-
#435	REDUCE cov: 285 ft: 311 corp: 5/7962b lim: 2016 exec/s: 0 rss: 1267Mb L: 154/1952 MS: 4 CMP-Custom-EraseBytes-Custom- DE: "\000\000\000\000\000\000\000\000"-
#437	REDUCE cov: 285 ft: 311 corp: 5/7932b lim: 2016 exec/s: 0 rss: 1267Mb L: 124/1952 MS: 4 InsertByte-Custom-EraseBytes-Custom-
INFO: using inputs from: <repo>/.cifuzz-corpus/org.pqcfuzz.fuzz.PqcDecodeFuzzTest/mlDsaParseAndVerify
INFO: using inputs from: <repo>/target/test-classes/org/pqcfuzz/fuzz/PqcDecodeFuzzTestInputs/mlDsaParseAndVerify
INFO: using inputs from: /var/folders/m8/hjsd0821793bcvxlpgdpt23r0000gn/T/jazzer-java-seeds5117587352771393262
#878	REDUCE cov: 285 ft: 311 corp: 5/7883b lim: 2016 exec/s: 0 rss: 1267Mb L: 75/1952 MS: 2 EraseBytes-Custom-
#1003	REDUCE cov: 285 ft: 311 corp: 5/7868b lim: 2016 exec/s: 0 rss: 1267Mb L: 60/1952 MS: 10 ChangeByte-Custom-ChangeBit-Custom-InsertRepeatedBytes-Custom-PersAutoDict-Custom-EraseBytes-Custom- DE: "\000\000\000\000\000\000\000\000"-
#1109	REDUCE cov: 285 ft: 311 corp: 5/7841b lim: 2016 exec/s: 0 rss: 1267Mb L: 33/1952 MS: 2 EraseBytes-Custom-
#1215	REDUCE cov: 285 ft: 311 corp: 5/7831b lim: 2016 exec/s: 0 rss: 1267Mb L: 23/1952 MS: 2 EraseBytes-Custom-
#1226	REDUCE cov: 285 ft: 311 corp: 5/7822b lim: 2016 exec/s: 0 rss: 1267Mb L: 14/1952 MS: 2 EraseBytes-Custom-
#1253	REDUCE cov: 285 ft: 311 corp: 5/7815b lim: 2016 exec/s: 0 rss: 1267Mb L: 7/1952 MS: 4 CrossOver-Custom-EraseBytes-Custom-
#1334	REDUCE cov: 285 ft: 311 corp: 5/7814b lim: 2016 exec/s: 0 rss: 1267Mb L: 6/1952 MS: 2 EraseBytes-Custom-
#1346	REDUCE cov: 285 ft: 311 corp: 5/7813b lim: 2016 exec/s: 0 rss: 1267Mb L: 5/1952 MS: 4 InsertByte-Custom-EraseBytes-Custom-
#1434	REDUCE cov: 285 ft: 311 corp: 5/7812b lim: 2016 exec/s: 0 rss: 1267Mb L: 4/1952 MS: 6 ChangeBit-Custom-ChangeByte-Custom-EraseBytes-Custom-
#1596	REDUCE cov: 285 ft: 311 corp: 5/7811b lim: 2016 exec/s: 0 rss: 1267Mb L: 3/1952 MS: 4 ChangeBinInt-Custom-EraseBytes-Custom-
#1812	REDUCE cov: 285 ft: 311 corp: 5/7810b lim: 2016 exec/s: 0 rss: 1267Mb L: 2/1952 MS: 2 EraseBytes-Custom-
#1910	REDUCE cov: 285 ft: 311 corp: 5/7809b lim: 2016 exec/s: 0 rss: 1267Mb L: 1/1952 MS: 6 CrossOver-Custom-ShuffleBytes-Custom-EraseBytes-Custom-
#12411	NEW    cov: 285 ft: 312 corp: 6/9761b lim: 2111 exec/s: 12411 rss: 1267Mb L: 1952/1952 MS: 2 CrossOver-Custom-
#14577	NEW    cov: 285 ft: 313 corp: 7/11713b lim: 2122 exec/s: 14577 rss: 1267Mb L: 1952/1952 MS: 2 CopyPart-Custom-
#24298	NEW    cov: 285 ft: 314 corp: 8/13665b lim: 2210 exec/s: 12149 rss: 1267Mb L: 1952/1952 MS: 2 CopyPart-Custom-
#32768	pulse  cov: 285 ft: 314 corp: 8/13665b lim: 2287 exec/s: 10922 rss: 1267Mb
#65536	pulse  cov: 285 ft: 314 corp: 8/13665b lim: 2617 exec/s: 9362 rss: 1267Mb
#127910	NEW    cov: 285 ft: 315 corp: 9/15617b lim: 3233 exec/s: 9136 rss: 1267Mb L: 1952/1952 MS: 4 CMP-Custom-ChangeByte-Custom- DE: "\001\000\000\000\000\000\000\000"-
#131072	pulse  cov: 285 ft: 315 corp: 9/15617b lim: 3255 exec/s: 9362 rss: 1267Mb
#216413	NEW    cov: 285 ft: 316 corp: 10/17Kb lim: 4096 exec/s: 9409 rss: 1267Mb L: 1952/1952 MS: 6 ChangeBinInt-Custom-CopyPart-Custom-CrossOver-Custom-
#253854	NEW    cov: 285 ft: 317 corp: 11/19Kb lim: 4096 exec/s: 9402 rss: 1267Mb L: 1952/1952 MS: 2 ChangeBinInt-Custom-
#262144	pulse  cov: 285 ft: 317 corp: 11/19Kb lim: 4096 exec/s: 9362 rss: 1267Mb
#524288	pulse  cov: 285 ft: 317 corp: 11/19Kb lim: 4096 exec/s: 9362 rss: 1267Mb
#544357	NEW    cov: 285 ft: 318 corp: 12/20Kb lim: 4096 exec/s: 9385 rss: 1267Mb L: 1952/1952 MS: 6 ChangeASCIIInt-Custom-PersAutoDict-Custom-ChangeBit-Custom- DE: "\001\000\000\000\000\000\000\000"-
#545038	NEW    cov: 285 ft: 320 corp: 13/22Kb lim: 4096 exec/s: 9397 rss: 1267Mb L: 1952/1952 MS: 2 PersAutoDict-Custom- DE: "\000\000\000\000\000\000\000\000"-
#551944	NEW    cov: 285 ft: 321 corp: 14/24Kb lim: 4096 exec/s: 9354 rss: 1267Mb L: 1952/1952 MS: 2 ChangeBinInt-Custom-
#1048576	pulse  cov: 285 ft: 321 corp: 14/24Kb lim: 4096 exec/s: 9619 rss: 1267Mb
#1160244	DONE   cov: 285 ft: 321 corp: 14/24Kb lim: 4096 exec/s: 9588 rss: 1267Mb
[INFO] Tests run: 7, Failures: 0, Errors: 0, Skipped: 0, Time elapsed: 123.4 s -- in org.pqcfuzz.fuzz.PqcDecodeFuzzTest
[INFO] Tests run: 7, Failures: 0, Errors: 0, Skipped: 0
