INFO: Loaded 287 hooks from com.code_intelligence.jazzer.runtime.TraceCmpHooks
INFO: Loaded 5 hooks from com.code_intelligence.jazzer.runtime.TraceDivHooks
INFO: Loaded 2 hooks from com.code_intelligence.jazzer.runtime.TraceIndirHooks
INFO: Loaded 4 hooks from com.code_intelligence.jazzer.runtime.NativeLibHooks
INFO: Loaded 2 hooks from com.code_intelligence.jazzer.sanitizers.ClojureLangHooks
INFO: Loaded 5 hooks from com.code_intelligence.jazzer.sanitizers.Deserialization
INFO: Loaded 5 hooks from com.code_intelligence.jazzer.sanitizers.ExpressionLanguageInjection
INFO: Loaded 70 hooks from com.code_intelligence.jazzer.sanitizers.LdapInjection
INFO: Loaded 46 hooks from com.code_intelligence.jazzer.sanitizers.NamingContextLookup
INFO: Loaded 1 hooks from com.code_intelligence.jazzer.sanitizers.OsCommandInjection
INFO: Loaded 48 hooks from com.code_intelligence.jazzer.sanitizers.ReflectiveCall
INFO: Loaded 8 hooks from com.code_intelligence.jazzer.sanitizers.RegexInjection
INFO: Loaded 16 hooks from com.code_intelligence.jazzer.sanitizers.RegexRoadblocks
INFO: Loaded 12 hooks from com.code_intelligence.jazzer.sanitizers.ScriptEngineInjection
INFO: Loaded 3 hooks from com.code_intelligence.jazzer.sanitizers.ServerSideRequestForgery
INFO: Loaded 19 hooks from com.code_intelligence.jazzer.sanitizers.SqlInjection
INFO: Loaded 6 hooks from com.code_intelligence.jazzer.sanitizers.XPathInjection
INFO: Instrumented org.pqcfuzz.classify.Classifier (took 64 ms, size +26%)
INFO: Instrumented org.pqcfuzz.target.FuzzTarget (took 0 ms, size +12%)
INFO: Instrumented org.pqcfuzz.classify.Outcome (took 2 ms, size +13%)
INFO: Instrumented org.pqcfuzz.fuzz.PqcDecodeFuzzTest (took 8 ms, size +12%)
INFO: Instrumented org.pqcfuzz.target.Targets (took 11 ms, size +19%)
INFO: Instrumented org.pqcfuzz.target.mlkem.MlKem768DecapTarget (took 2 ms, size +13%)
INFO: Instrumented org.pqcfuzz.target.mlkem.MlKem768PublicKeyParseTarget (took 2 ms, size +15%)
INFO: Instrumented org.pqcfuzz.target.mldsa.MlDsa65VerifyTarget (took 3 ms, size +11%)
INFO: Instrumented org.bouncycastle.crypto.CipherParameters (took 0 ms, size +0%)
INFO: Instrumented org.pqcfuzz.target.mldsa.MlDsa65PublicKeyParseTarget (took 2 ms, size +15%)
INFO: Instrumented org.pqcfuzz.target.slhdsa.SlhDsaVerifyTarget (took 1 ms, size +10%)
INFO: Instrumented org.pqcfuzz.target.slhdsa.SlhDsaPublicKeyParseTarget (took 2 ms, size +14%)
INFO: Instrumented org.pqcfuzz.target.mlkem.MlKem768ParseAndEncapsulateTarget (took 1 ms, size +11%)
INFO: Instrumented org.bouncycastle.crypto.params.AsymmetricKeyParameter (took 0 ms, size +32%)
INFO: Instrumented org.bouncycastle.crypto.params.MLKEMPublicKeyParameters (took 2 ms, size +22%)
INFO: Instrumented org.bouncycastle.crypto.params.MLKEMKeyParameters (took 1 ms, size +23%)
INFO: Instrumented org.pqcfuzz.util.DeterministicSecureRandom (took 1 ms, size +24%)
INFO: Instrumented org.pqcfuzz.target.mldsa.MlDsa65ParseAndVerifyTarget (took 1 ms, size +10%)
INFO: Instrumented org.pqcfuzz.target.slhdsa.SlhDsaParseAndVerifyTarget (took 1 ms, size +10%)
INFO: Instrumented org.pqcfuzz.target.jdk.JdkMlKem768DecapTarget (took 2 ms, size +12%)
INFO: Instrumented org.pqcfuzz.target.jdk.JdkMlKem768PublicKeyParseTarget (took 1 ms, size +11%)
INFO: Instrumented org.pqcfuzz.target.jdk.JdkMlDsa65VerifyTarget (took 3 ms, size +10%)
INFO: Instrumented org.pqcfuzz.target.jdk.JdkMlDsa65PublicKeyParseTarget (took 2 ms, size +12%)
INFO: Instrumented org.pqcfuzz.target.jdk.JdkMlKem768ParseAndEncapsulateTarget (took 1 ms, size +9%)
INFO: Instrumented org.pqcfuzz.target.jdk.JdkMlDsa65ParseAndVerifyTarget (took 1 ms, size +9%)
INFO: Instrumented org.pqcfuzz.target.mldsa.MlDsaKeys (took 0 ms, size +7%)
INFO: Instrumented org.bouncycastle.crypto.KeyGenerationParameters (took 0 ms, size +19%)
INFO: Instrumented org.bouncycastle.crypto.params.MLDSAKeyGenerationParameters (took 0 ms, size +20%)
INFO: Instrumented org.bouncycastle.crypto.CryptoException (took 0 ms, size +26%)
INFO: Instrumented org.bouncycastle.crypto.params.MLDSAParameters (took 1 ms, size +22%)
INFO: Instrumented org.bouncycastle.crypto.generators.MLDSAKeyPairGenerator (took 1 ms, size +7%)
INFO: Instrumented org.bouncycastle.crypto.AsymmetricCipherKeyPairGenerator (took 0 ms, size +0%)
INFO: Instrumented org.bouncycastle.crypto.params.MLDSAPrivateKeyParameters (took 3 ms, size +12%)
INFO: Instrumented org.bouncycastle.crypto.params.MLDSAKeyParameters (took 0 ms, size +23%)
INFO: Instrumented org.bouncycastle.crypto.params.MLDSAPublicKeyParameters (took 1 ms, size +18%)
INFO: New number of coverage counters: 1024
INFO: Instrumented org.bouncycastle.crypto.CryptoServicesRegistrar (took 4 ms, size +12%)
INFO: Instrumented org.bouncycastle.crypto.CryptoServicesPermission (took 1 ms, size +72%)
INFO: Instrumented org.bouncycastle.crypto.SecureRandomProvider (took 0 ms, size +0%)
INFO: Instrumented org.bouncycastle.crypto.CryptoServicesConstraints (took 0 ms, size +0%)
INFO: Instrumented org.bouncycastle.crypto.CryptoServicesRegistrar$ThreadLocalSecureRandomProvider (took 1 ms, size +13%)
INFO: Instrumented org.bouncycastle.crypto.CryptoServicesRegistrar$1 (took 0 ms, size +24%)
INFO: Instrumented org.bouncycastle.crypto.params.DSAParameters (took 1 ms, size +66%)
INFO: Instrumented org.bouncycastle.crypto.params.DSAValidationParameters (took 0 ms, size +38%)
INFO: Instrumented org.bouncycastle.util.encoders.Hex (took 1 ms, size +13%)
INFO: Instrumented org.bouncycastle.util.encoders.DecoderException (took 0 ms, size +27%)
INFO: Instrumented org.bouncycastle.util.encoders.EncoderException (took 0 ms, size +27%)
INFO: Instrumented org.bouncycastle.util.encoders.HexEncoder (took 2 ms, size +37%)
INFO: Instrumented org.bouncycastle.util.encoders.Encoder (took 0 ms, size +0%)
INFO: New number of coverage counters: 2048
INFO: Instrumented org.bouncycastle.util.Arrays (took 15 ms, size +34%)
INFO: Instrumented org.bouncycastle.crypto.CryptoServicesRegistrar$Property (took 1 ms, size +10%)
INFO: Instrumented org.bouncycastle.asn1.x9.X9ECParameters (took 4 ms, size +12%)
INFO: Instrumented org.bouncycastle.asn1.x9.X9ObjectIdentifiers (took 1 ms, size +3%)
INFO: Instrumented org.bouncycastle.asn1.ASN1Object (took 2 ms, size +30%)
INFO: Instrumented org.bouncycastle.asn1.ASN1Encodable (took 0 ms, size +0%)
INFO: Instrumented org.bouncycastle.util.Encodable (took 0 ms, size +0%)
INFO: Instrumented org.bouncycastle.crypto.params.DHParameters (took 3 ms, size +39%)
INFO: Instrumented org.bouncycastle.crypto.params.DHValidationParameters (took 0 ms, size +45%)
INFO: Instrumented org.bouncycastle.crypto.signers.mldsa.MLDSAEngine (took 6 ms, size +8%)
INFO: Instrumented org.bouncycastle.crypto.signers.mldsa.Symmetric (took 0 ms, size +18%)
INFO: Instrumented org.bouncycastle.crypto.signers.mldsa.Symmetric$ShakeSymmetric (took 0 ms, size +12%)
INFO: Instrumented org.bouncycastle.crypto.digests.SHAKEDigest (took 3 ms, size +21%)
INFO: Instrumented org.bouncycastle.crypto.Xof (took 0 ms, size +0%)
INFO: Instrumented org.bouncycastle.crypto.ExtendedDigest (took 0 ms, size +0%)
INFO: Instrumented org.bouncycastle.crypto.Digest (took 0 ms, size +0%)
INFO: Instrumented org.bouncycastle.crypto.SavableDigest (took 0 ms, size +0%)
INFO: Instrumented org.bouncycastle.crypto.digests.EncodableDigest (took 0 ms, size +0%)
INFO: Instrumented org.bouncycastle.crypto.EncodableService (took 0 ms, size +0%)
INFO: Instrumented org.bouncycastle.util.Memoable (took 0 ms, size +0%)
INFO: Instrumented org.bouncycastle.crypto.digests.KeccakDigest (took 5 ms, size +19%)
INFO: Instrumented org.bouncycastle.crypto.CryptoServicePurpose (took 2 ms, size +8%)
INFO: Instrumented org.bouncycastle.crypto.digests.Utils (took 0 ms, size +10%)
INFO: Instrumented org.bouncycastle.crypto.CryptoServiceProperties (took 0 ms, size +0%)
INFO: Instrumented org.bouncycastle.crypto.digests.Utils$DefaultProperties (took 0 ms, size +14%)
INFO: Instrumented org.bouncycastle.crypto.signers.mldsa.PolyVecMatrix (took 0 ms, size +25%)
INFO: Instrumented org.bouncycastle.crypto.signers.mldsa.PolyVec (took 2 ms, size +25%)
INFO: Instrumented org.bouncycastle.crypto.signers.mldsa.Poly (took 9 ms, size +18%)
INFO: Instrumented org.bouncycastle.util.Pack (took 6 ms, size +24%)
INFO: Instrumented org.bouncycastle.crypto.signers.mldsa.Ntt (took 1 ms, size +9%)
INFO: Instrumented org.bouncycastle.crypto.signers.mldsa.Reduce (took 0 ms, size +30%)
INFO: Instrumented org.bouncycastle.crypto.signers.mldsa.Rounding (took 1 ms, size +52%)
INFO: Instrumented org.bouncycastle.crypto.signers.mldsa.Packing (took 4 ms, size +20%)
INFO: Instrumented org.bouncycastle.crypto.AsymmetricCipherKeyPair (took 1 ms, size +13%)
INFO: Instrumented org.bouncycastle.crypto.signers.MLDSASigner (took 3 ms, size +12%)
INFO: Instrumented org.bouncycastle.crypto.Signer (took 0 ms, size +0%)
INFO: Instrumented org.bouncycastle.crypto.DataLengthException (took 0 ms, size +39%)
INFO: Instrumented org.bouncycastle.crypto.RuntimeCryptoException (took 0 ms, size +42%)
INFO: Instrumented org.bouncycastle.crypto.params.ParametersWithContext (took 0 ms, size +23%)
INFO: Instrumented org.bouncycastle.crypto.params.ParametersWithRandom (took 0 ms, size +13%)
INFO: Instrumented org.pqcfuzz.target.TargetKind (took 0 ms, size +12%)
INFO: using inputs from: <repo>/.cifuzz-corpus/org.pqcfuzz.fuzz.PqcDecodeFuzzTest/mlDsaVerify
INFO: using inputs from: <repo>/target/test-classes/org/pqcfuzz/fuzz/PqcDecodeFuzzTestInputs/mlDsaVerify
INFO: using inputs from: /var/folders/m8/hjsd0821793bcvxlpgdpt23r0000gn/T/jazzer-java-seeds3571746605993114567
INFO: found LLVMFuzzerCustomMutator (0x10f063038). Disabling -len_control by default.
INFO: Running with entropic power schedule (0xFF, 100).
INFO: Seed: 3739093688
INFO: Loaded 3 modules   (2048 inline 8-bit counters): 512 [0x767cc00000, 0x767cc00200), 512 [0x767cc00200, 0x767cc00400), 1024 [0x767cc00400, 0x767cc00800), 
INFO: Loaded 3 PC tables (2048 PCs): 512 [0x767f11c000,0x767f11e000), 512 [0x767f11e000,0x767f120000), 1024 [0x768213c000,0x7682140000), 
INFO:        0 files found in <repo>/.cifuzz-corpus/org.pqcfuzz.fuzz.PqcDecodeFuzzTest/mlDsaVerify
INFO:        5 files found in <repo>/target/test-classes/org/pqcfuzz/fuzz/PqcDecodeFuzzTestInputs/mlDsaVerify
INFO:        0 files found in /var/folders/m8/hjsd0821793bcvxlpgdpt23r0000gn/T/jazzer-java-seeds3571746605993114567
INFO: -max_len is not provided; libFuzzer will not generate inputs larger than 4096 bytes
INFO: seed corpus: files: 5 min: 3309b max: 3373b total: 16609b rss: 1285Mb
#6	INITED cov: 249 ft: 293 corp: 5/16Kb exec/s: 0 rss: 1285Mb
#17	NEW    cov: 249 ft: 294 corp: 6/19Kb lim: 3373 exec/s: 0 rss: 1285Mb L: 3309/3373 MS: 2 ChangeASCIIInt-Custom-
#40	REDUCE cov: 249 ft: 294 corp: 6/18Kb lim: 3373 exec/s: 0 rss: 1286Mb L: 2139/3309 MS: 6 ChangeBit-Custom-CMP-Custom-CrossOver-Custom- DE: "\032\000"-
#41	NEW    cov: 251 ft: 307 corp: 7/21Kb lim: 3373 exec/s: 0 rss: 1286Mb L: 3309/3309 MS: 2 ChangeByte-Custom-
#99	REDUCE cov: 251 ft: 307 corp: 7/21Kb lim: 3373 exec/s: 0 rss: 1286Mb L: 1979/3309 MS: 6 ShuffleBytes-Custom-InsertRepeatedBytes-Custom-EraseBytes-Custom-
#101	REDUCE cov: 251 ft: 307 corp: 7/20Kb lim: 3373 exec/s: 0 rss: 1286Mb L: 1057/3309 MS: 4 ChangeByte-Custom-CrossOver-Custom-
#132	NEW    cov: 251 ft: 308 corp: 8/23Kb lim: 3373 exec/s: 0 rss: 1286Mb L: 3309/3309 MS: 2 ShuffleBytes-Custom-
#204	REDUCE cov: 251 ft: 308 corp: 8/23Kb lim: 3373 exec/s: 0 rss: 1286Mb L: 786/3309 MS: 4 CopyPart-Custom-EraseBytes-Custom-
#254	NEW    cov: 254 ft: 313 corp: 9/26Kb lim: 3373 exec/s: 0 rss: 1286Mb L: 3309/3309 MS: 10 ChangeBit-Custom-ChangeBinInt-Custom-CMP-Custom-ChangeBit-Custom-CMP-Custom- DE: "1\000"-"\377\377\377\377\377\377\377\377"-
#295	NEW    cov: 254 ft: 314 corp: 10/29Kb lim: 3373 exec/s: 0 rss: 1286Mb L: 3309/3309 MS: 2 CrossOver-Custom-
#303	NEW    cov: 254 ft: 315 corp: 11/33Kb lim: 3373 exec/s: 0 rss: 1286Mb L: 3309/3309 MS: 6 CMP-Custom-ChangeBinInt-Custom-CopyPart-Custom- DE: "\001\000\000\000\000\000\000\000"-
#489	REDUCE cov: 254 ft: 315 corp: 11/33Kb lim: 3373 exec/s: 0 rss: 1286Mb L: 751/3309 MS: 2 EraseBytes-Custom-
#656	NEW    cov: 254 ft: 319 corp: 12/36Kb lim: 3373 exec/s: 0 rss: 1286Mb L: 3309/3309 MS: 4 ChangeASCIIInt-Custom-PersAutoDict-Custom- DE: "\001\000\000\000\000\000\000\000"-
#780	NEW    cov: 254 ft: 321 corp: 13/39Kb lim: 3373 exec/s: 0 rss: 1286Mb L: 3309/3309 MS: 8 ChangeASCIIInt-Custom-EraseBytes-Custom-ChangeBit-Custom-InsertRepeatedBytes-Custom-
#786	NEW    cov: 254 ft: 330 corp: 14/42Kb lim: 3373 exec/s: 0 rss: 1286Mb L: 3309/3309 MS: 2 CrossOver-Custom-
#815	REDUCE cov: 254 ft: 330 corp: 14/42Kb lim: 3373 exec/s: 0 rss: 1286Mb L: 416/3309 MS: 8 CopyPart-Custom-EraseBytes-Custom-ChangeByte-Custom-EraseBytes-Custom-
#897	NEW    cov: 255 ft: 332 corp: 15/45Kb lim: 3373 exec/s: 0 rss: 1286Mb L: 3309/3309 MS: 4 ShuffleBytes-Custom-PersAutoDict-Custom- DE: "\001\000\000\000\000\000\000\000"-
#919	NEW    cov: 255 ft: 333 corp: 16/48Kb lim: 3373 exec/s: 0 rss: 1286Mb L: 3309/3309 MS: 4 ChangeASCIIInt-Custom-CMP-Custom- DE: "\377\377\377\377\377\377\377\377"-
#1063	REDUCE cov: 255 ft: 333 corp: 16/48Kb lim: 3373 exec/s: 0 rss: 1286Mb L: 354/3309 MS: 8 CMP-Custom-ShuffleBytes-Custom-ChangeBit-Custom-EraseBytes-Custom- DE: "\001\010"-
#1117	REDUCE cov: 255 ft: 333 corp: 16/48Kb lim: 3373 exec/s: 0 rss: 1286Mb L: 238/3309 MS: 8 ChangeBinInt-Custom-CMP-Custom-ChangeBinInt-Custom-EraseBytes-Custom- DE: "\356\014"-
#1148	REDUCE cov: 255 ft: 333 corp: 16/48Kb lim: 3373 exec/s: 0 rss: 1286Mb L: 153/3309 MS: 2 EraseBytes-Custom-
#1160	NEW    cov: 255 ft: 337 corp: 17/51Kb lim: 3373 exec/s: 0 rss: 1286Mb L: 3309/3309 MS: 4 ChangeByte-Custom-CopyPart-Custom-
#1277	REDUCE cov: 255 ft: 337 corp: 17/51Kb lim: 3373 exec/s: 0 rss: 1287Mb L: 148/3309 MS: 4 InsertRepeatedBytes-Custom-EraseBytes-Custom-
#1297	REDUCE cov: 255 ft: 337 corp: 17/51Kb lim: 3373 exec/s: 0 rss: 1287Mb L: 133/3309 MS: 10 PersAutoDict-Custom-CrossOver-Custom-ChangeByte-Custom-ChangeASCIIInt-Custom-EraseBytes-Custom- DE: "\356\014"-
#1560	NEW    cov: 255 ft: 339 corp: 18/55Kb lim: 3373 exec/s: 0 rss: 1287Mb L: 3309/3309 MS: 6 ChangeBit-Custom-ChangeBit-Custom-CopyPart-Custom-
#1749	REDUCE cov: 255 ft: 339 corp: 18/55Kb lim: 3373 exec/s: 0 rss: 1287Mb L: 93/3309 MS: 8 ChangeBit-Custom-PersAutoDict-Custom-ShuffleBytes-Custom-EraseBytes-Custom- DE: "\001\010"-
#1801	REDUCE cov: 255 ft: 339 corp: 18/55Kb lim: 3373 exec/s: 0 rss: 1287Mb L: 80/3309 MS: 4 ChangeBinInt-Custom-EraseBytes-Custom-
#1995	NEW    cov: 257 ft: 342 corp: 19/58Kb lim: 3373 exec/s: 0 rss: 1288Mb L: 3309/3309 MS: 8 ChangeBit-Custom-ChangeBit-Custom-PersAutoDict-Custom-CrossOver-Custom- DE: "\001\000\000\000\000\000\000\000"-
#2037	NEW    cov: 257 ft: 343 corp: 20/61Kb lim: 3373 exec/s: 0 rss: 1288Mb L: 3309/3309 MS: 4 PersAutoDict-Custom-CopyPart-Custom- DE: "\001\010"-
#2069	REDUCE cov: 257 ft: 343 corp: 20/61Kb lim: 3373 exec/s: 0 rss: 1288Mb L: 67/3309 MS: 4 PersAutoDict-Custom-EraseBytes-Custom- DE: "1\000"-
#2108	REDUCE cov: 257 ft: 343 corp: 20/61Kb lim: 3373 exec/s: 0 rss: 1288Mb L: 35/3309 MS: 8 ChangeBinInt-Custom-ChangeBinInt-Custom-InsertByte-Custom-EraseBytes-Custom-
#2164	NEW    cov: 257 ft: 344 corp: 21/64Kb lim: 3373 exec/s: 0 rss: 1288Mb L: 3309/3309 MS: 2 PersAutoDict-Custom- DE: "\377\377\377\377\377\377\377\377"-
#2168	NEW    cov: 257 ft: 345 corp: 22/67Kb lim: 3373 exec/s: 0 rss: 1288Mb L: 3309/3309 MS: 8 PersAutoDict-Custom-ChangeBit-Custom-CopyPart-Custom-CopyPart-Custom- DE: "1\000"-
#2227	REDUCE cov: 257 ft: 345 corp: 22/67Kb lim: 3373 exec/s: 0 rss: 1288Mb L: 20/3309 MS: 8 ShuffleBytes-Custom-CrossOver-Custom-InsertByte-Custom-EraseBytes-Custom-
#3696	NEW    cov: 257 ft: 347 corp: 23/71Kb lim: 3384 exec/s: 0 rss: 1290Mb L: 3309/3309 MS: 8 ShuffleBytes-Custom-ChangeBinInt-Custom-ChangeBinInt-Custom-CopyPart-Custom-
#4163	NEW    cov: 257 ft: 348 corp: 24/74Kb lim: 3384 exec/s: 0 rss: 1290Mb L: 3309/3309 MS: 4 ChangeBit-Custom-CMP-Custom- DE: "\377\377\377\377\377\377\377\377"-
#4265	NEW    cov: 257 ft: 357 corp: 25/77Kb lim: 3384 exec/s: 0 rss: 1290Mb L: 3309/3309 MS: 4 ShuffleBytes-Custom-ChangeBit-Custom-
#4352	NEW    cov: 257 ft: 367 corp: 26/80Kb lim: 3384 exec/s: 0 rss: 1290Mb L: 3309/3309 MS: 4 ChangeBinInt-Custom-ShuffleBytes-Custom-
#4871	NEW    cov: 257 ft: 368 corp: 27/84Kb lim: 3384 exec/s: 0 rss: 1291Mb L: 3309/3309 MS: 8 ShuffleBytes-Custom-ChangeBit-Custom-ChangeBinInt-Custom-CMP-Custom- DE: "\377\377\377\377"-
#6224	REDUCE cov: 257 ft: 368 corp: 27/84Kb lim: 3395 exec/s: 0 rss: 1293Mb L: 17/3309 MS: 6 CopyPart-Custom-ChangeByte-Custom-EraseBytes-Custom-
#6631	REDUCE cov: 257 ft: 368 corp: 27/84Kb lim: 3395 exec/s: 0 rss: 1294Mb L: 16/3309 MS: 4 ChangeBit-Custom-EraseBytes-Custom-
#8963	REDUCE cov: 257 ft: 368 corp: 27/84Kb lim: 3417 exec/s: 0 rss: 1296Mb L: 13/3309 MS: 4 ChangeBit-Custom-EraseBytes-Custom-
#9107	REDUCE cov: 257 ft: 368 corp: 27/84Kb lim: 3417 exec/s: 0 rss: 1296Mb L: 7/3309 MS: 8 ChangeBinInt-Custom-ChangeByte-Custom-CMP-Custom-EraseBytes-Custom- DE: "\030\000\000\000"-
#9247	REDUCE cov: 257 ft: 368 corp: 27/84Kb lim: 3417 exec/s: 0 rss: 1296Mb L: 5/3309 MS: 10 CopyPart-Custom-ChangeBit-Custom-ShuffleBytes-Custom-ChangeBit-Custom-EraseBytes-Custom-
#11322	REDUCE cov: 257 ft: 368 corp: 27/84Kb lim: 3428 exec/s: 0 rss: 1299Mb L: 3/3309 MS: 10 InsertByte-Custom-ChangeBinInt-Custom-ChangeByte-Custom-ShuffleBytes-Custom-EraseBytes-Custom-
#11348	REDUCE cov: 257 ft: 368 corp: 27/84Kb lim: 3428 exec/s: 0 rss: 1299Mb L: 2/3309 MS: 2 EraseBytes-Custom-
#11574	NEW    cov: 257 ft: 369 corp: 28/87Kb lim: 3428 exec/s: 0 rss: 1299Mb L: 3309/3309 MS: 2 ChangeASCIIInt-Custom-
#11706	NEW    cov: 257 ft: 370 corp: 29/90Kb lim: 3428 exec/s: 0 rss: 1299Mb L: 3309/3309 MS: 4 ChangeBit-Custom-ChangeBinInt-Custom-
#12204	REDUCE cov: 257 ft: 370 corp: 29/90Kb lim: 3428 exec/s: 0 rss: 1299Mb L: 1/3309 MS: 6 CopyPart-Custom-ChangeByte-Custom-EraseBytes-Custom-
#15890	NEW    cov: 257 ft: 371 corp: 30/93Kb lim: 3461 exec/s: 0 rss: 1302Mb L: 3309/3309 MS: 2 ChangeBinInt-Custom-
#27170	NEW    cov: 257 ft: 372 corp: 31/96Kb lim: 3571 exec/s: 27170 rss: 1302Mb L: 3309/3309 MS: 4 PersAutoDict-Custom-PersAutoDict-Custom- DE: "\030\000\000\000"-"\377\377\377\377"-
#47211	NEW    cov: 258 ft: 373 corp: 32/100Kb lim: 3769 exec/s: 47211 rss: 1302Mb L: 3309/3309 MS: 2 ShuffleBytes-Custom-
#49089	NEW    cov: 258 ft: 374 corp: 33/103Kb lim: 3780 exec/s: 49089 rss: 1302Mb L: 3309/3309 MS: 6 ShuffleBytes-Custom-ShuffleBytes-Custom-PersAutoDict-Custom- DE: "\030\000\000\000"-
#65536	pulse  cov: 258 ft: 374 corp: 33/103Kb lim: 3934 exec/s: 32768 rss: 1302Mb
#69563	NEW    cov: 258 ft: 375 corp: 34/106Kb lim: 3978 exec/s: 34781 rss: 1302Mb L: 3309/3309 MS: 4 ChangeByte-Custom-ChangeBit-Custom-
#88025	NEW    cov: 258 ft: 376 corp: 35/109Kb lim: 4096 exec/s: 29341 rss: 1302Mb L: 3309/3309 MS: 4 CrossOver-Custom-ChangeBinInt-Custom-
#131072	pulse  cov: 258 ft: 376 corp: 35/109Kb lim: 4096 exec/s: 26214 rss: 1302Mb
#262144	pulse  cov: 258 ft: 376 corp: 35/109Kb lim: 4096 exec/s: 26214 rss: 1303Mb
#524288	pulse  cov: 258 ft: 376 corp: 35/109Kb lim: 4096 exec/s: 24966 rss: 1315Mb
#721977	NEW    cov: 258 ft: 377 corp: 36/113Kb lim: 4096 exec/s: 24895 rss: 1315Mb L: 3309/3309 MS: 4 CopyPart-Custom-ChangeBinInt-Custom-
#857358	NEW    cov: 258 ft: 378 corp: 37/116Kb lim: 4096 exec/s: 24495 rss: 1315Mb L: 3309/3309 MS: 2 CopyPart-Custom-
#1048576	pulse  cov: 258 ft: 378 corp: 37/116Kb lim: 4096 exec/s: 24385 rss: 1316Mb
#2097152	pulse  cov: 258 ft: 378 corp: 37/116Kb lim: 4096 exec/s: 24385 rss: 1316Mb
#2931948	DONE   cov: 258 ft: 378 corp: 37/116Kb lim: 4096 exec/s: 24230 rss: 1316Mb
[INFO] Tests run: 7, Failures: 0, Errors: 0, Skipped: 0, Time elapsed: 123.3 s -- in org.pqcfuzz.fuzz.PqcDecodeFuzzTest
[INFO] Tests run: 7, Failures: 0, Errors: 0, Skipped: 0
