INFO: Loaded 287 hooks from com.code_intelligence.jazzer.runtime.TraceCmpHooks
INFO: Loaded 5 hooks from com.code_intelligence.jazzer.runtime.TraceDivHooks
INFO: Loaded 2 hooks from com.code_intelligence.jazzer.runtime.TraceIndirHooks
INFO: Loaded 4 hooks from com.code_intelligence.jazzer.runtime.NativeLibHooks
INFO: Loaded 2 hooks from com.code_intelligence.jazzer.sanitizers.ClojureLangHooks
INFO: Loaded 5 hooks from com.code_intelligence.jazzer.sanitizers.Deserialization
INFO: Loaded 5 hooks from com.code_intelligence.jazzer.sanitizers.ExpressionLanguageInjection
INFO: Loaded 70 hooks from com.code_intelligence.jazzer.sanitizers.LdapInjection
INFO: Loaded 46 hooks from com.code_intelligence.jazzer.sanitizers.NamingContextLookup
INFO: Loaded 1 hooks from com.code_intelligence.jazzer.sanitizers.OsCommandInjection
INFO: Loaded 48 hooks from com.code_intelligence.jazzer.sanitizers.ReflectiveCall
INFO: Loaded 8 hooks from com.code_intelligence.jazzer.sanitizers.RegexInjection
INFO: Loaded 16 hooks from com.code_intelligence.jazzer.sanitizers.RegexRoadblocks
INFO: Loaded 12 hooks from com.code_intelligence.jazzer.sanitizers.ScriptEngineInjection
INFO: Loaded 3 hooks from com.code_intelligence.jazzer.sanitizers.ServerSideRequestForgery
INFO: Loaded 19 hooks from com.code_intelligence.jazzer.sanitizers.SqlInjection
INFO: Loaded 6 hooks from com.code_intelligence.jazzer.sanitizers.XPathInjection
INFO: Instrumented org.pqcfuzz.classify.Classifier (took 99 ms, size +26%)
INFO: Instrumented org.pqcfuzz.target.FuzzTarget (took 0 ms, size +12%)
INFO: Instrumented org.pqcfuzz.classify.Outcome (took 2 ms, size +13%)
INFO: Instrumented org.pqcfuzz.fuzz.PqcDecodeFuzzTest (took 8 ms, size +12%)
INFO: Instrumented org.pqcfuzz.target.Targets (took 15 ms, size +19%)
INFO: Instrumented org.pqcfuzz.target.mlkem.MlKem768DecapTarget (took 3 ms, size +13%)
INFO: Instrumented org.pqcfuzz.target.mlkem.MlKem768PublicKeyParseTarget (took 4 ms, size +15%)
INFO: Instrumented org.pqcfuzz.target.mldsa.MlDsa65VerifyTarget (took 6 ms, size +11%)
INFO: Instrumented org.bouncycastle.crypto.CipherParameters (took 0 ms, size +0%)
INFO: Instrumented org.pqcfuzz.target.mldsa.MlDsa65PublicKeyParseTarget (took 3 ms, size +15%)
INFO: Instrumented org.pqcfuzz.target.slhdsa.SlhDsaVerifyTarget (took 1 ms, size +10%)
INFO: Instrumented org.pqcfuzz.target.slhdsa.SlhDsaPublicKeyParseTarget (took 2 ms, size +14%)
INFO: Instrumented org.pqcfuzz.target.mlkem.MlKem768ParseAndEncapsulateTarget (took 3 ms, size +11%)
INFO: Instrumented org.bouncycastle.crypto.params.AsymmetricKeyParameter (took 0 ms, size +32%)
INFO: Instrumented org.bouncycastle.crypto.params.MLKEMPublicKeyParameters (took 1 ms, size +22%)
INFO: Instrumented org.bouncycastle.crypto.params.MLKEMKeyParameters (took 0 ms, size +23%)
INFO: Instrumented org.pqcfuzz.util.DeterministicSecureRandom (took 2 ms, size +24%)
INFO: Instrumented org.pqcfuzz.target.mldsa.MlDsa65ParseAndVerifyTarget (took 2 ms, size +10%)
INFO: Instrumented org.pqcfuzz.target.slhdsa.SlhDsaParseAndVerifyTarget (took 1 ms, size +10%)
INFO: Instrumented org.pqcfuzz.target.jdk.JdkMlKem768DecapTarget (took 2 ms, size +12%)
INFO: Instrumented org.pqcfuzz.target.jdk.JdkMlKem768PublicKeyParseTarget (took 2 ms, size +11%)
INFO: Instrumented org.pqcfuzz.target.jdk.JdkMlDsa65VerifyTarget (took 3 ms, size +10%)
INFO: Instrumented org.pqcfuzz.target.jdk.JdkMlDsa65PublicKeyParseTarget (took 1 ms, size +12%)
INFO: Instrumented org.pqcfuzz.target.jdk.JdkMlKem768ParseAndEncapsulateTarget (took 3 ms, size +9%)
INFO: Instrumented org.pqcfuzz.target.jdk.JdkMlDsa65ParseAndVerifyTarget (took 2 ms, size +9%)
INFO: Instrumented org.pqcfuzz.target.mlkem.MlKemKeys (took 1 ms, size +6%)
INFO: Instrumented org.bouncycastle.crypto.KeyGenerationParameters (took 0 ms, size +19%)
INFO: Instrumented org.bouncycastle.crypto.params.MLKEMKeyGenerationParameters (took 0 ms, size +20%)
INFO: Instrumented org.bouncycastle.crypto.params.MLKEMParameters (took 1 ms, size +11%)
INFO: Instrumented org.bouncycastle.crypto.KEMParameters (took 0 ms, size +0%)
INFO: Instrumented org.bouncycastle.crypto.generators.MLKEMKeyPairGenerator (took 1 ms, size +7%)
INFO: Instrumented org.bouncycastle.crypto.AsymmetricCipherKeyPairGenerator (took 0 ms, size +0%)
INFO: Instrumented org.bouncycastle.crypto.params.MLKEMPrivateKeyParameters (took 3 ms, size +14%)
INFO: New number of coverage counters: 1024
INFO: Instrumented org.bouncycastle.crypto.CryptoServicesRegistrar (took 8 ms, size +12%)
INFO: Instrumented org.bouncycastle.crypto.CryptoServicesPermission (took 8 ms, size +72%)
INFO: Instrumented org.bouncycastle.crypto.SecureRandomProvider (took 0 ms, size +0%)
INFO: Instrumented org.bouncycastle.crypto.CryptoServicesConstraints (took 0 ms, size +0%)
INFO: Instrumented org.bouncycastle.crypto.CryptoServicesRegistrar$ThreadLocalSecureRandomProvider (took 1 ms, size +13%)
INFO: Instrumented org.bouncycastle.crypto.CryptoServicesRegistrar$1 (took 0 ms, size +24%)
INFO: Instrumented org.bouncycastle.crypto.params.DSAParameters (took 1 ms, size +66%)
INFO: Instrumented org.bouncycastle.crypto.params.DSAValidationParameters (took 2 ms, size +38%)
INFO: Instrumented org.bouncycastle.util.encoders.Hex (took 8 ms, size +13%)
INFO: Instrumented org.bouncycastle.util.encoders.DecoderException (took 1 ms, size +27%)
INFO: Instrumented org.bouncycastle.util.encoders.EncoderException (took 0 ms, size +27%)
INFO: Instrumented org.bouncycastle.util.encoders.HexEncoder (took 4 ms, size +37%)
INFO: Instrumented org.bouncycastle.util.encoders.Encoder (took 0 ms, size +0%)
INFO: Instrumented org.bouncycastle.util.Arrays (took 29 ms, size +34%)
INFO: Instrumented org.bouncycastle.crypto.CryptoServicesRegistrar$Property (took 1 ms, size +10%)
INFO: New number of coverage counters: 2048
INFO: Instrumented org.bouncycastle.asn1.x9.X9ECParameters (took 2 ms, size +12%)
INFO: Instrumented org.bouncycastle.asn1.x9.X9ObjectIdentifiers (took 0 ms, size +3%)
INFO: Instrumented org.bouncycastle.asn1.ASN1Object (took 1 ms, size +30%)
INFO: Instrumented org.bouncycastle.asn1.ASN1Encodable (took 0 ms, size +0%)
INFO: Instrumented org.bouncycastle.util.Encodable (took 0 ms, size +0%)
INFO: Instrumented org.bouncycastle.crypto.params.DHParameters (took 1 ms, size +39%)
INFO: Instrumented org.bouncycastle.crypto.params.DHValidationParameters (took 0 ms, size +45%)
INFO: Instrumented org.bouncycastle.crypto.kems.mlkem.MLKEMEngine (took 3 ms, size +9%)
INFO: Instrumented org.bouncycastle.crypto.kems.mlkem.MLKEMIndCpa (took 4 ms, size +17%)
INFO: Instrumented org.bouncycastle.crypto.Xof (took 0 ms, size +0%)
INFO: Instrumented org.bouncycastle.crypto.ExtendedDigest (took 0 ms, size +0%)
INFO: Instrumented org.bouncycastle.crypto.Digest (took 0 ms, size +0%)
INFO: Instrumented org.bouncycastle.crypto.kems.mlkem.PolyVec (took 2 ms, size +23%)
INFO: Instrumented org.bouncycastle.crypto.kems.mlkem.Poly (took 3 ms, size +20%)
INFO: Instrumented org.bouncycastle.crypto.digests.SHA3Digest (took 2 ms, size +23%)
INFO: Instrumented org.bouncycastle.crypto.SavableDigest (took 0 ms, size +0%)
INFO: Instrumented org.bouncycastle.crypto.digests.EncodableDigest (took 0 ms, size +0%)
INFO: Instrumented org.bouncycastle.crypto.EncodableService (took 0 ms, size +0%)
INFO: Instrumented org.bouncycastle.util.Memoable (took 0 ms, size +0%)
INFO: Instrumented org.bouncycastle.crypto.digests.KeccakDigest (took 6 ms, size +19%)
INFO: Instrumented org.bouncycastle.crypto.CryptoServicePurpose (took 1 ms, size +8%)
INFO: Instrumented org.bouncycastle.crypto.digests.Utils (took 0 ms, size +10%)
INFO: Instrumented org.bouncycastle.crypto.CryptoServiceProperties (took 0 ms, size +0%)
INFO: Instrumented org.bouncycastle.crypto.digests.Utils$DefaultPropertiesWithPRF (took 0 ms, size +12%)
INFO: Instrumented org.bouncycastle.util.Pack (took 6 ms, size +24%)
INFO: Instrumented org.bouncycastle.crypto.digests.SHAKEDigest (took 2 ms, size +21%)
INFO: Instrumented org.bouncycastle.crypto.digests.Utils$DefaultProperties (took 1 ms, size +14%)
INFO: Instrumented org.bouncycastle.crypto.kems.mlkem.CBD (took 0 ms, size +41%)
INFO: Instrumented org.bouncycastle.crypto.kems.mlkem.Ntt (took 1 ms, size +14%)
INFO: Instrumented org.bouncycastle.crypto.kems.mlkem.Reduce (took 0 ms, size +28%)
INFO: Instrumented org.bouncycastle.crypto.AsymmetricCipherKeyPair (took 2 ms, size +13%)
INFO: Instrumented org.bouncycastle.crypto.kems.MLKEMExtractor (took 0 ms, size +18%)
INFO: Instrumented org.bouncycastle.crypto.EncapsulatedSecretExtractor (took 0 ms, size +0%)
INFO: Instrumented org.bouncycastle.crypto.kems.MLKEMGenerator (took 0 ms, size +14%)
INFO: Instrumented org.bouncycastle.crypto.EncapsulatedSecretGenerator (took 0 ms, size +0%)
INFO: Instrumented org.bouncycastle.crypto.SecretWithEncapsulation (took 0 ms, size +0%)
INFO: Instrumented org.bouncycastle.pqc.crypto.util.SecretWithEncapsulationImpl (took 0 ms, size +25%)
INFO: Instrumented org.pqcfuzz.target.TargetKind (took 2 ms, size +12%)
INFO: Instrumented org.pqcfuzz.classify.ExpectedRejections (took 1 ms, size +41%)
INFO: found LLVMFuzzerCustomMutator (0x107c1b038). Disabling -len_control by default.
INFO: Running with entropic power schedule (0xFF, 100).
INFO: Seed: 1119752123
INFO: Loaded 3 modules   (2048 inline 8-bit counters): 512 [0x79e6000000, 0x79e6000200), 512 [0x79e6000200, 0x79e6000400), 1024 [0x79e6000400, 0x79e6000800), 
INFO: Loaded 3 PC tables (2048 PCs): 512 [0x79e9908000,0x79e990a000), 512 [0x79e990a000,0x79e990c000), 1024 [0x79e9290000,0x79e9294000), 
INFO:        0 files found in <repo>/.cifuzz-corpus/org.pqcfuzz.fuzz.PqcDecodeFuzzTest/mlKemDecap
INFO:        5 files found in <repo>/target/test-classes/org/pqcfuzz/fuzz/PqcDecodeFuzzTestInputs/mlKemDecap
INFO:        0 files found in /var/folders/m8/hjsd0821793bcvxlpgdpt23r0000gn/T/jazzer-java-seeds17710332716512181701
INFO: -max_len is not provided; libFuzzer will not generate inputs larger than 4096 bytes
INFO: seed corpus: files: 5 min: 1088b max: 1152b total: 5504b rss: 1095Mb
#6	INITED cov: 252 ft: 253 corp: 2/2240b exec/s: 0 rss: 1095Mb
#31	REDUCE cov: 252 ft: 253 corp: 2/2172b lim: 1152 exec/s: 0 rss: 1095Mb L: 1084/1088 MS: 10 ChangeBit-Custom-ChangeASCIIInt-Custom-ChangeByte-Custom-ChangeBinInt-Custom-EraseBytes-Custom-
#82	REDUCE cov: 252 ft: 253 corp: 2/2023b lim: 1152 exec/s: 0 rss: 1095Mb L: 935/1088 MS: 2 EraseBytes-Custom-
#87	REDUCE cov: 252 ft: 253 corp: 2/1909b lim: 1152 exec/s: 0 rss: 1095Mb L: 821/1088 MS: 10 ChangeByte-Custom-ChangeByte-Custom-InsertByte-Custom-CopyPart-Custom-EraseBytes-Custom-
#89	REDUCE cov: 252 ft: 253 corp: 2/1527b lim: 1152 exec/s: 0 rss: 1095Mb L: 439/1088 MS: 4 CrossOver-Custom-EraseBytes-Custom-
#100	REDUCE cov: 252 ft: 253 corp: 2/1343b lim: 1152 exec/s: 0 rss: 1095Mb L: 255/1088 MS: 2 EraseBytes-Custom-
INFO: using inputs from: <repo>/.cifuzz-corpus/org.pqcfuzz.fuzz.PqcDecodeFuzzTest/mlKemDecap
INFO: using inputs from: <repo>/target/test-classes/org/pqcfuzz/fuzz/PqcDecodeFuzzTestInputs/mlKemDecap
INFO: using inputs from: /var/folders/m8/hjsd0821793bcvxlpgdpt23r0000gn/T/jazzer-java-seeds17710332716512181701
#166	REDUCE cov: 252 ft: 253 corp: 2/1261b lim: 1152 exec/s: 0 rss: 1095Mb L: 173/1088 MS: 2 EraseBytes-Custom-
#330	REDUCE cov: 252 ft: 253 corp: 2/1199b lim: 1152 exec/s: 0 rss: 1095Mb L: 111/1088 MS: 8 CopyPart-Custom-ChangeByte-Custom-ChangeBinInt-Custom-EraseBytes-Custom-
#336	REDUCE cov: 252 ft: 253 corp: 2/1148b lim: 1152 exec/s: 0 rss: 1095Mb L: 60/1088 MS: 2 EraseBytes-Custom-
#368	REDUCE cov: 252 ft: 253 corp: 2/1147b lim: 1152 exec/s: 0 rss: 1095Mb L: 59/1088 MS: 4 InsertByte-Custom-EraseBytes-Custom-
#454	REDUCE cov: 252 ft: 253 corp: 2/1127b lim: 1152 exec/s: 0 rss: 1095Mb L: 39/1088 MS: 2 EraseBytes-Custom-
#476	REDUCE cov: 252 ft: 253 corp: 2/1117b lim: 1152 exec/s: 0 rss: 1095Mb L: 29/1088 MS: 4 ShuffleBytes-Custom-EraseBytes-Custom-
#517	REDUCE cov: 252 ft: 253 corp: 2/1116b lim: 1152 exec/s: 0 rss: 1095Mb L: 28/1088 MS: 2 EraseBytes-Custom-
#570	REDUCE cov: 252 ft: 253 corp: 2/1111b lim: 1152 exec/s: 0 rss: 1095Mb L: 23/1088 MS: 6 ChangeBit-Custom-ChangeBit-Custom-EraseBytes-Custom-
#616	REDUCE cov: 252 ft: 253 corp: 2/1101b lim: 1152 exec/s: 0 rss: 1095Mb L: 13/1088 MS: 2 EraseBytes-Custom-
#712	REDUCE cov: 252 ft: 253 corp: 2/1100b lim: 1152 exec/s: 0 rss: 1095Mb L: 12/1088 MS: 2 EraseBytes-Custom-
#795	REDUCE cov: 252 ft: 253 corp: 2/1099b lim: 1152 exec/s: 0 rss: 1095Mb L: 11/1088 MS: 6 ShuffleBytes-Custom-CopyPart-Custom-EraseBytes-Custom-
#807	REDUCE cov: 252 ft: 253 corp: 2/1096b lim: 1152 exec/s: 0 rss: 1095Mb L: 8/1088 MS: 4 InsertByte-Custom-EraseBytes-Custom-
#853	REDUCE cov: 252 ft: 253 corp: 2/1095b lim: 1152 exec/s: 0 rss: 1095Mb L: 7/1088 MS: 2 EraseBytes-Custom-
#871	REDUCE cov: 252 ft: 253 corp: 2/1093b lim: 1152 exec/s: 0 rss: 1095Mb L: 5/1088 MS: 6 CopyPart-Custom-ShuffleBytes-Custom-EraseBytes-Custom-
#932	REDUCE cov: 252 ft: 253 corp: 2/1091b lim: 1152 exec/s: 0 rss: 1095Mb L: 3/1088 MS: 2 EraseBytes-Custom-
#984	REDUCE cov: 252 ft: 253 corp: 2/1090b lim: 1152 exec/s: 0 rss: 1095Mb L: 2/1088 MS: 4 ShuffleBytes-Custom-EraseBytes-Custom-
#1016	REDUCE cov: 252 ft: 253 corp: 2/1089b lim: 1152 exec/s: 0 rss: 1095Mb L: 1/1088 MS: 4 ChangeByte-Custom-EraseBytes-Custom-
#65536	pulse  cov: 252 ft: 253 corp: 2/1089b lim: 1792 exec/s: 32768 rss: 1217Mb
#131072	pulse  cov: 252 ft: 253 corp: 2/1089b lim: 2437 exec/s: 26214 rss: 1310Mb
#262144	pulse  cov: 252 ft: 253 corp: 2/1089b lim: 3746 exec/s: 23831 rss: 1310Mb
#524288	pulse  cov: 252 ft: 253 corp: 2/1089b lim: 4096 exec/s: 24966 rss: 1310Mb
#1048576	pulse  cov: 252 ft: 253 corp: 2/1089b lim: 4096 exec/s: 24966 rss: 1310Mb
#2097152	pulse  cov: 252 ft: 253 corp: 2/1089b lim: 4096 exec/s: 24385 rss: 1310Mb
#2910337	DONE   cov: 252 ft: 253 corp: 2/1089b lim: 4096 exec/s: 24052 rss: 1310Mb
[INFO] Tests run: 7, Failures: 0, Errors: 0, Skipped: 0, Time elapsed: 123.8 s -- in org.pqcfuzz.fuzz.PqcDecodeFuzzTest
[INFO] Tests run: 7, Failures: 0, Errors: 0, Skipped: 0
