INFO: Loaded 287 hooks from com.code_intelligence.jazzer.runtime.TraceCmpHooks
INFO: Loaded 5 hooks from com.code_intelligence.jazzer.runtime.TraceDivHooks
INFO: Loaded 2 hooks from com.code_intelligence.jazzer.runtime.TraceIndirHooks
INFO: Loaded 4 hooks from com.code_intelligence.jazzer.runtime.NativeLibHooks
INFO: Loaded 2 hooks from com.code_intelligence.jazzer.sanitizers.ClojureLangHooks
INFO: Loaded 5 hooks from com.code_intelligence.jazzer.sanitizers.Deserialization
INFO: Loaded 5 hooks from com.code_intelligence.jazzer.sanitizers.ExpressionLanguageInjection
INFO: Loaded 70 hooks from com.code_intelligence.jazzer.sanitizers.LdapInjection
INFO: Loaded 46 hooks from com.code_intelligence.jazzer.sanitizers.NamingContextLookup
INFO: Loaded 1 hooks from com.code_intelligence.jazzer.sanitizers.OsCommandInjection
INFO: Loaded 48 hooks from com.code_intelligence.jazzer.sanitizers.ReflectiveCall
INFO: Loaded 8 hooks from com.code_intelligence.jazzer.sanitizers.RegexInjection
INFO: Loaded 16 hooks from com.code_intelligence.jazzer.sanitizers.RegexRoadblocks
INFO: Loaded 12 hooks from com.code_intelligence.jazzer.sanitizers.ScriptEngineInjection
INFO: Loaded 3 hooks from com.code_intelligence.jazzer.sanitizers.ServerSideRequestForgery
INFO: Loaded 19 hooks from com.code_intelligence.jazzer.sanitizers.SqlInjection
INFO: Loaded 6 hooks from com.code_intelligence.jazzer.sanitizers.XPathInjection
INFO: Instrumented org.pqcfuzz.classify.Classifier (took 55 ms, size +26%)
INFO: Instrumented org.pqcfuzz.target.FuzzTarget (took 0 ms, size +12%)
INFO: Instrumented org.pqcfuzz.classify.Outcome (took 2 ms, size +13%)
INFO: Instrumented org.pqcfuzz.fuzz.PqcDecodeFuzzTest (took 11 ms, size +12%)
INFO: Instrumented org.pqcfuzz.target.Targets (took 7 ms, size +19%)
INFO: Instrumented org.pqcfuzz.target.mlkem.MlKem768DecapTarget (took 4 ms, size +13%)
INFO: Instrumented org.pqcfuzz.target.mlkem.MlKem768PublicKeyParseTarget (took 2 ms, size +15%)
INFO: Instrumented org.pqcfuzz.target.mldsa.MlDsa65VerifyTarget (took 4 ms, size +11%)
INFO: Instrumented org.bouncycastle.crypto.CipherParameters (took 0 ms, size +0%)
INFO: Instrumented org.pqcfuzz.target.mldsa.MlDsa65PublicKeyParseTarget (took 4 ms, size +15%)
INFO: Instrumented org.pqcfuzz.target.slhdsa.SlhDsaVerifyTarget (took 2 ms, size +10%)
INFO: Instrumented org.pqcfuzz.target.slhdsa.SlhDsaPublicKeyParseTarget (took 1 ms, size +14%)
INFO: Instrumented org.pqcfuzz.target.mlkem.MlKem768ParseAndEncapsulateTarget (took 1 ms, size +11%)
INFO: Instrumented org.bouncycastle.crypto.params.AsymmetricKeyParameter (took 0 ms, size +32%)
INFO: Instrumented org.bouncycastle.crypto.params.MLKEMPublicKeyParameters (took 3 ms, size +22%)
INFO: Instrumented org.bouncycastle.crypto.params.MLKEMKeyParameters (took 1 ms, size +23%)
INFO: Instrumented org.pqcfuzz.util.DeterministicSecureRandom (took 2 ms, size +24%)
INFO: Instrumented org.pqcfuzz.target.mldsa.MlDsa65ParseAndVerifyTarget (took 3 ms, size +10%)
INFO: Instrumented org.pqcfuzz.target.slhdsa.SlhDsaParseAndVerifyTarget (took 2 ms, size +10%)
INFO: Instrumented org.pqcfuzz.target.jdk.JdkMlKem768DecapTarget (took 2 ms, size +12%)
INFO: Instrumented org.pqcfuzz.target.jdk.JdkMlKem768PublicKeyParseTarget (took 1 ms, size +11%)
INFO: Instrumented org.pqcfuzz.target.jdk.JdkMlDsa65VerifyTarget (took 1 ms, size +10%)
INFO: Instrumented org.pqcfuzz.target.jdk.JdkMlDsa65PublicKeyParseTarget (took 1 ms, size +12%)
INFO: Instrumented org.pqcfuzz.target.jdk.JdkMlKem768ParseAndEncapsulateTarget (took 1 ms, size +9%)
INFO: Instrumented org.pqcfuzz.target.jdk.JdkMlDsa65ParseAndVerifyTarget (took 1 ms, size +9%)
INFO: Instrumented org.pqcfuzz.target.mlkem.MlKemKeys (took 1 ms, size +6%)
INFO: Instrumented org.bouncycastle.crypto.KeyGenerationParameters (took 0 ms, size +19%)
INFO: Instrumented org.bouncycastle.crypto.params.MLKEMKeyGenerationParameters (took 0 ms, size +20%)
INFO: Instrumented org.bouncycastle.crypto.params.MLKEMParameters (took 1 ms, size +11%)
INFO: Instrumented org.bouncycastle.crypto.KEMParameters (took 0 ms, size +0%)
INFO: Instrumented org.bouncycastle.crypto.generators.MLKEMKeyPairGenerator (took 0 ms, size +7%)
INFO: Instrumented org.bouncycastle.crypto.AsymmetricCipherKeyPairGenerator (took 0 ms, size +0%)
INFO: Instrumented org.bouncycastle.crypto.params.MLKEMPrivateKeyParameters (took 5 ms, size +14%)
INFO: New number of coverage counters: 1024
INFO: Instrumented org.bouncycastle.crypto.CryptoServicesRegistrar (took 4 ms, size +12%)
INFO: Instrumented org.bouncycastle.crypto.CryptoServicesPermission (took 1 ms, size +72%)
INFO: Instrumented org.bouncycastle.crypto.SecureRandomProvider (took 0 ms, size +0%)
INFO: Instrumented org.bouncycastle.crypto.CryptoServicesConstraints (took 0 ms, size +0%)
INFO: Instrumented org.bouncycastle.crypto.CryptoServicesRegistrar$ThreadLocalSecureRandomProvider (took 0 ms, size +13%)
INFO: Instrumented org.bouncycastle.crypto.CryptoServicesRegistrar$1 (took 0 ms, size +24%)
INFO: Instrumented org.bouncycastle.crypto.params.DSAParameters (took 1 ms, size +66%)
INFO: Instrumented org.bouncycastle.crypto.params.DSAValidationParameters (took 0 ms, size +38%)
INFO: Instrumented org.bouncycastle.util.encoders.Hex (took 1 ms, size +13%)
INFO: Instrumented org.bouncycastle.util.encoders.DecoderException (took 0 ms, size +27%)
INFO: Instrumented org.bouncycastle.util.encoders.EncoderException (took 0 ms, size +27%)
INFO: Instrumented org.bouncycastle.util.encoders.HexEncoder (took 1 ms, size +37%)
INFO: Instrumented org.bouncycastle.util.encoders.Encoder (took 0 ms, size +0%)
INFO: Instrumented org.bouncycastle.util.Arrays (took 12 ms, size +34%)
INFO: Instrumented org.bouncycastle.crypto.CryptoServicesRegistrar$Property (took 0 ms, size +10%)
INFO: New number of coverage counters: 2048
INFO: Instrumented org.bouncycastle.asn1.x9.X9ECParameters (took 3 ms, size +12%)
INFO: Instrumented org.bouncycastle.asn1.x9.X9ObjectIdentifiers (took 1 ms, size +3%)
INFO: Instrumented org.bouncycastle.asn1.ASN1Object (took 2 ms, size +30%)
INFO: Instrumented org.bouncycastle.asn1.ASN1Encodable (took 0 ms, size +0%)
INFO: Instrumented org.bouncycastle.util.Encodable (took 0 ms, size +0%)
INFO: Instrumented org.bouncycastle.crypto.params.DHParameters (took 2 ms, size +39%)
INFO: Instrumented org.bouncycastle.crypto.params.DHValidationParameters (took 0 ms, size +45%)
INFO: Instrumented org.bouncycastle.crypto.kems.mlkem.MLKEMEngine (took 8 ms, size +9%)
INFO: Instrumented org.bouncycastle.crypto.kems.mlkem.MLKEMIndCpa (took 2 ms, size +17%)
INFO: Instrumented org.bouncycastle.crypto.Xof (took 0 ms, size +0%)
INFO: Instrumented org.bouncycastle.crypto.ExtendedDigest (took 0 ms, size +0%)
INFO: Instrumented org.bouncycastle.crypto.Digest (took 0 ms, size +0%)
INFO: Instrumented org.bouncycastle.crypto.kems.mlkem.PolyVec (took 1 ms, size +23%)
INFO: Instrumented org.bouncycastle.crypto.kems.mlkem.Poly (took 2 ms, size +20%)
INFO: Instrumented org.bouncycastle.crypto.digests.SHA3Digest (took 2 ms, size +23%)
INFO: Instrumented org.bouncycastle.crypto.SavableDigest (took 0 ms, size +0%)
INFO: Instrumented org.bouncycastle.crypto.digests.EncodableDigest (took 0 ms, size +0%)
INFO: Instrumented org.bouncycastle.crypto.EncodableService (took 0 ms, size +0%)
INFO: Instrumented org.bouncycastle.util.Memoable (took 0 ms, size +0%)
INFO: Instrumented org.bouncycastle.crypto.digests.KeccakDigest (took 5 ms, size +19%)
INFO: Instrumented org.bouncycastle.crypto.CryptoServicePurpose (took 1 ms, size +8%)
INFO: Instrumented org.bouncycastle.crypto.digests.Utils (took 0 ms, size +10%)
INFO: Instrumented org.bouncycastle.crypto.CryptoServiceProperties (took 0 ms, size +0%)
INFO: Instrumented org.bouncycastle.crypto.digests.Utils$DefaultPropertiesWithPRF (took 1 ms, size +12%)
INFO: Instrumented org.bouncycastle.util.Pack (took 5 ms, size +24%)
INFO: Instrumented org.bouncycastle.crypto.digests.SHAKEDigest (took 2 ms, size +21%)
INFO: Instrumented org.bouncycastle.crypto.digests.Utils$DefaultProperties (took 0 ms, size +14%)
INFO: Instrumented org.bouncycastle.crypto.kems.mlkem.CBD (took 0 ms, size +41%)
INFO: Instrumented org.bouncycastle.crypto.kems.mlkem.Ntt (took 1 ms, size +14%)
INFO: Instrumented org.bouncycastle.crypto.kems.mlkem.Reduce (took 0 ms, size +28%)
INFO: Instrumented org.bouncycastle.crypto.AsymmetricCipherKeyPair (took 0 ms, size +13%)
INFO: Instrumented org.bouncycastle.crypto.kems.MLKEMExtractor (took 0 ms, size +18%)
INFO: Instrumented org.bouncycastle.crypto.EncapsulatedSecretExtractor (took 0 ms, size +0%)
INFO: Instrumented org.bouncycastle.crypto.kems.MLKEMGenerator (took 0 ms, size +14%)
INFO: Instrumented org.bouncycastle.crypto.EncapsulatedSecretGenerator (took 0 ms, size +0%)
INFO: Instrumented org.bouncycastle.crypto.SecretWithEncapsulation (took 0 ms, size +0%)
INFO: Instrumented org.pqcfuzz.target.TargetKind (took 0 ms, size +12%)
INFO: Instrumented org.pqcfuzz.classify.ExpectedRejections (took 0 ms, size +41%)
INFO: Instrumented org.bouncycastle.pqc.crypto.util.SecretWithEncapsulationImpl (took 1 ms, size +25%)
INFO: using inputs from: <repo>/.cifuzz-corpus/org.pqcfuzz.fuzz.PqcDecodeFuzzTest/mlKemParseAndEncapsulate
INFO: using inputs from: <repo>/target/test-classes/org/pqcfuzz/fuzz/PqcDecodeFuzzTestInputs/mlKemParseAndEncapsulate
INFO: using inputs from: /var/folders/m8/hjsd0821793bcvxlpgdpt23r0000gn/T/jazzer-java-seeds4526562095306615259
INFO: found LLVMFuzzerCustomMutator (0x10f803038). Disabling -len_control by default.
INFO: Running with entropic power schedule (0xFF, 100).
INFO: Seed: 3614398369
INFO: Loaded 3 modules   (2048 inline 8-bit counters): 512 [0x7b10c00000, 0x7b10c00200), 512 [0x7b10c00200, 0x7b10c00400), 1024 [0x7b10c00400, 0x7b10c00800), 
INFO: Loaded 3 PC tables (2048 PCs): 512 [0x1051d62c0,0x1051d82c0), 512 [0x7b0f5c0000,0x7b0f5c2000), 1024 [0x7b15cbc000,0x7b15cc0000), 
INFO:        0 files found in <repo>/.cifuzz-corpus/org.pqcfuzz.fuzz.PqcDecodeFuzzTest/mlKemParseAndEncapsulate
INFO:        5 files found in <repo>/target/test-classes/org/pqcfuzz/fuzz/PqcDecodeFuzzTestInputs/mlKemParseAndEncapsulate
INFO:        0 files found in /var/folders/m8/hjsd0821793bcvxlpgdpt23r0000gn/T/jazzer-java-seeds4526562095306615259
INFO: -max_len is not provided; libFuzzer will not generate inputs larger than 4096 bytes
INFO: seed corpus: files: 5 min: 1184b max: 1248b total: 5984b rss: 1169Mb
#6	INITED cov: 251 ft: 263 corp: 5/5984b exec/s: 0 rss: 1169Mb
#9	REDUCE cov: 251 ft: 263 corp: 5/5589b lim: 1248 exec/s: 0 rss: 1169Mb L: 853/1184 MS: 6 CopyPart-Custom-ChangeBit-Custom-CrossOver-Custom-
#21	NEW    cov: 253 ft: 266 corp: 6/6773b lim: 1248 exec/s: 0 rss: 1169Mb L: 1184/1184 MS: 4 ShuffleBytes-Custom-ChangeBinInt-Custom-
#76	REDUCE cov: 253 ft: 266 corp: 6/6415b lim: 1248 exec/s: 0 rss: 1169Mb L: 495/1184 MS: 10 CopyPart-Custom-InsertRepeatedBytes-Custom-ChangeByte-Custom-InsertRepeatedBytes-Custom-EraseBytes-Custom-
#352	REDUCE cov: 253 ft: 266 corp: 6/6276b lim: 1248 exec/s: 0 rss: 1169Mb L: 356/1184 MS: 2 EraseBytes-Custom-
#441	NEW    cov: 253 ft: 267 corp: 7/7460b lim: 1248 exec/s: 0 rss: 1169Mb L: 1184/1184 MS: 8 ShuffleBytes-Custom-ChangeByte-Custom-ShuffleBytes-Custom-ChangeASCIIInt-Custom-
#442	REDUCE cov: 253 ft: 267 corp: 7/7317b lim: 1248 exec/s: 0 rss: 1169Mb L: 213/1184 MS: 2 EraseBytes-Custom-
#669	REDUCE cov: 253 ft: 267 corp: 7/7306b lim: 1248 exec/s: 0 rss: 1169Mb L: 202/1184 MS: 4 InsertRepeatedBytes-Custom-EraseBytes-Custom-
#688	REDUCE cov: 253 ft: 267 corp: 7/7225b lim: 1248 exec/s: 0 rss: 1169Mb L: 121/1184 MS: 8 ChangeByte-Custom-ShuffleBytes-Custom-InsertRepeatedBytes-Custom-EraseBytes-Custom-
#841	REDUCE cov: 253 ft: 267 corp: 7/7167b lim: 1248 exec/s: 0 rss: 1169Mb L: 63/1184 MS: 6 CopyPart-Custom-ChangeBit-Custom-EraseBytes-Custom-
#1093	NEW    cov: 253 ft: 268 corp: 8/8351b lim: 1248 exec/s: 0 rss: 1170Mb L: 1184/1184 MS: 4 ChangeByte-Custom-ChangeASCIIInt-Custom-
#1320	REDUCE cov: 253 ft: 268 corp: 8/8332b lim: 1248 exec/s: 0 rss: 1170Mb L: 44/1184 MS: 4 ChangeBit-Custom-EraseBytes-Custom-
#1495	REDUCE cov: 253 ft: 268 corp: 8/8312b lim: 1248 exec/s: 0 rss: 1170Mb L: 24/1184 MS: 10 CopyPart-Custom-InsertByte-Custom-CopyPart-Custom-ShuffleBytes-Custom-EraseBytes-Custom-
#1576	NEW    cov: 253 ft: 269 corp: 9/9496b lim: 1248 exec/s: 0 rss: 1170Mb L: 1184/1184 MS: 2 ChangeASCIIInt-Custom-
#1729	REDUCE cov: 253 ft: 269 corp: 9/9494b lim: 1248 exec/s: 0 rss: 1170Mb L: 22/1184 MS: 6 CopyPart-Custom-ChangeBinInt-Custom-EraseBytes-Custom-
#2404	REDUCE cov: 253 ft: 269 corp: 9/9487b lim: 1248 exec/s: 0 rss: 1170Mb L: 15/1184 MS: 10 ShuffleBytes-Custom-ChangeByte-Custom-ChangeBit-Custom-ChangeBit-Custom-EraseBytes-Custom-
#2417	REDUCE cov: 253 ft: 269 corp: 9/9486b lim: 1248 exec/s: 0 rss: 1170Mb L: 14/1184 MS: 6 ShuffleBytes-Custom-CMP-Custom-EraseBytes-Custom- DE: "\377\377"-
#2528	NEW    cov: 253 ft: 270 corp: 10/10670b lim: 1248 exec/s: 0 rss: 1170Mb L: 1184/1184 MS: 2 ShuffleBytes-Custom-
#2575	NEW    cov: 253 ft: 271 corp: 11/11854b lim: 1248 exec/s: 0 rss: 1170Mb L: 1184/1184 MS: 4 ChangeBit-Custom-ChangeASCIIInt-Custom-
#2737	REDUCE cov: 253 ft: 271 corp: 11/11851b lim: 1248 exec/s: 0 rss: 1170Mb L: 11/1184 MS: 4 PersAutoDict-Custom-EraseBytes-Custom- DE: "\377\377"-
#2898	REDUCE cov: 253 ft: 271 corp: 11/11846b lim: 1248 exec/s: 0 rss: 1170Mb L: 6/1184 MS: 2 EraseBytes-Custom-
#3095	REDUCE cov: 253 ft: 271 corp: 11/11845b lim: 1248 exec/s: 0 rss: 1170Mb L: 5/1184 MS: 4 PersAutoDict-Custom-EraseBytes-Custom- DE: "\377\377"-
#3561	NEW    cov: 253 ft: 273 corp: 12/13029b lim: 1248 exec/s: 0 rss: 1170Mb L: 1184/1184 MS: 2 ChangeASCIIInt-Custom-
#4058	NEW    cov: 253 ft: 274 corp: 13/14213b lim: 1248 exec/s: 0 rss: 1171Mb L: 1184/1184 MS: 4 ShuffleBytes-Custom-CrossOver-Custom-
#4189	REDUCE cov: 253 ft: 274 corp: 13/14212b lim: 1248 exec/s: 0 rss: 1171Mb L: 4/1184 MS: 2 EraseBytes-Custom-
#4511	NEW    cov: 258 ft: 280 corp: 14/15396b lim: 1248 exec/s: 0 rss: 1171Mb L: 1184/1184 MS: 4 ChangeBit-Custom-CrossOver-Custom-
#4967	REDUCE cov: 258 ft: 280 corp: 14/15394b lim: 1248 exec/s: 0 rss: 1171Mb L: 2/1184 MS: 2 EraseBytes-Custom-
#6878	REDUCE cov: 258 ft: 280 corp: 14/15393b lim: 1258 exec/s: 0 rss: 1171Mb L: 1/1184 MS: 2 EraseBytes-Custom-
#12004	NEW    cov: 258 ft: 281 corp: 15/16Kb lim: 1308 exec/s: 0 rss: 1173Mb L: 1184/1184 MS: 2 CrossOver-Custom-
#12326	NEW    cov: 258 ft: 282 corp: 16/17Kb lim: 1308 exec/s: 0 rss: 1173Mb L: 1184/1184 MS: 4 ChangeBinInt-Custom-CrossOver-Custom-
#20459	NEW    cov: 258 ft: 291 corp: 17/18Kb lim: 1388 exec/s: 0 rss: 1174Mb L: 1184/1184 MS: 6 ShuffleBytes-Custom-ChangeByte-Custom-CopyPart-Custom-
#48810	NEW    cov: 258 ft: 292 corp: 18/19Kb lim: 1668 exec/s: 48810 rss: 1176Mb L: 1184/1184 MS: 8 CMP-Custom-ChangeByte-Custom-ShuffleBytes-Custom-ChangeByte-Custom- DE: "\000\000\000\000\000\000\000\000"-
#62067	NEW    cov: 258 ft: 299 corp: 19/20Kb lim: 1798 exec/s: 62067 rss: 1176Mb L: 1184/1184 MS: 4 PersAutoDict-Custom-ChangeByte-Custom- DE: "\000\000\000\000\000\000\000\000"-
#131072	pulse  cov: 258 ft: 299 corp: 19/20Kb lim: 2477 exec/s: 43690 rss: 1176Mb
#262144	pulse  cov: 258 ft: 299 corp: 19/20Kb lim: 3786 exec/s: 37449 rss: 1176Mb
#524288	pulse  cov: 258 ft: 299 corp: 19/20Kb lim: 4096 exec/s: 37449 rss: 1176Mb
#1048576	pulse  cov: 258 ft: 299 corp: 19/20Kb lim: 4096 exec/s: 36157 rss: 1176Mb
#2097152	pulse  cov: 258 ft: 299 corp: 19/20Kb lim: 4096 exec/s: 36157 rss: 1176Mb
#4194304	pulse  cov: 258 ft: 299 corp: 19/20Kb lim: 4096 exec/s: 36157 rss: 1176Mb
#4358954	DONE   cov: 258 ft: 299 corp: 19/20Kb lim: 4096 exec/s: 36024 rss: 1176Mb
[INFO] Tests run: 7, Failures: 0, Errors: 0, Skipped: 0, Time elapsed: 123.3 s -- in org.pqcfuzz.fuzz.PqcDecodeFuzzTest
[INFO] Tests run: 7, Failures: 0, Errors: 0, Skipped: 0
