INFO: Loaded 287 hooks from com.code_intelligence.jazzer.runtime.TraceCmpHooks
INFO: Loaded 5 hooks from com.code_intelligence.jazzer.runtime.TraceDivHooks
INFO: Loaded 2 hooks from com.code_intelligence.jazzer.runtime.TraceIndirHooks
INFO: Loaded 4 hooks from com.code_intelligence.jazzer.runtime.NativeLibHooks
INFO: Loaded 2 hooks from com.code_intelligence.jazzer.sanitizers.ClojureLangHooks
INFO: Loaded 5 hooks from com.code_intelligence.jazzer.sanitizers.Deserialization
INFO: Loaded 5 hooks from com.code_intelligence.jazzer.sanitizers.ExpressionLanguageInjection
INFO: Loaded 70 hooks from com.code_intelligence.jazzer.sanitizers.LdapInjection
INFO: Loaded 46 hooks from com.code_intelligence.jazzer.sanitizers.NamingContextLookup
INFO: Loaded 1 hooks from com.code_intelligence.jazzer.sanitizers.OsCommandInjection
INFO: Loaded 48 hooks from com.code_intelligence.jazzer.sanitizers.ReflectiveCall
INFO: Loaded 8 hooks from com.code_intelligence.jazzer.sanitizers.RegexInjection
INFO: Loaded 16 hooks from com.code_intelligence.jazzer.sanitizers.RegexRoadblocks
INFO: Loaded 12 hooks from com.code_intelligence.jazzer.sanitizers.ScriptEngineInjection
INFO: Loaded 3 hooks from com.code_intelligence.jazzer.sanitizers.ServerSideRequestForgery
INFO: Loaded 19 hooks from com.code_intelligence.jazzer.sanitizers.SqlInjection
INFO: Loaded 6 hooks from com.code_intelligence.jazzer.sanitizers.XPathInjection
INFO: Instrumented org.pqcfuzz.classify.Classifier (took 89 ms, size +26%)
INFO: Instrumented org.pqcfuzz.target.FuzzTarget (took 0 ms, size +12%)
INFO: Instrumented org.pqcfuzz.classify.Outcome (took 3 ms, size +13%)
INFO: Instrumented org.pqcfuzz.fuzz.PqcDecodeFuzzTest (took 15 ms, size +12%)
INFO: Instrumented org.pqcfuzz.target.Targets (took 14 ms, size +19%)
INFO: Instrumented org.pqcfuzz.target.mlkem.MlKem768DecapTarget (took 2 ms, size +13%)
INFO: Instrumented org.pqcfuzz.target.mlkem.MlKem768PublicKeyParseTarget (took 2 ms, size +15%)
INFO: Instrumented org.pqcfuzz.target.mldsa.MlDsa65VerifyTarget (took 3 ms, size +11%)
INFO: Instrumented org.bouncycastle.crypto.CipherParameters (took 0 ms, size +0%)
INFO: Instrumented org.pqcfuzz.target.mldsa.MlDsa65PublicKeyParseTarget (took 2 ms, size +15%)
INFO: Instrumented org.pqcfuzz.target.slhdsa.SlhDsaVerifyTarget (took 2 ms, size +10%)
INFO: Instrumented org.pqcfuzz.target.slhdsa.SlhDsaPublicKeyParseTarget (took 1 ms, size +14%)
INFO: Instrumented org.pqcfuzz.target.mlkem.MlKem768ParseAndEncapsulateTarget (took 1 ms, size +11%)
INFO: Instrumented org.bouncycastle.crypto.params.AsymmetricKeyParameter (took 0 ms, size +32%)
INFO: Instrumented org.bouncycastle.crypto.params.MLKEMPublicKeyParameters (took 2 ms, size +22%)
INFO: Instrumented org.bouncycastle.crypto.params.MLKEMKeyParameters (took 0 ms, size +23%)
INFO: Instrumented org.pqcfuzz.util.DeterministicSecureRandom (took 2 ms, size +24%)
INFO: Instrumented org.pqcfuzz.target.mldsa.MlDsa65ParseAndVerifyTarget (took 2 ms, size +10%)
INFO: Instrumented org.pqcfuzz.target.slhdsa.SlhDsaParseAndVerifyTarget (took 3 ms, size +10%)
INFO: Instrumented org.pqcfuzz.target.jdk.JdkMlKem768DecapTarget (took 2 ms, size +12%)
INFO: Instrumented org.pqcfuzz.target.jdk.JdkMlKem768PublicKeyParseTarget (took 2 ms, size +11%)
INFO: Instrumented org.pqcfuzz.target.jdk.JdkMlDsa65VerifyTarget (took 4 ms, size +10%)
INFO: Instrumented org.pqcfuzz.target.jdk.JdkMlDsa65PublicKeyParseTarget (took 2 ms, size +12%)
INFO: Instrumented org.pqcfuzz.target.jdk.JdkMlKem768ParseAndEncapsulateTarget (took 3 ms, size +9%)
INFO: Instrumented org.pqcfuzz.target.jdk.JdkMlDsa65ParseAndVerifyTarget (took 1 ms, size +9%)
INFO: Instrumented org.pqcfuzz.target.mlkem.MlKemKeys (took 1 ms, size +6%)
INFO: Instrumented org.bouncycastle.crypto.KeyGenerationParameters (took 0 ms, size +19%)
INFO: Instrumented org.bouncycastle.crypto.params.MLKEMKeyGenerationParameters (took 1 ms, size +20%)
INFO: Instrumented org.bouncycastle.crypto.params.MLKEMParameters (took 1 ms, size +11%)
INFO: Instrumented org.bouncycastle.crypto.KEMParameters (took 0 ms, size +0%)
INFO: Instrumented org.bouncycastle.crypto.generators.MLKEMKeyPairGenerator (took 1 ms, size +7%)
INFO: Instrumented org.bouncycastle.crypto.AsymmetricCipherKeyPairGenerator (took 0 ms, size +0%)
INFO: Instrumented org.bouncycastle.crypto.params.MLKEMPrivateKeyParameters (took 6 ms, size +14%)
INFO: New number of coverage counters: 1024
INFO: Instrumented org.bouncycastle.crypto.CryptoServicesRegistrar (took 4 ms, size +12%)
INFO: Instrumented org.bouncycastle.crypto.CryptoServicesPermission (took 1 ms, size +72%)
INFO: Instrumented org.bouncycastle.crypto.SecureRandomProvider (took 0 ms, size +0%)
INFO: Instrumented org.bouncycastle.crypto.CryptoServicesConstraints (took 0 ms, size +0%)
INFO: Instrumented org.bouncycastle.crypto.CryptoServicesRegistrar$ThreadLocalSecureRandomProvider (took 0 ms, size +13%)
INFO: Instrumented org.bouncycastle.crypto.CryptoServicesRegistrar$1 (took 0 ms, size +24%)
INFO: Instrumented org.bouncycastle.crypto.params.DSAParameters (took 1 ms, size +66%)
INFO: Instrumented org.bouncycastle.crypto.params.DSAValidationParameters (took 0 ms, size +38%)
INFO: Instrumented org.bouncycastle.util.encoders.Hex (took 1 ms, size +13%)
INFO: Instrumented org.bouncycastle.util.encoders.DecoderException (took 0 ms, size +27%)
INFO: Instrumented org.bouncycastle.util.encoders.EncoderException (took 0 ms, size +27%)
INFO: Instrumented org.bouncycastle.util.encoders.HexEncoder (took 3 ms, size +37%)
INFO: Instrumented org.bouncycastle.util.encoders.Encoder (took 0 ms, size +0%)
INFO: Instrumented org.bouncycastle.util.Arrays (took 17 ms, size +34%)
INFO: Instrumented org.bouncycastle.crypto.CryptoServicesRegistrar$Property (took 1 ms, size +10%)
INFO: New number of coverage counters: 2048
INFO: Instrumented org.bouncycastle.asn1.x9.X9ECParameters (took 12 ms, size +12%)
INFO: Instrumented org.bouncycastle.asn1.x9.X9ObjectIdentifiers (took 1 ms, size +3%)
INFO: Instrumented org.bouncycastle.asn1.ASN1Object (took 1 ms, size +30%)
INFO: Instrumented org.bouncycastle.asn1.ASN1Encodable (took 0 ms, size +0%)
INFO: Instrumented org.bouncycastle.util.Encodable (took 0 ms, size +0%)
INFO: Instrumented org.bouncycastle.crypto.params.DHParameters (took 4 ms, size +39%)
INFO: Instrumented org.bouncycastle.crypto.params.DHValidationParameters (took 2 ms, size +45%)
INFO: Instrumented org.bouncycastle.crypto.kems.mlkem.MLKEMEngine (took 5 ms, size +9%)
INFO: Instrumented org.bouncycastle.crypto.kems.mlkem.MLKEMIndCpa (took 4 ms, size +17%)
INFO: Instrumented org.bouncycastle.crypto.Xof (took 0 ms, size +0%)
INFO: Instrumented org.bouncycastle.crypto.ExtendedDigest (took 0 ms, size +0%)
INFO: Instrumented org.bouncycastle.crypto.Digest (took 0 ms, size +0%)
INFO: Instrumented org.bouncycastle.crypto.kems.mlkem.PolyVec (took 3 ms, size +23%)
INFO: Instrumented org.bouncycastle.crypto.kems.mlkem.Poly (took 7 ms, size +20%)
INFO: Instrumented org.bouncycastle.crypto.digests.SHA3Digest (took 2 ms, size +23%)
INFO: Instrumented org.bouncycastle.crypto.SavableDigest (took 0 ms, size +0%)
INFO: Instrumented org.bouncycastle.crypto.digests.EncodableDigest (took 0 ms, size +0%)
INFO: Instrumented org.bouncycastle.crypto.EncodableService (took 0 ms, size +0%)
INFO: Instrumented org.bouncycastle.util.Memoable (took 0 ms, size +0%)
INFO: Instrumented org.bouncycastle.crypto.digests.KeccakDigest (took 6 ms, size +19%)
INFO: Instrumented org.bouncycastle.crypto.CryptoServicePurpose (took 1 ms, size +8%)
INFO: Instrumented org.bouncycastle.crypto.digests.Utils (took 0 ms, size +10%)
INFO: Instrumented org.bouncycastle.crypto.CryptoServiceProperties (took 0 ms, size +0%)
INFO: Instrumented org.bouncycastle.crypto.digests.Utils$DefaultPropertiesWithPRF (took 0 ms, size +12%)
INFO: Instrumented org.bouncycastle.util.Pack (took 6 ms, size +24%)
INFO: Instrumented org.bouncycastle.crypto.digests.SHAKEDigest (took 2 ms, size +21%)
INFO: Instrumented org.bouncycastle.crypto.digests.Utils$DefaultProperties (took 0 ms, size +14%)
INFO: Instrumented org.bouncycastle.crypto.kems.mlkem.CBD (took 0 ms, size +41%)
INFO: Instrumented org.bouncycastle.crypto.kems.mlkem.Ntt (took 1 ms, size +14%)
INFO: Instrumented org.bouncycastle.crypto.kems.mlkem.Reduce (took 1 ms, size +28%)
INFO: Instrumented org.bouncycastle.crypto.AsymmetricCipherKeyPair (took 1 ms, size +13%)
INFO: Instrumented org.bouncycastle.crypto.kems.MLKEMExtractor (took 0 ms, size +18%)
INFO: Instrumented org.bouncycastle.crypto.EncapsulatedSecretExtractor (took 0 ms, size +0%)
INFO: Instrumented org.bouncycastle.crypto.kems.MLKEMGenerator (took 0 ms, size +14%)
INFO: Instrumented org.bouncycastle.crypto.EncapsulatedSecretGenerator (took 0 ms, size +0%)
INFO: Instrumented org.bouncycastle.crypto.SecretWithEncapsulation (took 0 ms, size +0%)
INFO: Instrumented org.bouncycastle.pqc.crypto.util.SecretWithEncapsulationImpl (took 0 ms, size +25%)
INFO: Instrumented org.pqcfuzz.target.TargetKind (took 2 ms, size +12%)
INFO: Instrumented org.pqcfuzz.classify.ExpectedRejections (took 1 ms, size +41%)
INFO: using inputs from: <repo>/.cifuzz-corpus/org.pqcfuzz.fuzz.PqcDecodeFuzzTest/mlKemDecap
INFO: using inputs from: <repo>/target/test-classes/org/pqcfuzz/fuzz/PqcDecodeFuzzTestInputs/mlKemDecap
INFO: using inputs from: /var/folders/m8/hjsd0821793bcvxlpgdpt23r0000gn/T/jazzer-java-seeds14405395830763617218
INFO: found LLVMFuzzerCustomMutator (0x107b6b038). Disabling -len_control by default.
INFO: Running with entropic power schedule (0xFF, 100).
INFO: Seed: 3162486751
INFO: Loaded 3 modules   (2048 inline 8-bit counters): 512 [0x7922c00000, 0x7922c00200), 512 [0x7922c00200, 0x7922c00400), 1024 [0x7922c00400, 0x7922c00800), 
INFO: Loaded 3 PC tables (2048 PCs): 512 [0x7925880000,0x7925882000), 512 [0x7925882000,0x7925884000), 1024 [0x7925218000,0x792521c000), 
INFO:        0 files found in <repo>/.cifuzz-corpus/org.pqcfuzz.fuzz.PqcDecodeFuzzTest/mlKemDecap
INFO:        5 files found in <repo>/target/test-classes/org/pqcfuzz/fuzz/PqcDecodeFuzzTestInputs/mlKemDecap
INFO:        0 files found in /var/folders/m8/hjsd0821793bcvxlpgdpt23r0000gn/T/jazzer-java-seeds14405395830763617218
INFO: -max_len is not provided; libFuzzer will not generate inputs larger than 4096 bytes
INFO: seed corpus: files: 5 min: 1088b max: 1152b total: 5504b rss: 1148Mb
#6	INITED cov: 252 ft: 253 corp: 2/2240b exec/s: 0 rss: 1148Mb
#20	REDUCE cov: 252 ft: 253 corp: 2/2184b lim: 1152 exec/s: 0 rss: 1148Mb L: 1096/1096 MS: 8 CMP-Custom-ShuffleBytes-Custom-ChangeBit-Custom-EraseBytes-Custom- DE: "\000\000\000\000\000\000\000\000"-
#35	REDUCE cov: 252 ft: 253 corp: 2/1994b lim: 1152 exec/s: 0 rss: 1148Mb L: 906/1088 MS: 10 ChangeBinInt-Custom-CrossOver-Custom-ShuffleBytes-Custom-CopyPart-Custom-EraseBytes-Custom-
#42	REDUCE cov: 252 ft: 253 corp: 2/1688b lim: 1152 exec/s: 0 rss: 1148Mb L: 600/1088 MS: 4 ChangeByte-Custom-EraseBytes-Custom-
#46	REDUCE cov: 252 ft: 253 corp: 2/1636b lim: 1152 exec/s: 0 rss: 1148Mb L: 548/1088 MS: 8 ShuffleBytes-Custom-ChangeASCIIInt-Custom-CopyPart-Custom-EraseBytes-Custom-
#49	REDUCE cov: 252 ft: 253 corp: 2/1445b lim: 1152 exec/s: 0 rss: 1148Mb L: 357/1088 MS: 6 ShuffleBytes-Custom-ChangeBinInt-Custom-EraseBytes-Custom-
#125	REDUCE cov: 252 ft: 253 corp: 2/1204b lim: 1152 exec/s: 0 rss: 1148Mb L: 116/1088 MS: 2 CrossOver-Custom-
#146	REDUCE cov: 252 ft: 253 corp: 2/1150b lim: 1152 exec/s: 0 rss: 1148Mb L: 62/1088 MS: 2 EraseBytes-Custom-
#197	REDUCE cov: 252 ft: 253 corp: 2/1149b lim: 1152 exec/s: 0 rss: 1148Mb L: 61/1088 MS: 2 EraseBytes-Custom-
#210	REDUCE cov: 252 ft: 253 corp: 2/1143b lim: 1152 exec/s: 0 rss: 1148Mb L: 55/1088 MS: 6 CopyPart-Custom-PersAutoDict-Custom-EraseBytes-Custom- DE: "\000\000\000\000\000\000\000\000"-
#222	REDUCE cov: 252 ft: 253 corp: 2/1125b lim: 1152 exec/s: 0 rss: 1148Mb L: 37/1088 MS: 4 PersAutoDict-Custom-CrossOver-Custom- DE: "\000\000\000\000\000\000\000\000"-
#281	REDUCE cov: 252 ft: 253 corp: 2/1112b lim: 1152 exec/s: 0 rss: 1149Mb L: 24/1088 MS: 8 ChangeByte-Custom-ChangeASCIIInt-Custom-ChangeByte-Custom-EraseBytes-Custom-
#311	REDUCE cov: 252 ft: 253 corp: 2/1110b lim: 1152 exec/s: 0 rss: 1150Mb L: 22/1088 MS: 10 PersAutoDict-Custom-ChangeBit-Custom-ChangeByte-Custom-InsertByte-Custom-EraseBytes-Custom- DE: "\000\000\000\000\000\000\000\000"-
#329	REDUCE cov: 252 ft: 253 corp: 2/1107b lim: 1152 exec/s: 0 rss: 1150Mb L: 19/1088 MS: 6 CopyPart-Custom-CMP-Custom-EraseBytes-Custom- DE: "\000\000\000\000\000\000\000\000"-
#361	REDUCE cov: 252 ft: 253 corp: 2/1098b lim: 1152 exec/s: 0 rss: 1151Mb L: 10/1088 MS: 4 CMP-Custom-EraseBytes-Custom- DE: "\000\000\000\000\000\000\000\000"-
#382	REDUCE cov: 252 ft: 253 corp: 2/1095b lim: 1152 exec/s: 0 rss: 1151Mb L: 7/1088 MS: 2 EraseBytes-Custom-
#425	REDUCE cov: 252 ft: 253 corp: 2/1092b lim: 1152 exec/s: 0 rss: 1151Mb L: 4/1088 MS: 6 ChangeBit-Custom-InsertByte-Custom-EraseBytes-Custom-
#426	REDUCE cov: 252 ft: 253 corp: 2/1091b lim: 1152 exec/s: 0 rss: 1151Mb L: 3/1088 MS: 2 EraseBytes-Custom-
#432	REDUCE cov: 252 ft: 253 corp: 2/1090b lim: 1152 exec/s: 0 rss: 1151Mb L: 2/1088 MS: 2 EraseBytes-Custom-
#513	REDUCE cov: 252 ft: 253 corp: 2/1089b lim: 1152 exec/s: 0 rss: 1151Mb L: 1/1088 MS: 2 EraseBytes-Custom-
#65536	pulse  cov: 252 ft: 253 corp: 2/1089b lim: 1792 exec/s: 21845 rss: 1231Mb
#131072	pulse  cov: 252 ft: 253 corp: 2/1089b lim: 2448 exec/s: 21845 rss: 1231Mb
#262144	pulse  cov: 252 ft: 253 corp: 2/1089b lim: 3746 exec/s: 21845 rss: 1231Mb
#524288	pulse  cov: 252 ft: 253 corp: 2/1089b lim: 4096 exec/s: 22795 rss: 1231Mb
#1048576	pulse  cov: 252 ft: 253 corp: 2/1089b lim: 4096 exec/s: 22795 rss: 1231Mb
#2097152	pulse  cov: 252 ft: 253 corp: 2/1089b lim: 4096 exec/s: 22795 rss: 1231Mb
#2718836	DONE   cov: 252 ft: 253 corp: 2/1089b lim: 4096 exec/s: 22469 rss: 1231Mb
[INFO] Tests run: 7, Failures: 0, Errors: 0, Skipped: 0, Time elapsed: 123.9 s -- in org.pqcfuzz.fuzz.PqcDecodeFuzzTest
[INFO] Tests run: 7, Failures: 0, Errors: 0, Skipped: 0
