INFO: Loaded 287 hooks from com.code_intelligence.jazzer.runtime.TraceCmpHooks
INFO: Loaded 5 hooks from com.code_intelligence.jazzer.runtime.TraceDivHooks
INFO: Loaded 2 hooks from com.code_intelligence.jazzer.runtime.TraceIndirHooks
INFO: Loaded 4 hooks from com.code_intelligence.jazzer.runtime.NativeLibHooks
INFO: Loaded 2 hooks from com.code_intelligence.jazzer.sanitizers.ClojureLangHooks
INFO: Loaded 5 hooks from com.code_intelligence.jazzer.sanitizers.Deserialization
INFO: Loaded 5 hooks from com.code_intelligence.jazzer.sanitizers.ExpressionLanguageInjection
INFO: Loaded 70 hooks from com.code_intelligence.jazzer.sanitizers.LdapInjection
INFO: Loaded 46 hooks from com.code_intelligence.jazzer.sanitizers.NamingContextLookup
INFO: Loaded 1 hooks from com.code_intelligence.jazzer.sanitizers.OsCommandInjection
INFO: Loaded 48 hooks from com.code_intelligence.jazzer.sanitizers.ReflectiveCall
INFO: Loaded 8 hooks from com.code_intelligence.jazzer.sanitizers.RegexInjection
INFO: Loaded 16 hooks from com.code_intelligence.jazzer.sanitizers.RegexRoadblocks
INFO: Loaded 12 hooks from com.code_intelligence.jazzer.sanitizers.ScriptEngineInjection
INFO: Loaded 3 hooks from com.code_intelligence.jazzer.sanitizers.ServerSideRequestForgery
INFO: Loaded 19 hooks from com.code_intelligence.jazzer.sanitizers.SqlInjection
INFO: Loaded 6 hooks from com.code_intelligence.jazzer.sanitizers.XPathInjection
INFO: Instrumented org.pqcfuzz.classify.Classifier (took 63 ms, size +26%)
INFO: Instrumented org.pqcfuzz.target.FuzzTarget (took 1 ms, size +12%)
INFO: Instrumented org.pqcfuzz.classify.Outcome (took 4 ms, size +13%)
INFO: Instrumented org.pqcfuzz.fuzz.PqcDecodeFuzzTest (took 13 ms, size +12%)
INFO: Instrumented org.pqcfuzz.target.Targets (took 11 ms, size +19%)
INFO: Instrumented org.pqcfuzz.target.mlkem.MlKem768DecapTarget (took 3 ms, size +13%)
INFO: Instrumented org.pqcfuzz.target.mlkem.MlKem768PublicKeyParseTarget (took 3 ms, size +15%)
INFO: Instrumented org.pqcfuzz.target.mldsa.MlDsa65VerifyTarget (took 2 ms, size +11%)
INFO: Instrumented org.bouncycastle.crypto.CipherParameters (took 0 ms, size +0%)
INFO: Instrumented org.pqcfuzz.target.mldsa.MlDsa65PublicKeyParseTarget (took 1 ms, size +15%)
INFO: Instrumented org.pqcfuzz.target.slhdsa.SlhDsaVerifyTarget (took 3 ms, size +10%)
INFO: Instrumented org.pqcfuzz.target.slhdsa.SlhDsaPublicKeyParseTarget (took 2 ms, size +14%)
INFO: Instrumented org.pqcfuzz.target.mlkem.MlKem768ParseAndEncapsulateTarget (took 2 ms, size +11%)
INFO: Instrumented org.bouncycastle.crypto.params.AsymmetricKeyParameter (took 0 ms, size +32%)
INFO: Instrumented org.bouncycastle.crypto.params.MLKEMPublicKeyParameters (took 3 ms, size +22%)
INFO: Instrumented org.bouncycastle.crypto.params.MLKEMKeyParameters (took 0 ms, size +23%)
INFO: Instrumented org.pqcfuzz.util.DeterministicSecureRandom (took 1 ms, size +24%)
INFO: Instrumented org.pqcfuzz.target.mldsa.MlDsa65ParseAndVerifyTarget (took 1 ms, size +10%)
INFO: Instrumented org.pqcfuzz.target.slhdsa.SlhDsaParseAndVerifyTarget (took 2 ms, size +10%)
INFO: Instrumented org.pqcfuzz.target.jdk.JdkMlKem768DecapTarget (took 3 ms, size +12%)
INFO: Instrumented org.pqcfuzz.target.jdk.JdkMlKem768PublicKeyParseTarget (took 2 ms, size +11%)
INFO: Instrumented org.pqcfuzz.target.jdk.JdkMlDsa65VerifyTarget (took 4 ms, size +10%)
INFO: Instrumented org.pqcfuzz.target.jdk.JdkMlDsa65PublicKeyParseTarget (took 1 ms, size +12%)
INFO: Instrumented org.pqcfuzz.target.jdk.JdkMlKem768ParseAndEncapsulateTarget (took 1 ms, size +9%)
INFO: Instrumented org.pqcfuzz.target.jdk.JdkMlDsa65ParseAndVerifyTarget (took 3 ms, size +9%)
INFO: Instrumented org.pqcfuzz.target.mlkem.MlKemKeys (took 0 ms, size +6%)
INFO: Instrumented org.bouncycastle.crypto.KeyGenerationParameters (took 0 ms, size +19%)
INFO: Instrumented org.bouncycastle.crypto.params.MLKEMKeyGenerationParameters (took 0 ms, size +20%)
INFO: Instrumented org.bouncycastle.crypto.params.MLKEMParameters (took 1 ms, size +11%)
INFO: Instrumented org.bouncycastle.crypto.KEMParameters (took 0 ms, size +0%)
INFO: Instrumented org.bouncycastle.crypto.generators.MLKEMKeyPairGenerator (took 2 ms, size +7%)
INFO: Instrumented org.bouncycastle.crypto.AsymmetricCipherKeyPairGenerator (took 0 ms, size +0%)
INFO: Instrumented org.bouncycastle.crypto.params.MLKEMPrivateKeyParameters (took 3 ms, size +14%)
INFO: New number of coverage counters: 1024
INFO: Instrumented org.bouncycastle.crypto.CryptoServicesRegistrar (took 12 ms, size +12%)
INFO: Instrumented org.bouncycastle.crypto.CryptoServicesPermission (took 2 ms, size +72%)
INFO: Instrumented org.bouncycastle.crypto.SecureRandomProvider (took 0 ms, size +0%)
INFO: Instrumented org.bouncycastle.crypto.CryptoServicesConstraints (took 0 ms, size +0%)
INFO: Instrumented org.bouncycastle.crypto.CryptoServicesRegistrar$ThreadLocalSecureRandomProvider (took 0 ms, size +13%)
INFO: Instrumented org.bouncycastle.crypto.CryptoServicesRegistrar$1 (took 0 ms, size +24%)
INFO: Instrumented org.bouncycastle.crypto.params.DSAParameters (took 1 ms, size +66%)
INFO: Instrumented org.bouncycastle.crypto.params.DSAValidationParameters (took 1 ms, size +38%)
INFO: Instrumented org.bouncycastle.util.encoders.Hex (took 2 ms, size +13%)
INFO: Instrumented org.bouncycastle.util.encoders.DecoderException (took 0 ms, size +27%)
INFO: Instrumented org.bouncycastle.util.encoders.EncoderException (took 0 ms, size +27%)
INFO: Instrumented org.bouncycastle.util.encoders.HexEncoder (took 5 ms, size +37%)
INFO: Instrumented org.bouncycastle.util.encoders.Encoder (took 0 ms, size +0%)
INFO: Instrumented org.bouncycastle.util.Arrays (took 28 ms, size +34%)
INFO: Instrumented org.bouncycastle.crypto.CryptoServicesRegistrar$Property (took 1 ms, size +10%)
INFO: New number of coverage counters: 2048
INFO: Instrumented org.bouncycastle.asn1.x9.X9ECParameters (took 4 ms, size +12%)
INFO: Instrumented org.bouncycastle.asn1.x9.X9ObjectIdentifiers (took 2 ms, size +3%)
INFO: Instrumented org.bouncycastle.asn1.ASN1Object (took 3 ms, size +30%)
INFO: Instrumented org.bouncycastle.asn1.ASN1Encodable (took 0 ms, size +0%)
INFO: Instrumented org.bouncycastle.util.Encodable (took 0 ms, size +0%)
INFO: Instrumented org.bouncycastle.crypto.params.DHParameters (took 3 ms, size +39%)
INFO: Instrumented org.bouncycastle.crypto.params.DHValidationParameters (took 1 ms, size +45%)
INFO: Instrumented org.bouncycastle.crypto.kems.mlkem.MLKEMEngine (took 4 ms, size +9%)
INFO: Instrumented org.bouncycastle.crypto.kems.mlkem.MLKEMIndCpa (took 3 ms, size +17%)
INFO: Instrumented org.bouncycastle.crypto.Xof (took 0 ms, size +0%)
INFO: Instrumented org.bouncycastle.crypto.ExtendedDigest (took 0 ms, size +0%)
INFO: Instrumented org.bouncycastle.crypto.Digest (took 0 ms, size +0%)
INFO: Instrumented org.bouncycastle.crypto.kems.mlkem.PolyVec (took 2 ms, size +23%)
INFO: Instrumented org.bouncycastle.crypto.kems.mlkem.Poly (took 5 ms, size +20%)
INFO: Instrumented org.bouncycastle.crypto.digests.SHA3Digest (took 8 ms, size +23%)
INFO: Instrumented org.bouncycastle.crypto.SavableDigest (took 0 ms, size +0%)
INFO: Instrumented org.bouncycastle.crypto.digests.EncodableDigest (took 0 ms, size +0%)
INFO: Instrumented org.bouncycastle.crypto.EncodableService (took 0 ms, size +0%)
INFO: Instrumented org.bouncycastle.util.Memoable (took 0 ms, size +0%)
INFO: Instrumented org.bouncycastle.crypto.digests.KeccakDigest (took 4 ms, size +19%)
INFO: Instrumented org.bouncycastle.crypto.CryptoServicePurpose (took 0 ms, size +8%)
INFO: Instrumented org.bouncycastle.crypto.digests.Utils (took 1 ms, size +10%)
INFO: Instrumented org.bouncycastle.crypto.CryptoServiceProperties (took 0 ms, size +0%)
INFO: Instrumented org.bouncycastle.crypto.digests.Utils$DefaultPropertiesWithPRF (took 0 ms, size +12%)
INFO: Instrumented org.bouncycastle.util.Pack (took 6 ms, size +24%)
INFO: Instrumented org.bouncycastle.crypto.digests.SHAKEDigest (took 4 ms, size +21%)
INFO: Instrumented org.bouncycastle.crypto.digests.Utils$DefaultProperties (took 1 ms, size +14%)
INFO: Instrumented org.bouncycastle.crypto.kems.mlkem.CBD (took 0 ms, size +41%)
INFO: Instrumented org.bouncycastle.crypto.kems.mlkem.Ntt (took 1 ms, size +14%)
INFO: Instrumented org.bouncycastle.crypto.kems.mlkem.Reduce (took 0 ms, size +28%)
INFO: Instrumented org.bouncycastle.crypto.AsymmetricCipherKeyPair (took 1 ms, size +13%)
INFO: Instrumented org.bouncycastle.crypto.kems.MLKEMExtractor (took 0 ms, size +18%)
INFO: Instrumented org.bouncycastle.crypto.EncapsulatedSecretExtractor (took 0 ms, size +0%)
INFO: Instrumented org.bouncycastle.crypto.kems.MLKEMGenerator (took 0 ms, size +14%)
INFO: Instrumented org.bouncycastle.crypto.EncapsulatedSecretGenerator (took 0 ms, size +0%)
INFO: Instrumented org.bouncycastle.crypto.SecretWithEncapsulation (took 0 ms, size +0%)
INFO: Instrumented org.pqcfuzz.target.TargetKind (took 0 ms, size +12%)
INFO: Instrumented org.pqcfuzz.classify.ExpectedRejections (took 0 ms, size +41%)
INFO: Instrumented org.bouncycastle.pqc.crypto.util.SecretWithEncapsulationImpl (took 0 ms, size +25%)
INFO: found LLVMFuzzerCustomMutator (0x1076b3038). Disabling -len_control by default.
INFO: Running with entropic power schedule (0xFF, 100).
INFO: Seed: 3412733966
INFO: Loaded 3 modules   (2048 inline 8-bit counters): 512 [0x75ac584000, 0x75ac584200), 512 [0x75ac584200, 0x75ac584400), 1024 [0x75ac584400, 0x75ac584800), 
INFO: Loaded 3 PC tables (2048 PCs): 512 [0x75accac000,0x75accae000), 512 [0x75accae000,0x75accb0000), 1024 [0x75af360000,0x75af364000), 
INFO:        0 files found in <repo>/.cifuzz-corpus/org.pqcfuzz.fuzz.PqcDecodeFuzzTest/mlKemParseAndEncapsulate
INFO:        5 files found in <repo>/target/test-classes/org/pqcfuzz/fuzz/PqcDecodeFuzzTestInputs/mlKemParseAndEncapsulate
INFO:        0 files found in /var/folders/m8/hjsd0821793bcvxlpgdpt23r0000gn/T/jazzer-java-seeds15211142667957264018
INFO: -max_len is not provided; libFuzzer will not generate inputs larger than 4096 bytes
INFO: seed corpus: files: 5 min: 1184b max: 1248b total: 5984b rss: 1204Mb
#6	INITED cov: 251 ft: 263 corp: 5/5984b exec/s: 0 rss: 1204Mb
#12	NEW    cov: 253 ft: 266 corp: 6/7168b lim: 1248 exec/s: 0 rss: 1204Mb L: 1184/1248 MS: 2 CMP-Custom- DE: "\377\377\377\377\377\377\377\377"-
#60	REDUCE cov: 253 ft: 266 corp: 6/6737b lim: 1248 exec/s: 0 rss: 1204Mb L: 817/1184 MS: 6 ChangeByte-Custom-ChangeBinInt-Custom-EraseBytes-Custom-
#71	NEW    cov: 253 ft: 267 corp: 7/7921b lim: 1248 exec/s: 0 rss: 1204Mb L: 1184/1184 MS: 2 CMP-Custom- DE: "\377\377\377\033"-
#74	REDUCE cov: 253 ft: 267 corp: 7/7217b lim: 1248 exec/s: 0 rss: 1204Mb L: 113/1184 MS: 6 ChangeByte-Custom-InsertByte-Custom-CrossOver-Custom-
#100	REDUCE cov: 253 ft: 267 corp: 7/7165b lim: 1248 exec/s: 0 rss: 1204Mb L: 61/1184 MS: 2 EraseBytes-Custom-
#126	NEW    cov: 253 ft: 269 corp: 8/8349b lim: 1248 exec/s: 0 rss: 1204Mb L: 1184/1184 MS: 2 ChangeByte-Custom-
#432	REDUCE cov: 253 ft: 269 corp: 8/8341b lim: 1248 exec/s: 0 rss: 1204Mb L: 53/1184 MS: 2 EraseBytes-Custom-
INFO: #493	REDUCE cov: 253 ft: 269 corp: 8/8315b lim: 1248 exec/s: 0 rss: 1204Mb L: 27/1184 MS: 2 EraseBytes-Custom-
INFO: using inputs from: <repo>/target/test-classes/org/pqcfuzz/fuzz/PqcDecodeFuzzTestInputs/mlKemParseAndEncapsulate
INFO: using inputs from: /var/folders/m8/hjsd0821793bcvxlpgdpt23r0000gn/T/jazzer-java-seeds15211142667957264018
#512	REDUCE cov: 253 ft: 269 corp: 8/8303b lim: 1248 exec/s: 0 rss: 1204Mb L: 15/1184 MS: 8 ShuffleBytes-Custom-InsertByte-Custom-CMP-Custom-EraseBytes-Custom- DE: "\377\002"-
#553	NEW    cov: 253 ft: 271 corp: 9/9487b lim: 1248 exec/s: 0 rss: 1204Mb L: 1184/1184 MS: 2 ChangeASCIIInt-Custom-
#1020	REDUCE cov: 253 ft: 271 corp: 9/9482b lim: 1248 exec/s: 0 rss: 1204Mb L: 10/1184 MS: 4 InsertByte-Custom-EraseBytes-Custom-
#1102	REDUCE cov: 253 ft: 271 corp: 9/9481b lim: 1248 exec/s: 0 rss: 1204Mb L: 9/1184 MS: 4 PersAutoDict-Custom-EraseBytes-Custom- DE: "\377\002"-
#1151	REDUCE cov: 253 ft: 271 corp: 9/9478b lim: 1248 exec/s: 0 rss: 1204Mb L: 6/1184 MS: 8 ChangeByte-Custom-PersAutoDict-Custom-PersAutoDict-Custom-EraseBytes-Custom- DE: "\377\002"-"\377\377\377\377\377\377\377\377"-
#1252	NEW    cov: 253 ft: 272 corp: 10/10662b lim: 1248 exec/s: 0 rss: 1204Mb L: 1184/1184 MS: 2 ChangeBit-Custom-
#1493	NEW    cov: 258 ft: 278 corp: 11/11846b lim: 1248 exec/s: 0 rss: 1204Mb L: 1184/1184 MS: 2 ChangeBinInt-Custom-
#1589	NEW    cov: 258 ft: 279 corp: 12/13030b lim: 1248 exec/s: 0 rss: 1204Mb L: 1184/1184 MS: 2 ChangeBit-Custom-
#2208	REDUCE cov: 258 ft: 279 corp: 12/13029b lim: 1248 exec/s: 0 rss: 1204Mb L: 5/1184 MS: 8 ChangeBit-Custom-ChangeByte-Custom-PersAutoDict-Custom-EraseBytes-Custom- DE: "\377\377\377\033"-
#2339	REDUCE cov: 258 ft: 279 corp: 12/13027b lim: 1248 exec/s: 0 rss: 1204Mb L: 3/1184 MS: 2 EraseBytes-Custom-
#2821	REDUCE cov: 258 ft: 279 corp: 12/13026b lim: 1248 exec/s: 0 rss: 1204Mb L: 2/1184 MS: 4 CopyPart-Custom-EraseBytes-Custom-
#2907	REDUCE cov: 258 ft: 279 corp: 12/13025b lim: 1248 exec/s: 0 rss: 1204Mb L: 1/1184 MS: 2 EraseBytes-Custom-
#4458	NEW    cov: 258 ft: 280 corp: 13/14209b lim: 1258 exec/s: 0 rss: 1204Mb L: 1184/1184 MS: 2 ChangeASCIIInt-Custom-
#8294	NEW    cov: 258 ft: 281 corp: 14/15393b lim: 1288 exec/s: 0 rss: 1204Mb L: 1184/1184 MS: 2 ChangeBit-Custom-
#13350	NEW    cov: 258 ft: 282 corp: 15/16Kb lim: 1338 exec/s: 0 rss: 1204Mb L: 1184/1184 MS: 2 CMP-Custom- DE: "\377b"-
#15382	NEW    cov: 258 ft: 283 corp: 16/17Kb lim: 1358 exec/s: 0 rss: 1204Mb L: 1184/1184 MS: 4 ChangeByte-Custom-ChangeByte-Custom-
#55175	NEW    cov: 258 ft: 292 corp: 17/18Kb lim: 1748 exec/s: 55175 rss: 1204Mb L: 1184/1184 MS: 2 ChangeBinInt-Custom-
#131072	pulse  cov: 258 ft: 292 corp: 17/18Kb lim: 2499 exec/s: 43690 rss: 1204Mb
#262144	pulse  cov: 258 ft: 292 corp: 17/18Kb lim: 3808 exec/s: 37449 rss: 1204Mb
#524288	pulse  cov: 258 ft: 292 corp: 17/18Kb lim: 4096 exec/s: 37449 rss: 1204Mb
#1048576	pulse  cov: 258 ft: 292 corp: 17/18Kb lim: 4096 exec/s: 37449 rss: 1204Mb
#2097152	pulse  cov: 258 ft: 292 corp: 17/18Kb lim: 4096 exec/s: 38130 rss: 1204Mb
#3215073	NEW    cov: 258 ft: 299 corp: 18/19Kb lim: 4096 exec/s: 37824 rss: 1204Mb L: 1184/1184 MS: 2 ChangeBit-Custom-
#4194304	pulse  cov: 258 ft: 299 corp: 18/19Kb lim: 4096 exec/s: 37786 rss: 1204Mb
#4566933	DONE   cov: 258 ft: 299 corp: 18/19Kb lim: 4096 exec/s: 37743 rss: 1204Mb
[INFO] Tests run: 7, Failures: 0, Errors: 0, Skipped: 0, Time elapsed: 123.5 s -- in org.pqcfuzz.fuzz.PqcDecodeFuzzTest
[INFO] Tests run: 7, Failures: 0, Errors: 0, Skipped: 0
