INFO: Loaded 287 hooks from com.code_intelligence.jazzer.runtime.TraceCmpHooks
INFO: Loaded 5 hooks from com.code_intelligence.jazzer.runtime.TraceDivHooks
INFO: Loaded 2 hooks from com.code_intelligence.jazzer.runtime.TraceIndirHooks
INFO: Loaded 4 hooks from com.code_intelligence.jazzer.runtime.NativeLibHooks
INFO: Loaded 2 hooks from com.code_intelligence.jazzer.sanitizers.ClojureLangHooks
INFO: Loaded 5 hooks from com.code_intelligence.jazzer.sanitizers.Deserialization
INFO: Loaded 5 hooks from com.code_intelligence.jazzer.sanitizers.ExpressionLanguageInjection
INFO: Loaded 70 hooks from com.code_intelligence.jazzer.sanitizers.LdapInjection
INFO: Loaded 46 hooks from com.code_intelligence.jazzer.sanitizers.NamingContextLookup
INFO: Loaded 1 hooks from com.code_intelligence.jazzer.sanitizers.OsCommandInjection
INFO: Loaded 48 hooks from com.code_intelligence.jazzer.sanitizers.ReflectiveCall
INFO: Loaded 8 hooks from com.code_intelligence.jazzer.sanitizers.RegexInjection
INFO: Loaded 16 hooks from com.code_intelligence.jazzer.sanitizers.RegexRoadblocks
INFO: Loaded 12 hooks from com.code_intelligence.jazzer.sanitizers.ScriptEngineInjection
INFO: Loaded 3 hooks from com.code_intelligence.jazzer.sanitizers.ServerSideRequestForgery
INFO: Loaded 19 hooks from com.code_intelligence.jazzer.sanitizers.SqlInjection
INFO: Loaded 6 hooks from com.code_intelligence.jazzer.sanitizers.XPathInjection
INFO: Instrumented org.pqcfuzz.classify.Classifier (took 77 ms, size +26%)
INFO: Instrumented org.pqcfuzz.target.FuzzTarget (took 1 ms, size +12%)
INFO: Instrumented org.pqcfuzz.classify.Outcome (took 3 ms, size +13%)
INFO: Instrumented org.pqcfuzz.fuzz.PqcDecodeFuzzTest (took 9 ms, size +12%)
INFO: Instrumented org.pqcfuzz.target.Targets (took 7 ms, size +19%)
INFO: Instrumented org.pqcfuzz.target.mlkem.MlKem768DecapTarget (took 4 ms, size +13%)
INFO: Instrumented org.pqcfuzz.target.mlkem.MlKem768PublicKeyParseTarget (took 3 ms, size +15%)
INFO: Instrumented org.pqcfuzz.target.mldsa.MlDsa65VerifyTarget (took 2 ms, size +11%)
INFO: Instrumented org.bouncycastle.crypto.CipherParameters (took 0 ms, size +0%)
INFO: Instrumented org.pqcfuzz.target.mldsa.MlDsa65PublicKeyParseTarget (took 1 ms, size +15%)
INFO: Instrumented org.pqcfuzz.target.slhdsa.SlhDsaVerifyTarget (took 2 ms, size +10%)
INFO: Instrumented org.pqcfuzz.target.slhdsa.SlhDsaPublicKeyParseTarget (took 1 ms, size +14%)
INFO: Instrumented org.pqcfuzz.target.mlkem.MlKem768ParseAndEncapsulateTarget (took 2 ms, size +11%)
INFO: Instrumented org.bouncycastle.crypto.params.AsymmetricKeyParameter (took 0 ms, size +32%)
INFO: Instrumented org.bouncycastle.crypto.params.MLKEMPublicKeyParameters (took 2 ms, size +22%)
INFO: Instrumented org.bouncycastle.crypto.params.MLKEMKeyParameters (took 1 ms, size +23%)
INFO: Instrumented org.pqcfuzz.util.DeterministicSecureRandom (took 2 ms, size +24%)
INFO: Instrumented org.pqcfuzz.target.mldsa.MlDsa65ParseAndVerifyTarget (took 2 ms, size +10%)
INFO: Instrumented org.pqcfuzz.target.slhdsa.SlhDsaParseAndVerifyTarget (took 2 ms, size +10%)
INFO: Instrumented org.pqcfuzz.target.jdk.JdkMlKem768DecapTarget (took 1 ms, size +12%)
INFO: Instrumented org.pqcfuzz.target.jdk.JdkMlKem768PublicKeyParseTarget (took 2 ms, size +11%)
INFO: Instrumented org.pqcfuzz.target.jdk.JdkMlDsa65VerifyTarget (took 2 ms, size +10%)
INFO: Instrumented org.pqcfuzz.target.jdk.JdkMlDsa65PublicKeyParseTarget (took 2 ms, size +12%)
INFO: Instrumented org.pqcfuzz.target.jdk.JdkMlKem768ParseAndEncapsulateTarget (took 1 ms, size +9%)
INFO: Instrumented org.pqcfuzz.target.jdk.JdkMlDsa65ParseAndVerifyTarget (took 1 ms, size +9%)
INFO: Instrumented org.pqcfuzz.target.mlkem.MlKemKeys (took 0 ms, size +6%)
INFO: Instrumented org.bouncycastle.crypto.KeyGenerationParameters (took 0 ms, size +19%)
INFO: Instrumented org.bouncycastle.crypto.params.MLKEMKeyGenerationParameters (took 0 ms, size +20%)
INFO: Instrumented org.bouncycastle.crypto.params.MLKEMParameters (took 1 ms, size +11%)
INFO: Instrumented org.bouncycastle.crypto.KEMParameters (took 0 ms, size +0%)
INFO: Instrumented org.bouncycastle.crypto.generators.MLKEMKeyPairGenerator (took 1 ms, size +7%)
INFO: Instrumented org.bouncycastle.crypto.AsymmetricCipherKeyPairGenerator (took 0 ms, size +0%)
INFO: Instrumented org.bouncycastle.crypto.params.MLKEMPrivateKeyParameters (took 3 ms, size +14%)
INFO: New number of coverage counters: 1024
INFO: Instrumented org.bouncycastle.crypto.CryptoServicesRegistrar (took 6 ms, size +12%)
INFO: Instrumented org.bouncycastle.crypto.CryptoServicesPermission (took 1 ms, size +72%)
INFO: Instrumented org.bouncycastle.crypto.SecureRandomProvider (took 0 ms, size +0%)
INFO: Instrumented org.bouncycastle.crypto.CryptoServicesConstraints (took 0 ms, size +0%)
INFO: Instrumented org.bouncycastle.crypto.CryptoServicesRegistrar$ThreadLocalSecureRandomProvider (took 0 ms, size +13%)
INFO: Instrumented org.bouncycastle.crypto.CryptoServicesRegistrar$1 (took 0 ms, size +24%)
INFO: Instrumented org.bouncycastle.crypto.params.DSAParameters (took 1 ms, size +66%)
INFO: Instrumented org.bouncycastle.crypto.params.DSAValidationParameters (took 1 ms, size +38%)
INFO: Instrumented org.bouncycastle.util.encoders.Hex (took 2 ms, size +13%)
INFO: Instrumented org.bouncycastle.util.encoders.DecoderException (took 0 ms, size +27%)
INFO: Instrumented org.bouncycastle.util.encoders.EncoderException (took 0 ms, size +27%)
INFO: Instrumented org.bouncycastle.util.encoders.HexEncoder (took 3 ms, size +37%)
INFO: Instrumented org.bouncycastle.util.encoders.Encoder (took 0 ms, size +0%)
INFO: Instrumented org.bouncycastle.util.Arrays (took 21 ms, size +34%)
INFO: Instrumented org.bouncycastle.crypto.CryptoServicesRegistrar$Property (took 1 ms, size +10%)
INFO: New number of coverage counters: 2048
INFO: Instrumented org.bouncycastle.asn1.x9.X9ECParameters (took 3 ms, size +12%)
INFO: Instrumented org.bouncycastle.asn1.x9.X9ObjectIdentifiers (took 1 ms, size +3%)
INFO: Instrumented org.bouncycastle.asn1.ASN1Object (took 1 ms, size +30%)
INFO: Instrumented org.bouncycastle.asn1.ASN1Encodable (took 0 ms, size +0%)
INFO: Instrumented org.bouncycastle.util.Encodable (took 0 ms, size +0%)
INFO: Instrumented org.bouncycastle.crypto.params.DHParameters (took 3 ms, size +39%)
INFO: Instrumented org.bouncycastle.crypto.params.DHValidationParameters (took 2 ms, size +45%)
INFO: Instrumented org.bouncycastle.crypto.kems.mlkem.MLKEMEngine (took 4 ms, size +9%)
INFO: Instrumented org.bouncycastle.crypto.kems.mlkem.MLKEMIndCpa (took 3 ms, size +17%)
INFO: Instrumented org.bouncycastle.crypto.Xof (took 0 ms, size +0%)
INFO: Instrumented org.bouncycastle.crypto.ExtendedDigest (took 0 ms, size +0%)
INFO: Instrumented org.bouncycastle.crypto.Digest (took 0 ms, size +0%)
INFO: Instrumented org.bouncycastle.crypto.kems.mlkem.PolyVec (took 4 ms, size +23%)
INFO: Instrumented org.bouncycastle.crypto.kems.mlkem.Poly (took 3 ms, size +20%)
INFO: Instrumented org.bouncycastle.crypto.digests.SHA3Digest (took 3 ms, size +23%)
INFO: Instrumented org.bouncycastle.crypto.SavableDigest (took 0 ms, size +0%)
INFO: Instrumented org.bouncycastle.crypto.digests.EncodableDigest (took 0 ms, size +0%)
INFO: Instrumented org.bouncycastle.crypto.EncodableService (took 0 ms, size +0%)
INFO: Instrumented org.bouncycastle.util.Memoable (took 0 ms, size +0%)
INFO: Instrumented org.bouncycastle.crypto.digests.KeccakDigest (took 9 ms, size +19%)
INFO: Instrumented org.bouncycastle.crypto.CryptoServicePurpose (took 1 ms, size +8%)
INFO: Instrumented org.bouncycastle.crypto.digests.Utils (took 0 ms, size +10%)
INFO: Instrumented org.bouncycastle.crypto.CryptoServiceProperties (took 0 ms, size +0%)
INFO: Instrumented org.bouncycastle.crypto.digests.Utils$DefaultPropertiesWithPRF (took 0 ms, size +12%)
INFO: Instrumented org.bouncycastle.util.Pack (took 7 ms, size +24%)
INFO: Instrumented org.bouncycastle.crypto.digests.SHAKEDigest (took 2 ms, size +21%)
INFO: Instrumented org.bouncycastle.crypto.digests.Utils$DefaultProperties (took 0 ms, size +14%)
INFO: Instrumented org.bouncycastle.crypto.kems.mlkem.CBD (took 0 ms, size +41%)
INFO: Instrumented org.bouncycastle.crypto.kems.mlkem.Ntt (took 1 ms, size +14%)
INFO: Instrumented org.bouncycastle.crypto.kems.mlkem.Reduce (took 0 ms, size +28%)
INFO: Instrumented org.bouncycastle.crypto.AsymmetricCipherKeyPair (took 0 ms, size +13%)
INFO: Instrumented org.bouncycastle.crypto.kems.MLKEMExtractor (took 0 ms, size +18%)
INFO: Instrumented org.bouncycastle.crypto.EncapsulatedSecretExtractor (took 0 ms, size +0%)
INFO: Instrumented org.bouncycastle.crypto.kems.MLKEMGenerator (took 1 ms, size +14%)
INFO: Instrumented org.bouncycastle.crypto.EncapsulatedSecretGenerator (took 0 ms, size +0%)
INFO: Instrumented org.bouncycastle.crypto.SecretWithEncapsulation (took 0 ms, size +0%)
INFO: Instrumented org.pqcfuzz.target.TargetKind (took 0 ms, size +12%)
INFO: Instrumented org.pqcfuzz.classify.ExpectedRejections (took 0 ms, size +41%)
INFO: Instrumented org.bouncycastle.pqc.crypto.util.SecretWithEncapsulationImpl (took 0 ms, size +25%)
INFO: found LLVMFuzzerCustomMutator (0x109373038). Disabling -len_control by default.
INFO: Running with entropic power schedule (0xFF, 100).
INFO: Seed: 2491816340
INFO: Loaded 3 modules   (2048 inline 8-bit counters): 512 [0x7710dbc000, 0x7710dbc200), 512 [0x7710dbc200, 0x7710dbc400), 1024 [0x7710dbc400, 0x7710dbc800), 
INFO: Loaded 3 PC tables (2048 PCs): 512 [0x104c08c90,0x104c0ac90), 512 [0x770f5b4000,0x770f5b6000), 1024 [0x771591c000,0x7715920000), 
INFO:        0 files found in <repo>/.cifuzz-corpus/org.pqcfuzz.fuzz.PqcDecodeFuzzTest/mlKemParseAndEncapsulate
INFO:        5 files found in <repo>/target/test-classes/org/pqcfuzz/fuzz/PqcDecodeFuzzTestInputs/mlKemParseAndEncapsulate
INFO:        0 files found in /var/folders/m8/hjsd0821793bcvxlpgdpt23r0000gn/T/jazzer-java-seeds14852852143120954930
INFO: -max_len is not provided; libFuzzer will not generate inputs larger than 4096 bytes
INFO: seed corpus: files: 5 min: 1184b max: 1248b total: 5984b rss: 1178Mb
INFO: using inputs from: <repo>/.cifuzz-corpus/org.pqcfuzz.fuzz.PqcDecodeFuzzTest/mlKemParseAndEncapsulate
INFO: using inputs from: <repo>/target/test-classes/org/pqcfuzz/fuzz/PqcDecodeFuzzTestInputs/mlKemParseAndEncapsulate
INFO: using inputs from: /var/folders/m8/hjsd0821793bcvxlpgdpt23r0000gn/T/jazzer-java-seeds14852852143120954930
#6	INITED cov: 251 ft: 263 corp: 5/5984b exec/s: 0 rss: 1178Mb
#7	NEW    cov: 253 ft: 266 corp: 6/7168b lim: 1248 exec/s: 0 rss: 1178Mb L: 1184/1248 MS: 2 ChangeBit-Custom-
#41	REDUCE cov: 253 ft: 266 corp: 6/6028b lim: 1248 exec/s: 0 rss: 1178Mb L: 108/1184 MS: 8 ChangeBinInt-Custom-ChangeASCIIInt-Custom-CrossOver-Custom-CrossOver-Custom-
#184	REDUCE cov: 253 ft: 266 corp: 6/5991b lim: 1248 exec/s: 0 rss: 1178Mb L: 71/1184 MS: 6 CopyPart-Custom-ChangeASCIIInt-Custom-EraseBytes-Custom-
#322	REDUCE cov: 253 ft: 266 corp: 6/5990b lim: 1248 exec/s: 0 rss: 1178Mb L: 70/1184 MS: 6 InsertRepeatedBytes-Custom-CopyPart-Custom-EraseBytes-Custom-
#330	REDUCE cov: 253 ft: 266 corp: 6/5955b lim: 1248 exec/s: 0 rss: 1178Mb L: 35/1184 MS: 6 ChangeBinInt-Custom-CopyPart-Custom-EraseBytes-Custom-
#338	REDUCE cov: 253 ft: 266 corp: 6/5943b lim: 1248 exec/s: 0 rss: 1178Mb L: 23/1184 MS: 6 ShuffleBytes-Custom-ChangeBit-Custom-EraseBytes-Custom-
#355	REDUCE cov: 253 ft: 266 corp: 6/5932b lim: 1248 exec/s: 0 rss: 1178Mb L: 12/1184 MS: 4 ChangeByte-Custom-EraseBytes-Custom-
#357	REDUCE cov: 253 ft: 266 corp: 6/5930b lim: 1248 exec/s: 0 rss: 1178Mb L: 10/1184 MS: 4 InsertByte-Custom-EraseBytes-Custom-
#368	REDUCE cov: 253 ft: 266 corp: 6/5928b lim: 1248 exec/s: 0 rss: 1178Mb L: 8/1184 MS: 2 EraseBytes-Custom-
#514	NEW    cov: 253 ft: 267 corp: 7/7112b lim: 1248 exec/s: 0 rss: 1178Mb L: 1184/1184 MS: 2 ChangeASCIIInt-Custom-
#745	REDUCE cov: 253 ft: 267 corp: 7/7110b lim: 1248 exec/s: 0 rss: 1178Mb L: 6/1184 MS: 2 EraseBytes-Custom-
#893	NEW    cov: 253 ft: 268 corp: 8/8294b lim: 1248 exec/s: 0 rss: 1178Mb L: 1184/1184 MS: 6 ChangeASCIIInt-Custom-CrossOver-Custom-ChangeASCIIInt-Custom-
#1282	NEW    cov: 253 ft: 269 corp: 9/9478b lim: 1248 exec/s: 0 rss: 1178Mb L: 1184/1184 MS: 8 ChangeBinInt-Custom-ChangeByte-Custom-ChangeByte-Custom-CopyPart-Custom-
#1289	REDUCE cov: 253 ft: 269 corp: 9/9476b lim: 1248 exec/s: 0 rss: 1178Mb L: 4/1184 MS: 4 InsertByte-Custom-EraseBytes-Custom-
#1386	REDUCE cov: 253 ft: 269 corp: 9/9475b lim: 1248 exec/s: 0 rss: 1178Mb L: 3/1184 MS: 4 ShuffleBytes-Custom-EraseBytes-Custom-
#1457	NEW    cov: 253 ft: 270 corp: 10/10659b lim: 1248 exec/s: 0 rss: 1178Mb L: 1184/1184 MS: 2 ChangeASCIIInt-Custom-
#1572	REDUCE cov: 253 ft: 270 corp: 10/10658b lim: 1248 exec/s: 0 rss: 1178Mb L: 2/1184 MS: 10 ChangeByte-Custom-ChangeByte-Custom-ShuffleBytes-Custom-ChangeByte-Custom-EraseBytes-Custom-
#2033	REDUCE cov: 253 ft: 270 corp: 10/10657b lim: 1248 exec/s: 0 rss: 1178Mb L: 1/1184 MS: 2 EraseBytes-Custom-
#2394	NEW    cov: 253 ft: 271 corp: 11/11841b lim: 1248 exec/s: 0 rss: 1178Mb L: 1184/1184 MS: 2 CopyPart-Custom-
#3036	NEW    cov: 253 ft: 272 corp: 12/13025b lim: 1248 exec/s: 0 rss: 1178Mb L: 1184/1184 MS: 4 ChangeByte-Custom-ChangeByte-Custom-
#3252	NEW    cov: 253 ft: 273 corp: 13/14209b lim: 1248 exec/s: 0 rss: 1178Mb L: 1184/1184 MS: 2 ChangeASCIIInt-Custom-
#4764	NEW    cov: 253 ft: 274 corp: 14/15393b lim: 1258 exec/s: 0 rss: 1178Mb L: 1184/1184 MS: 4 ShuffleBytes-Custom-CrossOver-Custom-
#6135	NEW    cov: 258 ft: 280 corp: 15/16Kb lim: 1268 exec/s: 0 rss: 1178Mb L: 1184/1184 MS: 2 ChangeBinInt-Custom-
#6156	NEW    cov: 258 ft: 281 corp: 16/17Kb lim: 1268 exec/s: 0 rss: 1178Mb L: 1184/1184 MS: 2 ChangeBit-Custom-
#11047	NEW    cov: 258 ft: 282 corp: 17/18Kb lim: 1308 exec/s: 0 rss: 1178Mb L: 1184/1184 MS: 2 CrossOver-Custom-
#17595	NEW    cov: 258 ft: 283 corp: 18/19Kb lim: 1368 exec/s: 0 rss: 1178Mb L: 1184/1184 MS: 6 ChangeASCIIInt-Custom-ChangeBinInt-Custom-ShuffleBytes-Custom-
#115843	NEW    cov: 258 ft: 292 corp: 19/20Kb lim: 2345 exec/s: 38614 rss: 1178Mb L: 1184/1184 MS: 2 ChangeBit-Custom-
#131072	pulse  cov: 258 ft: 292 corp: 19/20Kb lim: 2488 exec/s: 43690 rss: 1178Mb
#262144	pulse  cov: 258 ft: 292 corp: 19/20Kb lim: 3797 exec/s: 37449 rss: 1178Mb
#524288	pulse  cov: 258 ft: 292 corp: 19/20Kb lim: 4096 exec/s: 34952 rss: 1178Mb
#1048576	pulse  cov: 258 ft: 292 corp: 19/20Kb lim: 4096 exec/s: 34952 rss: 1178Mb
#1696610	NEW    cov: 258 ft: 299 corp: 20/21Kb lim: 4096 exec/s: 34624 rss: 1178Mb L: 1184/1184 MS: 4 ShuffleBytes-Custom-CopyPart-Custom-
#2097152	pulse  cov: 258 ft: 299 corp: 20/21Kb lim: 4096 exec/s: 34379 rss: 1178Mb
#4105285	DONE   cov: 258 ft: 299 corp: 20/21Kb lim: 4096 exec/s: 33927 rss: 1178Mb
[INFO] Tests run: 7, Failures: 0, Errors: 0, Skipped: 0, Time elapsed: 123.5 s -- in org.pqcfuzz.fuzz.PqcDecodeFuzzTest
[INFO] Tests run: 7, Failures: 0, Errors: 0, Skipped: 0
