INFO: Loaded 287 hooks from com.code_intelligence.jazzer.runtime.TraceCmpHooks
INFO: Loaded 5 hooks from com.code_intelligence.jazzer.runtime.TraceDivHooks
INFO: Loaded 2 hooks from com.code_intelligence.jazzer.runtime.TraceIndirHooks
INFO: Loaded 4 hooks from com.code_intelligence.jazzer.runtime.NativeLibHooks
INFO: Loaded 2 hooks from com.code_intelligence.jazzer.sanitizers.ClojureLangHooks
INFO: Loaded 5 hooks from com.code_intelligence.jazzer.sanitizers.Deserialization
INFO: Loaded 5 hooks from com.code_intelligence.jazzer.sanitizers.ExpressionLanguageInjection
INFO: Loaded 70 hooks from com.code_intelligence.jazzer.sanitizers.LdapInjection
INFO: Loaded 46 hooks from com.code_intelligence.jazzer.sanitizers.NamingContextLookup
INFO: Loaded 1 hooks from com.code_intelligence.jazzer.sanitizers.OsCommandInjection
INFO: Loaded 48 hooks from com.code_intelligence.jazzer.sanitizers.ReflectiveCall
INFO: Loaded 8 hooks from com.code_intelligence.jazzer.sanitizers.RegexInjection
INFO: Loaded 16 hooks from com.code_intelligence.jazzer.sanitizers.RegexRoadblocks
INFO: Loaded 12 hooks from com.code_intelligence.jazzer.sanitizers.ScriptEngineInjection
INFO: Loaded 3 hooks from com.code_intelligence.jazzer.sanitizers.ServerSideRequestForgery
INFO: Loaded 19 hooks from com.code_intelligence.jazzer.sanitizers.SqlInjection
INFO: Loaded 6 hooks from com.code_intelligence.jazzer.sanitizers.XPathInjection
INFO: Instrumented org.pqcfuzz.classify.Classifier (took 71 ms, size +26%)
INFO: Instrumented org.pqcfuzz.target.FuzzTarget (took 2 ms, size +12%)
INFO: Instrumented org.pqcfuzz.classify.Outcome (took 2 ms, size +13%)
INFO: Instrumented org.pqcfuzz.fuzz.PqcDecodeFuzzTest (took 24 ms, size +12%)
INFO: Instrumented org.pqcfuzz.target.Targets (took 13 ms, size +19%)
INFO: Instrumented org.pqcfuzz.target.mlkem.MlKem768DecapTarget (took 6 ms, size +13%)
INFO: Instrumented org.pqcfuzz.target.mlkem.MlKem768PublicKeyParseTarget (took 3 ms, size +15%)
INFO: Instrumented org.pqcfuzz.target.mldsa.MlDsa65VerifyTarget (took 5 ms, size +11%)
INFO: Instrumented org.bouncycastle.crypto.CipherParameters (took 0 ms, size +0%)
INFO: Instrumented org.pqcfuzz.target.mldsa.MlDsa65PublicKeyParseTarget (took 4 ms, size +15%)
INFO: Instrumented org.pqcfuzz.target.slhdsa.SlhDsaVerifyTarget (took 2 ms, size +10%)
INFO: Instrumented org.pqcfuzz.target.slhdsa.SlhDsaPublicKeyParseTarget (took 1 ms, size +14%)
INFO: Instrumented org.pqcfuzz.target.mlkem.MlKem768ParseAndEncapsulateTarget (took 1 ms, size +11%)
INFO: Instrumented org.bouncycastle.crypto.params.AsymmetricKeyParameter (took 0 ms, size +32%)
INFO: Instrumented org.bouncycastle.crypto.params.MLKEMPublicKeyParameters (took 1 ms, size +22%)
INFO: Instrumented org.bouncycastle.crypto.params.MLKEMKeyParameters (took 0 ms, size +23%)
INFO: Instrumented org.pqcfuzz.util.DeterministicSecureRandom (took 2 ms, size +24%)
INFO: Instrumented org.pqcfuzz.target.mldsa.MlDsa65ParseAndVerifyTarget (took 3 ms, size +10%)
INFO: Instrumented org.pqcfuzz.target.slhdsa.SlhDsaParseAndVerifyTarget (took 4 ms, size +10%)
INFO: Instrumented org.pqcfuzz.target.jdk.JdkMlKem768DecapTarget (took 2 ms, size +12%)
INFO: Instrumented org.pqcfuzz.target.jdk.JdkMlKem768PublicKeyParseTarget (took 1 ms, size +11%)
INFO: Instrumented org.pqcfuzz.target.jdk.JdkMlDsa65VerifyTarget (took 2 ms, size +10%)
INFO: Instrumented org.pqcfuzz.target.jdk.JdkMlDsa65PublicKeyParseTarget (took 3 ms, size +12%)
INFO: Instrumented org.pqcfuzz.target.jdk.JdkMlKem768ParseAndEncapsulateTarget (took 1 ms, size +9%)
INFO: Instrumented org.pqcfuzz.target.jdk.JdkMlDsa65ParseAndVerifyTarget (took 1 ms, size +9%)
INFO: Instrumented org.pqcfuzz.target.mlkem.MlKemKeys (took 0 ms, size +6%)
INFO: Instrumented org.bouncycastle.crypto.KeyGenerationParameters (took 0 ms, size +19%)
INFO: Instrumented org.bouncycastle.crypto.params.MLKEMKeyGenerationParameters (took 0 ms, size +20%)
INFO: Instrumented org.bouncycastle.crypto.params.MLKEMParameters (took 0 ms, size +11%)
INFO: Instrumented org.bouncycastle.crypto.KEMParameters (took 0 ms, size +0%)
INFO: Instrumented org.bouncycastle.crypto.generators.MLKEMKeyPairGenerator (took 1 ms, size +7%)
INFO: Instrumented org.bouncycastle.crypto.AsymmetricCipherKeyPairGenerator (took 0 ms, size +0%)
INFO: Instrumented org.bouncycastle.crypto.params.MLKEMPrivateKeyParameters (took 27 ms, size +14%)
INFO: New number of coverage counters: 1024
INFO: Instrumented org.bouncycastle.crypto.CryptoServicesRegistrar (took 8 ms, size +12%)
INFO: Instrumented org.bouncycastle.crypto.CryptoServicesPermission (took 3 ms, size +72%)
INFO: Instrumented org.bouncycastle.crypto.SecureRandomProvider (took 0 ms, size +0%)
INFO: Instrumented org.bouncycastle.crypto.CryptoServicesConstraints (took 0 ms, size +0%)
INFO: Instrumented org.bouncycastle.crypto.CryptoServicesRegistrar$ThreadLocalSecureRandomProvider (took 2 ms, size +13%)
INFO: Instrumented org.bouncycastle.crypto.CryptoServicesRegistrar$1 (took 1 ms, size +24%)
INFO: Instrumented org.bouncycastle.crypto.params.DSAParameters (took 1 ms, size +66%)
INFO: Instrumented org.bouncycastle.crypto.params.DSAValidationParameters (took 1 ms, size +38%)
INFO: Instrumented org.bouncycastle.util.encoders.Hex (took 1 ms, size +13%)
INFO: Instrumented org.bouncycastle.util.encoders.DecoderException (took 0 ms, size +27%)
INFO: Instrumented org.bouncycastle.util.encoders.EncoderException (took 1 ms, size +27%)
INFO: Instrumented org.bouncycastle.util.encoders.HexEncoder (took 2 ms, size +37%)
INFO: Instrumented org.bouncycastle.util.encoders.Encoder (took 0 ms, size +0%)
INFO: Instrumented org.bouncycastle.util.Arrays (took 27 ms, size +34%)
INFO: Instrumented org.bouncycastle.crypto.CryptoServicesRegistrar$Property (took 0 ms, size +10%)
INFO: New number of coverage counters: 2048
INFO: Instrumented org.bouncycastle.asn1.x9.X9ECParameters (took 5 ms, size +12%)
INFO: Instrumented org.bouncycastle.asn1.x9.X9ObjectIdentifiers (took 0 ms, size +3%)
INFO: Instrumented org.bouncycastle.asn1.ASN1Object (took 2 ms, size +30%)
INFO: Instrumented org.bouncycastle.asn1.ASN1Encodable (took 0 ms, size +0%)
INFO: Instrumented org.bouncycastle.util.Encodable (took 0 ms, size +0%)
INFO: Instrumented org.bouncycastle.crypto.params.DHParameters (took 6 ms, size +39%)
INFO: Instrumented org.bouncycastle.crypto.params.DHValidationParameters (took 0 ms, size +45%)
INFO: Instrumented org.bouncycastle.crypto.kems.mlkem.MLKEMEngine (took 23 ms, size +9%)
INFO: Instrumented org.bouncycastle.crypto.kems.mlkem.MLKEMIndCpa (took 10 ms, size +17%)
INFO: Instrumented org.bouncycastle.crypto.Xof (took 0 ms, size +0%)
INFO: Instrumented org.bouncycastle.crypto.ExtendedDigest (took 0 ms, size +0%)
INFO: Instrumented org.bouncycastle.crypto.Digest (took 0 ms, size +0%)
INFO: Instrumented org.bouncycastle.crypto.kems.mlkem.PolyVec (took 3 ms, size +23%)
INFO: Instrumented org.bouncycastle.crypto.kems.mlkem.Poly (took 7 ms, size +20%)
INFO: Instrumented org.bouncycastle.crypto.digests.SHA3Digest (took 8 ms, size +23%)
INFO: Instrumented org.bouncycastle.crypto.SavableDigest (took 0 ms, size +0%)
INFO: Instrumented org.bouncycastle.crypto.digests.EncodableDigest (took 0 ms, size +0%)
INFO: Instrumented org.bouncycastle.crypto.EncodableService (took 0 ms, size +0%)
INFO: Instrumented org.bouncycastle.util.Memoable (took 0 ms, size +0%)
INFO: Instrumented org.bouncycastle.crypto.digests.KeccakDigest (took 14 ms, size +19%)
INFO: Instrumented org.bouncycastle.crypto.CryptoServicePurpose (took 2 ms, size +8%)
INFO: Instrumented org.bouncycastle.crypto.digests.Utils (took 0 ms, size +10%)
INFO: Instrumented org.bouncycastle.crypto.CryptoServiceProperties (took 0 ms, size +0%)
INFO: Instrumented org.bouncycastle.crypto.digests.Utils$DefaultPropertiesWithPRF (took 0 ms, size +12%)
INFO: Instrumented org.bouncycastle.util.Pack (took 19 ms, size +24%)
INFO: Instrumented org.bouncycastle.crypto.digests.SHAKEDigest (took 13 ms, size +21%)
INFO: Instrumented org.bouncycastle.crypto.digests.Utils$DefaultProperties (took 0 ms, size +14%)
INFO: Instrumented org.bouncycastle.crypto.kems.mlkem.CBD (took 1 ms, size +41%)
INFO: Instrumented org.bouncycastle.crypto.kems.mlkem.Ntt (took 4 ms, size +14%)
INFO: Instrumented org.bouncycastle.crypto.kems.mlkem.Reduce (took 0 ms, size +28%)
INFO: Instrumented org.bouncycastle.crypto.AsymmetricCipherKeyPair (took 1 ms, size +13%)
INFO: Instrumented org.bouncycastle.crypto.kems.MLKEMExtractor (took 1 ms, size +18%)
INFO: Instrumented org.bouncycastle.crypto.EncapsulatedSecretExtractor (took 0 ms, size +0%)
INFO: Instrumented org.pqcfuzz.target.TargetKind (took 1 ms, size +12%)
INFO: Instrumented org.pqcfuzz.classify.ExpectedRejections (took 1 ms, size +41%)
INFO: found LLVMFuzzerCustomMutator (0x12a243038). Disabling -len_control by default.
INFO: Running with entropic power schedule (0xFF, 100).
INFO: Seed: 3287851723
INFO: Loaded 3 modules   (2048 inline 8-bit counters): 512 [0x7655a50000, 0x7655a50200), 512 [0x7655a50200, 0x7655a50400), 1024 [0x7655a50400, 0x7655a50800), 
INFO: Loaded 3 PC tables (2048 PCs): 512 [0x7657494000,0x7657496000), 512 [0x765749a000,0x765749c000), 1024 [0x76594d0000,0x76594d4000), 
INFO:        0 files found in <repo>/.cifuzz-corpus/org.pqcfuzz.fuzz.PqcDecodeFuzzTest/mlKemPublicKeyParse
INFO:        5 files found in <repo>/target/test-classes/org/pqcfuzz/fuzz/PqcDecodeFuzzTestInputs/mlKemPublicKeyParse
INFO:        0 files found in /var/folders/m8/hjsd0821793bcvxlpgdpt23r0000gn/T/jazzer-java-seeds3531740229010374375
INFO: -max_len is not provided; libFuzzer will not generate inputs larger than 4096 bytes
INFO: seed corpus: files: 5 min: 1184b max: 1248b total: 5984b rss: 1161Mb
#6	INITED cov: 44 ft: 44 corp: 2/2432b exec/s: 0 rss: 1161Mb
#42	REDUCE cov: 44 ft: 44 corp: 2/2153b lim: 1248 exec/s: 0 rss: 1161Mb L: 969/1184 MS: 2 EraseBytes-Custom-
#83	REDUCE cov: 44 ft: 44 corp: 2/1997b lim: 1248 exec/s: 0 rss: 1161Mb L: 813/1184 MS: 2 CrossOver-Custom-
#89	NEW    cov: 46 ft: 46 corp: 3/3181b lim: 1248 exec/s: 0 rss: 1161Mb L: 1184/1184 MS: 2 ShuffleBytes-Custom-
#129	REDUCE cov: 46 ft: 46 corp: 3/3127b lim: 1248 exec/s: 0 rss: 1161Mb L: 759/1184 MS: 10 ShuffleBytes-Custom-ChangeBinInt-Custom-ChangeASCIIInt-Custom-ChangeBinInt-Custom-EraseBytes-Custom-
#134	REDUCE cov: 46 ft: 46 corp: 3/2752b lim: 1248 exec/s: 0 rss: 1161Mb L: 384/1184 MS: 10 CrossOver-Custom-ShuffleBytes-Custom-ChangeBit-Custom-ChangeBit-Custom-EraseBytes-Custom-
#191	REDUCE cov: 46 ft: 46 corp: 3/2705b lim: 1248 exec/s: 0 rss: 1161Mb L: 337/1184 MS: 4 InsertByte-Custom-EraseBytes-Custom-
#506	REDUCE cov: 46 ft: 46 corp: 3/2571b lim: 1248 exec/s: 0 rss: 1161Mb L: 203/1184 MS: 10 InsertByte-Custom-CopyPart-Custom-InsertByte-Custom-InsertByte-Custom-EraseBytes-Custom-
#514	REDUCE cov: 46 ft: 46 corp: 3/2524b lim: 1248 exec/s: 0 rss: 1161Mb L: 156/1184 MS: 6 CopyPart-Custom-ChangeByte-Custom-EraseBytes-Custom-
#545	REDUCE cov: 46 ft: 46 corp: 3/2473b lim: 1248 exec/s: 0 rss: 1161Mb L: 105/1184 MS: 2 EraseBytes-Custom-
#546	REDUCE cov: 46 ft: 46 corp: 3/2444b lim: 1248 exec/s: 0 rss: 1161Mb L: 76/1184 MS: 2 EraseBytes-Custom-
#576	REDUCE cov: 46 ft: 46 corp: 3/2407b lim: 1248 exec/s: 0 rss: 1161Mb L: 39/1184 MS: 10 ShuffleBytes-Custom-InsertByte-Custom-InsertByte-Custom-ShuffleBytes-Custom-EraseBytes-Custom-
#656	REDUCE cov: 46 ft: 46 corp: 3/2406b lim: 1248 exec/s: 0 rss: 1161Mb L: 38/1184 MS: 10 ChangeByte-Custom-ChangeASCIIInt-Custom-CopyPart-Custom-CopyPart-Custom-EraseBytes-Custom-
#751	REDUCE cov: 46 ft: 46 corp: 3/2390b lim: 1248 exec/s: 0 rss: 1161Mb L: 22/1184 MS: 10 ChangeASCIIInt-Custom-ChangeByte-Custom-ShuffleBytes-Custom-ChangeByte-Custom-EraseBytes-Custom-
#757	REDUCE cov: 46 ft: 46 corp: 3/2385b lim: 1248 exec/s: 0 rss: 1161Mb L: 17/1184 MS: 2 EraseBytes-Custom-
#775	REDUCE cov: 46 ft: 46 corp: 3/2384b lim: 1248 exec/s: 0 rss: 1161Mb L: 16/1184 MS: 6 ChangeByte-Custom-ShuffleBytes-Custom-EraseBytes-Custom-
#881	REDUCE cov: 46 ft: 46 corp: 3/2377b lim: 1248 exec/s: 0 rss: 1161Mb L: 9/1184 MS: 2 EraseBytes-Custom-
#895	REDUCE cov: 46 ft: 46 corp: 3/2374b lim: 1248 exec/s: 0 rss: 1161Mb L: 6/1184 MS: 8 ShuffleBytes-Custom-CopyPart-Custom-InsertByte-Custom-EraseBytes-Custom-
#966	REDUCE cov: 46 ft: 46 corp: 3/2371b lim: 1248 exec/s: 0 rss: 1161Mb L: 3/1184 MS: 2 EraseBytes-Custom-
#1033	REDUCE cov: 46 ft: 46 corp: 3/2370b lim: 1248 exec/s: 0 rss: 1161Mb L: 2/1184 MS: 4 ChangeBinInt-Custom-EraseBytes-Custom-
#1074	REDUCE cov: 46 ft: 46 corp: 3/2369b lim: 1248 exec/s: 0 rss: 1161Mb L: 1/1184 MS: 2 EraseBytes-Custom-
INFO: using inputs from: <repo>/.cifuzz-corpus/org.pqcfuzz.fuzz.PqcDecodeFuzzTest/mlKemPublicKeyParse
INFO: using inputs from: <repo>/target/test-classes/org/pqcfuzz/fuzz/PqcDecodeFuzzTestInputs/mlKemPublicKeyParse
INFO: using inputs from: /var/folders/m8/hjsd0821793bcvxlpgdpt23r0000gn/T/jazzer-java-seeds3531740229010374375
#524288	pulse  cov: 46 ft: 46 corp: 3/2369b lim: 4096 exec/s: 262144 rss: 1164Mb
#1048576	pulse  cov: 46 ft: 46 corp: 3/2369b lim: 4096 exec/s: 262144 rss: 1164Mb
#2097152	pulse  cov: 46 ft: 46 corp: 3/2369b lim: 4096 exec/s: 233016 rss: 1164Mb
#4194304	pulse  cov: 46 ft: 46 corp: 3/2369b lim: 4096 exec/s: 209715 rss: 1164Mb
#8388608	pulse  cov: 46 ft: 46 corp: 3/2369b lim: 4096 exec/s: 215092 rss: 1164Mb
#16777216	pulse  cov: 46 ft: 46 corp: 3/2369b lim: 4096 exec/s: 220752 rss: 1164Mb
#27240847	DONE   cov: 46 ft: 46 corp: 3/2369b lim: 4096 exec/s: 225130 rss: 1164Mb
[INFO] Tests run: 7, Failures: 0, Errors: 0, Skipped: 0, Time elapsed: 123.8 s -- in org.pqcfuzz.fuzz.PqcDecodeFuzzTest
[INFO] Tests run: 7, Failures: 0, Errors: 0, Skipped: 0
