INFO: Loaded 287 hooks from com.code_intelligence.jazzer.runtime.TraceCmpHooks
INFO: Loaded 5 hooks from com.code_intelligence.jazzer.runtime.TraceDivHooks
INFO: Loaded 2 hooks from com.code_intelligence.jazzer.runtime.TraceIndirHooks
INFO: Loaded 4 hooks from com.code_intelligence.jazzer.runtime.NativeLibHooks
INFO: Loaded 2 hooks from com.code_intelligence.jazzer.sanitizers.ClojureLangHooks
INFO: Loaded 5 hooks from com.code_intelligence.jazzer.sanitizers.Deserialization
INFO: Loaded 5 hooks from com.code_intelligence.jazzer.sanitizers.ExpressionLanguageInjection
INFO: Loaded 70 hooks from com.code_intelligence.jazzer.sanitizers.LdapInjection
INFO: Loaded 46 hooks from com.code_intelligence.jazzer.sanitizers.NamingContextLookup
INFO: Loaded 1 hooks from com.code_intelligence.jazzer.sanitizers.OsCommandInjection
INFO: Loaded 48 hooks from com.code_intelligence.jazzer.sanitizers.ReflectiveCall
INFO: Loaded 8 hooks from com.code_intelligence.jazzer.sanitizers.RegexInjection
INFO: Loaded 16 hooks from com.code_intelligence.jazzer.sanitizers.RegexRoadblocks
INFO: Loaded 12 hooks from com.code_intelligence.jazzer.sanitizers.ScriptEngineInjection
INFO: Loaded 3 hooks from com.code_intelligence.jazzer.sanitizers.ServerSideRequestForgery
INFO: Loaded 19 hooks from com.code_intelligence.jazzer.sanitizers.SqlInjection
INFO: Loaded 6 hooks from com.code_intelligence.jazzer.sanitizers.XPathInjection
INFO: Instrumented org.pqcfuzz.classify.Classifier (took 66 ms, size +26%)
INFO: Instrumented org.pqcfuzz.target.FuzzTarget (took 1 ms, size +12%)
INFO: Instrumented org.pqcfuzz.classify.Outcome (took 4 ms, size +13%)
INFO: Instrumented org.pqcfuzz.fuzz.PqcDecodeFuzzTest (took 12 ms, size +12%)
INFO: Instrumented org.pqcfuzz.target.Targets (took 11 ms, size +19%)
INFO: Instrumented org.pqcfuzz.target.mlkem.MlKem768DecapTarget (took 3 ms, size +13%)
INFO: Instrumented org.pqcfuzz.target.mlkem.MlKem768PublicKeyParseTarget (took 2 ms, size +15%)
INFO: Instrumented org.pqcfuzz.target.mldsa.MlDsa65VerifyTarget (took 3 ms, size +11%)
INFO: Instrumented org.bouncycastle.crypto.CipherParameters (took 0 ms, size +0%)
INFO: Instrumented org.pqcfuzz.target.mldsa.MlDsa65PublicKeyParseTarget (took 3 ms, size +15%)
INFO: Instrumented org.pqcfuzz.target.slhdsa.SlhDsaVerifyTarget (took 3 ms, size +10%)
INFO: Instrumented org.pqcfuzz.target.slhdsa.SlhDsaPublicKeyParseTarget (took 2 ms, size +14%)
INFO: Instrumented org.pqcfuzz.target.mlkem.MlKem768ParseAndEncapsulateTarget (took 1 ms, size +11%)
INFO: Instrumented org.bouncycastle.crypto.params.AsymmetricKeyParameter (took 0 ms, size +32%)
INFO: Instrumented org.bouncycastle.crypto.params.MLKEMPublicKeyParameters (took 1 ms, size +22%)
INFO: Instrumented org.bouncycastle.crypto.params.MLKEMKeyParameters (took 1 ms, size +23%)
INFO: Instrumented org.pqcfuzz.util.DeterministicSecureRandom (took 2 ms, size +24%)
INFO: Instrumented org.pqcfuzz.target.mldsa.MlDsa65ParseAndVerifyTarget (took 2 ms, size +10%)
INFO: Instrumented org.pqcfuzz.target.slhdsa.SlhDsaParseAndVerifyTarget (took 1 ms, size +10%)
INFO: Instrumented org.pqcfuzz.target.jdk.JdkMlKem768DecapTarget (took 1 ms, size +12%)
INFO: Instrumented org.pqcfuzz.target.jdk.JdkMlKem768PublicKeyParseTarget (took 1 ms, size +11%)
INFO: Instrumented org.pqcfuzz.target.jdk.JdkMlDsa65VerifyTarget (took 1 ms, size +10%)
INFO: Instrumented org.pqcfuzz.target.jdk.JdkMlDsa65PublicKeyParseTarget (took 1 ms, size +12%)
INFO: Instrumented org.pqcfuzz.target.jdk.JdkMlKem768ParseAndEncapsulateTarget (took 1 ms, size +9%)
INFO: Instrumented org.pqcfuzz.target.jdk.JdkMlDsa65ParseAndVerifyTarget (took 1 ms, size +9%)
INFO: Instrumented org.pqcfuzz.target.mlkem.MlKemKeys (took 0 ms, size +6%)
INFO: Instrumented org.bouncycastle.crypto.KeyGenerationParameters (took 1 ms, size +19%)
INFO: Instrumented org.bouncycastle.crypto.params.MLKEMKeyGenerationParameters (took 1 ms, size +20%)
INFO: Instrumented org.bouncycastle.crypto.params.MLKEMParameters (took 1 ms, size +11%)
INFO: Instrumented org.bouncycastle.crypto.KEMParameters (took 0 ms, size +0%)
INFO: Instrumented org.bouncycastle.crypto.generators.MLKEMKeyPairGenerator (took 1 ms, size +7%)
INFO: Instrumented org.bouncycastle.crypto.AsymmetricCipherKeyPairGenerator (took 0 ms, size +0%)
INFO: Instrumented org.bouncycastle.crypto.params.MLKEMPrivateKeyParameters (took 5 ms, size +14%)
INFO: New number of coverage counters: 1024
INFO: Instrumented org.bouncycastle.crypto.CryptoServicesRegistrar (took 5 ms, size +12%)
INFO: Instrumented org.bouncycastle.crypto.CryptoServicesPermission (took 0 ms, size +72%)
INFO: Instrumented org.bouncycastle.crypto.SecureRandomProvider (took 0 ms, size +0%)
INFO: Instrumented org.bouncycastle.crypto.CryptoServicesConstraints (took 0 ms, size +0%)
INFO: Instrumented org.bouncycastle.crypto.CryptoServicesRegistrar$ThreadLocalSecureRandomProvider (took 1 ms, size +13%)
INFO: Instrumented org.bouncycastle.crypto.CryptoServicesRegistrar$1 (took 1 ms, size +24%)
INFO: Instrumented org.bouncycastle.crypto.params.DSAParameters (took 2 ms, size +66%)
INFO: Instrumented org.bouncycastle.crypto.params.DSAValidationParameters (took 2 ms, size +38%)
INFO: Instrumented org.bouncycastle.util.encoders.Hex (took 3 ms, size +13%)
INFO: Instrumented org.bouncycastle.util.encoders.DecoderException (took 1 ms, size +27%)
INFO: Instrumented org.bouncycastle.util.encoders.EncoderException (took 0 ms, size +27%)
INFO: Instrumented org.bouncycastle.util.encoders.HexEncoder (took 2 ms, size +37%)
INFO: Instrumented org.bouncycastle.util.encoders.Encoder (took 0 ms, size +0%)
INFO: Instrumented org.bouncycastle.util.Arrays (took 12 ms, size +34%)
INFO: Instrumented org.bouncycastle.crypto.CryptoServicesRegistrar$Property (took 0 ms, size +10%)
INFO: New number of coverage counters: 2048
INFO: Instrumented org.bouncycastle.asn1.x9.X9ECParameters (took 2 ms, size +12%)
INFO: Instrumented org.bouncycastle.asn1.x9.X9ObjectIdentifiers (took 0 ms, size +3%)
INFO: Instrumented org.bouncycastle.asn1.ASN1Object (took 1 ms, size +30%)
INFO: Instrumented org.bouncycastle.asn1.ASN1Encodable (took 0 ms, size +0%)
INFO: Instrumented org.bouncycastle.util.Encodable (took 0 ms, size +0%)
INFO: Instrumented org.bouncycastle.crypto.params.DHParameters (took 1 ms, size +39%)
INFO: Instrumented org.bouncycastle.crypto.params.DHValidationParameters (took 0 ms, size +45%)
INFO: Instrumented org.bouncycastle.crypto.kems.mlkem.MLKEMEngine (took 2 ms, size +9%)
INFO: Instrumented org.bouncycastle.crypto.kems.mlkem.MLKEMIndCpa (took 1 ms, size +17%)
INFO: Instrumented org.bouncycastle.crypto.Xof (took 0 ms, size +0%)
INFO: Instrumented org.bouncycastle.crypto.ExtendedDigest (took 0 ms, size +0%)
INFO: Instrumented org.bouncycastle.crypto.Digest (took 0 ms, size +0%)
INFO: Instrumented org.bouncycastle.crypto.kems.mlkem.PolyVec (took 1 ms, size +23%)
INFO: Instrumented org.bouncycastle.crypto.kems.mlkem.Poly (took 3 ms, size +20%)
INFO: Instrumented org.bouncycastle.crypto.digests.SHA3Digest (took 3 ms, size +23%)
INFO: Instrumented org.bouncycastle.crypto.SavableDigest (took 0 ms, size +0%)
INFO: Instrumented org.bouncycastle.crypto.digests.EncodableDigest (took 0 ms, size +0%)
INFO: Instrumented org.bouncycastle.crypto.EncodableService (took 0 ms, size +0%)
INFO: Instrumented org.bouncycastle.util.Memoable (took 0 ms, size +0%)
INFO: Instrumented org.bouncycastle.crypto.digests.KeccakDigest (took 3 ms, size +19%)
INFO: Instrumented org.bouncycastle.crypto.CryptoServicePurpose (took 0 ms, size +8%)
INFO: Instrumented org.bouncycastle.crypto.digests.Utils (took 0 ms, size +10%)
INFO: Instrumented org.bouncycastle.crypto.CryptoServiceProperties (took 0 ms, size +0%)
INFO: Instrumented org.bouncycastle.crypto.digests.Utils$DefaultPropertiesWithPRF (took 0 ms, size +12%)
INFO: Instrumented org.bouncycastle.util.Pack (took 10 ms, size +24%)
INFO: Instrumented org.bouncycastle.crypto.digests.SHAKEDigest (took 2 ms, size +21%)
INFO: Instrumented org.bouncycastle.crypto.digests.Utils$DefaultProperties (took 0 ms, size +14%)
INFO: Instrumented org.bouncycastle.crypto.kems.mlkem.CBD (took 0 ms, size +41%)
INFO: Instrumented org.bouncycastle.crypto.kems.mlkem.Ntt (took 1 ms, size +14%)
INFO: Instrumented org.bouncycastle.crypto.kems.mlkem.Reduce (took 0 ms, size +28%)
INFO: Instrumented org.bouncycastle.crypto.AsymmetricCipherKeyPair (took 0 ms, size +13%)
INFO: Instrumented org.bouncycastle.crypto.kems.MLKEMExtractor (took 1 ms, size +18%)
INFO: Instrumented org.bouncycastle.crypto.EncapsulatedSecretExtractor (took 0 ms, size +0%)
INFO: Instrumented org.bouncycastle.crypto.kems.MLKEMGenerator (took 0 ms, size +14%)
INFO: Instrumented org.bouncycastle.crypto.EncapsulatedSecretGenerator (took 0 ms, size +0%)
INFO: Instrumented org.bouncycastle.crypto.SecretWithEncapsulation (took 0 ms, size +0%)
INFO: Instrumented org.pqcfuzz.target.TargetKind (took 0 ms, size +12%)
INFO: Instrumented org.pqcfuzz.classify.ExpectedRejections (took 0 ms, size +41%)
INFO: Instrumented org.bouncycastle.pqc.crypto.util.SecretWithEncapsulationImpl (took 0 ms, size +25%)
INFO: found LLVMFuzzerCustomMutator (0x12d96b038). Disabling -len_control by default.
INFO: Running with entropic power schedule (0xFF, 100).
INFO: Seed: 1369150540
INFO: Loaded 3 modules   (2048 inline 8-bit counters): 512 [0x79731a4000, 0x79731a4200), 512 [0x79731a4200, 0x79731a4400), 1024 [0x79731a4400, 0x79731a4800), 
INFO: Loaded 3 PC tables (2048 PCs): 512 [0x797511c000,0x797511e000), 512 [0x797511e000,0x7975120000), 1024 [0x797761c000,0x7977620000), 
INFO:        0 files found in <repo>/.cifuzz-corpus/org.pqcfuzz.fuzz.PqcDecodeFuzzTest/mlKemParseAndEncapsulate
INFO:        5 files found in <repo>/target/test-classes/org/pqcfuzz/fuzz/PqcDecodeFuzzTestInputs/mlKemParseAndEncapsulate
INFO:        0 files found in /var/folders/m8/hjsd0821793bcvxlpgdpt23r0000gn/T/jazzer-java-seeds2346272414859510421
INFO: -max_len is not provided; libFuzzer will not generate inputs larger than 4096 bytes
INFO: seed corpus: files: 5 min: 1184b max: 1248b total: 5984b rss: 1221Mb
#6	INITED cov: 251 ft: 263 corp: 5/5984b exec/s: 0 rss: 1221Mb
#13	REDUCE cov: 251 ft: 263 corp: 5/5391b lim: 1248 exec/s: 0 rss: 1221Mb L: 655/1184 MS: 4 ChangeByte-Custom-EraseBytes-Custom-
#14	NEW    cov: 253 ft: 266 corp: 6/6575b lim: 1248 exec/s: 0 rss: 1221Mb L: 1184/1184 MS: 2 CopyPart-Custom-
#34	REDUCE cov: 253 ft: 266 corp: 6/6098b lim: 1248 exec/s: 0 rss: 1221Mb L: 178/1184 MS: 10 ChangeBinInt-Custom-ChangeASCIIInt-Custom-CrossOver-Custom-ShuffleBytes-Custom-CrossOver-Custom-
INFO: using inputs from: <repo>/.cifuzz-corpus/org.pqcfuzz.fuzz.PqcDecodeFuzzTest/mlKemParseAndEncapsulate
INFO: using inputs from: <repo>/target/test-classes/org/pqcfuzz/fuzz/PqcDecodeFuzzTestInputs/mlKemParseAndEncapsulate
INFO: using inputs from: /var/folders/m8/hjsd0821793bcvxlpgdpt23r0000gn/T/jazzer-java-seeds2346272414859510421
#85	REDUCE cov: 253 ft: 266 corp: 6/6067b lim: 1248 exec/s: 0 rss: 1221Mb L: 147/1184 MS: 2 EraseBytes-Custom-
#173	REDUCE cov: 253 ft: 266 corp: 6/6019b lim: 1248 exec/s: 0 rss: 1221Mb L: 99/1184 MS: 6 InsertByte-Custom-ShuffleBytes-Custom-EraseBytes-Custom-
#499	NEW    cov: 253 ft: 267 corp: 7/7203b lim: 1248 exec/s: 0 rss: 1221Mb L: 1184/1184 MS: 2 CMP-Custom- DE: "\000\000\000\000\000\000\000\000"-
#959	REDUCE cov: 253 ft: 267 corp: 7/7176b lim: 1248 exec/s: 0 rss: 1221Mb L: 72/1184 MS: 10 ShuffleBytes-Custom-CMP-Custom-PersAutoDict-Custom-CrossOver-Custom-EraseBytes-Custom- DE: "\001\200"-"\000\000\000\000\000\000\000\000"-
#1018	REDUCE cov: 253 ft: 267 corp: 7/7157b lim: 1248 exec/s: 0 rss: 1221Mb L: 53/1184 MS: 8 InsertByte-Custom-CopyPart-Custom-ShuffleBytes-Custom-EraseBytes-Custom-
#1044	REDUCE cov: 253 ft: 267 corp: 7/7141b lim: 1248 exec/s: 0 rss: 1221Mb L: 37/1184 MS: 2 EraseBytes-Custom-
#1261	REDUCE cov: 253 ft: 267 corp: 7/7140b lim: 1248 exec/s: 0 rss: 1221Mb L: 36/1184 MS: 4 ChangeByte-Custom-EraseBytes-Custom-
#1307	REDUCE cov: 253 ft: 267 corp: 7/7134b lim: 1248 exec/s: 0 rss: 1221Mb L: 30/1184 MS: 2 EraseBytes-Custom-
#1445	REDUCE cov: 253 ft: 267 corp: 7/7121b lim: 1248 exec/s: 0 rss: 1221Mb L: 17/1184 MS: 6 CMP-Custom-ChangeASCIIInt-Custom-EraseBytes-Custom- DE: "\000\000\000\000\000\000\000\000"-
#1645	REDUCE cov: 253 ft: 267 corp: 7/7118b lim: 1248 exec/s: 0 rss: 1221Mb L: 14/1184 MS: 10 CrossOver-Custom-CopyPart-Custom-ChangeASCIIInt-Custom-ShuffleBytes-Custom-EraseBytes-Custom-
#1665	REDUCE cov: 253 ft: 267 corp: 7/7115b lim: 1248 exec/s: 0 rss: 1221Mb L: 11/1184 MS: 10 CopyPart-Custom-ShuffleBytes-Custom-ShuffleBytes-Custom-ChangeBinInt-Custom-EraseBytes-Custom-
#2456	REDUCE cov: 253 ft: 267 corp: 7/7110b lim: 1248 exec/s: 0 rss: 1221Mb L: 6/1184 MS: 2 EraseBytes-Custom-
#2488	NEW    cov: 258 ft: 273 corp: 8/8294b lim: 1248 exec/s: 0 rss: 1221Mb L: 1184/1184 MS: 4 ChangeBit-Custom-ShuffleBytes-Custom-
#2564	NEW    cov: 258 ft: 274 corp: 9/9478b lim: 1248 exec/s: 0 rss: 1221Mb L: 1184/1184 MS: 2 ChangeByte-Custom-
#2637	REDUCE cov: 258 ft: 274 corp: 9/9476b lim: 1248 exec/s: 0 rss: 1221Mb L: 4/1184 MS: 6 ShuffleBytes-Custom-ChangeBinInt-Custom-EraseBytes-Custom-
#2759	NEW    cov: 258 ft: 275 corp: 10/10660b lim: 1248 exec/s: 0 rss: 1221Mb L: 1184/1184 MS: 4 ShuffleBytes-Custom-ShuffleBytes-Custom-
#3125	NEW    cov: 258 ft: 277 corp: 11/11844b lim: 1248 exec/s: 0 rss: 1221Mb L: 1184/1184 MS: 2 CrossOver-Custom-
#3126	NEW    cov: 258 ft: 278 corp: 12/13028b lim: 1248 exec/s: 0 rss: 1221Mb L: 1184/1184 MS: 2 CMP-Custom- DE: "\001\000\000\000\000\000\000\000"-
#3185	NEW    cov: 258 ft: 279 corp: 13/14212b lim: 1248 exec/s: 0 rss: 1221Mb L: 1184/1184 MS: 8 ChangeASCIIInt-Custom-ChangeBit-Custom-PersAutoDict-Custom-ChangeBit-Custom- DE: "\001\200"-
#3397	REDUCE cov: 258 ft: 279 corp: 13/14211b lim: 1248 exec/s: 0 rss: 1221Mb L: 3/1184 MS: 4 InsertByte-Custom-EraseBytes-Custom-
#4083	REDUCE cov: 258 ft: 279 corp: 13/14210b lim: 1248 exec/s: 0 rss: 1221Mb L: 2/1184 MS: 2 EraseBytes-Custom-
#4135	REDUCE cov: 258 ft: 279 corp: 13/14209b lim: 1248 exec/s: 0 rss: 1221Mb L: 1/1184 MS: 4 ChangeByte-Custom-EraseBytes-Custom-
#5211	NEW    cov: 258 ft: 280 corp: 14/15393b lim: 1258 exec/s: 0 rss: 1221Mb L: 1184/1184 MS: 2 ChangeByte-Custom-
#6720	NEW    cov: 258 ft: 281 corp: 15/16Kb lim: 1268 exec/s: 0 rss: 1221Mb L: 1184/1184 MS: 8 ChangeBit-Custom-ShuffleBytes-Custom-ChangeBinInt-Custom-ChangeBinInt-Custom-
#10091	NEW    cov: 258 ft: 290 corp: 16/17Kb lim: 1298 exec/s: 0 rss: 1221Mb L: 1184/1184 MS: 2 PersAutoDict-Custom- DE: "\001\000\000\000\000\000\000\000"-
#10998	NEW    cov: 258 ft: 291 corp: 17/18Kb lim: 1298 exec/s: 0 rss: 1221Mb L: 1184/1184 MS: 4 ChangeByte-Custom-CopyPart-Custom-
#27294	NEW    cov: 258 ft: 292 corp: 18/19Kb lim: 1458 exec/s: 0 rss: 1221Mb L: 1184/1184 MS: 2 ChangeASCIIInt-Custom-
#65536	pulse  cov: 258 ft: 292 corp: 18/19Kb lim: 1838 exec/s: 32768 rss: 1221Mb
#131072	pulse  cov: 258 ft: 292 corp: 18/19Kb lim: 2488 exec/s: 32768 rss: 1221Mb
#262144	pulse  cov: 258 ft: 292 corp: 18/19Kb lim: 3786 exec/s: 37449 rss: 1221Mb
#524288	pulse  cov: 258 ft: 292 corp: 18/19Kb lim: 4096 exec/s: 34952 rss: 1221Mb
#1048576	pulse  cov: 258 ft: 292 corp: 18/19Kb lim: 4096 exec/s: 33825 rss: 1221Mb
#2097152	pulse  cov: 258 ft: 292 corp: 18/19Kb lim: 4096 exec/s: 34379 rss: 1221Mb
#2601331	NEW    cov: 258 ft: 299 corp: 19/20Kb lim: 4096 exec/s: 34228 rss: 1221Mb L: 1184/1184 MS: 2 CrossOver-Custom-
#4119825	DONE   cov: 258 ft: 299 corp: 19/20Kb lim: 4096 exec/s: 34048 rss: 1221Mb
[INFO] Tests run: 7, Failures: 0, Errors: 0, Skipped: 0, Time elapsed: 123.4 s -- in org.pqcfuzz.fuzz.PqcDecodeFuzzTest
[INFO] Tests run: 7, Failures: 0, Errors: 0, Skipped: 0
