INFO: Loaded 287 hooks from com.code_intelligence.jazzer.runtime.TraceCmpHooks
INFO: Loaded 5 hooks from com.code_intelligence.jazzer.runtime.TraceDivHooks
INFO: Loaded 2 hooks from com.code_intelligence.jazzer.runtime.TraceIndirHooks
INFO: Loaded 4 hooks from com.code_intelligence.jazzer.runtime.NativeLibHooks
INFO: Loaded 2 hooks from com.code_intelligence.jazzer.sanitizers.ClojureLangHooks
INFO: Loaded 5 hooks from com.code_intelligence.jazzer.sanitizers.Deserialization
INFO: Loaded 5 hooks from com.code_intelligence.jazzer.sanitizers.ExpressionLanguageInjection
INFO: Loaded 70 hooks from com.code_intelligence.jazzer.sanitizers.LdapInjection
INFO: Loaded 46 hooks from com.code_intelligence.jazzer.sanitizers.NamingContextLookup
INFO: Loaded 1 hooks from com.code_intelligence.jazzer.sanitizers.OsCommandInjection
INFO: Loaded 48 hooks from com.code_intelligence.jazzer.sanitizers.ReflectiveCall
INFO: Loaded 8 hooks from com.code_intelligence.jazzer.sanitizers.RegexInjection
INFO: Loaded 16 hooks from com.code_intelligence.jazzer.sanitizers.RegexRoadblocks
INFO: Loaded 12 hooks from com.code_intelligence.jazzer.sanitizers.ScriptEngineInjection
INFO: Loaded 3 hooks from com.code_intelligence.jazzer.sanitizers.ServerSideRequestForgery
INFO: Loaded 19 hooks from com.code_intelligence.jazzer.sanitizers.SqlInjection
INFO: Loaded 6 hooks from com.code_intelligence.jazzer.sanitizers.XPathInjection
INFO: Instrumented org.pqcfuzz.classify.Classifier (took 66 ms, size +26%)
INFO: Instrumented org.pqcfuzz.target.FuzzTarget (took 0 ms, size +12%)
INFO: Instrumented org.pqcfuzz.classify.Outcome (took 2 ms, size +13%)
INFO: Instrumented org.pqcfuzz.fuzz.PqcDecodeFuzzTest (took 8 ms, size +12%)
INFO: Instrumented org.pqcfuzz.target.Targets (took 14 ms, size +19%)
INFO: Instrumented org.pqcfuzz.target.mlkem.MlKem768DecapTarget (took 5 ms, size +13%)
INFO: Instrumented org.pqcfuzz.target.mlkem.MlKem768PublicKeyParseTarget (took 5 ms, size +15%)
INFO: Instrumented org.pqcfuzz.target.mldsa.MlDsa65VerifyTarget (took 6 ms, size +11%)
INFO: Instrumented org.bouncycastle.crypto.CipherParameters (took 0 ms, size +0%)
INFO: Instrumented org.pqcfuzz.target.mldsa.MlDsa65PublicKeyParseTarget (took 2 ms, size +15%)
INFO: Instrumented org.pqcfuzz.target.slhdsa.SlhDsaVerifyTarget (took 6 ms, size +10%)
INFO: Instrumented org.pqcfuzz.target.slhdsa.SlhDsaPublicKeyParseTarget (took 1 ms, size +14%)
INFO: Instrumented org.pqcfuzz.target.mlkem.MlKem768ParseAndEncapsulateTarget (took 2 ms, size +11%)
INFO: Instrumented org.bouncycastle.crypto.params.AsymmetricKeyParameter (took 0 ms, size +32%)
INFO: Instrumented org.bouncycastle.crypto.params.MLKEMPublicKeyParameters (took 1 ms, size +22%)
INFO: Instrumented org.bouncycastle.crypto.params.MLKEMKeyParameters (took 0 ms, size +23%)
INFO: Instrumented org.pqcfuzz.util.DeterministicSecureRandom (took 0 ms, size +24%)
INFO: Instrumented org.pqcfuzz.target.mldsa.MlDsa65ParseAndVerifyTarget (took 2 ms, size +10%)
INFO: Instrumented org.pqcfuzz.target.slhdsa.SlhDsaParseAndVerifyTarget (took 3 ms, size +10%)
INFO: Instrumented org.pqcfuzz.target.jdk.JdkMlKem768DecapTarget (took 13 ms, size +12%)
INFO: Instrumented org.pqcfuzz.target.jdk.JdkMlKem768PublicKeyParseTarget (took 2 ms, size +11%)
INFO: Instrumented org.pqcfuzz.target.jdk.JdkMlDsa65VerifyTarget (took 2 ms, size +10%)
INFO: Instrumented org.pqcfuzz.target.jdk.JdkMlDsa65PublicKeyParseTarget (took 2 ms, size +12%)
INFO: Instrumented org.pqcfuzz.target.jdk.JdkMlKem768ParseAndEncapsulateTarget (took 2 ms, size +9%)
INFO: Instrumented org.pqcfuzz.target.jdk.JdkMlDsa65ParseAndVerifyTarget (took 1 ms, size +9%)
INFO: Instrumented org.pqcfuzz.target.mlkem.MlKemKeys (took 1 ms, size +6%)
INFO: Instrumented org.bouncycastle.crypto.KeyGenerationParameters (took 0 ms, size +19%)
INFO: Instrumented org.bouncycastle.crypto.params.MLKEMKeyGenerationParameters (took 0 ms, size +20%)
INFO: Instrumented org.bouncycastle.crypto.params.MLKEMParameters (took 2 ms, size +11%)
INFO: Instrumented org.bouncycastle.crypto.KEMParameters (took 0 ms, size +0%)
INFO: Instrumented org.bouncycastle.crypto.generators.MLKEMKeyPairGenerator (took 1 ms, size +7%)
INFO: Instrumented org.bouncycastle.crypto.AsymmetricCipherKeyPairGenerator (took 0 ms, size +0%)
INFO: Instrumented org.bouncycastle.crypto.params.MLKEMPrivateKeyParameters (took 5 ms, size +14%)
INFO: New number of coverage counters: 1024
INFO: Instrumented org.bouncycastle.crypto.CryptoServicesRegistrar (took 11 ms, size +12%)
INFO: Instrumented org.bouncycastle.crypto.CryptoServicesPermission (took 1 ms, size +72%)
INFO: Instrumented org.bouncycastle.crypto.SecureRandomProvider (took 0 ms, size +0%)
INFO: Instrumented org.bouncycastle.crypto.CryptoServicesConstraints (took 0 ms, size +0%)
INFO: Instrumented org.bouncycastle.crypto.CryptoServicesRegistrar$ThreadLocalSecureRandomProvider (took 0 ms, size +13%)
INFO: Instrumented org.bouncycastle.crypto.CryptoServicesRegistrar$1 (took 0 ms, size +24%)
INFO: Instrumented org.bouncycastle.crypto.params.DSAParameters (took 1 ms, size +66%)
INFO: Instrumented org.bouncycastle.crypto.params.DSAValidationParameters (took 1 ms, size +38%)
INFO: Instrumented org.bouncycastle.util.encoders.Hex (took 2 ms, size +13%)
INFO: Instrumented org.bouncycastle.util.encoders.DecoderException (took 0 ms, size +27%)
INFO: Instrumented org.bouncycastle.util.encoders.EncoderException (took 0 ms, size +27%)
INFO: Instrumented org.bouncycastle.util.encoders.HexEncoder (took 7 ms, size +37%)
INFO: Instrumented org.bouncycastle.util.encoders.Encoder (took 0 ms, size +0%)
INFO: Instrumented org.bouncycastle.util.Arrays (took 22 ms, size +34%)
INFO: Instrumented org.bouncycastle.crypto.CryptoServicesRegistrar$Property (took 1 ms, size +10%)
INFO: New number of coverage counters: 2048
INFO: Instrumented org.bouncycastle.asn1.x9.X9ECParameters (took 5 ms, size +12%)
INFO: Instrumented org.bouncycastle.asn1.x9.X9ObjectIdentifiers (took 2 ms, size +3%)
INFO: Instrumented org.bouncycastle.asn1.ASN1Object (took 1 ms, size +30%)
INFO: Instrumented org.bouncycastle.asn1.ASN1Encodable (took 0 ms, size +0%)
INFO: Instrumented org.bouncycastle.util.Encodable (took 0 ms, size +0%)
INFO: Instrumented org.bouncycastle.crypto.params.DHParameters (took 3 ms, size +39%)
INFO: Instrumented org.bouncycastle.crypto.params.DHValidationParameters (took 0 ms, size +45%)
INFO: Instrumented org.bouncycastle.crypto.kems.mlkem.MLKEMEngine (took 5 ms, size +9%)
INFO: Instrumented org.bouncycastle.crypto.kems.mlkem.MLKEMIndCpa (took 2 ms, size +17%)
INFO: Instrumented org.bouncycastle.crypto.Xof (took 0 ms, size +0%)
INFO: Instrumented org.bouncycastle.crypto.ExtendedDigest (took 0 ms, size +0%)
INFO: Instrumented org.bouncycastle.crypto.Digest (took 0 ms, size +0%)
INFO: Instrumented org.bouncycastle.crypto.kems.mlkem.PolyVec (took 5 ms, size +23%)
INFO: Instrumented org.bouncycastle.crypto.kems.mlkem.Poly (took 5 ms, size +20%)
INFO: Instrumented org.bouncycastle.crypto.digests.SHA3Digest (took 2 ms, size +23%)
INFO: Instrumented org.bouncycastle.crypto.SavableDigest (took 0 ms, size +0%)
INFO: Instrumented org.bouncycastle.crypto.digests.EncodableDigest (took 0 ms, size +0%)
INFO: Instrumented org.bouncycastle.crypto.EncodableService (took 0 ms, size +0%)
INFO: Instrumented org.bouncycastle.util.Memoable (took 0 ms, size +0%)
INFO: Instrumented org.bouncycastle.crypto.digests.KeccakDigest (took 4 ms, size +19%)
INFO: Instrumented org.bouncycastle.crypto.CryptoServicePurpose (took 2 ms, size +8%)
INFO: Instrumented org.bouncycastle.crypto.digests.Utils (took 0 ms, size +10%)
INFO: Instrumented org.bouncycastle.crypto.CryptoServiceProperties (took 0 ms, size +0%)
INFO: Instrumented org.bouncycastle.crypto.digests.Utils$DefaultPropertiesWithPRF (took 0 ms, size +12%)
INFO: Instrumented org.bouncycastle.util.Pack (took 9 ms, size +24%)
INFO: Instrumented org.bouncycastle.crypto.digests.SHAKEDigest (took 2 ms, size +21%)
INFO: Instrumented org.bouncycastle.crypto.digests.Utils$DefaultProperties (took 0 ms, size +14%)
INFO: Instrumented org.bouncycastle.crypto.kems.mlkem.CBD (took 0 ms, size +41%)
INFO: Instrumented org.bouncycastle.crypto.kems.mlkem.Ntt (took 2 ms, size +14%)
INFO: Instrumented org.bouncycastle.crypto.kems.mlkem.Reduce (took 6 ms, size +28%)
INFO: Instrumented org.bouncycastle.crypto.AsymmetricCipherKeyPair (took 1 ms, size +13%)
INFO: Instrumented org.bouncycastle.crypto.kems.MLKEMExtractor (took 0 ms, size +18%)
INFO: Instrumented org.bouncycastle.crypto.EncapsulatedSecretExtractor (took 0 ms, size +0%)
INFO: Instrumented org.bouncycastle.crypto.kems.MLKEMGenerator (took 1 ms, size +14%)
INFO: Instrumented org.bouncycastle.crypto.EncapsulatedSecretGenerator (took 0 ms, size +0%)
INFO: Instrumented org.bouncycastle.crypto.SecretWithEncapsulation (took 0 ms, size +0%)
INFO: Instrumented org.pqcfuzz.target.TargetKind (took 1 ms, size +12%)
INFO: Instrumented org.pqcfuzz.classify.ExpectedRejections (took 0 ms, size +41%)
INFO: Instrumented org.bouncycastle.pqc.crypto.util.SecretWithEncapsulationImpl (took 0 ms, size +25%)
INFO: using inputs from: <repo>/.cifuzz-corpus/org.pqcfuzz.fuzz.PqcDecodeFuzzTest/mlKemParseAndEncapsulate
INFO: using inputs from: <repo>/target/test-classes/org/pqcfuzz/fuzz/PqcDecodeFuzzTestInputs/mlKemParseAndEncapsulate
INFO: using inputs from: /var/folders/m8/hjsd0821793bcvxlpgdpt23r0000gn/T/jazzer-java-seeds14480877597418008513
INFO: found LLVMFuzzerCustomMutator (0x12a1cb038). Disabling -len_control by default.
INFO: Running with entropic power schedule (0xFF, 100).
INFO: Seed: 244039839
INFO: Loaded 3 modules   (2048 inline 8-bit counters): 512 [0x79e6c90000, 0x79e6c90200), 512 [0x79e6c90200, 0x79e6c90400), 1024 [0x79e6c90400, 0x79e6c90800), 
INFO: Loaded 3 PC tables (2048 PCs): 512 [0x79eaf40000,0x79eaf42000), 512 [0x79eaf4e000,0x79eaf50000), 1024 [0x79eb634000,0x79eb638000), 
INFO:        0 files found in <repo>/.cifuzz-corpus/org.pqcfuzz.fuzz.PqcDecodeFuzzTest/mlKemParseAndEncapsulate
INFO:        5 files found in <repo>/target/test-classes/org/pqcfuzz/fuzz/PqcDecodeFuzzTestInputs/mlKemParseAndEncapsulate
INFO:        0 files found in /var/folders/m8/hjsd0821793bcvxlpgdpt23r0000gn/T/jazzer-java-seeds14480877597418008513
INFO: -max_len is not provided; libFuzzer will not generate inputs larger than 4096 bytes
INFO: seed corpus: files: 5 min: 1184b max: 1248b total: 5984b rss: 1107Mb
#6	INITED cov: 251 ft: 263 corp: 5/5984b exec/s: 0 rss: 1107Mb
#17	NEW    cov: 253 ft: 266 corp: 6/7168b lim: 1248 exec/s: 0 rss: 1107Mb L: 1184/1248 MS: 2 ChangeBinInt-Custom-
#21	REDUCE cov: 253 ft: 266 corp: 6/6624b lim: 1248 exec/s: 0 rss: 1107Mb L: 704/1184 MS: 8 ShuffleBytes-Custom-ChangeBinInt-Custom-ChangeByte-Custom-EraseBytes-Custom-
#52	REDUCE cov: 253 ft: 266 corp: 6/6280b lim: 1248 exec/s: 0 rss: 1107Mb L: 360/1184 MS: 2 EraseBytes-Custom-
#80	REDUCE cov: 253 ft: 266 corp: 6/6154b lim: 1248 exec/s: 0 rss: 1107Mb L: 234/1184 MS: 6 CrossOver-Custom-ChangeByte-Custom-EraseBytes-Custom-
#191	NEW    cov: 253 ft: 267 corp: 7/7338b lim: 1248 exec/s: 0 rss: 1107Mb L: 1184/1184 MS: 2 ChangeBit-Custom-
#192	NEW    cov: 253 ft: 268 corp: 8/8522b lim: 1248 exec/s: 0 rss: 1107Mb L: 1184/1184 MS: 2 ChangeBinInt-Custom-
#418	NEW    cov: 253 ft: 269 corp: 9/9706b lim: 1248 exec/s: 0 rss: 1107Mb L: 1184/1184 MS: 2 CrossOver-Custom-
#602	NEW    cov: 258 ft: 275 corp: 10/10890b lim: 1248 exec/s: 0 rss: 1107Mb L: 1184/1184 MS: 8 ShuffleBytes-Custom-ShuffleBytes-Custom-ChangeBinInt-Custom-ChangeBinInt-Custom-
#643	REDUCE cov: 258 ft: 275 corp: 10/10847b lim: 1248 exec/s: 0 rss: 1107Mb L: 191/1184 MS: 2 EraseBytes-Custom-
#747	REDUCE cov: 258 ft: 275 corp: 10/10769b lim: 1248 exec/s: 0 rss: 1107Mb L: 113/1184 MS: 8 ChangeASCIIInt-Custom-InsertByte-Custom-InsertByte-Custom-EraseBytes-Custom-
#958	NEW    cov: 258 ft: 278 corp: 11/11953b lim: 1248 exec/s: 0 rss: 1107Mb L: 1184/1184 MS: 2 ChangeBinInt-Custom-
#1005	REDUCE cov: 258 ft: 278 corp: 11/11941b lim: 1248 exec/s: 0 rss: 1107Mb L: 101/1184 MS: 4 CrossOver-Custom-EraseBytes-Custom-
#1071	REDUCE cov: 258 ft: 278 corp: 11/11896b lim: 1248 exec/s: 0 rss: 1107Mb L: 56/1184 MS: 2 EraseBytes-Custom-
#1262	REDUCE cov: 258 ft: 278 corp: 11/11880b lim: 1248 exec/s: 0 rss: 1107Mb L: 40/1184 MS: 2 EraseBytes-Custom-
#1279	REDUCE cov: 258 ft: 278 corp: 11/11879b lim: 1248 exec/s: 0 rss: 1107Mb L: 39/1184 MS: 4 CrossOver-Custom-EraseBytes-Custom-
#1320	REDUCE cov: 258 ft: 278 corp: 11/11871b lim: 1248 exec/s: 0 rss: 1107Mb L: 31/1184 MS: 2 EraseBytes-Custom-
#1430	REDUCE cov: 258 ft: 278 corp: 11/11861b lim: 1248 exec/s: 0 rss: 1107Mb L: 21/1184 MS: 10 ChangeBit-Custom-CopyPart-Custom-ShuffleBytes-Custom-CrossOver-Custom-EraseBytes-Custom-
#1752	REDUCE cov: 258 ft: 278 corp: 11/11854b lim: 1248 exec/s: 0 rss: 1107Mb L: 14/1184 MS: 4 ShuffleBytes-Custom-EraseBytes-Custom-
#2180	REDUCE cov: 258 ft: 278 corp: 11/11853b lim: 1248 exec/s: 0 rss: 1107Mb L: 13/1184 MS: 6 InsertByte-Custom-ShuffleBytes-Custom-EraseBytes-Custom-
#2386	NEW    cov: 258 ft: 279 corp: 12/13037b lim: 1248 exec/s: 0 rss: 1107Mb L: 1184/1184 MS: 2 ChangeByte-Custom-
#2954	REDUCE cov: 258 ft: 279 corp: 12/13036b lim: 1248 exec/s: 0 rss: 1107Mb L: 12/1184 MS: 6 InsertByte-Custom-ChangeBit-Custom-EraseBytes-Custom-
#3056	REDUCE cov: 258 ft: 279 corp: 12/13034b lim: 1248 exec/s: 0 rss: 1107Mb L: 10/1184 MS: 4 ChangeBinInt-Custom-EraseBytes-Custom-
#3182	REDUCE cov: 258 ft: 279 corp: 12/13032b lim: 1248 exec/s: 0 rss: 1107Mb L: 8/1184 MS: 2 EraseBytes-Custom-
#3334	REDUCE cov: 258 ft: 279 corp: 12/13031b lim: 1248 exec/s: 0 rss: 1107Mb L: 7/1184 MS: 4 CrossOver-Custom-EraseBytes-Custom-
#4247	REDUCE cov: 258 ft: 279 corp: 12/13029b lim: 1248 exec/s: 0 rss: 1107Mb L: 5/1184 MS: 6 CrossOver-Custom-ShuffleBytes-Custom-EraseBytes-Custom-
#4515	REDUCE cov: 258 ft: 279 corp: 12/13028b lim: 1248 exec/s: 0 rss: 1107Mb L: 4/1184 MS: 6 ChangeByte-Custom-CMP-Custom-EraseBytes-Custom- DE: "\024\000\000\000"-
#4587	REDUCE cov: 258 ft: 279 corp: 12/13026b lim: 1248 exec/s: 0 rss: 1107Mb L: 2/1184 MS: 4 ChangeBit-Custom-EraseBytes-Custom-
#4979	REDUCE cov: 258 ft: 279 corp: 12/13025b lim: 1248 exec/s: 0 rss: 1107Mb L: 1/1184 MS: 4 ChangeBinInt-Custom-EraseBytes-Custom-
#5235	NEW    cov: 258 ft: 280 corp: 13/14209b lim: 1248 exec/s: 0 rss: 1107Mb L: 1184/1184 MS: 2 ChangeBit-Custom-
#6657	NEW    cov: 258 ft: 281 corp: 14/15393b lim: 1258 exec/s: 0 rss: 1107Mb L: 1184/1184 MS: 4 ChangeByte-Custom-PersAutoDict-Custom- DE: "\024\000\000\000"-
#7964	NEW    cov: 258 ft: 282 corp: 15/16Kb lim: 1268 exec/s: 0 rss: 1107Mb L: 1184/1184 MS: 4 CrossOver-Custom-CopyPart-Custom-
#10471	NEW    cov: 258 ft: 283 corp: 16/17Kb lim: 1288 exec/s: 0 rss: 1107Mb L: 1184/1184 MS: 4 ChangeBinInt-Custom-ChangeBinInt-Custom-
#25223	NEW    cov: 258 ft: 292 corp: 17/18Kb lim: 1428 exec/s: 0 rss: 1159Mb L: 1184/1184 MS: 4 ChangeASCIIInt-Custom-CopyPart-Custom-
#65536	pulse  cov: 258 ft: 292 corp: 17/18Kb lim: 1828 exec/s: 32768 rss: 1282Mb
#131072	pulse  cov: 258 ft: 292 corp: 17/18Kb lim: 2477 exec/s: 32768 rss: 1282Mb
#262144	pulse  cov: 258 ft: 292 corp: 17/18Kb lim: 3786 exec/s: 32768 rss: 1282Mb
#524288	pulse  cov: 258 ft: 292 corp: 17/18Kb lim: 4096 exec/s: 32768 rss: 1282Mb
#1048576	pulse  cov: 258 ft: 292 corp: 17/18Kb lim: 4096 exec/s: 33825 rss: 1282Mb
#2097152	pulse  cov: 258 ft: 292 corp: 17/18Kb lim: 4096 exec/s: 33288 rss: 1282Mb
#4014358	DONE   cov: 258 ft: 292 corp: 17/18Kb lim: 4096 exec/s: 33176 rss: 1282Mb
[INFO] Tests run: 7, Failures: 0, Errors: 0, Skipped: 0, Time elapsed: 123.7 s -- in org.pqcfuzz.fuzz.PqcDecodeFuzzTest
[INFO] Tests run: 7, Failures: 0, Errors: 0, Skipped: 0
