INFO: Loaded 287 hooks from com.code_intelligence.jazzer.runtime.TraceCmpHooks
INFO: Loaded 5 hooks from com.code_intelligence.jazzer.runtime.TraceDivHooks
INFO: Loaded 2 hooks from com.code_intelligence.jazzer.runtime.TraceIndirHooks
INFO: Loaded 4 hooks from com.code_intelligence.jazzer.runtime.NativeLibHooks
INFO: Loaded 2 hooks from com.code_intelligence.jazzer.sanitizers.ClojureLangHooks
INFO: Loaded 5 hooks from com.code_intelligence.jazzer.sanitizers.Deserialization
INFO: Loaded 5 hooks from com.code_intelligence.jazzer.sanitizers.ExpressionLanguageInjection
INFO: Loaded 70 hooks from com.code_intelligence.jazzer.sanitizers.LdapInjection
INFO: Loaded 46 hooks from com.code_intelligence.jazzer.sanitizers.NamingContextLookup
INFO: Loaded 1 hooks from com.code_intelligence.jazzer.sanitizers.OsCommandInjection
INFO: Loaded 48 hooks from com.code_intelligence.jazzer.sanitizers.ReflectiveCall
INFO: Loaded 8 hooks from com.code_intelligence.jazzer.sanitizers.RegexInjection
INFO: Loaded 16 hooks from com.code_intelligence.jazzer.sanitizers.RegexRoadblocks
INFO: Loaded 12 hooks from com.code_intelligence.jazzer.sanitizers.ScriptEngineInjection
INFO: Loaded 3 hooks from com.code_intelligence.jazzer.sanitizers.ServerSideRequestForgery
INFO: Loaded 19 hooks from com.code_intelligence.jazzer.sanitizers.SqlInjection
INFO: Loaded 6 hooks from com.code_intelligence.jazzer.sanitizers.XPathInjection
INFO: Instrumented org.pqcfuzz.classify.Classifier (took 62 ms, size +26%)
INFO: Instrumented org.pqcfuzz.target.FuzzTarget (took 1 ms, size +12%)
INFO: Instrumented org.pqcfuzz.classify.Outcome (took 5 ms, size +13%)
INFO: Instrumented org.pqcfuzz.fuzz.PqcDecodeFuzzTest (took 11 ms, size +12%)
INFO: Instrumented org.pqcfuzz.target.Targets (took 14 ms, size +19%)
INFO: Instrumented org.pqcfuzz.target.mlkem.MlKem768DecapTarget (took 5 ms, size +13%)
INFO: Instrumented org.pqcfuzz.target.mlkem.MlKem768PublicKeyParseTarget (took 2 ms, size +15%)
INFO: Instrumented org.pqcfuzz.target.mldsa.MlDsa65VerifyTarget (took 2 ms, size +11%)
INFO: Instrumented org.bouncycastle.crypto.CipherParameters (took 0 ms, size +0%)
INFO: Instrumented org.pqcfuzz.target.mldsa.MlDsa65PublicKeyParseTarget (took 4 ms, size +15%)
INFO: Instrumented org.pqcfuzz.target.slhdsa.SlhDsaVerifyTarget (took 4 ms, size +10%)
INFO: Instrumented org.pqcfuzz.target.slhdsa.SlhDsaPublicKeyParseTarget (took 2 ms, size +14%)
INFO: Instrumented org.pqcfuzz.target.mlkem.MlKem768ParseAndEncapsulateTarget (took 1 ms, size +11%)
INFO: Instrumented org.bouncycastle.crypto.params.AsymmetricKeyParameter (took 1 ms, size +32%)
INFO: Instrumented org.bouncycastle.crypto.params.MLKEMPublicKeyParameters (took 1 ms, size +22%)
INFO: Instrumented org.bouncycastle.crypto.params.MLKEMKeyParameters (took 0 ms, size +23%)
INFO: Instrumented org.pqcfuzz.util.DeterministicSecureRandom (took 1 ms, size +24%)
INFO: Instrumented org.pqcfuzz.target.mldsa.MlDsa65ParseAndVerifyTarget (took 3 ms, size +10%)
INFO: Instrumented org.pqcfuzz.target.slhdsa.SlhDsaParseAndVerifyTarget (took 3 ms, size +10%)
INFO: Instrumented org.pqcfuzz.target.jdk.JdkMlKem768DecapTarget (took 1 ms, size +12%)
INFO: Instrumented org.pqcfuzz.target.jdk.JdkMlKem768PublicKeyParseTarget (took 3 ms, size +11%)
INFO: Instrumented org.pqcfuzz.target.jdk.JdkMlDsa65VerifyTarget (took 3 ms, size +10%)
INFO: Instrumented org.pqcfuzz.target.jdk.JdkMlDsa65PublicKeyParseTarget (took 1 ms, size +12%)
INFO: Instrumented org.pqcfuzz.target.jdk.JdkMlKem768ParseAndEncapsulateTarget (took 1 ms, size +9%)
INFO: Instrumented org.pqcfuzz.target.jdk.JdkMlDsa65ParseAndVerifyTarget (took 1 ms, size +9%)
INFO: Instrumented org.pqcfuzz.target.slhdsa.SlhDsaKeys (took 0 ms, size +7%)
INFO: Instrumented org.bouncycastle.crypto.KeyGenerationParameters (took 0 ms, size +19%)
INFO: Instrumented org.bouncycastle.crypto.params.SLHDSAKeyGenerationParameters (took 0 ms, size +20%)
INFO: Instrumented org.bouncycastle.crypto.params.SLHDSAParameters (took 3 ms, size +7%)
INFO: Instrumented org.bouncycastle.crypto.params.SLHDSAParameters$SLHDSAEngineProvider (took 0 ms, size +0%)
INFO: Instrumented org.bouncycastle.crypto.params.SLHDSAParameters$Sha2EngineProvider (took 0 ms, size +12%)
INFO: Instrumented org.bouncycastle.crypto.signers.slhdsa.SLHDSAEngine (took 3 ms, size +10%)
INFO: Instrumented org.bouncycastle.crypto.signers.slhdsa.SLHDSAEngine$Sha2Engine (took 5 ms, size +9%)
INFO: Instrumented org.bouncycastle.crypto.params.SLHDSAParameters$Shake256EngineProvider (took 1 ms, size +12%)
INFO: Instrumented org.bouncycastle.crypto.signers.slhdsa.SLHDSAEngine$Shake256Engine (took 2 ms, size +12%)
INFO: Instrumented org.bouncycastle.crypto.generators.SLHDSAKeyPairGenerator (took 2 ms, size +8%)
INFO: Instrumented org.bouncycastle.crypto.AsymmetricCipherKeyPairGenerator (took 0 ms, size +0%)
INFO: New number of coverage counters: 1024
INFO: Instrumented org.bouncycastle.crypto.CryptoServicesRegistrar (took 11 ms, size +12%)
INFO: Instrumented org.bouncycastle.crypto.CryptoServicesPermission (took 1 ms, size +72%)
INFO: Instrumented org.bouncycastle.crypto.SecureRandomProvider (took 0 ms, size +0%)
INFO: Instrumented org.bouncycastle.crypto.CryptoServicesConstraints (took 0 ms, size +0%)
INFO: Instrumented org.bouncycastle.crypto.CryptoServicesRegistrar$ThreadLocalSecureRandomProvider (took 0 ms, size +13%)
INFO: Instrumented org.bouncycastle.crypto.CryptoServicesRegistrar$1 (took 0 ms, size +24%)
INFO: Instrumented org.bouncycastle.crypto.params.DSAParameters (took 1 ms, size +66%)
INFO: Instrumented org.bouncycastle.crypto.params.DSAValidationParameters (took 1 ms, size +38%)
INFO: Instrumented org.bouncycastle.util.encoders.Hex (took 3 ms, size +13%)
INFO: Instrumented org.bouncycastle.util.encoders.DecoderException (took 1 ms, size +27%)
INFO: Instrumented org.bouncycastle.util.encoders.EncoderException (took 0 ms, size +27%)
INFO: Instrumented org.bouncycastle.util.encoders.HexEncoder (took 4 ms, size +37%)
INFO: Instrumented org.bouncycastle.util.encoders.Encoder (took 0 ms, size +0%)
INFO: New number of coverage counters: 2048
INFO: Instrumented org.bouncycastle.util.Arrays (took 23 ms, size +34%)
INFO: Instrumented org.bouncycastle.crypto.CryptoServicesRegistrar$Property (took 1 ms, size +10%)
INFO: Instrumented org.bouncycastle.asn1.x9.X9ECParameters (took 2 ms, size +12%)
INFO: Instrumented org.bouncycastle.asn1.x9.X9ObjectIdentifiers (took 1 ms, size +3%)
INFO: Instrumented org.bouncycastle.asn1.ASN1Object (took 1 ms, size +30%)
INFO: Instrumented org.bouncycastle.asn1.ASN1Encodable (took 0 ms, size +0%)
INFO: Instrumented org.bouncycastle.util.Encodable (took 0 ms, size +0%)
INFO: Instrumented org.bouncycastle.crypto.params.DHParameters (took 3 ms, size +39%)
INFO: Instrumented org.bouncycastle.crypto.params.DHValidationParameters (took 1 ms, size +45%)
INFO: Instrumented org.bouncycastle.crypto.params.SLHDSAPrivateKeyParameters (took 2 ms, size +13%)
INFO: Instrumented org.bouncycastle.crypto.params.SLHDSAKeyParameters (took 0 ms, size +22%)
INFO: Instrumented org.bouncycastle.crypto.params.SLHDSAPublicKeyParameters (took 1 ms, size +25%)
INFO: Instrumented org.bouncycastle.crypto.DerivationParameters (took 0 ms, size +0%)
INFO: Instrumented org.bouncycastle.crypto.Digest (took 0 ms, size +0%)
INFO: Instrumented org.bouncycastle.crypto.digests.SHA256Digest (took 4 ms, size +10%)
INFO: Instrumented org.bouncycastle.crypto.SavableDigest (took 0 ms, size +0%)
INFO: Instrumented org.bouncycastle.crypto.ExtendedDigest (took 0 ms, size +0%)
INFO: Instrumented org.bouncycastle.crypto.digests.EncodableDigest (took 0 ms, size +0%)
INFO: Instrumented org.bouncycastle.crypto.EncodableService (took 0 ms, size +0%)
INFO: Instrumented org.bouncycastle.util.Memoable (took 0 ms, size +0%)
INFO: Instrumented org.bouncycastle.crypto.digests.GeneralDigest (took 2 ms, size +23%)
INFO: Instrumented org.bouncycastle.crypto.CryptoServicePurpose (took 0 ms, size +8%)
INFO: Instrumented org.bouncycastle.crypto.digests.Utils (took 0 ms, size +10%)
INFO: Instrumented org.bouncycastle.crypto.CryptoServiceProperties (took 0 ms, size +0%)
INFO: Instrumented org.bouncycastle.crypto.digests.Utils$DefaultPropertiesWithPRF (took 0 ms, size +12%)
INFO: Instrumented org.bouncycastle.crypto.macs.HMac (took 1 ms, size +19%)
INFO: Instrumented org.bouncycastle.crypto.Mac (took 0 ms, size +0%)
INFO: Instrumented org.bouncycastle.util.Integers (took 1 ms, size +30%)
INFO: Instrumented org.bouncycastle.crypto.generators.MGF1BytesGenerator (took 0 ms, size +26%)
INFO: Instrumented org.bouncycastle.crypto.DerivationFunction (took 0 ms, size +0%)
INFO: Instrumented org.bouncycastle.crypto.OutputLengthException (took 0 ms, size +46%)
INFO: Instrumented org.bouncycastle.crypto.DataLengthException (took 0 ms, size +39%)
INFO: Instrumented org.bouncycastle.crypto.RuntimeCryptoException (took 0 ms, size +42%)
INFO: Instrumented org.bouncycastle.util.Pack (took 6 ms, size +24%)
INFO: Instrumented org.bouncycastle.crypto.AsymmetricCipherKeyPair (took 0 ms, size +13%)
INFO: Instrumented org.bouncycastle.crypto.signers.slhdsa.HT (took 1 ms, size +15%)
INFO: Instrumented org.bouncycastle.crypto.signers.slhdsa.WotsPlus (took 1 ms, size +21%)
INFO: Instrumented org.bouncycastle.crypto.signers.slhdsa.ADRS (took 3 ms, size +9%)
INFO: Instrumented org.bouncycastle.crypto.signers.slhdsa.NodeEntry (took 0 ms, size +37%)
INFO: Instrumented org.bouncycastle.crypto.params.SLHDSAPrivateKeyParameters$SK (took 0 ms, size +17%)
INFO: Instrumented org.bouncycastle.crypto.params.SLHDSAPrivateKeyParameters$PK (took 0 ms, size +17%)
INFO: Instrumented org.bouncycastle.crypto.signers.SLHDSASigner (took 1 ms, size +14%)
INFO: Instrumented org.bouncycastle.pqc.crypto.MessageSigner (took 0 ms, size +0%)
INFO: Instrumented org.bouncycastle.crypto.params.ParametersWithContext (took 0 ms, size +23%)
INFO: Instrumented org.bouncycastle.crypto.params.ParametersWithRandom (took 0 ms, size +13%)
INFO: Instrumented org.bouncycastle.crypto.signers.slhdsa.Fors (took 1 ms, size +16%)
INFO: Instrumented org.bouncycastle.crypto.params.KeyParameter (took 0 ms, size +27%)
INFO: Instrumented org.bouncycastle.crypto.params.MGFParameters (took 0 ms, size +23%)
INFO: Instrumented org.bouncycastle.util.Bytes (took 1 ms, size +35%)
INFO: Instrumented org.bouncycastle.crypto.signers.slhdsa.IndexedDigest (took 0 ms, size +32%)
INFO: Instrumented org.bouncycastle.crypto.signers.slhdsa.SIG_FORS (took 0 ms, size +31%)
INFO: Instrumented org.bouncycastle.crypto.signers.slhdsa.SIG_XMSS (took 0 ms, size +31%)
INFO: Instrumented org.pqcfuzz.target.TargetKind (took 0 ms, size +12%)
INFO: Instrumented org.pqcfuzz.classify.ExpectedRejections (took 0 ms, size +41%)
INFO: Instrumented org.bouncycastle.crypto.signers.slhdsa.SIG (took 0 ms, size +25%)
INFO: found LLVMFuzzerCustomMutator (0x12b96b038). Disabling -len_control by default.
INFO: Running with entropic power schedule (0xFF, 100).
INFO: Seed: 994255959
INFO: Loaded 3 modules   (2048 inline 8-bit counters): 512 [0x7612c00000, 0x7612c00200), 512 [0x7612c00200, 0x7612c00400), 1024 [0x7612c00400, 0x7612c00800), 
INFO: Loaded 3 PC tables (2048 PCs): 512 [0x7615914000,0x7615916000), 512 [0x7615916000,0x7615918000), 1024 [0x761528c000,0x7615290000), 
INFO:        0 files found in <repo>/.cifuzz-corpus/org.pqcfuzz.fuzz.PqcDecodeFuzzTest/slhDsaParseAndVerify
INFO:        4 files found in <repo>/target/test-classes/org/pqcfuzz/fuzz/PqcDecodeFuzzTestInputs/slhDsaParseAndVerify
INFO:        0 files found in /var/folders/m8/hjsd0821793bcvxlpgdpt23r0000gn/T/jazzer-java-seeds9394085758225837259
INFO: -max_len is not provided; libFuzzer will not generate inputs larger than 4096 bytes
INFO: seed corpus: files: 4 min: 32b max: 96b total: 192b rss: 1298Mb
INFO: using inputs from: <repo>/.cifuzz-corpus/org.pqcfuzz.fuzz.PqcDecodeFuzzTest/slhDsaParseAndVerify
INFO: using inputs from: <repo>/target/test-classes/org/pqcfuzz/fuzz/PqcDecodeFuzzTestInputs/slhDsaParseAndVerify
INFO: using inputs from: /var/folders/m8/hjsd0821793bcvxlpgdpt23r0000gn/T/jazzer-java-seeds9394085758225837259
#5	INITED cov: 221 ft: 278 corp: 4/192b exec/s: 0 rss: 1298Mb
#6	NEW    cov: 221 ft: 279 corp: 5/224b lim: 96 exec/s: 0 rss: 1298Mb L: 32/96 MS: 2 ChangeBinInt-Custom-
#18	NEW    cov: 221 ft: 302 corp: 6/256b lim: 96 exec/s: 0 rss: 1298Mb L: 32/96 MS: 4 ChangeASCIIInt-Custom-CrossOver-Custom-
#35	NEW    cov: 221 ft: 306 corp: 7/288b lim: 96 exec/s: 0 rss: 1298Mb L: 32/96 MS: 4 ChangeBit-Custom-CrossOver-Custom-
#36	NEW    cov: 221 ft: 311 corp: 8/320b lim: 96 exec/s: 0 rss: 1298Mb L: 32/96 MS: 2 ChangeBit-Custom-
#37	NEW    cov: 221 ft: 319 corp: 9/352b lim: 96 exec/s: 0 rss: 1298Mb L: 32/96 MS: 2 ChangeByte-Custom-
#50	NEW    cov: 221 ft: 323 corp: 10/384b lim: 96 exec/s: 0 rss: 1298Mb L: 32/96 MS: 6 CMP-Custom-CMP-Custom-ChangeByte-Custom- DE: "\001@"-"\000\000\000\000\000\000\000\000"-
#71	NEW    cov: 221 ft: 334 corp: 11/416b lim: 96 exec/s: 0 rss: 1298Mb L: 32/96 MS: 2 ChangeBit-Custom-
#77	NEW    cov: 221 ft: 342 corp: 12/448b lim: 96 exec/s: 0 rss: 1298Mb L: 32/96 MS: 2 ShuffleBytes-Custom-
#83	NEW    cov: 221 ft: 347 corp: 13/480b lim: 96 exec/s: 0 rss: 1298Mb L: 32/96 MS: 2 ChangeBit-Custom-
#98	REDUCE cov: 221 ft: 347 corp: 13/479b lim: 96 exec/s: 0 rss: 1298Mb L: 95/95 MS: 10 ChangeBinInt-Custom-ChangeByte-Custom-CopyPart-Custom-ChangeASCIIInt-Custom-EraseBytes-Custom-
#109	NEW    cov: 221 ft: 350 corp: 14/511b lim: 96 exec/s: 0 rss: 1298Mb L: 32/95 MS: 2 ChangeBinInt-Custom-
#265	NEW    cov: 221 ft: 369 corp: 15/543b lim: 96 exec/s: 0 rss: 1298Mb L: 32/95 MS: 2 PersAutoDict-Custom- DE: "\001@"-
#302	REDUCE cov: 221 ft: 369 corp: 15/450b lim: 96 exec/s: 0 rss: 1298Mb L: 2/32 MS: 4 CopyPart-Custom-CrossOver-Custom-
#303	NEW    cov: 221 ft: 372 corp: 16/482b lim: 96 exec/s: 0 rss: 1298Mb L: 32/32 MS: 2 ChangeByte-Custom-
#390	NEW    cov: 221 ft: 376 corp: 17/514b lim: 96 exec/s: 0 rss: 1298Mb L: 32/32 MS: 4 ChangeBit-Custom-ChangeBinInt-Custom-
#1232	NEW    cov: 221 ft: 377 corp: 18/546b lim: 102 exec/s: 1232 rss: 1300Mb L: 32/32 MS: 2 ChangeBit-Custom-
#1351	REDUCE cov: 221 ft: 377 corp: 18/545b lim: 102 exec/s: 675 rss: 1300Mb L: 1/32 MS: 6 ChangeBit-Custom-ChangeBinInt-Custom-EraseBytes-Custom-
#2048	pulse  cov: 221 ft: 377 corp: 18/545b lim: 108 exec/s: 682 rss: 1300Mb
#4096	pulse  cov: 221 ft: 377 corp: 18/545b lim: 126 exec/s: 819 rss: 1300Mb
#7797	NEW    cov: 221 ft: 379 corp: 19/577b lim: 160 exec/s: 708 rss: 1300Mb L: 32/32 MS: 2 ChangeBinInt-Custom-
#8192	pulse  cov: 221 ft: 379 corp: 19/577b lim: 160 exec/s: 744 rss: 1300Mb
#16384	pulse  cov: 221 ft: 379 corp: 19/577b lim: 244 exec/s: 682 rss: 1300Mb
#32768	pulse  cov: 221 ft: 379 corp: 19/577b lim: 402 exec/s: 682 rss: 1300Mb
#65536	pulse  cov: 221 ft: 379 corp: 19/577b lim: 730 exec/s: 675 rss: 1300Mb
#78523	NEW    cov: 221 ft: 380 corp: 20/609b lim: 856 exec/s: 671 rss: 1300Mb L: 32/32 MS: 2 ShuffleBytes-Custom-
#80658	DONE   cov: 221 ft: 380 corp: 20/609b lim: 874 exec/s: 666 rss: 1300Mb
[INFO] Tests run: 6, Failures: 0, Errors: 0, Skipped: 0, Time elapsed: 123.6 s -- in org.pqcfuzz.fuzz.PqcDecodeFuzzTest
[INFO] Tests run: 6, Failures: 0, Errors: 0, Skipped: 0
