INFO: Loaded 287 hooks from com.code_intelligence.jazzer.runtime.TraceCmpHooks
INFO: Loaded 5 hooks from com.code_intelligence.jazzer.runtime.TraceDivHooks
INFO: Loaded 2 hooks from com.code_intelligence.jazzer.runtime.TraceIndirHooks
INFO: Loaded 4 hooks from com.code_intelligence.jazzer.runtime.NativeLibHooks
INFO: Loaded 2 hooks from com.code_intelligence.jazzer.sanitizers.ClojureLangHooks
INFO: Loaded 5 hooks from com.code_intelligence.jazzer.sanitizers.Deserialization
INFO: Loaded 5 hooks from com.code_intelligence.jazzer.sanitizers.ExpressionLanguageInjection
INFO: Loaded 70 hooks from com.code_intelligence.jazzer.sanitizers.LdapInjection
INFO: Loaded 46 hooks from com.code_intelligence.jazzer.sanitizers.NamingContextLookup
INFO: Loaded 1 hooks from com.code_intelligence.jazzer.sanitizers.OsCommandInjection
INFO: Loaded 48 hooks from com.code_intelligence.jazzer.sanitizers.ReflectiveCall
INFO: Loaded 8 hooks from com.code_intelligence.jazzer.sanitizers.RegexInjection
INFO: Loaded 16 hooks from com.code_intelligence.jazzer.sanitizers.RegexRoadblocks
INFO: Loaded 12 hooks from com.code_intelligence.jazzer.sanitizers.ScriptEngineInjection
INFO: Loaded 3 hooks from com.code_intelligence.jazzer.sanitizers.ServerSideRequestForgery
INFO: Loaded 19 hooks from com.code_intelligence.jazzer.sanitizers.SqlInjection
INFO: Loaded 6 hooks from com.code_intelligence.jazzer.sanitizers.XPathInjection
INFO: Instrumented org.pqcfuzz.classify.Classifier (took 93 ms, size +26%)
INFO: Instrumented org.pqcfuzz.target.FuzzTarget (took 0 ms, size +12%)
INFO: Instrumented org.pqcfuzz.classify.Outcome (took 2 ms, size +13%)
INFO: Instrumented org.pqcfuzz.fuzz.PqcDecodeFuzzTest (took 8 ms, size +12%)
INFO: Instrumented org.pqcfuzz.target.Targets (took 8 ms, size +19%)
INFO: Instrumented org.pqcfuzz.target.mlkem.MlKem768DecapTarget (took 3 ms, size +13%)
INFO: Instrumented org.pqcfuzz.target.mlkem.MlKem768PublicKeyParseTarget (took 3 ms, size +15%)
INFO: Instrumented org.pqcfuzz.target.mldsa.MlDsa65VerifyTarget (took 2 ms, size +11%)
INFO: Instrumented org.bouncycastle.crypto.CipherParameters (took 0 ms, size +0%)
INFO: Instrumented org.pqcfuzz.target.mldsa.MlDsa65PublicKeyParseTarget (took 2 ms, size +15%)
INFO: Instrumented org.pqcfuzz.target.slhdsa.SlhDsaVerifyTarget (took 1 ms, size +10%)
INFO: Instrumented org.pqcfuzz.target.slhdsa.SlhDsaPublicKeyParseTarget (took 2 ms, size +14%)
INFO: Instrumented org.pqcfuzz.target.mlkem.MlKem768ParseAndEncapsulateTarget (took 1 ms, size +11%)
INFO: Instrumented org.bouncycastle.crypto.params.AsymmetricKeyParameter (took 0 ms, size +32%)
INFO: Instrumented org.bouncycastle.crypto.params.MLKEMPublicKeyParameters (took 1 ms, size +22%)
INFO: Instrumented org.bouncycastle.crypto.params.MLKEMKeyParameters (took 0 ms, size +23%)
INFO: Instrumented org.pqcfuzz.util.DeterministicSecureRandom (took 1 ms, size +24%)
INFO: Instrumented org.pqcfuzz.target.mldsa.MlDsa65ParseAndVerifyTarget (took 2 ms, size +10%)
INFO: Instrumented org.pqcfuzz.target.slhdsa.SlhDsaParseAndVerifyTarget (took 2 ms, size +10%)
INFO: Instrumented org.pqcfuzz.target.jdk.JdkMlKem768DecapTarget (took 2 ms, size +12%)
INFO: Instrumented org.pqcfuzz.target.jdk.JdkMlKem768PublicKeyParseTarget (took 1 ms, size +11%)
INFO: Instrumented org.pqcfuzz.target.jdk.JdkMlDsa65VerifyTarget (took 2 ms, size +10%)
INFO: Instrumented org.pqcfuzz.target.jdk.JdkMlDsa65PublicKeyParseTarget (took 3 ms, size +12%)
INFO: Instrumented org.pqcfuzz.target.jdk.JdkMlKem768ParseAndEncapsulateTarget (took 3 ms, size +9%)
INFO: Instrumented org.pqcfuzz.target.jdk.JdkMlDsa65ParseAndVerifyTarget (took 1 ms, size +9%)
INFO: Instrumented org.pqcfuzz.target.slhdsa.SlhDsaKeys (took 0 ms, size +7%)
INFO: Instrumented org.bouncycastle.crypto.KeyGenerationParameters (took 0 ms, size +19%)
INFO: Instrumented org.bouncycastle.crypto.params.SLHDSAKeyGenerationParameters (took 0 ms, size +20%)
INFO: Instrumented org.bouncycastle.crypto.params.SLHDSAParameters (took 1 ms, size +7%)
INFO: Instrumented org.bouncycastle.crypto.params.SLHDSAParameters$SLHDSAEngineProvider (took 0 ms, size +0%)
INFO: Instrumented org.bouncycastle.crypto.params.SLHDSAParameters$Sha2EngineProvider (took 0 ms, size +12%)
INFO: Instrumented org.bouncycastle.crypto.signers.slhdsa.SLHDSAEngine (took 1 ms, size +10%)
INFO: Instrumented org.bouncycastle.crypto.signers.slhdsa.SLHDSAEngine$Sha2Engine (took 2 ms, size +9%)
INFO: Instrumented org.bouncycastle.crypto.params.SLHDSAParameters$Shake256EngineProvider (took 0 ms, size +12%)
INFO: Instrumented org.bouncycastle.crypto.signers.slhdsa.SLHDSAEngine$Shake256Engine (took 1 ms, size +12%)
INFO: Instrumented org.bouncycastle.crypto.generators.SLHDSAKeyPairGenerator (took 1 ms, size +8%)
INFO: Instrumented org.bouncycastle.crypto.AsymmetricCipherKeyPairGenerator (took 0 ms, size +0%)
INFO: New number of coverage counters: 1024
INFO: Instrumented org.bouncycastle.crypto.CryptoServicesRegistrar (took 6 ms, size +12%)
INFO: Instrumented org.bouncycastle.crypto.CryptoServicesPermission (took 1 ms, size +72%)
INFO: Instrumented org.bouncycastle.crypto.SecureRandomProvider (took 0 ms, size +0%)
INFO: Instrumented org.bouncycastle.crypto.CryptoServicesConstraints (took 0 ms, size +0%)
INFO: Instrumented org.bouncycastle.crypto.CryptoServicesRegistrar$ThreadLocalSecureRandomProvider (took 0 ms, size +13%)
INFO: Instrumented org.bouncycastle.crypto.CryptoServicesRegistrar$1 (took 0 ms, size +24%)
INFO: Instrumented org.bouncycastle.crypto.params.DSAParameters (took 1 ms, size +66%)
INFO: Instrumented org.bouncycastle.crypto.params.DSAValidationParameters (took 2 ms, size +38%)
INFO: Instrumented org.bouncycastle.util.encoders.Hex (took 2 ms, size +13%)
INFO: Instrumented org.bouncycastle.util.encoders.DecoderException (took 0 ms, size +27%)
INFO: Instrumented org.bouncycastle.util.encoders.EncoderException (took 0 ms, size +27%)
INFO: Instrumented org.bouncycastle.util.encoders.HexEncoder (took 3 ms, size +37%)
INFO: Instrumented org.bouncycastle.util.encoders.Encoder (took 0 ms, size +0%)
INFO: New number of coverage counters: 2048
INFO: Instrumented org.bouncycastle.util.Arrays (took 14 ms, size +34%)
INFO: Instrumented org.bouncycastle.crypto.CryptoServicesRegistrar$Property (took 1 ms, size +10%)
INFO: Instrumented org.bouncycastle.asn1.x9.X9ECParameters (took 2 ms, size +12%)
INFO: Instrumented org.bouncycastle.asn1.x9.X9ObjectIdentifiers (took 0 ms, size +3%)
INFO: Instrumented org.bouncycastle.asn1.ASN1Object (took 0 ms, size +30%)
INFO: Instrumented org.bouncycastle.asn1.ASN1Encodable (took 0 ms, size +0%)
INFO: Instrumented org.bouncycastle.util.Encodable (took 0 ms, size +0%)
INFO: Instrumented org.bouncycastle.crypto.params.DHParameters (took 2 ms, size +39%)
INFO: Instrumented org.bouncycastle.crypto.params.DHValidationParameters (took 0 ms, size +45%)
INFO: Instrumented org.bouncycastle.crypto.params.SLHDSAPrivateKeyParameters (took 0 ms, size +13%)
INFO: Instrumented org.bouncycastle.crypto.params.SLHDSAKeyParameters (took 0 ms, size +22%)
INFO: Instrumented org.bouncycastle.crypto.params.SLHDSAPublicKeyParameters (took 0 ms, size +25%)
INFO: Instrumented org.bouncycastle.crypto.DerivationParameters (took 0 ms, size +0%)
INFO: Instrumented org.bouncycastle.crypto.Digest (took 0 ms, size +0%)
INFO: Instrumented org.bouncycastle.crypto.digests.SHA256Digest (took 3 ms, size +10%)
INFO: Instrumented org.bouncycastle.crypto.SavableDigest (took 0 ms, size +0%)
INFO: Instrumented org.bouncycastle.crypto.ExtendedDigest (took 0 ms, size +0%)
INFO: Instrumented org.bouncycastle.crypto.digests.EncodableDigest (took 0 ms, size +0%)
INFO: Instrumented org.bouncycastle.crypto.EncodableService (took 0 ms, size +0%)
INFO: Instrumented org.bouncycastle.util.Memoable (took 0 ms, size +0%)
INFO: Instrumented org.bouncycastle.crypto.digests.GeneralDigest (took 1 ms, size +23%)
INFO: Instrumented org.bouncycastle.crypto.CryptoServicePurpose (took 0 ms, size +8%)
INFO: Instrumented org.bouncycastle.crypto.digests.Utils (took 0 ms, size +10%)
INFO: Instrumented org.bouncycastle.crypto.CryptoServiceProperties (took 0 ms, size +0%)
INFO: Instrumented org.bouncycastle.crypto.digests.Utils$DefaultPropertiesWithPRF (took 0 ms, size +12%)
INFO: Instrumented org.bouncycastle.crypto.macs.HMac (took 4 ms, size +19%)
INFO: Instrumented org.bouncycastle.crypto.Mac (took 0 ms, size +0%)
INFO: Instrumented org.bouncycastle.util.Integers (took 1 ms, size +30%)
INFO: Instrumented org.bouncycastle.crypto.generators.MGF1BytesGenerator (took 0 ms, size +26%)
INFO: Instrumented org.bouncycastle.crypto.DerivationFunction (took 0 ms, size +0%)
INFO: Instrumented org.bouncycastle.crypto.OutputLengthException (took 0 ms, size +46%)
INFO: Instrumented org.bouncycastle.crypto.DataLengthException (took 0 ms, size +39%)
INFO: Instrumented org.bouncycastle.crypto.RuntimeCryptoException (took 0 ms, size +42%)
INFO: Instrumented org.bouncycastle.util.Pack (took 5 ms, size +24%)
INFO: Instrumented org.bouncycastle.crypto.AsymmetricCipherKeyPair (took 0 ms, size +13%)
INFO: Instrumented org.bouncycastle.crypto.signers.slhdsa.HT (took 1 ms, size +15%)
INFO: Instrumented org.bouncycastle.crypto.signers.slhdsa.WotsPlus (took 1 ms, size +21%)
INFO: Instrumented org.bouncycastle.crypto.signers.slhdsa.ADRS (took 1 ms, size +9%)
INFO: Instrumented org.bouncycastle.crypto.signers.slhdsa.NodeEntry (took 0 ms, size +37%)
INFO: Instrumented org.bouncycastle.crypto.params.SLHDSAPrivateKeyParameters$SK (took 0 ms, size +17%)
INFO: Instrumented org.bouncycastle.crypto.params.SLHDSAPrivateKeyParameters$PK (took 0 ms, size +17%)
INFO: Instrumented org.bouncycastle.crypto.signers.SLHDSASigner (took 2 ms, size +14%)
INFO: Instrumented org.bouncycastle.pqc.crypto.MessageSigner (took 0 ms, size +0%)
INFO: Instrumented org.bouncycastle.crypto.params.ParametersWithContext (took 0 ms, size +23%)
INFO: Instrumented org.bouncycastle.crypto.params.ParametersWithRandom (took 0 ms, size +13%)
INFO: Instrumented org.bouncycastle.crypto.signers.slhdsa.Fors (took 2 ms, size +16%)
INFO: Instrumented org.bouncycastle.crypto.params.KeyParameter (took 1 ms, size +27%)
INFO: Instrumented org.bouncycastle.crypto.params.MGFParameters (took 0 ms, size +23%)
INFO: Instrumented org.bouncycastle.util.Bytes (took 2 ms, size +35%)
INFO: Instrumented org.bouncycastle.crypto.signers.slhdsa.IndexedDigest (took 0 ms, size +32%)
INFO: Instrumented org.bouncycastle.crypto.signers.slhdsa.SIG_FORS (took 0 ms, size +31%)
INFO: Instrumented org.bouncycastle.crypto.signers.slhdsa.SIG_XMSS (took 0 ms, size +31%)
INFO: Instrumented org.pqcfuzz.target.TargetKind (took 1 ms, size +12%)
INFO: Instrumented org.bouncycastle.crypto.signers.slhdsa.SIG (took 0 ms, size +25%)
INFO: found LLVMFuzzerCustomMutator (0x12e16b038). Disabling -len_control by default.
INFO: Running with entropic power schedule (0xFF, 100).
INFO: Seed: 4113221783
INFO: Loaded 3 modules   (2048 inline 8-bit counters): 512 [0x7af0800000, 0x7af0800200), 512 [0x7af0800200, 0x7af0800400), 1024 [0x7af0800400, 0x7af0800800), 
INFO: Loaded 3 PC tables (2048 PCs): 512 [0x7af3110000,0x7af3112000), 512 [0x7af3114000,0x7af3116000), 1024 [0x7af52b4000,0x7af52b8000), 
INFO:        0 files found in <repo>/.cifuzz-corpus/org.pqcfuzz.fuzz.PqcDecodeFuzzTest/slhDsaVerify
INFO:        4 files found in <repo>/target/test-classes/org/pqcfuzz/fuzz/PqcDecodeFuzzTestInputs/slhDsaVerify
INFO:        0 files found in /var/folders/m8/hjsd0821793bcvxlpgdpt23r0000gn/T/jazzer-java-seeds10936917866673972043
INFO: -max_len is not provided; libFuzzer will not generate inputs larger than 17152 bytes
INFO: seed corpus: files: 4 min: 17088b max: 17152b total: 68416b rss: 1303Mb
#5	INITED cov: 196 ft: 251 corp: 3/50Kb exec/s: 0 rss: 1303Mb
#11	REDUCE cov: 196 ft: 251 corp: 3/42Kb lim: 17152 exec/s: 0 rss: 1304Mb L: 9558/17088 MS: 2 EraseBytes-Custom-
#22	NEW    cov: 196 ft: 259 corp: 4/59Kb lim: 17152 exec/s: 0 rss: 1304Mb L: 17088/17088 MS: 2 ShuffleBytes-Custom-
#38	NEW    cov: 196 ft: 285 corp: 5/76Kb lim: 17152 exec/s: 0 rss: 1305Mb L: 17088/17088 MS: 2 CopyPart-Custom-
#53	REDUCE cov: 196 ft: 285 corp: 5/67Kb lim: 17152 exec/s: 0 rss: 1305Mb L: 1130/17088 MS: 10 CMP-Custom-InsertByte-Custom-ChangeBinInt-Custom-CMP-Custom-CrossOver-Custom- DE: "0\000"-"\001@"-
#59	NEW    cov: 196 ft: 300 corp: 6/84Kb lim: 17152 exec/s: 0 rss: 1305Mb L: 17088/17088 MS: 2 ShuffleBytes-Custom-
#75	NEW    cov: 196 ft: 301 corp: 7/101Kb lim: 17152 exec/s: 0 rss: 1305Mb L: 17088/17088 MS: 2 CrossOver-Custom-
INFO: using inputs from: <repo>/.cifuzz-corpus/org.pqcfuzz.fuzz.PqcDecodeFuzzTest/slhDsaVerify
INFO: using inputs from: <repo>/target/test-classes/org/pqcfuzz/fuzz/PqcDecodeFuzzTestInputs/slhDsaVerify
INFO: using inputs from: /var/folders/m8/hjsd0821793bcvxlpgdpt23r0000gn/T/jazzer-java-seeds10936917866673972043
#106	NEW    cov: 196 ft: 302 corp: 8/117Kb lim: 17152 exec/s: 0 rss: 1305Mb L: 17088/17088 MS: 2 ChangeByte-Custom-
#113	NEW    cov: 196 ft: 306 corp: 9/134Kb lim: 17152 exec/s: 0 rss: 1305Mb L: 17088/17088 MS: 4 ChangeByte-Custom-ChangeASCIIInt-Custom-
#129	NEW    cov: 196 ft: 308 corp: 10/151Kb lim: 17152 exec/s: 0 rss: 1305Mb L: 17088/17088 MS: 2 ShuffleBytes-Custom-
#140	NEW    cov: 196 ft: 310 corp: 11/167Kb lim: 17152 exec/s: 0 rss: 1305Mb L: 17088/17088 MS: 2 ChangeBinInt-Custom-
#151	NEW    cov: 196 ft: 319 corp: 12/184Kb lim: 17152 exec/s: 0 rss: 1305Mb L: 17088/17088 MS: 2 CMP-Custom- DE: "@\000"-
#163	NEW    cov: 196 ft: 326 corp: 13/201Kb lim: 17152 exec/s: 0 rss: 1306Mb L: 17088/17088 MS: 4 ChangeBinInt-Custom-ChangeByte-Custom-
#176	NEW    cov: 196 ft: 329 corp: 14/218Kb lim: 17152 exec/s: 0 rss: 1306Mb L: 17088/17088 MS: 6 ChangeByte-Custom-ChangeASCIIInt-Custom-ChangeBinInt-Custom-
#219	NEW    cov: 196 ft: 340 corp: 15/234Kb lim: 17152 exec/s: 0 rss: 1306Mb L: 17088/17088 MS: 6 ShuffleBytes-Custom-ChangeByte-Custom-ChangeBinInt-Custom-
#288	REDUCE cov: 196 ft: 340 corp: 15/234Kb lim: 17152 exec/s: 0 rss: 1308Mb L: 963/17088 MS: 8 InsertByte-Custom-PersAutoDict-Custom-ChangeBit-Custom-EraseBytes-Custom- DE: "\001@"-
#290	REDUCE cov: 196 ft: 340 corp: 15/234Kb lim: 17152 exec/s: 0 rss: 1308Mb L: 926/17088 MS: 4 InsertRepeatedBytes-Custom-EraseBytes-Custom-
#322	NEW    cov: 196 ft: 342 corp: 16/251Kb lim: 17152 exec/s: 0 rss: 1309Mb L: 17088/17088 MS: 4 ShuffleBytes-Custom-ChangeByte-Custom-
#333	REDUCE cov: 196 ft: 342 corp: 16/251Kb lim: 17152 exec/s: 0 rss: 1309Mb L: 738/17088 MS: 2 EraseBytes-Custom-
#399	NEW    cov: 196 ft: 366 corp: 17/267Kb lim: 17152 exec/s: 0 rss: 1309Mb L: 17088/17088 MS: 2 ChangeASCIIInt-Custom-
#570	REDUCE cov: 196 ft: 366 corp: 17/267Kb lim: 17152 exec/s: 0 rss: 1314Mb L: 453/17088 MS: 2 EraseBytes-Custom-
#752	REDUCE cov: 196 ft: 366 corp: 17/267Kb lim: 17152 exec/s: 752 rss: 1316Mb L: 256/17088 MS: 4 PersAutoDict-Custom-EraseBytes-Custom- DE: "@\000"-
#799	REDUCE cov: 196 ft: 366 corp: 17/267Kb lim: 17152 exec/s: 799 rss: 1316Mb L: 150/17088 MS: 4 ChangeASCIIInt-Custom-EraseBytes-Custom-
#1514	REDUCE cov: 196 ft: 366 corp: 17/267Kb lim: 17152 exec/s: 757 rss: 1317Mb L: 132/17088 MS: 8 ChangeASCIIInt-Custom-CMP-Custom-ShuffleBytes-Custom-EraseBytes-Custom- DE: "\000\000\000\000\000\000\000\000"-
#2048	pulse  cov: 196 ft: 366 corp: 17/267Kb lim: 17152 exec/s: 682 rss: 1317Mb
#2308	REDUCE cov: 196 ft: 366 corp: 17/267Kb lim: 17152 exec/s: 769 rss: 1317Mb L: 128/17088 MS: 4 ChangeBinInt-Custom-EraseBytes-Custom-
#3205	REDUCE cov: 196 ft: 366 corp: 17/267Kb lim: 17152 exec/s: 641 rss: 1317Mb L: 95/17088 MS: 2 EraseBytes-Custom-
#3368	REDUCE cov: 196 ft: 366 corp: 17/267Kb lim: 17152 exec/s: 673 rss: 1317Mb L: 65/17088 MS: 4 CopyPart-Custom-EraseBytes-Custom-
#3490	REDUCE cov: 196 ft: 366 corp: 17/267Kb lim: 17152 exec/s: 698 rss: 1317Mb L: 39/17088 MS: 4 ChangeBinInt-Custom-EraseBytes-Custom-
#3666	REDUCE cov: 196 ft: 366 corp: 17/267Kb lim: 17152 exec/s: 733 rss: 1317Mb L: 31/17088 MS: 2 EraseBytes-Custom-
#3752	REDUCE cov: 196 ft: 366 corp: 17/267Kb lim: 17152 exec/s: 750 rss: 1317Mb L: 28/17088 MS: 2 EraseBytes-Custom-
#4096	pulse  cov: 196 ft: 366 corp: 17/267Kb lim: 17152 exec/s: 682 rss: 1317Mb
#4222	REDUCE cov: 196 ft: 366 corp: 17/267Kb lim: 17152 exec/s: 703 rss: 1317Mb L: 19/17088 MS: 2 EraseBytes-Custom-
#4585	REDUCE cov: 196 ft: 366 corp: 17/267Kb lim: 17152 exec/s: 655 rss: 1317Mb L: 11/17088 MS: 8 ChangeASCIIInt-Custom-InsertByte-Custom-PersAutoDict-Custom-EraseBytes-Custom- DE: "\001@"-
#5215	REDUCE cov: 196 ft: 366 corp: 17/267Kb lim: 17152 exec/s: 651 rss: 1317Mb L: 9/17088 MS: 8 ChangeBinInt-Custom-ChangeByte-Custom-CMP-Custom-EraseBytes-Custom- DE: "\377\377\377\377\377\377\377\377"-
#5757	REDUCE cov: 196 ft: 366 corp: 17/267Kb lim: 17152 exec/s: 639 rss: 1317Mb L: 5/17088 MS: 4 ChangeBit-Custom-EraseBytes-Custom-
#6100	REDUCE cov: 196 ft: 366 corp: 17/267Kb lim: 17152 exec/s: 677 rss: 1317Mb L: 3/17088 MS: 2 EraseBytes-Custom-
#6662	REDUCE cov: 196 ft: 366 corp: 17/267Kb lim: 17152 exec/s: 666 rss: 1317Mb L: 2/17088 MS: 4 ShuffleBytes-Custom-EraseBytes-Custom-
#7035	REDUCE cov: 196 ft: 366 corp: 17/267Kb lim: 17152 exec/s: 639 rss: 1317Mb L: 1/17088 MS: 6 ChangeBinInt-Custom-CrossOver-Custom-EraseBytes-Custom-
#8192	pulse  cov: 196 ft: 366 corp: 17/267Kb lim: 17152 exec/s: 682 rss: 1317Mb
#10856	NEW    cov: 196 ft: 369 corp: 18/283Kb lim: 17152 exec/s: 638 rss: 1317Mb L: 17088/17088 MS: 6 ChangeASCIIInt-Custom-CrossOver-Custom-ChangeBinInt-Custom-
#16384	pulse  cov: 196 ft: 369 corp: 18/283Kb lim: 17152 exec/s: 630 rss: 1317Mb
#21408	NEW    cov: 196 ft: 370 corp: 19/300Kb lim: 17152 exec/s: 629 rss: 1317Mb L: 17088/17088 MS: 2 CopyPart-Custom-
#32768	pulse  cov: 196 ft: 370 corp: 19/300Kb lim: 17152 exec/s: 642 rss: 1318Mb
#65536	pulse  cov: 196 ft: 370 corp: 19/300Kb lim: 17152 exec/s: 624 rss: 1318Mb
#75133	DONE   cov: 196 ft: 370 corp: 19/300Kb lim: 17152 exec/s: 620 rss: 1318Mb
[INFO] Tests run: 6, Failures: 0, Errors: 0, Skipped: 0, Time elapsed: 123.7 s -- in org.pqcfuzz.fuzz.PqcDecodeFuzzTest
[INFO] Tests run: 6, Failures: 0, Errors: 0, Skipped: 0
