INFO: Loaded 287 hooks from com.code_intelligence.jazzer.runtime.TraceCmpHooks
INFO: Loaded 5 hooks from com.code_intelligence.jazzer.runtime.TraceDivHooks
INFO: Loaded 2 hooks from com.code_intelligence.jazzer.runtime.TraceIndirHooks
INFO: Loaded 4 hooks from com.code_intelligence.jazzer.runtime.NativeLibHooks
INFO: Loaded 2 hooks from com.code_intelligence.jazzer.sanitizers.ClojureLangHooks
INFO: Loaded 5 hooks from com.code_intelligence.jazzer.sanitizers.Deserialization
INFO: Loaded 5 hooks from com.code_intelligence.jazzer.sanitizers.ExpressionLanguageInjection
INFO: Loaded 70 hooks from com.code_intelligence.jazzer.sanitizers.LdapInjection
INFO: Loaded 46 hooks from com.code_intelligence.jazzer.sanitizers.NamingContextLookup
INFO: Loaded 1 hooks from com.code_intelligence.jazzer.sanitizers.OsCommandInjection
INFO: Loaded 48 hooks from com.code_intelligence.jazzer.sanitizers.ReflectiveCall
INFO: Loaded 8 hooks from com.code_intelligence.jazzer.sanitizers.RegexInjection
INFO: Loaded 16 hooks from com.code_intelligence.jazzer.sanitizers.RegexRoadblocks
INFO: Loaded 12 hooks from com.code_intelligence.jazzer.sanitizers.ScriptEngineInjection
INFO: Loaded 3 hooks from com.code_intelligence.jazzer.sanitizers.ServerSideRequestForgery
INFO: Loaded 19 hooks from com.code_intelligence.jazzer.sanitizers.SqlInjection
INFO: Loaded 6 hooks from com.code_intelligence.jazzer.sanitizers.XPathInjection
INFO: Instrumented org.pqcfuzz.classify.Classifier (took 66 ms, size +26%)
INFO: Instrumented org.pqcfuzz.target.FuzzTarget (took 0 ms, size +12%)
INFO: Instrumented org.pqcfuzz.classify.Outcome (took 2 ms, size +13%)
INFO: Instrumented org.pqcfuzz.fuzz.PqcDecodeFuzzTest (took 17 ms, size +12%)
INFO: Instrumented org.pqcfuzz.target.Targets (took 9 ms, size +19%)
INFO: Instrumented org.pqcfuzz.target.mlkem.MlKem768DecapTarget (took 2 ms, size +13%)
INFO: Instrumented org.pqcfuzz.target.mlkem.MlKem768PublicKeyParseTarget (took 2 ms, size +15%)
INFO: Instrumented org.pqcfuzz.target.mldsa.MlDsa65VerifyTarget (took 3 ms, size +11%)
INFO: Instrumented org.bouncycastle.crypto.CipherParameters (took 0 ms, size +0%)
INFO: Instrumented org.pqcfuzz.target.mldsa.MlDsa65PublicKeyParseTarget (took 2 ms, size +15%)
INFO: Instrumented org.pqcfuzz.target.slhdsa.SlhDsaVerifyTarget (took 3 ms, size +10%)
INFO: Instrumented org.pqcfuzz.target.slhdsa.SlhDsaPublicKeyParseTarget (took 3 ms, size +14%)
INFO: Instrumented org.pqcfuzz.target.mlkem.MlKem768ParseAndEncapsulateTarget (took 3 ms, size +11%)
INFO: Instrumented org.bouncycastle.crypto.params.AsymmetricKeyParameter (took 1 ms, size +32%)
INFO: Instrumented org.bouncycastle.crypto.params.MLKEMPublicKeyParameters (took 2 ms, size +22%)
INFO: Instrumented org.bouncycastle.crypto.params.MLKEMKeyParameters (took 0 ms, size +23%)
INFO: Instrumented org.pqcfuzz.util.DeterministicSecureRandom (took 1 ms, size +24%)
INFO: Instrumented org.pqcfuzz.target.mldsa.MlDsa65ParseAndVerifyTarget (took 2 ms, size +10%)
INFO: Instrumented org.pqcfuzz.target.slhdsa.SlhDsaParseAndVerifyTarget (took 2 ms, size +10%)
INFO: Instrumented org.pqcfuzz.target.jdk.JdkMlKem768DecapTarget (took 2 ms, size +12%)
INFO: Instrumented org.pqcfuzz.target.jdk.JdkMlKem768PublicKeyParseTarget (took 2 ms, size +11%)
INFO: Instrumented org.pqcfuzz.target.jdk.JdkMlDsa65VerifyTarget (took 3 ms, size +10%)
INFO: Instrumented org.pqcfuzz.target.jdk.JdkMlDsa65PublicKeyParseTarget (took 2 ms, size +12%)
INFO: Instrumented org.pqcfuzz.target.jdk.JdkMlKem768ParseAndEncapsulateTarget (took 2 ms, size +9%)
INFO: Instrumented org.pqcfuzz.target.jdk.JdkMlDsa65ParseAndVerifyTarget (took 3 ms, size +9%)
INFO: Instrumented org.pqcfuzz.target.slhdsa.SlhDsaKeys (took 1 ms, size +7%)
INFO: Instrumented org.bouncycastle.crypto.KeyGenerationParameters (took 1 ms, size +19%)
INFO: Instrumented org.bouncycastle.crypto.params.SLHDSAKeyGenerationParameters (took 0 ms, size +20%)
INFO: Instrumented org.bouncycastle.crypto.params.SLHDSAParameters (took 2 ms, size +7%)
INFO: Instrumented org.bouncycastle.crypto.params.SLHDSAParameters$SLHDSAEngineProvider (took 0 ms, size +0%)
INFO: Instrumented org.bouncycastle.crypto.params.SLHDSAParameters$Sha2EngineProvider (took 0 ms, size +12%)
INFO: Instrumented org.bouncycastle.crypto.signers.slhdsa.SLHDSAEngine (took 2 ms, size +10%)
INFO: Instrumented org.bouncycastle.crypto.signers.slhdsa.SLHDSAEngine$Sha2Engine (took 5 ms, size +9%)
INFO: Instrumented org.bouncycastle.crypto.params.SLHDSAParameters$Shake256EngineProvider (took 2 ms, size +12%)
INFO: Instrumented org.bouncycastle.crypto.signers.slhdsa.SLHDSAEngine$Shake256Engine (took 6 ms, size +12%)
INFO: Instrumented org.bouncycastle.crypto.generators.SLHDSAKeyPairGenerator (took 2 ms, size +8%)
INFO: Instrumented org.bouncycastle.crypto.AsymmetricCipherKeyPairGenerator (took 0 ms, size +0%)
INFO: New number of coverage counters: 1024
INFO: Instrumented org.bouncycastle.crypto.CryptoServicesRegistrar (took 5 ms, size +12%)
INFO: Instrumented org.bouncycastle.crypto.CryptoServicesPermission (took 1 ms, size +72%)
INFO: Instrumented org.bouncycastle.crypto.SecureRandomProvider (took 0 ms, size +0%)
INFO: Instrumented org.bouncycastle.crypto.CryptoServicesConstraints (took 0 ms, size +0%)
INFO: Instrumented org.bouncycastle.crypto.CryptoServicesRegistrar$ThreadLocalSecureRandomProvider (took 0 ms, size +13%)
INFO: Instrumented org.bouncycastle.crypto.CryptoServicesRegistrar$1 (took 0 ms, size +24%)
INFO: Instrumented org.bouncycastle.crypto.params.DSAParameters (took 1 ms, size +66%)
INFO: Instrumented org.bouncycastle.crypto.params.DSAValidationParameters (took 2 ms, size +38%)
INFO: Instrumented org.bouncycastle.util.encoders.Hex (took 3 ms, size +13%)
INFO: Instrumented org.bouncycastle.util.encoders.DecoderException (took 0 ms, size +27%)
INFO: Instrumented org.bouncycastle.util.encoders.EncoderException (took 0 ms, size +27%)
INFO: Instrumented org.bouncycastle.util.encoders.HexEncoder (took 3 ms, size +37%)
INFO: Instrumented org.bouncycastle.util.encoders.Encoder (took 0 ms, size +0%)
INFO: New number of coverage counters: 2048
INFO: Instrumented org.bouncycastle.util.Arrays (took 16 ms, size +34%)
INFO: Instrumented org.bouncycastle.crypto.CryptoServicesRegistrar$Property (took 1 ms, size +10%)
INFO: Instrumented org.bouncycastle.asn1.x9.X9ECParameters (took 2 ms, size +12%)
INFO: Instrumented org.bouncycastle.asn1.x9.X9ObjectIdentifiers (took 2 ms, size +3%)
INFO: Instrumented org.bouncycastle.asn1.ASN1Object (took 2 ms, size +30%)
INFO: Instrumented org.bouncycastle.asn1.ASN1Encodable (took 0 ms, size +0%)
INFO: Instrumented org.bouncycastle.util.Encodable (took 0 ms, size +0%)
INFO: Instrumented org.bouncycastle.crypto.params.DHParameters (took 2 ms, size +39%)
INFO: Instrumented org.bouncycastle.crypto.params.DHValidationParameters (took 0 ms, size +45%)
INFO: Instrumented org.bouncycastle.crypto.params.SLHDSAPrivateKeyParameters (took 1 ms, size +13%)
INFO: Instrumented org.bouncycastle.crypto.params.SLHDSAKeyParameters (took 0 ms, size +22%)
INFO: Instrumented org.bouncycastle.crypto.params.SLHDSAPublicKeyParameters (took 0 ms, size +25%)
INFO: Instrumented org.bouncycastle.crypto.DerivationParameters (took 0 ms, size +0%)
INFO: Instrumented org.bouncycastle.crypto.Digest (took 0 ms, size +0%)
INFO: Instrumented org.bouncycastle.crypto.digests.SHA256Digest (took 4 ms, size +10%)
INFO: Instrumented org.bouncycastle.crypto.SavableDigest (took 0 ms, size +0%)
INFO: Instrumented org.bouncycastle.crypto.ExtendedDigest (took 0 ms, size +0%)
INFO: Instrumented org.bouncycastle.crypto.digests.EncodableDigest (took 0 ms, size +0%)
INFO: Instrumented org.bouncycastle.crypto.EncodableService (took 0 ms, size +0%)
INFO: Instrumented org.bouncycastle.util.Memoable (took 0 ms, size +0%)
INFO: Instrumented org.bouncycastle.crypto.digests.GeneralDigest (took 1 ms, size +23%)
INFO: Instrumented org.bouncycastle.crypto.CryptoServicePurpose (took 0 ms, size +8%)
INFO: Instrumented org.bouncycastle.crypto.digests.Utils (took 0 ms, size +10%)
INFO: Instrumented org.bouncycastle.crypto.CryptoServiceProperties (took 0 ms, size +0%)
INFO: Instrumented org.bouncycastle.crypto.digests.Utils$DefaultPropertiesWithPRF (took 0 ms, size +12%)
INFO: Instrumented org.bouncycastle.crypto.macs.HMac (took 1 ms, size +19%)
INFO: Instrumented org.bouncycastle.crypto.Mac (took 0 ms, size +0%)
INFO: Instrumented org.bouncycastle.util.Integers (took 1 ms, size +30%)
INFO: Instrumented org.bouncycastle.crypto.generators.MGF1BytesGenerator (took 1 ms, size +26%)
INFO: Instrumented org.bouncycastle.crypto.DerivationFunction (took 0 ms, size +0%)
INFO: Instrumented org.bouncycastle.crypto.OutputLengthException (took 0 ms, size +46%)
INFO: Instrumented org.bouncycastle.crypto.DataLengthException (took 0 ms, size +39%)
INFO: Instrumented org.bouncycastle.crypto.RuntimeCryptoException (took 0 ms, size +42%)
INFO: Instrumented org.bouncycastle.util.Pack (took 7 ms, size +24%)
INFO: Instrumented org.bouncycastle.crypto.AsymmetricCipherKeyPair (took 0 ms, size +13%)
INFO: Instrumented org.bouncycastle.crypto.signers.slhdsa.HT (took 1 ms, size +15%)
INFO: Instrumented org.bouncycastle.crypto.signers.slhdsa.WotsPlus (took 2 ms, size +21%)
INFO: Instrumented org.bouncycastle.crypto.signers.slhdsa.ADRS (took 1 ms, size +9%)
INFO: Instrumented org.bouncycastle.crypto.signers.slhdsa.NodeEntry (took 0 ms, size +37%)
INFO: Instrumented org.bouncycastle.crypto.params.SLHDSAPrivateKeyParameters$SK (took 0 ms, size +17%)
INFO: Instrumented org.bouncycastle.crypto.params.SLHDSAPrivateKeyParameters$PK (took 0 ms, size +17%)
INFO: Instrumented org.bouncycastle.crypto.signers.SLHDSASigner (took 2 ms, size +14%)
INFO: Instrumented org.bouncycastle.pqc.crypto.MessageSigner (took 0 ms, size +0%)
INFO: Instrumented org.bouncycastle.crypto.params.ParametersWithContext (took 1 ms, size +23%)
INFO: Instrumented org.bouncycastle.crypto.params.ParametersWithRandom (took 0 ms, size +13%)
INFO: Instrumented org.bouncycastle.crypto.signers.slhdsa.Fors (took 1 ms, size +16%)
INFO: Instrumented org.bouncycastle.crypto.params.KeyParameter (took 1 ms, size +27%)
INFO: Instrumented org.bouncycastle.crypto.params.MGFParameters (took 0 ms, size +23%)
INFO: Instrumented org.bouncycastle.util.Bytes (took 1 ms, size +35%)
INFO: Instrumented org.bouncycastle.crypto.signers.slhdsa.IndexedDigest (took 0 ms, size +32%)
INFO: Instrumented org.bouncycastle.crypto.signers.slhdsa.SIG_FORS (took 0 ms, size +31%)
INFO: Instrumented org.bouncycastle.crypto.signers.slhdsa.SIG_XMSS (took 0 ms, size +31%)
INFO: Instrumented org.pqcfuzz.target.TargetKind (took 1 ms, size +12%)
INFO: Instrumented org.pqcfuzz.classify.ExpectedRejections (took 0 ms, size +41%)
INFO: Instrumented org.bouncycastle.crypto.signers.slhdsa.SIG (took 1 ms, size +25%)
INFO: found LLVMFuzzerCustomMutator (0x109ae3038). Disabling -len_control by default.
INFO: Running with entropic power schedule (0xFF, 100).
INFO: Seed: 3240419972
INFO: Loaded 3 modules   (2048 inline 8-bit counters): 512 [0x794e90c000, 0x794e90c200), 512 [0x794e90c200, 0x794e90c400), 1024 [0x794e90c400, 0x794e90c800), 
INFO: Loaded 3 PC tables (2048 PCs): 512 [0x10550c190,0x10550e190), 512 [0x794df48000,0x794df4a000), 1024 [0x79537d8000,0x79537dc000), 
INFO:        0 files found in <repo>/.cifuzz-corpus/org.pqcfuzz.fuzz.PqcDecodeFuzzTest/slhDsaParseAndVerify
INFO:        4 files found in <repo>/target/test-classes/org/pqcfuzz/fuzz/PqcDecodeFuzzTestInputs/slhDsaParseAndVerify
INFO:        0 files found in /var/folders/m8/hjsd0821793bcvxlpgdpt23r0000gn/T/jazzer-java-seeds7913789514981965045
INFO: -max_len is not provided; libFuzzer will not generate inputs larger than 4096 bytes
INFO: seed corpus: files: 4 min: 32b max: 96b total: 192b rss: 1160Mb
#5	INITED cov: 221 ft: 278 corp: 4/192b exec/s: 0 rss: 1160Mb
INFO: using inputs from: <repo>/.cifuzz-corpus/org.pqcfuzz.fuzz.PqcDecodeFuzzTest/slhDsaParseAndVerify
INFO: using inputs from: <repo>/target/test-classes/org/pqcfuzz/fuzz/PqcDecodeFuzzTestInputs/slhDsaParseAndVerify
INFO: using inputs from: /var/folders/m8/hjsd0821793bcvxlpgdpt23r0000gn/T/jazzer-java-seeds7913789514981965045
#20	NEW    cov: 221 ft: 280 corp: 5/224b lim: 96 exec/s: 0 rss: 1160Mb L: 32/96 MS: 10 InsertRepeatedBytes-Custom-CrossOver-Custom-ChangeBit-Custom-ChangeByte-Custom-EraseBytes-Custom-
#21	NEW    cov: 221 ft: 283 corp: 6/256b lim: 96 exec/s: 0 rss: 1160Mb L: 32/96 MS: 2 ChangeBinInt-Custom-
#27	NEW    cov: 221 ft: 312 corp: 7/288b lim: 96 exec/s: 0 rss: 1160Mb L: 32/96 MS: 2 CrossOver-Custom-
#31	REDUCE cov: 221 ft: 312 corp: 7/262b lim: 96 exec/s: 0 rss: 1160Mb L: 70/70 MS: 8 ChangeBit-Custom-ChangeBit-Custom-CrossOver-Custom-EraseBytes-Custom-
#37	NEW    cov: 221 ft: 317 corp: 8/294b lim: 96 exec/s: 0 rss: 1160Mb L: 32/70 MS: 2 ChangeBit-Custom-
#43	NEW    cov: 221 ft: 326 corp: 9/326b lim: 96 exec/s: 0 rss: 1160Mb L: 32/70 MS: 2 ChangeBinInt-Custom-
#45	REDUCE cov: 221 ft: 326 corp: 9/319b lim: 96 exec/s: 0 rss: 1160Mb L: 63/63 MS: 4 ChangeBinInt-Custom-EraseBytes-Custom-
#71	NEW    cov: 221 ft: 329 corp: 10/351b lim: 96 exec/s: 0 rss: 1160Mb L: 32/63 MS: 2 ChangeByte-Custom-
#122	NEW    cov: 221 ft: 334 corp: 11/383b lim: 96 exec/s: 0 rss: 1160Mb L: 32/63 MS: 2 ShuffleBytes-Custom-
#123	NEW    cov: 221 ft: 338 corp: 12/415b lim: 96 exec/s: 0 rss: 1160Mb L: 32/63 MS: 2 CopyPart-Custom-
#140	NEW    cov: 221 ft: 340 corp: 13/447b lim: 96 exec/s: 0 rss: 1160Mb L: 32/63 MS: 4 ChangeByte-Custom-ShuffleBytes-Custom-
#156	NEW    cov: 221 ft: 359 corp: 14/479b lim: 96 exec/s: 0 rss: 1160Mb L: 32/63 MS: 2 ChangeBit-Custom-
#168	NEW    cov: 221 ft: 370 corp: 15/511b lim: 96 exec/s: 0 rss: 1160Mb L: 32/63 MS: 4 CopyPart-Custom-CopyPart-Custom-
#199	NEW    cov: 221 ft: 374 corp: 16/543b lim: 96 exec/s: 0 rss: 1160Mb L: 32/63 MS: 2 ChangeBinInt-Custom-
#210	NEW    cov: 221 ft: 376 corp: 17/575b lim: 96 exec/s: 0 rss: 1160Mb L: 32/63 MS: 2 ChangeBit-Custom-
#718	REDUCE cov: 221 ft: 376 corp: 17/551b lim: 96 exec/s: 718 rss: 1160Mb L: 39/39 MS: 4 InsertByte-Custom-EraseBytes-Custom-
#771	REDUCE cov: 221 ft: 376 corp: 17/545b lim: 96 exec/s: 771 rss: 1160Mb L: 33/33 MS: 6 ShuffleBytes-Custom-CMP-Custom-EraseBytes-Custom- DE: "\276\012\200\367\023\371\316 \257\344\314\272r\032\370$"-
#828	NEW    cov: 221 ft: 377 corp: 18/577b lim: 96 exec/s: 828 rss: 1160Mb L: 32/33 MS: 4 ChangeBinInt-Custom-PersAutoDict-Custom- DE: "\276\012\200\367\023\371\316 \257\344\314\272r\032\370$"-
#2048	pulse  cov: 221 ft: 377 corp: 18/577b lim: 108 exec/s: 682 rss: 1160Mb
#2364	NEW    cov: 221 ft: 379 corp: 19/609b lim: 108 exec/s: 788 rss: 1160Mb L: 32/33 MS: 6 ChangeByte-Custom-ChangeBit-Custom-ChangeBit-Custom-
#2444	REDUCE cov: 221 ft: 379 corp: 19/598b lim: 108 exec/s: 814 rss: 1160Mb L: 22/32 MS: 10 CrossOver-Custom-EraseBytes-Custom-ChangeByte-Custom-ChangeBit-Custom-EraseBytes-Custom-
#2675	REDUCE cov: 221 ft: 379 corp: 19/589b lim: 108 exec/s: 891 rss: 1160Mb L: 13/32 MS: 2 EraseBytes-Custom-
#2812	REDUCE cov: 221 ft: 379 corp: 19/586b lim: 108 exec/s: 703 rss: 1160Mb L: 10/32 MS: 8 ChangeByte-Custom-ShuffleBytes-Custom-ShuffleBytes-Custom-EraseBytes-Custom-
#3054	REDUCE cov: 221 ft: 379 corp: 19/584b lim: 108 exec/s: 763 rss: 1160Mb L: 8/32 MS: 4 ChangeByte-Custom-EraseBytes-Custom-
#3386	REDUCE cov: 221 ft: 379 corp: 19/583b lim: 108 exec/s: 846 rss: 1160Mb L: 7/32 MS: 4 ChangeBit-Custom-EraseBytes-Custom-
#4057	REDUCE cov: 221 ft: 379 corp: 19/581b lim: 114 exec/s: 811 rss: 1160Mb L: 5/32 MS: 2 EraseBytes-Custom-
#4096	pulse  cov: 221 ft: 379 corp: 19/581b lim: 114 exec/s: 819 rss: 1160Mb
#4547	REDUCE cov: 221 ft: 379 corp: 19/580b lim: 114 exec/s: 757 rss: 1160Mb L: 4/32 MS: 2 EraseBytes-Custom-
#4548	REDUCE cov: 221 ft: 379 corp: 19/579b lim: 114 exec/s: 758 rss: 1160Mb L: 3/32 MS: 2 EraseBytes-Custom-
#4644	REDUCE cov: 221 ft: 379 corp: 19/578b lim: 114 exec/s: 774 rss: 1160Mb L: 2/32 MS: 2 EraseBytes-Custom-
#5163	REDUCE cov: 221 ft: 379 corp: 19/577b lim: 114 exec/s: 737 rss: 1160Mb L: 1/32 MS: 2 EraseBytes-Custom-
#8192	pulse  cov: 221 ft: 379 corp: 19/577b lim: 139 exec/s: 744 rss: 1160Mb
#16384	pulse  cov: 221 ft: 379 corp: 19/577b lim: 223 exec/s: 712 rss: 1160Mb
#32768	pulse  cov: 221 ft: 379 corp: 19/577b lim: 386 exec/s: 728 rss: 1160Mb
#65536	pulse  cov: 221 ft: 379 corp: 19/577b lim: 712 exec/s: 712 rss: 1160Mb
#85071	DONE   cov: 221 ft: 379 corp: 19/577b lim: 901 exec/s: 703 rss: 1160Mb
[INFO] Tests run: 6, Failures: 0, Errors: 0, Skipped: 0, Time elapsed: 123.7 s -- in org.pqcfuzz.fuzz.PqcDecodeFuzzTest
[INFO] Tests run: 6, Failures: 0, Errors: 0, Skipped: 0
