INFO: Loaded 287 hooks from com.code_intelligence.jazzer.runtime.TraceCmpHooks
INFO: Loaded 5 hooks from com.code_intelligence.jazzer.runtime.TraceDivHooks
INFO: Loaded 2 hooks from com.code_intelligence.jazzer.runtime.TraceIndirHooks
INFO: Loaded 4 hooks from com.code_intelligence.jazzer.runtime.NativeLibHooks
INFO: Loaded 2 hooks from com.code_intelligence.jazzer.sanitizers.ClojureLangHooks
INFO: Loaded 5 hooks from com.code_intelligence.jazzer.sanitizers.Deserialization
INFO: Loaded 5 hooks from com.code_intelligence.jazzer.sanitizers.ExpressionLanguageInjection
INFO: Loaded 70 hooks from com.code_intelligence.jazzer.sanitizers.LdapInjection
INFO: Loaded 46 hooks from com.code_intelligence.jazzer.sanitizers.NamingContextLookup
INFO: Loaded 1 hooks from com.code_intelligence.jazzer.sanitizers.OsCommandInjection
INFO: Loaded 48 hooks from com.code_intelligence.jazzer.sanitizers.ReflectiveCall
INFO: Loaded 8 hooks from com.code_intelligence.jazzer.sanitizers.RegexInjection
INFO: Loaded 16 hooks from com.code_intelligence.jazzer.sanitizers.RegexRoadblocks
INFO: Loaded 12 hooks from com.code_intelligence.jazzer.sanitizers.ScriptEngineInjection
INFO: Loaded 3 hooks from com.code_intelligence.jazzer.sanitizers.ServerSideRequestForgery
INFO: Loaded 19 hooks from com.code_intelligence.jazzer.sanitizers.SqlInjection
INFO: Loaded 6 hooks from com.code_intelligence.jazzer.sanitizers.XPathInjection
INFO: Instrumented org.pqcfuzz.classify.Classifier (took 57 ms, size +26%)
INFO: Instrumented org.pqcfuzz.target.FuzzTarget (took 0 ms, size +12%)
INFO: Instrumented org.pqcfuzz.classify.Outcome (took 2 ms, size +13%)
INFO: Instrumented org.pqcfuzz.fuzz.PqcDecodeFuzzTest (took 11 ms, size +12%)
INFO: Instrumented org.pqcfuzz.target.Targets (took 11 ms, size +19%)
INFO: Instrumented org.pqcfuzz.target.mlkem.MlKem768DecapTarget (took 3 ms, size +13%)
INFO: Instrumented org.pqcfuzz.target.mlkem.MlKem768PublicKeyParseTarget (took 2 ms, size +15%)
INFO: Instrumented org.pqcfuzz.target.mldsa.MlDsa65VerifyTarget (took 2 ms, size +11%)
INFO: Instrumented org.bouncycastle.crypto.CipherParameters (took 0 ms, size +0%)
INFO: Instrumented org.pqcfuzz.target.mldsa.MlDsa65PublicKeyParseTarget (took 1 ms, size +15%)
INFO: Instrumented org.pqcfuzz.target.slhdsa.SlhDsaVerifyTarget (took 1 ms, size +10%)
INFO: Instrumented org.pqcfuzz.target.slhdsa.SlhDsaPublicKeyParseTarget (took 1 ms, size +14%)
INFO: Instrumented org.pqcfuzz.target.mlkem.MlKem768ParseAndEncapsulateTarget (took 3 ms, size +11%)
INFO: Instrumented org.bouncycastle.crypto.params.AsymmetricKeyParameter (took 0 ms, size +32%)
INFO: Instrumented org.bouncycastle.crypto.params.MLKEMPublicKeyParameters (took 1 ms, size +22%)
INFO: Instrumented org.bouncycastle.crypto.params.MLKEMKeyParameters (took 0 ms, size +23%)
INFO: Instrumented org.pqcfuzz.util.DeterministicSecureRandom (took 3 ms, size +24%)
INFO: Instrumented org.pqcfuzz.target.mldsa.MlDsa65ParseAndVerifyTarget (took 2 ms, size +10%)
INFO: Instrumented org.pqcfuzz.target.slhdsa.SlhDsaParseAndVerifyTarget (took 2 ms, size +10%)
INFO: Instrumented org.pqcfuzz.target.jdk.JdkMlKem768DecapTarget (took 1 ms, size +12%)
INFO: Instrumented org.pqcfuzz.target.jdk.JdkMlKem768PublicKeyParseTarget (took 2 ms, size +11%)
INFO: Instrumented org.pqcfuzz.target.jdk.JdkMlDsa65VerifyTarget (took 1 ms, size +10%)
INFO: Instrumented org.pqcfuzz.target.jdk.JdkMlDsa65PublicKeyParseTarget (took 3 ms, size +12%)
INFO: Instrumented org.pqcfuzz.target.jdk.JdkMlKem768ParseAndEncapsulateTarget (took 3 ms, size +9%)
INFO: Instrumented org.pqcfuzz.target.jdk.JdkMlDsa65ParseAndVerifyTarget (took 2 ms, size +9%)
INFO: Instrumented org.pqcfuzz.target.slhdsa.SlhDsaKeys (took 1 ms, size +7%)
INFO: Instrumented org.bouncycastle.crypto.KeyGenerationParameters (took 0 ms, size +19%)
INFO: Instrumented org.bouncycastle.crypto.params.SLHDSAKeyGenerationParameters (took 13 ms, size +20%)
INFO: Instrumented org.bouncycastle.crypto.params.SLHDSAParameters (took 2 ms, size +7%)
INFO: Instrumented org.bouncycastle.crypto.params.SLHDSAParameters$SLHDSAEngineProvider (took 0 ms, size +0%)
INFO: Instrumented org.bouncycastle.crypto.params.SLHDSAParameters$Sha2EngineProvider (took 1 ms, size +12%)
INFO: Instrumented org.bouncycastle.crypto.signers.slhdsa.SLHDSAEngine (took 3 ms, size +10%)
INFO: Instrumented org.bouncycastle.crypto.signers.slhdsa.SLHDSAEngine$Sha2Engine (took 6 ms, size +9%)
INFO: Instrumented org.bouncycastle.crypto.params.SLHDSAParameters$Shake256EngineProvider (took 0 ms, size +12%)
INFO: Instrumented org.bouncycastle.crypto.signers.slhdsa.SLHDSAEngine$Shake256Engine (took 3 ms, size +12%)
INFO: Instrumented org.bouncycastle.crypto.generators.SLHDSAKeyPairGenerator (took 1 ms, size +8%)
INFO: Instrumented org.bouncycastle.crypto.AsymmetricCipherKeyPairGenerator (took 0 ms, size +0%)
INFO: New number of coverage counters: 1024
INFO: Instrumented org.bouncycastle.crypto.CryptoServicesRegistrar (took 8 ms, size +12%)
INFO: Instrumented org.bouncycastle.crypto.CryptoServicesPermission (took 3 ms, size +72%)
INFO: Instrumented org.bouncycastle.crypto.SecureRandomProvider (took 0 ms, size +0%)
INFO: Instrumented org.bouncycastle.crypto.CryptoServicesConstraints (took 0 ms, size +0%)
INFO: Instrumented org.bouncycastle.crypto.CryptoServicesRegistrar$ThreadLocalSecureRandomProvider (took 1 ms, size +13%)
INFO: Instrumented org.bouncycastle.crypto.CryptoServicesRegistrar$1 (took 1 ms, size +24%)
INFO: Instrumented org.bouncycastle.crypto.params.DSAParameters (took 4 ms, size +66%)
INFO: Instrumented org.bouncycastle.crypto.params.DSAValidationParameters (took 1 ms, size +38%)
INFO: Instrumented org.bouncycastle.util.encoders.Hex (took 5 ms, size +13%)
INFO: Instrumented org.bouncycastle.util.encoders.DecoderException (took 1 ms, size +27%)
INFO: Instrumented org.bouncycastle.util.encoders.EncoderException (took 1 ms, size +27%)
INFO: Instrumented org.bouncycastle.util.encoders.HexEncoder (took 4 ms, size +37%)
INFO: Instrumented org.bouncycastle.util.encoders.Encoder (took 0 ms, size +0%)
INFO: New number of coverage counters: 2048
INFO: Instrumented org.bouncycastle.util.Arrays (took 19 ms, size +34%)
INFO: Instrumented org.bouncycastle.crypto.CryptoServicesRegistrar$Property (took 0 ms, size +10%)
INFO: Instrumented org.bouncycastle.asn1.x9.X9ECParameters (took 1 ms, size +12%)
INFO: Instrumented org.bouncycastle.asn1.x9.X9ObjectIdentifiers (took 0 ms, size +3%)
INFO: Instrumented org.bouncycastle.asn1.ASN1Object (took 2 ms, size +30%)
INFO: Instrumented org.bouncycastle.asn1.ASN1Encodable (took 0 ms, size +0%)
INFO: Instrumented org.bouncycastle.util.Encodable (took 0 ms, size +0%)
INFO: Instrumented org.bouncycastle.crypto.params.DHParameters (took 2 ms, size +39%)
INFO: Instrumented org.bouncycastle.crypto.params.DHValidationParameters (took 0 ms, size +45%)
INFO: Instrumented org.bouncycastle.crypto.params.SLHDSAPrivateKeyParameters (took 0 ms, size +13%)
INFO: Instrumented org.bouncycastle.crypto.params.SLHDSAKeyParameters (took 0 ms, size +22%)
INFO: Instrumented org.bouncycastle.crypto.params.SLHDSAPublicKeyParameters (took 0 ms, size +25%)
INFO: Instrumented org.bouncycastle.crypto.DerivationParameters (took 0 ms, size +0%)
INFO: Instrumented org.bouncycastle.crypto.Digest (took 0 ms, size +0%)
INFO: Instrumented org.bouncycastle.crypto.digests.SHA256Digest (took 7 ms, size +10%)
INFO: Instrumented org.bouncycastle.crypto.SavableDigest (took 0 ms, size +0%)
INFO: Instrumented org.bouncycastle.crypto.ExtendedDigest (took 0 ms, size +0%)
INFO: Instrumented org.bouncycastle.crypto.digests.EncodableDigest (took 0 ms, size +0%)
INFO: Instrumented org.bouncycastle.crypto.EncodableService (took 0 ms, size +0%)
INFO: Instrumented org.bouncycastle.util.Memoable (took 0 ms, size +0%)
INFO: Instrumented org.bouncycastle.crypto.digests.GeneralDigest (took 3 ms, size +23%)
INFO: Instrumented org.bouncycastle.crypto.CryptoServicePurpose (took 1 ms, size +8%)
INFO: Instrumented org.bouncycastle.crypto.digests.Utils (took 1 ms, size +10%)
INFO: Instrumented org.bouncycastle.crypto.CryptoServiceProperties (took 0 ms, size +0%)
INFO: Instrumented org.bouncycastle.crypto.digests.Utils$DefaultPropertiesWithPRF (took 0 ms, size +12%)
INFO: Instrumented org.bouncycastle.crypto.macs.HMac (took 2 ms, size +19%)
INFO: Instrumented org.bouncycastle.crypto.Mac (took 0 ms, size +0%)
INFO: Instrumented org.bouncycastle.util.Integers (took 3 ms, size +30%)
INFO: Instrumented org.bouncycastle.crypto.generators.MGF1BytesGenerator (took 2 ms, size +26%)
INFO: Instrumented org.bouncycastle.crypto.DerivationFunction (took 0 ms, size +0%)
INFO: Instrumented org.bouncycastle.crypto.OutputLengthException (took 0 ms, size +46%)
INFO: Instrumented org.bouncycastle.crypto.DataLengthException (took 1 ms, size +39%)
INFO: Instrumented org.bouncycastle.crypto.RuntimeCryptoException (took 0 ms, size +42%)
INFO: Instrumented org.bouncycastle.util.Pack (took 13 ms, size +24%)
INFO: Instrumented org.bouncycastle.crypto.AsymmetricCipherKeyPair (took 0 ms, size +13%)
INFO: Instrumented org.bouncycastle.crypto.signers.slhdsa.HT (took 1 ms, size +15%)
INFO: Instrumented org.bouncycastle.crypto.signers.slhdsa.WotsPlus (took 1 ms, size +21%)
INFO: Instrumented org.bouncycastle.crypto.signers.slhdsa.ADRS (took 1 ms, size +9%)
INFO: Instrumented org.bouncycastle.crypto.signers.slhdsa.NodeEntry (took 0 ms, size +37%)
INFO: Instrumented org.bouncycastle.crypto.params.SLHDSAPrivateKeyParameters$SK (took 0 ms, size +17%)
INFO: Instrumented org.bouncycastle.crypto.params.SLHDSAPrivateKeyParameters$PK (took 0 ms, size +17%)
INFO: Instrumented org.bouncycastle.crypto.signers.SLHDSASigner (took 2 ms, size +14%)
INFO: Instrumented org.bouncycastle.pqc.crypto.MessageSigner (took 0 ms, size +0%)
INFO: Instrumented org.bouncycastle.crypto.params.ParametersWithContext (took 0 ms, size +23%)
INFO: Instrumented org.bouncycastle.crypto.params.ParametersWithRandom (took 0 ms, size +13%)
INFO: Instrumented org.bouncycastle.crypto.signers.slhdsa.Fors (took 1 ms, size +16%)
INFO: Instrumented org.bouncycastle.crypto.params.KeyParameter (took 0 ms, size +27%)
INFO: Instrumented org.bouncycastle.crypto.params.MGFParameters (took 0 ms, size +23%)
INFO: Instrumented org.bouncycastle.util.Bytes (took 1 ms, size +35%)
INFO: Instrumented org.bouncycastle.crypto.signers.slhdsa.IndexedDigest (took 0 ms, size +32%)
INFO: Instrumented org.bouncycastle.crypto.signers.slhdsa.SIG_FORS (took 0 ms, size +31%)
INFO: Instrumented org.bouncycastle.crypto.signers.slhdsa.SIG_XMSS (took 1 ms, size +31%)
INFO: Instrumented org.pqcfuzz.target.TargetKind (took 1 ms, size +12%)
INFO: Instrumented org.bouncycastle.crypto.signers.slhdsa.SIG (took 1 ms, size +25%)
INFO: found LLVMFuzzerCustomMutator (0x10724f038). Disabling -len_control by default.
INFO: Running with entropic power schedule (0xFF, 100).
INFO: Seed: 744673334
INFO: Loaded 3 modules   (2048 inline 8-bit counters): 512 [0x7805800000, 0x7805800200), 512 [0x7805800200, 0x7805800400), 1024 [0x7805800400, 0x7805800800), 
INFO: Loaded 3 PC tables (2048 PCs): 512 [0x780549c000,0x780549e000), 512 [0x78054a6000,0x78054a8000), 1024 [0x780b684000,0x780b688000), 
INFO:        0 files found in <repo>/.cifuzz-corpus/org.pqcfuzz.fuzz.PqcDecodeFuzzTest/slhDsaVerify
INFO:        4 files found in <repo>/target/test-classes/org/pqcfuzz/fuzz/PqcDecodeFuzzTestInputs/slhDsaVerify
INFO:        0 files found in /var/folders/m8/hjsd0821793bcvxlpgdpt23r0000gn/T/jazzer-java-seeds10872260692653059077
INFO: -max_len is not provided; libFuzzer will not generate inputs larger than 17152 bytes
INFO: seed corpus: files: 4 min: 17088b max: 17152b total: 68416b rss: 1030Mb
#5	INITED cov: 196 ft: 251 corp: 4/66Kb exec/s: 0 rss: 1030Mb
#6	NEW    cov: 196 ft: 259 corp: 5/83Kb lim: 17152 exec/s: 0 rss: 1030Mb L: 17088/17152 MS: 2 CrossOver-Custom-
#12	NEW    cov: 196 ft: 284 corp: 6/100Kb lim: 17152 exec/s: 0 rss: 1030Mb L: 17088/17152 MS: 2 ShuffleBytes-Custom-
#23	NEW    cov: 196 ft: 309 corp: 7/116Kb lim: 17152 exec/s: 0 rss: 1030Mb L: 17088/17152 MS: 2 ChangeBinInt-Custom-
INFO: using inputs from: <repo>/.cifuzz-corpus/org.pqcfuzz.fuzz.PqcDecodeFuzzTest/slhDsaVerify
INFO: using inputs from: <repo>/target/test-classes/org/pqcfuzz/fuzz/PqcDecodeFuzzTestInputs/slhDsaVerify
INFO: using inputs from: /var/folders/m8/hjsd0821793bcvxlpgdpt23r0000gn/T/jazzer-java-seeds10872260692653059077
#29	NEW    cov: 196 ft: 311 corp: 8/133Kb lim: 17152 exec/s: 0 rss: 1031Mb L: 17088/17152 MS: 2 ChangeBit-Custom-
#35	NEW    cov: 196 ft: 313 corp: 9/150Kb lim: 17152 exec/s: 0 rss: 1031Mb L: 17088/17152 MS: 2 ChangeBit-Custom-
#53	NEW    cov: 196 ft: 317 corp: 10/166Kb lim: 17152 exec/s: 0 rss: 1031Mb L: 17088/17152 MS: 6 ChangeBinInt-Custom-ChangeBinInt-Custom-ChangeBit-Custom-
#59	NEW    cov: 196 ft: 319 corp: 11/183Kb lim: 17152 exec/s: 0 rss: 1031Mb L: 17088/17152 MS: 2 ChangeByte-Custom-
#81	NEW    cov: 196 ft: 326 corp: 12/200Kb lim: 17152 exec/s: 0 rss: 1031Mb L: 17088/17152 MS: 4 CMP-Custom-CopyPart-Custom- DE: "\000\000\000\000\000\000\000\000"-
#87	NEW    cov: 196 ft: 328 corp: 13/217Kb lim: 17152 exec/s: 0 rss: 1031Mb L: 17088/17152 MS: 2 ChangeByte-Custom-
#118	NEW    cov: 196 ft: 331 corp: 14/233Kb lim: 17152 exec/s: 0 rss: 1032Mb L: 17088/17152 MS: 2 ChangeBinInt-Custom-
#139	NEW    cov: 196 ft: 332 corp: 15/250Kb lim: 17152 exec/s: 0 rss: 1033Mb L: 17088/17152 MS: 2 CopyPart-Custom-
#175	NEW    cov: 196 ft: 333 corp: 16/267Kb lim: 17152 exec/s: 0 rss: 1034Mb L: 17088/17152 MS: 2 ChangeASCIIInt-Custom-
#206	NEW    cov: 196 ft: 342 corp: 17/283Kb lim: 17152 exec/s: 0 rss: 1035Mb L: 17088/17152 MS: 2 PersAutoDict-Custom- DE: "\000\000\000\000\000\000\000\000"-
#279	REDUCE cov: 196 ft: 342 corp: 17/277Kb lim: 17152 exec/s: 0 rss: 1035Mb L: 10412/17088 MS: 6 PersAutoDict-Custom-ChangeBinInt-Custom-EraseBytes-Custom- DE: "\000\000\000\000\000\000\000\000"-
#280	NEW    cov: 196 ft: 366 corp: 18/293Kb lim: 17152 exec/s: 0 rss: 1035Mb L: 17088/17088 MS: 2 ChangeBit-Custom-
#471	REDUCE cov: 196 ft: 366 corp: 18/291Kb lim: 17152 exec/s: 0 rss: 1040Mb L: 7547/17088 MS: 2 EraseBytes-Custom-
#585	REDUCE cov: 196 ft: 366 corp: 18/290Kb lim: 17152 exec/s: 585 rss: 1041Mb L: 7487/17088 MS: 6 CMP-Custom-CopyPart-Custom-EraseBytes-Custom- DE: "\000\000\000@"-
#641	REDUCE cov: 196 ft: 366 corp: 18/288Kb lim: 17152 exec/s: 641 rss: 1042Mb L: 4445/17088 MS: 2 EraseBytes-Custom-
#800	REDUCE cov: 196 ft: 366 corp: 18/286Kb lim: 17152 exec/s: 800 rss: 1045Mb L: 3090/17088 MS: 8 ShuffleBytes-Custom-ChangeBinInt-Custom-ChangeBit-Custom-EraseBytes-Custom-
#1248	REDUCE cov: 196 ft: 366 corp: 18/285Kb lim: 17152 exec/s: 624 rss: 1053Mb L: 2081/17088 MS: 6 ChangeByte-Custom-ChangeByte-Custom-EraseBytes-Custom-
#1811	NEW    cov: 196 ft: 367 corp: 19/302Kb lim: 17152 exec/s: 603 rss: 1059Mb L: 17088/17088 MS: 6 ChangeBinInt-Custom-ChangeBinInt-Custom-ChangeBinInt-Custom-
#1843	REDUCE cov: 196 ft: 367 corp: 19/301Kb lim: 17152 exec/s: 614 rss: 1059Mb L: 1246/17088 MS: 6 PersAutoDict-Custom-ChangeByte-Custom-EraseBytes-Custom- DE: "\000\000\000\000\000\000\000\000"-
#2048	pulse  cov: 196 ft: 367 corp: 19/301Kb lim: 17152 exec/s: 682 rss: 1059Mb
#2330	REDUCE cov: 196 ft: 367 corp: 19/301Kb lim: 17152 exec/s: 776 rss: 1059Mb L: 752/17088 MS: 4 ChangeByte-Custom-EraseBytes-Custom-
#2747	REDUCE cov: 196 ft: 367 corp: 19/300Kb lim: 17152 exec/s: 686 rss: 1059Mb L: 527/17088 MS: 2 EraseBytes-Custom-
#2840	REDUCE cov: 196 ft: 367 corp: 19/300Kb lim: 17152 exec/s: 710 rss: 1059Mb L: 315/17088 MS: 6 ChangeASCIIInt-Custom-InsertByte-Custom-EraseBytes-Custom-
#3589	REDUCE cov: 196 ft: 367 corp: 19/300Kb lim: 17152 exec/s: 598 rss: 1059Mb L: 303/17088 MS: 4 PersAutoDict-Custom-EraseBytes-Custom- DE: "\000\000\000@"-
#3594	REDUCE cov: 196 ft: 367 corp: 19/300Kb lim: 17152 exec/s: 599 rss: 1059Mb L: 276/17088 MS: 10 InsertRepeatedBytes-Custom-ShuffleBytes-Custom-InsertByte-Custom-ShuffleBytes-Custom-EraseBytes-Custom-
#3763	REDUCE cov: 196 ft: 367 corp: 19/300Kb lim: 17152 exec/s: 627 rss: 1059Mb L: 171/17088 MS: 8 PersAutoDict-Custom-ChangeBinInt-Custom-InsertRepeatedBytes-Custom-EraseBytes-Custom- DE: "\000\000\000\000\000\000\000\000"-
#4096	pulse  cov: 196 ft: 367 corp: 19/300Kb lim: 17152 exec/s: 682 rss: 1059Mb
#4564	REDUCE cov: 196 ft: 367 corp: 19/300Kb lim: 17152 exec/s: 652 rss: 1059Mb L: 111/17088 MS: 4 CrossOver-Custom-EraseBytes-Custom-
#4589	REDUCE cov: 196 ft: 367 corp: 19/300Kb lim: 17152 exec/s: 655 rss: 1059Mb L: 98/17088 MS: 10 InsertRepeatedBytes-Custom-ChangeASCIIInt-Custom-ChangeByte-Custom-InsertByte-Custom-EraseBytes-Custom-
#4690	REDUCE cov: 196 ft: 367 corp: 19/300Kb lim: 17152 exec/s: 670 rss: 1059Mb L: 93/17088 MS: 2 EraseBytes-Custom-
#4882	REDUCE cov: 196 ft: 367 corp: 19/300Kb lim: 17152 exec/s: 697 rss: 1059Mb L: 91/17088 MS: 4 ChangeBinInt-Custom-EraseBytes-Custom-
#4997	REDUCE cov: 196 ft: 367 corp: 19/300Kb lim: 17152 exec/s: 713 rss: 1059Mb L: 49/17088 MS: 10 PersAutoDict-Custom-InsertByte-Custom-InsertByte-Custom-ChangeBit-Custom-EraseBytes-Custom- DE: "\000\000\000@"-
#5023	REDUCE cov: 196 ft: 367 corp: 19/300Kb lim: 17152 exec/s: 717 rss: 1059Mb L: 43/17088 MS: 2 EraseBytes-Custom-
#5134	REDUCE cov: 196 ft: 367 corp: 19/300Kb lim: 17152 exec/s: 641 rss: 1059Mb L: 42/17088 MS: 6 CrossOver-Custom-ChangeBit-Custom-EraseBytes-Custom-
#5230	NEW    cov: 196 ft: 370 corp: 20/317Kb lim: 17152 exec/s: 653 rss: 1059Mb L: 17088/17088 MS: 2 CrossOver-Custom-
#5902	REDUCE cov: 196 ft: 370 corp: 20/317Kb lim: 17152 exec/s: 655 rss: 1059Mb L: 26/17088 MS: 4 ChangeByte-Custom-EraseBytes-Custom-
#6634	REDUCE cov: 196 ft: 370 corp: 20/317Kb lim: 17152 exec/s: 663 rss: 1059Mb L: 24/17088 MS: 4 PersAutoDict-Custom-EraseBytes-Custom- DE: "\000\000\000@"-
#6808	REDUCE cov: 196 ft: 370 corp: 20/317Kb lim: 17152 exec/s: 618 rss: 1059Mb L: 14/17088 MS: 6 PersAutoDict-Custom-PersAutoDict-Custom-EraseBytes-Custom- DE: "\000\000\000@"-"\000\000\000\000\000\000\000\000"-
#7110	REDUCE cov: 196 ft: 370 corp: 20/317Kb lim: 17152 exec/s: 646 rss: 1059Mb L: 13/17088 MS: 4 ShuffleBytes-Custom-EraseBytes-Custom-
#7141	REDUCE cov: 196 ft: 370 corp: 20/317Kb lim: 17152 exec/s: 649 rss: 1059Mb L: 10/17088 MS: 2 EraseBytes-Custom-
#7330	REDUCE cov: 196 ft: 370 corp: 20/317Kb lim: 17152 exec/s: 666 rss: 1059Mb L: 8/17088 MS: 8 ShuffleBytes-Custom-CMP-Custom-ChangeByte-Custom-EraseBytes-Custom- DE: "4\000"-
#8192	pulse  cov: 196 ft: 370 corp: 20/317Kb lim: 17152 exec/s: 630 rss: 1059Mb
#8240	REDUCE cov: 196 ft: 370 corp: 20/317Kb lim: 17152 exec/s: 633 rss: 1059Mb L: 6/17088 MS: 2 EraseBytes-Custom-
#8489	REDUCE cov: 196 ft: 370 corp: 20/317Kb lim: 17152 exec/s: 653 rss: 1059Mb L: 5/17088 MS: 8 ChangeBit-Custom-ShuffleBytes-Custom-InsertByte-Custom-EraseBytes-Custom-
#9284	REDUCE cov: 196 ft: 370 corp: 20/317Kb lim: 17152 exec/s: 663 rss: 1059Mb L: 3/17088 MS: 2 EraseBytes-Custom-
#9906	REDUCE cov: 196 ft: 370 corp: 20/317Kb lim: 17152 exec/s: 660 rss: 1059Mb L: 2/17088 MS: 2 EraseBytes-Custom-
#10284	REDUCE cov: 196 ft: 370 corp: 20/317Kb lim: 17152 exec/s: 642 rss: 1059Mb L: 1/17088 MS: 4 ShuffleBytes-Custom-EraseBytes-Custom-
#16384	pulse  cov: 196 ft: 370 corp: 20/317Kb lim: 17152 exec/s: 655 rss: 1077Mb
#32768	pulse  cov: 196 ft: 370 corp: 20/317Kb lim: 17152 exec/s: 630 rss: 1077Mb
#65536	pulse  cov: 196 ft: 370 corp: 20/317Kb lim: 17152 exec/s: 618 rss: 1077Mb
#74439	DONE   cov: 196 ft: 370 corp: 20/317Kb lim: 17152 exec/s: 615 rss: 1077Mb
[INFO] Tests run: 6, Failures: 0, Errors: 0, Skipped: 0, Time elapsed: 123.9 s -- in org.pqcfuzz.fuzz.PqcDecodeFuzzTest
[INFO] Tests run: 6, Failures: 0, Errors: 0, Skipped: 0
