INFO: Loaded 287 hooks from com.code_intelligence.jazzer.runtime.TraceCmpHooks
INFO: Loaded 5 hooks from com.code_intelligence.jazzer.runtime.TraceDivHooks
INFO: Loaded 2 hooks from com.code_intelligence.jazzer.runtime.TraceIndirHooks
INFO: Loaded 4 hooks from com.code_intelligence.jazzer.runtime.NativeLibHooks
INFO: Loaded 2 hooks from com.code_intelligence.jazzer.sanitizers.ClojureLangHooks
INFO: Loaded 5 hooks from com.code_intelligence.jazzer.sanitizers.Deserialization
INFO: Loaded 5 hooks from com.code_intelligence.jazzer.sanitizers.ExpressionLanguageInjection
INFO: Loaded 70 hooks from com.code_intelligence.jazzer.sanitizers.LdapInjection
INFO: Loaded 46 hooks from com.code_intelligence.jazzer.sanitizers.NamingContextLookup
INFO: Loaded 1 hooks from com.code_intelligence.jazzer.sanitizers.OsCommandInjection
INFO: Loaded 48 hooks from com.code_intelligence.jazzer.sanitizers.ReflectiveCall
INFO: Loaded 8 hooks from com.code_intelligence.jazzer.sanitizers.RegexInjection
INFO: Loaded 16 hooks from com.code_intelligence.jazzer.sanitizers.RegexRoadblocks
INFO: Loaded 12 hooks from com.code_intelligence.jazzer.sanitizers.ScriptEngineInjection
INFO: Loaded 3 hooks from com.code_intelligence.jazzer.sanitizers.ServerSideRequestForgery
INFO: Loaded 19 hooks from com.code_intelligence.jazzer.sanitizers.SqlInjection
INFO: Loaded 6 hooks from com.code_intelligence.jazzer.sanitizers.XPathInjection
INFO: Instrumented org.pqcfuzz.classify.Classifier (took 94 ms, size +26%)
INFO: Instrumented org.pqcfuzz.target.FuzzTarget (took 1 ms, size +12%)
INFO: Instrumented org.pqcfuzz.classify.Outcome (took 2 ms, size +13%)
INFO: Instrumented org.pqcfuzz.fuzz.PqcDecodeFuzzTest (took 9 ms, size +12%)
INFO: Instrumented org.pqcfuzz.target.Targets (took 15 ms, size +19%)
INFO: Instrumented org.pqcfuzz.target.mlkem.MlKem768DecapTarget (took 2 ms, size +13%)
INFO: Instrumented org.pqcfuzz.target.mlkem.MlKem768PublicKeyParseTarget (took 1 ms, size +15%)
INFO: Instrumented org.pqcfuzz.target.mldsa.MlDsa65VerifyTarget (took 3 ms, size +11%)
INFO: Instrumented org.bouncycastle.crypto.CipherParameters (took 0 ms, size +0%)
INFO: Instrumented org.pqcfuzz.target.mldsa.MlDsa65PublicKeyParseTarget (took 2 ms, size +15%)
INFO: Instrumented org.pqcfuzz.target.slhdsa.SlhDsaVerifyTarget (took 2 ms, size +10%)
INFO: Instrumented org.pqcfuzz.target.slhdsa.SlhDsaPublicKeyParseTarget (took 1 ms, size +14%)
INFO: Instrumented org.pqcfuzz.target.mlkem.MlKem768ParseAndEncapsulateTarget (took 2 ms, size +11%)
INFO: Instrumented org.bouncycastle.crypto.params.AsymmetricKeyParameter (took 0 ms, size +32%)
INFO: Instrumented org.bouncycastle.crypto.params.MLKEMPublicKeyParameters (took 1 ms, size +22%)
INFO: Instrumented org.bouncycastle.crypto.params.MLKEMKeyParameters (took 0 ms, size +23%)
INFO: Instrumented org.pqcfuzz.util.DeterministicSecureRandom (took 1 ms, size +24%)
INFO: Instrumented org.pqcfuzz.target.mldsa.MlDsa65ParseAndVerifyTarget (took 2 ms, size +10%)
INFO: Instrumented org.pqcfuzz.target.slhdsa.SlhDsaParseAndVerifyTarget (took 1 ms, size +10%)
INFO: Instrumented org.pqcfuzz.target.jdk.JdkMlKem768DecapTarget (took 1 ms, size +12%)
INFO: Instrumented org.pqcfuzz.target.jdk.JdkMlKem768PublicKeyParseTarget (took 1 ms, size +11%)
INFO: Instrumented org.pqcfuzz.target.jdk.JdkMlDsa65VerifyTarget (took 1 ms, size +10%)
INFO: Instrumented org.pqcfuzz.target.jdk.JdkMlDsa65PublicKeyParseTarget (took 1 ms, size +12%)
INFO: Instrumented org.pqcfuzz.target.jdk.JdkMlKem768ParseAndEncapsulateTarget (took 1 ms, size +9%)
INFO: Instrumented org.pqcfuzz.target.jdk.JdkMlDsa65ParseAndVerifyTarget (took 1 ms, size +9%)
INFO: Instrumented org.pqcfuzz.target.slhdsa.SlhDsaKeys (took 0 ms, size +7%)
INFO: Instrumented org.bouncycastle.crypto.KeyGenerationParameters (took 0 ms, size +19%)
INFO: Instrumented org.bouncycastle.crypto.params.SLHDSAKeyGenerationParameters (took 0 ms, size +20%)
INFO: Instrumented org.bouncycastle.crypto.params.SLHDSAParameters (took 3 ms, size +7%)
INFO: Instrumented org.bouncycastle.crypto.params.SLHDSAParameters$SLHDSAEngineProvider (took 0 ms, size +0%)
INFO: Instrumented org.bouncycastle.crypto.params.SLHDSAParameters$Sha2EngineProvider (took 0 ms, size +12%)
INFO: Instrumented org.bouncycastle.crypto.signers.slhdsa.SLHDSAEngine (took 3 ms, size +10%)
INFO: Instrumented org.bouncycastle.crypto.signers.slhdsa.SLHDSAEngine$Sha2Engine (took 4 ms, size +9%)
INFO: Instrumented org.bouncycastle.crypto.params.SLHDSAParameters$Shake256EngineProvider (took 2 ms, size +12%)
INFO: Instrumented org.bouncycastle.crypto.signers.slhdsa.SLHDSAEngine$Shake256Engine (took 2 ms, size +12%)
INFO: Instrumented org.bouncycastle.crypto.generators.SLHDSAKeyPairGenerator (took 1 ms, size +8%)
INFO: Instrumented org.bouncycastle.crypto.AsymmetricCipherKeyPairGenerator (took 0 ms, size +0%)
INFO: New number of coverage counters: 1024
INFO: Instrumented org.bouncycastle.crypto.CryptoServicesRegistrar (took 4 ms, size +12%)
INFO: Instrumented org.bouncycastle.crypto.CryptoServicesPermission (took 1 ms, size +72%)
INFO: Instrumented org.bouncycastle.crypto.SecureRandomProvider (took 0 ms, size +0%)
INFO: Instrumented org.bouncycastle.crypto.CryptoServicesConstraints (took 0 ms, size +0%)
INFO: Instrumented org.bouncycastle.crypto.CryptoServicesRegistrar$ThreadLocalSecureRandomProvider (took 0 ms, size +13%)
INFO: Instrumented org.bouncycastle.crypto.CryptoServicesRegistrar$1 (took 1 ms, size +24%)
INFO: Instrumented org.bouncycastle.crypto.params.DSAParameters (took 3 ms, size +66%)
INFO: Instrumented org.bouncycastle.crypto.params.DSAValidationParameters (took 2 ms, size +38%)
INFO: Instrumented org.bouncycastle.util.encoders.Hex (took 2 ms, size +13%)
INFO: Instrumented org.bouncycastle.util.encoders.DecoderException (took 1 ms, size +27%)
INFO: Instrumented org.bouncycastle.util.encoders.EncoderException (took 0 ms, size +27%)
INFO: Instrumented org.bouncycastle.util.encoders.HexEncoder (took 3 ms, size +37%)
INFO: Instrumented org.bouncycastle.util.encoders.Encoder (took 0 ms, size +0%)
INFO: New number of coverage counters: 2048
INFO: Instrumented org.bouncycastle.util.Arrays (took 23 ms, size +34%)
INFO: Instrumented org.bouncycastle.crypto.CryptoServicesRegistrar$Property (took 1 ms, size +10%)
INFO: Instrumented org.bouncycastle.asn1.x9.X9ECParameters (took 5 ms, size +12%)
INFO: Instrumented org.bouncycastle.asn1.x9.X9ObjectIdentifiers (took 1 ms, size +3%)
INFO: Instrumented org.bouncycastle.asn1.ASN1Object (took 1 ms, size +30%)
INFO: Instrumented org.bouncycastle.asn1.ASN1Encodable (took 0 ms, size +0%)
INFO: Instrumented org.bouncycastle.util.Encodable (took 0 ms, size +0%)
INFO: Instrumented org.bouncycastle.crypto.params.DHParameters (took 2 ms, size +39%)
INFO: Instrumented org.bouncycastle.crypto.params.DHValidationParameters (took 1 ms, size +45%)
INFO: Instrumented org.bouncycastle.crypto.params.SLHDSAPrivateKeyParameters (took 2 ms, size +13%)
INFO: Instrumented org.bouncycastle.crypto.params.SLHDSAKeyParameters (took 0 ms, size +22%)
INFO: Instrumented org.bouncycastle.crypto.params.SLHDSAPublicKeyParameters (took 1 ms, size +25%)
INFO: Instrumented org.bouncycastle.crypto.DerivationParameters (took 0 ms, size +0%)
INFO: Instrumented org.bouncycastle.crypto.Digest (took 0 ms, size +0%)
INFO: Instrumented org.bouncycastle.crypto.digests.SHA256Digest (took 5 ms, size +10%)
INFO: Instrumented org.bouncycastle.crypto.SavableDigest (took 0 ms, size +0%)
INFO: Instrumented org.bouncycastle.crypto.ExtendedDigest (took 0 ms, size +0%)
INFO: Instrumented org.bouncycastle.crypto.digests.EncodableDigest (took 0 ms, size +0%)
INFO: Instrumented org.bouncycastle.crypto.EncodableService (took 0 ms, size +0%)
INFO: Instrumented org.bouncycastle.util.Memoable (took 0 ms, size +0%)
INFO: Instrumented org.bouncycastle.crypto.digests.GeneralDigest (took 1 ms, size +23%)
INFO: Instrumented org.bouncycastle.crypto.CryptoServicePurpose (took 0 ms, size +8%)
INFO: Instrumented org.bouncycastle.crypto.digests.Utils (took 0 ms, size +10%)
INFO: Instrumented org.bouncycastle.crypto.CryptoServiceProperties (took 0 ms, size +0%)
INFO: Instrumented org.bouncycastle.crypto.digests.Utils$DefaultPropertiesWithPRF (took 0 ms, size +12%)
INFO: Instrumented org.bouncycastle.crypto.macs.HMac (took 2 ms, size +19%)
INFO: Instrumented org.bouncycastle.crypto.Mac (took 0 ms, size +0%)
INFO: Instrumented org.bouncycastle.util.Integers (took 1 ms, size +30%)
INFO: Instrumented org.bouncycastle.crypto.generators.MGF1BytesGenerator (took 1 ms, size +26%)
INFO: Instrumented org.bouncycastle.crypto.DerivationFunction (took 0 ms, size +0%)
INFO: Instrumented org.bouncycastle.crypto.OutputLengthException (took 0 ms, size +46%)
INFO: Instrumented org.bouncycastle.crypto.DataLengthException (took 0 ms, size +39%)
INFO: Instrumented org.bouncycastle.crypto.RuntimeCryptoException (took 0 ms, size +42%)
INFO: Instrumented org.bouncycastle.util.Pack (took 13 ms, size +24%)
INFO: Instrumented org.bouncycastle.crypto.AsymmetricCipherKeyPair (took 0 ms, size +13%)
INFO: Instrumented org.bouncycastle.crypto.signers.slhdsa.HT (took 1 ms, size +15%)
INFO: Instrumented org.bouncycastle.crypto.signers.slhdsa.WotsPlus (took 1 ms, size +21%)
INFO: Instrumented org.bouncycastle.crypto.signers.slhdsa.ADRS (took 1 ms, size +9%)
INFO: Instrumented org.bouncycastle.crypto.signers.slhdsa.NodeEntry (took 0 ms, size +37%)
INFO: Instrumented org.bouncycastle.crypto.params.SLHDSAPrivateKeyParameters$SK (took 0 ms, size +17%)
INFO: Instrumented org.bouncycastle.crypto.params.SLHDSAPrivateKeyParameters$PK (took 0 ms, size +17%)
INFO: Instrumented org.bouncycastle.crypto.signers.SLHDSASigner (took 2 ms, size +14%)
INFO: Instrumented org.bouncycastle.pqc.crypto.MessageSigner (took 0 ms, size +0%)
INFO: Instrumented org.bouncycastle.crypto.params.ParametersWithContext (took 1 ms, size +23%)
INFO: Instrumented org.bouncycastle.crypto.params.ParametersWithRandom (took 0 ms, size +13%)
INFO: Instrumented org.bouncycastle.crypto.signers.slhdsa.Fors (took 1 ms, size +16%)
INFO: Instrumented org.bouncycastle.crypto.params.KeyParameter (took 0 ms, size +27%)
INFO: Instrumented org.bouncycastle.crypto.params.MGFParameters (took 0 ms, size +23%)
INFO: Instrumented org.bouncycastle.util.Bytes (took 1 ms, size +35%)
INFO: Instrumented org.bouncycastle.crypto.signers.slhdsa.IndexedDigest (took 0 ms, size +32%)
INFO: Instrumented org.bouncycastle.crypto.signers.slhdsa.SIG_FORS (took 0 ms, size +31%)
INFO: Instrumented org.bouncycastle.crypto.signers.slhdsa.SIG_XMSS (took 0 ms, size +31%)
INFO: Instrumented org.pqcfuzz.target.TargetKind (took 0 ms, size +12%)
INFO: Instrumented org.bouncycastle.crypto.signers.slhdsa.SIG (took 0 ms, size +25%)
INFO: using inputs from: <repo>/.cifuzz-corpus/org.pqcfuzz.fuzz.PqcDecodeFuzzTest/slhDsaVerify
INFO: using inputs from: <repo>/target/test-classes/org/pqcfuzz/fuzz/PqcDecodeFuzzTestInputs/slhDsaVerify
INFO: using inputs from: /var/folders/m8/hjsd0821793bcvxlpgdpt23r0000gn/T/jazzer-java-seeds7373353947306685983
INFO: found LLVMFuzzerCustomMutator (0x12c27b038). Disabling -len_control by default.
INFO: Running with entropic power schedule (0xFF, 100).
INFO: Seed: 3912767865
INFO: Loaded 3 modules   (2048 inline 8-bit counters): 512 [0x7afc078000, 0x7afc078200), 512 [0x7afc078200, 0x7afc078400), 1024 [0x7afc078400, 0x7afc078800), 
INFO: Loaded 3 PC tables (2048 PCs): 512 [0x7aff518000,0x7aff51a000), 512 [0x7aff51a000,0x7aff51c000), 1024 [0x7aff618000,0x7aff61c000), 
INFO:        0 files found in <repo>/.cifuzz-corpus/org.pqcfuzz.fuzz.PqcDecodeFuzzTest/slhDsaVerify
INFO:        4 files found in <repo>/target/test-classes/org/pqcfuzz/fuzz/PqcDecodeFuzzTestInputs/slhDsaVerify
INFO:        0 files found in /var/folders/m8/hjsd0821793bcvxlpgdpt23r0000gn/T/jazzer-java-seeds7373353947306685983
INFO: -max_len is not provided; libFuzzer will not generate inputs larger than 17152 bytes
INFO: seed corpus: files: 4 min: 17088b max: 17152b total: 68416b rss: 1271Mb
#5	INITED cov: 196 ft: 251 corp: 4/66Kb exec/s: 0 rss: 1271Mb
#6	NEW    cov: 196 ft: 262 corp: 5/83Kb lim: 17152 exec/s: 0 rss: 1271Mb L: 17088/17152 MS: 2 ChangeBinInt-Custom-
#12	NEW    cov: 196 ft: 264 corp: 6/100Kb lim: 17152 exec/s: 0 rss: 1271Mb L: 17088/17152 MS: 2 ChangeBit-Custom-
#18	NEW    cov: 196 ft: 292 corp: 7/116Kb lim: 17152 exec/s: 0 rss: 1271Mb L: 17088/17152 MS: 2 ChangeByte-Custom-
#25	NEW    cov: 196 ft: 293 corp: 8/133Kb lim: 17152 exec/s: 0 rss: 1271Mb L: 17088/17152 MS: 4 ChangeBinInt-Custom-ChangeByte-Custom-
#36	NEW    cov: 196 ft: 308 corp: 9/150Kb lim: 17152 exec/s: 0 rss: 1271Mb L: 17088/17152 MS: 2 ShuffleBytes-Custom-
#42	NEW    cov: 196 ft: 309 corp: 10/166Kb lim: 17152 exec/s: 0 rss: 1271Mb L: 17088/17152 MS: 2 ChangeBinInt-Custom-
#44	REDUCE cov: 196 ft: 309 corp: 10/158Kb lim: 17152 exec/s: 0 rss: 1271Mb L: 8614/17088 MS: 4 ChangeBinInt-Custom-EraseBytes-Custom-
#48	NEW    cov: 196 ft: 311 corp: 11/175Kb lim: 17152 exec/s: 0 rss: 1271Mb L: 17088/17088 MS: 8 ChangeByte-Custom-ChangeBit-Custom-ChangeBit-Custom-ChangeBinInt-Custom-
#54	NEW    cov: 196 ft: 314 corp: 12/191Kb lim: 17152 exec/s: 0 rss: 1271Mb L: 17088/17088 MS: 2 ChangeBit-Custom-
#71	NEW    cov: 196 ft: 317 corp: 13/208Kb lim: 17152 exec/s: 0 rss: 1271Mb L: 17088/17088 MS: 4 ShuffleBytes-Custom-ShuffleBytes-Custom-
#80	REDUCE cov: 196 ft: 317 corp: 13/206Kb lim: 17152 exec/s: 0 rss: 1271Mb L: 5971/17088 MS: 8 InsertByte-Custom-CrossOver-Custom-ChangeBit-Custom-EraseBytes-Custom-
#91	REDUCE cov: 196 ft: 317 corp: 13/204Kb lim: 17152 exec/s: 0 rss: 1271Mb L: 4039/17088 MS: 2 EraseBytes-Custom-
#92	NEW    cov: 196 ft: 318 corp: 14/220Kb lim: 17152 exec/s: 0 rss: 1271Mb L: 17088/17088 MS: 2 ChangeBinInt-Custom-
#133	NEW    cov: 196 ft: 342 corp: 15/237Kb lim: 17152 exec/s: 0 rss: 1271Mb L: 17088/17088 MS: 2 ShuffleBytes-Custom-
#139	NEW    cov: 196 ft: 353 corp: 16/254Kb lim: 17152 exec/s: 0 rss: 1271Mb L: 17088/17088 MS: 2 ChangeBit-Custom-
#142	NEW    cov: 196 ft: 362 corp: 17/270Kb lim: 17152 exec/s: 0 rss: 1271Mb L: 17088/17088 MS: 6 ShuffleBytes-Custom-ChangeBit-Custom-CopyPart-Custom-
#210	NEW    cov: 196 ft: 365 corp: 18/287Kb lim: 17152 exec/s: 0 rss: 1271Mb L: 17088/17088 MS: 6 ShuffleBytes-Custom-ChangeASCIIInt-Custom-ChangeBinInt-Custom-
#251	NEW    cov: 196 ft: 366 corp: 19/304Kb lim: 17152 exec/s: 0 rss: 1271Mb L: 17088/17088 MS: 2 ChangeBit-Custom-
#696	REDUCE cov: 196 ft: 366 corp: 19/304Kb lim: 17152 exec/s: 696 rss: 1271Mb L: 3837/17088 MS: 10 ChangeBit-Custom-ShuffleBytes-Custom-InsertByte-Custom-ChangeBinInt-Custom-EraseBytes-Custom-
#1385	REDUCE cov: 196 ft: 366 corp: 19/303Kb lim: 17152 exec/s: 692 rss: 1271Mb L: 3392/17088 MS: 2 EraseBytes-Custom-
#1697	REDUCE cov: 196 ft: 366 corp: 19/303Kb lim: 17152 exec/s: 848 rss: 1271Mb L: 3330/17088 MS: 4 ChangeASCIIInt-Custom-EraseBytes-Custom-
#1814	REDUCE cov: 196 ft: 366 corp: 19/303Kb lim: 17152 exec/s: 907 rss: 1271Mb L: 2725/17088 MS: 4 ChangeBinInt-Custom-EraseBytes-Custom-
#2048	pulse  cov: 196 ft: 366 corp: 19/303Kb lim: 17152 exec/s: 682 rss: 1271Mb
#2311	REDUCE cov: 196 ft: 366 corp: 19/301Kb lim: 17152 exec/s: 770 rss: 1271Mb L: 1494/17088 MS: 8 ShuffleBytes-Custom-InsertByte-Custom-InsertByte-Custom-EraseBytes-Custom-
#2491	REDUCE cov: 196 ft: 366 corp: 19/300Kb lim: 17152 exec/s: 622 rss: 1271Mb L: 633/17088 MS: 10 CMP-Custom-ChangeASCIIInt-Custom-ChangeASCIIInt-Custom-CopyPart-Custom-CrossOver-Custom- DE: "\240\275Fq\370\332Vh\374\326\031\000D\310\030\306"-
#2517	REDUCE cov: 196 ft: 366 corp: 19/300Kb lim: 17152 exec/s: 629 rss: 1271Mb L: 540/17088 MS: 2 EraseBytes-Custom-
#2612	REDUCE cov: 196 ft: 366 corp: 19/300Kb lim: 17152 exec/s: 653 rss: 1271Mb L: 133/17088 MS: 2 CrossOver-Custom-
#2733	NEW    cov: 196 ft: 367 corp: 20/317Kb lim: 17152 exec/s: 683 rss: 1271Mb L: 17088/17088 MS: 2 ChangeByte-Custom-
#2910	REDUCE cov: 196 ft: 367 corp: 20/317Kb lim: 17152 exec/s: 727 rss: 1271Mb L: 99/17088 MS: 4 PersAutoDict-Custom-EraseBytes-Custom- DE: "\240\275Fq\370\332Vh\374\326\031\000D\310\030\306"-
#2932	REDUCE cov: 196 ft: 367 corp: 20/317Kb lim: 17152 exec/s: 733 rss: 1271Mb L: 90/17088 MS: 4 InsertByte-Custom-EraseBytes-Custom-
#3380	REDUCE cov: 196 ft: 367 corp: 20/317Kb lim: 17152 exec/s: 676 rss: 1271Mb L: 89/17088 MS: 6 CopyPart-Custom-InsertRepeatedBytes-Custom-EraseBytes-Custom-
#3603	REDUCE cov: 196 ft: 367 corp: 20/317Kb lim: 17152 exec/s: 720 rss: 1271Mb L: 68/17088 MS: 6 ChangeBinInt-Custom-PersAutoDict-Custom-EraseBytes-Custom- DE: "\240\275Fq\370\332Vh\374\326\031\000D\310\030\306"-
#4096	pulse  cov: 196 ft: 367 corp: 20/317Kb lim: 17152 exec/s: 682 rss: 1271Mb
#4370	REDUCE cov: 196 ft: 367 corp: 20/317Kb lim: 17152 exec/s: 728 rss: 1271Mb L: 63/17088 MS: 8 CopyPart-Custom-CMP-Custom-ChangeBinInt-Custom-EraseBytes-Custom- DE: "\240\275Fq\370\332Vh\374\326\031\000D\310\030\306"-
#4426	REDUCE cov: 196 ft: 367 corp: 20/317Kb lim: 17152 exec/s: 632 rss: 1271Mb L: 49/17088 MS: 2 EraseBytes-Custom-
#5216	REDUCE cov: 196 ft: 367 corp: 20/317Kb lim: 17152 exec/s: 652 rss: 1271Mb L: 46/17088 MS: 6 ChangeByte-Custom-ShuffleBytes-Custom-EraseBytes-Custom-
#5252	REDUCE cov: 196 ft: 367 corp: 20/317Kb lim: 17152 exec/s: 656 rss: 1271Mb L: 24/17088 MS: 2 EraseBytes-Custom-
#5343	REDUCE cov: 196 ft: 367 corp: 20/317Kb lim: 17152 exec/s: 667 rss: 1271Mb L: 12/17088 MS: 2 EraseBytes-Custom-
#5699	NEW    cov: 196 ft: 370 corp: 21/333Kb lim: 17152 exec/s: 633 rss: 1271Mb L: 17088/17088 MS: 2 PersAutoDict-Custom- DE: "\240\275Fq\370\332Vh\374\326\031\000D\310\030\306"-
#5830	REDUCE cov: 196 ft: 370 corp: 21/333Kb lim: 17152 exec/s: 647 rss: 1271Mb L: 8/17088 MS: 4 ChangeBit-Custom-EraseBytes-Custom-
#6371	REDUCE cov: 196 ft: 370 corp: 21/333Kb lim: 17152 exec/s: 637 rss: 1271Mb L: 5/17088 MS: 2 EraseBytes-Custom-
#6647	REDUCE cov: 196 ft: 370 corp: 21/333Kb lim: 17152 exec/s: 664 rss: 1271Mb L: 4/17088 MS: 6 ShuffleBytes-Custom-CrossOver-Custom-EraseBytes-Custom-
#7634	REDUCE cov: 196 ft: 370 corp: 21/333Kb lim: 17152 exec/s: 636 rss: 1271Mb L: 2/17088 MS: 2 EraseBytes-Custom-
#8192	pulse  cov: 196 ft: 370 corp: 21/333Kb lim: 17152 exec/s: 682 rss: 1271Mb
#8503	REDUCE cov: 196 ft: 370 corp: 21/333Kb lim: 17152 exec/s: 654 rss: 1271Mb L: 1/17088 MS: 6 CopyPart-Custom-EraseBytes-Custom-EraseBytes-Custom-
#16384	pulse  cov: 196 ft: 370 corp: 21/333Kb lim: 17152 exec/s: 655 rss: 1271Mb
#32768	pulse  cov: 196 ft: 370 corp: 21/333Kb lim: 17152 exec/s: 642 rss: 1271Mb
#65536	pulse  cov: 196 ft: 370 corp: 21/333Kb lim: 17152 exec/s: 642 rss: 1271Mb
#76139	DONE   cov: 196 ft: 370 corp: 21/333Kb lim: 17152 exec/s: 629 rss: 1271Mb
[INFO] Tests run: 6, Failures: 0, Errors: 0, Skipped: 0, Time elapsed: 124.0 s -- in org.pqcfuzz.fuzz.PqcDecodeFuzzTest
[INFO] Tests run: 6, Failures: 0, Errors: 0, Skipped: 0
