INFO: Loaded 287 hooks from com.code_intelligence.jazzer.runtime.TraceCmpHooks
INFO: Loaded 5 hooks from com.code_intelligence.jazzer.runtime.TraceDivHooks
INFO: Loaded 2 hooks from com.code_intelligence.jazzer.runtime.TraceIndirHooks
INFO: Loaded 4 hooks from com.code_intelligence.jazzer.runtime.NativeLibHooks
INFO: Loaded 2 hooks from com.code_intelligence.jazzer.sanitizers.ClojureLangHooks
INFO: Loaded 5 hooks from com.code_intelligence.jazzer.sanitizers.Deserialization
INFO: Loaded 5 hooks from com.code_intelligence.jazzer.sanitizers.ExpressionLanguageInjection
INFO: Loaded 70 hooks from com.code_intelligence.jazzer.sanitizers.LdapInjection
INFO: Loaded 46 hooks from com.code_intelligence.jazzer.sanitizers.NamingContextLookup
INFO: Loaded 1 hooks from com.code_intelligence.jazzer.sanitizers.OsCommandInjection
INFO: Loaded 48 hooks from com.code_intelligence.jazzer.sanitizers.ReflectiveCall
INFO: Loaded 8 hooks from com.code_intelligence.jazzer.sanitizers.RegexInjection
INFO: Loaded 16 hooks from com.code_intelligence.jazzer.sanitizers.RegexRoadblocks
INFO: Loaded 12 hooks from com.code_intelligence.jazzer.sanitizers.ScriptEngineInjection
INFO: Loaded 3 hooks from com.code_intelligence.jazzer.sanitizers.ServerSideRequestForgery
INFO: Loaded 19 hooks from com.code_intelligence.jazzer.sanitizers.SqlInjection
INFO: Loaded 6 hooks from com.code_intelligence.jazzer.sanitizers.XPathInjection
INFO: Instrumented org.pqcfuzz.classify.Classifier (took 57 ms, size +26%)
INFO: Instrumented org.pqcfuzz.target.FuzzTarget (took 0 ms, size +12%)
INFO: Instrumented org.pqcfuzz.classify.Outcome (took 2 ms, size +13%)
INFO: Instrumented org.pqcfuzz.fuzz.PqcDecodeFuzzTest (took 11 ms, size +12%)
INFO: Instrumented org.pqcfuzz.target.Targets (took 9 ms, size +19%)
INFO: Instrumented org.pqcfuzz.target.mlkem.MlKem768DecapTarget (took 2 ms, size +13%)
INFO: Instrumented org.pqcfuzz.target.mlkem.MlKem768PublicKeyParseTarget (took 3 ms, size +15%)
INFO: Instrumented org.pqcfuzz.target.mldsa.MlDsa65VerifyTarget (took 4 ms, size +11%)
INFO: Instrumented org.bouncycastle.crypto.CipherParameters (took 0 ms, size +0%)
INFO: Instrumented org.pqcfuzz.target.mldsa.MlDsa65PublicKeyParseTarget (took 2 ms, size +15%)
INFO: Instrumented org.pqcfuzz.target.slhdsa.SlhDsaVerifyTarget (took 2 ms, size +10%)
INFO: Instrumented org.pqcfuzz.target.slhdsa.SlhDsaPublicKeyParseTarget (took 2 ms, size +14%)
INFO: Instrumented org.pqcfuzz.target.mlkem.MlKem768ParseAndEncapsulateTarget (took 4 ms, size +11%)
INFO: Instrumented org.bouncycastle.crypto.params.AsymmetricKeyParameter (took 1 ms, size +32%)
INFO: Instrumented org.bouncycastle.crypto.params.MLKEMPublicKeyParameters (took 1 ms, size +22%)
INFO: Instrumented org.bouncycastle.crypto.params.MLKEMKeyParameters (took 1 ms, size +23%)
INFO: Instrumented org.pqcfuzz.util.DeterministicSecureRandom (took 3 ms, size +24%)
INFO: Instrumented org.pqcfuzz.target.mldsa.MlDsa65ParseAndVerifyTarget (took 3 ms, size +10%)
INFO: Instrumented org.pqcfuzz.target.slhdsa.SlhDsaParseAndVerifyTarget (took 2 ms, size +10%)
INFO: Instrumented org.pqcfuzz.target.jdk.JdkMlKem768DecapTarget (took 2 ms, size +12%)
INFO: Instrumented org.pqcfuzz.target.jdk.JdkMlKem768PublicKeyParseTarget (took 2 ms, size +11%)
INFO: Instrumented org.pqcfuzz.target.jdk.JdkMlDsa65VerifyTarget (took 5 ms, size +10%)
INFO: Instrumented org.pqcfuzz.target.jdk.JdkMlDsa65PublicKeyParseTarget (took 4 ms, size +12%)
INFO: Instrumented org.pqcfuzz.target.jdk.JdkMlKem768ParseAndEncapsulateTarget (took 2 ms, size +9%)
INFO: Instrumented org.pqcfuzz.target.jdk.JdkMlDsa65ParseAndVerifyTarget (took 2 ms, size +9%)
INFO: Instrumented org.pqcfuzz.target.slhdsa.SlhDsaKeys (took 1 ms, size +7%)
INFO: Instrumented org.bouncycastle.crypto.KeyGenerationParameters (took 1 ms, size +19%)
INFO: Instrumented org.bouncycastle.crypto.params.SLHDSAKeyGenerationParameters (took 1 ms, size +20%)
INFO: Instrumented org.bouncycastle.crypto.params.SLHDSAParameters (took 2 ms, size +7%)
INFO: Instrumented org.bouncycastle.crypto.params.SLHDSAParameters$SLHDSAEngineProvider (took 0 ms, size +0%)
INFO: Instrumented org.bouncycastle.crypto.params.SLHDSAParameters$Sha2EngineProvider (took 1 ms, size +12%)
INFO: Instrumented org.bouncycastle.crypto.signers.slhdsa.SLHDSAEngine (took 2 ms, size +10%)
INFO: Instrumented org.bouncycastle.crypto.signers.slhdsa.SLHDSAEngine$Sha2Engine (took 1 ms, size +9%)
INFO: Instrumented org.bouncycastle.crypto.params.SLHDSAParameters$Shake256EngineProvider (took 0 ms, size +12%)
INFO: Instrumented org.bouncycastle.crypto.signers.slhdsa.SLHDSAEngine$Shake256Engine (took 1 ms, size +12%)
INFO: Instrumented org.bouncycastle.crypto.generators.SLHDSAKeyPairGenerator (took 1 ms, size +8%)
INFO: Instrumented org.bouncycastle.crypto.AsymmetricCipherKeyPairGenerator (took 0 ms, size +0%)
INFO: New number of coverage counters: 1024
INFO: Instrumented org.bouncycastle.crypto.CryptoServicesRegistrar (took 6 ms, size +12%)
INFO: Instrumented org.bouncycastle.crypto.CryptoServicesPermission (took 1 ms, size +72%)
INFO: Instrumented org.bouncycastle.crypto.SecureRandomProvider (took 0 ms, size +0%)
INFO: Instrumented org.bouncycastle.crypto.CryptoServicesConstraints (took 0 ms, size +0%)
INFO: Instrumented org.bouncycastle.crypto.CryptoServicesRegistrar$ThreadLocalSecureRandomProvider (took 0 ms, size +13%)
INFO: Instrumented org.bouncycastle.crypto.CryptoServicesRegistrar$1 (took 0 ms, size +24%)
INFO: Instrumented org.bouncycastle.crypto.params.DSAParameters (took 0 ms, size +66%)
INFO: Instrumented org.bouncycastle.crypto.params.DSAValidationParameters (took 0 ms, size +38%)
INFO: Instrumented org.bouncycastle.util.encoders.Hex (took 1 ms, size +13%)
INFO: Instrumented org.bouncycastle.util.encoders.DecoderException (took 0 ms, size +27%)
INFO: Instrumented org.bouncycastle.util.encoders.EncoderException (took 0 ms, size +27%)
INFO: Instrumented org.bouncycastle.util.encoders.HexEncoder (took 2 ms, size +37%)
INFO: Instrumented org.bouncycastle.util.encoders.Encoder (took 0 ms, size +0%)
INFO: New number of coverage counters: 2048
INFO: Instrumented org.bouncycastle.util.Arrays (took 12 ms, size +34%)
INFO: Instrumented org.bouncycastle.crypto.CryptoServicesRegistrar$Property (took 1 ms, size +10%)
INFO: Instrumented org.bouncycastle.asn1.x9.X9ECParameters (took 3 ms, size +12%)
INFO: Instrumented org.bouncycastle.asn1.x9.X9ObjectIdentifiers (took 0 ms, size +3%)
INFO: Instrumented org.bouncycastle.asn1.ASN1Object (took 0 ms, size +30%)
INFO: Instrumented org.bouncycastle.asn1.ASN1Encodable (took 0 ms, size +0%)
INFO: Instrumented org.bouncycastle.util.Encodable (took 0 ms, size +0%)
INFO: Instrumented org.bouncycastle.crypto.params.DHParameters (took 1 ms, size +39%)
INFO: Instrumented org.bouncycastle.crypto.params.DHValidationParameters (took 0 ms, size +45%)
INFO: Instrumented org.bouncycastle.crypto.params.SLHDSAPrivateKeyParameters (took 1 ms, size +13%)
INFO: Instrumented org.bouncycastle.crypto.params.SLHDSAKeyParameters (took 0 ms, size +22%)
INFO: Instrumented org.bouncycastle.crypto.params.SLHDSAPublicKeyParameters (took 1 ms, size +25%)
INFO: Instrumented org.bouncycastle.crypto.DerivationParameters (took 0 ms, size +0%)
INFO: Instrumented org.bouncycastle.crypto.Digest (took 0 ms, size +0%)
INFO: Instrumented org.bouncycastle.crypto.digests.SHA256Digest (took 3 ms, size +10%)
INFO: Instrumented org.bouncycastle.crypto.SavableDigest (took 0 ms, size +0%)
INFO: Instrumented org.bouncycastle.crypto.ExtendedDigest (took 0 ms, size +0%)
INFO: Instrumented org.bouncycastle.crypto.digests.EncodableDigest (took 0 ms, size +0%)
INFO: Instrumented org.bouncycastle.crypto.EncodableService (took 0 ms, size +0%)
INFO: Instrumented org.bouncycastle.util.Memoable (took 0 ms, size +0%)
INFO: Instrumented org.bouncycastle.crypto.digests.GeneralDigest (took 2 ms, size +23%)
INFO: Instrumented org.bouncycastle.crypto.CryptoServicePurpose (took 0 ms, size +8%)
INFO: Instrumented org.bouncycastle.crypto.digests.Utils (took 0 ms, size +10%)
INFO: Instrumented org.bouncycastle.crypto.CryptoServiceProperties (took 0 ms, size +0%)
INFO: Instrumented org.bouncycastle.crypto.digests.Utils$DefaultPropertiesWithPRF (took 0 ms, size +12%)
INFO: Instrumented org.bouncycastle.crypto.macs.HMac (took 1 ms, size +19%)
INFO: Instrumented org.bouncycastle.crypto.Mac (took 0 ms, size +0%)
INFO: Instrumented org.bouncycastle.util.Integers (took 1 ms, size +30%)
INFO: Instrumented org.bouncycastle.crypto.generators.MGF1BytesGenerator (took 0 ms, size +26%)
INFO: Instrumented org.bouncycastle.crypto.DerivationFunction (took 0 ms, size +0%)
INFO: Instrumented org.bouncycastle.crypto.OutputLengthException (took 0 ms, size +46%)
INFO: Instrumented org.bouncycastle.crypto.DataLengthException (took 0 ms, size +39%)
INFO: Instrumented org.bouncycastle.crypto.RuntimeCryptoException (took 0 ms, size +42%)
INFO: Instrumented org.bouncycastle.util.Pack (took 12 ms, size +24%)
INFO: Instrumented org.bouncycastle.crypto.AsymmetricCipherKeyPair (took 0 ms, size +13%)
INFO: Instrumented org.bouncycastle.crypto.signers.slhdsa.HT (took 1 ms, size +15%)
INFO: Instrumented org.bouncycastle.crypto.signers.slhdsa.WotsPlus (took 0 ms, size +21%)
INFO: Instrumented org.bouncycastle.crypto.signers.slhdsa.ADRS (took 1 ms, size +9%)
INFO: Instrumented org.bouncycastle.crypto.signers.slhdsa.NodeEntry (took 0 ms, size +37%)
INFO: Instrumented org.bouncycastle.crypto.params.SLHDSAPrivateKeyParameters$SK (took 0 ms, size +17%)
INFO: Instrumented org.bouncycastle.crypto.params.SLHDSAPrivateKeyParameters$PK (took 0 ms, size +17%)
INFO: Instrumented org.pqcfuzz.target.TargetKind (took 1 ms, size +12%)
INFO: Instrumented org.pqcfuzz.classify.ExpectedRejections (took 1 ms, size +41%)
INFO: found LLVMFuzzerCustomMutator (0x108f1f038). Disabling -len_control by default.
INFO: Running with entropic power schedule (0xFF, 100).
INFO: Seed: 869374670
INFO: Loaded 3 modules   (2048 inline 8-bit counters): 512 [0x79d9c00000, 0x79d9c00200), 512 [0x79d9c00200, 0x79d9c00400), 1024 [0x79d9c00400, 0x79d9c00800), 
INFO: Loaded 3 PC tables (2048 PCs): 512 [0x104709c30,0x10470bc30), 512 [0x79df80c000,0x79df80e000), 1024 [0x79df610000,0x79df614000), 
INFO:        0 files found in <repo>/.cifuzz-corpus/org.pqcfuzz.fuzz.PqcDecodeFuzzTest/slhDsaPublicKeyParse
INFO:        5 files found in <repo>/target/test-classes/org/pqcfuzz/fuzz/PqcDecodeFuzzTestInputs/slhDsaPublicKeyParse
INFO:        0 files found in /var/folders/m8/hjsd0821793bcvxlpgdpt23r0000gn/T/jazzer-java-seeds1922644447454745159
INFO: -max_len is not provided; libFuzzer will not generate inputs larger than 4096 bytes
INFO: seed corpus: files: 5 min: 32b max: 96b total: 224b rss: 1066Mb
#6	INITED cov: 32 ft: 32 corp: 2/128b exec/s: 0 rss: 1066Mb
#51	REDUCE cov: 32 ft: 32 corp: 2/87b lim: 96 exec/s: 0 rss: 1066Mb L: 55/55 MS: 10 ChangeBinInt-Custom-ChangeByte-Custom-CMP-Custom-CopyPart-Custom-EraseBytes-Custom- DE: "\3770"-
#58	REDUCE cov: 32 ft: 32 corp: 2/81b lim: 96 exec/s: 0 rss: 1066Mb L: 49/49 MS: 4 PersAutoDict-Custom-EraseBytes-Custom- DE: "\3770"-
#85	REDUCE cov: 32 ft: 32 corp: 2/66b lim: 96 exec/s: 0 rss: 1066Mb L: 34/34 MS: 4 ChangeByte-Custom-EraseBytes-Custom-
#90	REDUCE cov: 32 ft: 32 corp: 2/52b lim: 96 exec/s: 0 rss: 1066Mb L: 20/32 MS: 10 ChangeBinInt-Custom-ChangeBinInt-Custom-CopyPart-Custom-ShuffleBytes-Custom-EraseBytes-Custom-
#101	REDUCE cov: 32 ft: 32 corp: 2/43b lim: 96 exec/s: 0 rss: 1066Mb L: 11/32 MS: 2 EraseBytes-Custom-
#107	REDUCE cov: 32 ft: 32 corp: 2/40b lim: 96 exec/s: 0 rss: 1066Mb L: 8/32 MS: 2 EraseBytes-Custom-
#133	REDUCE cov: 32 ft: 32 corp: 2/37b lim: 96 exec/s: 0 rss: 1066Mb L: 5/32 MS: 2 EraseBytes-Custom-
#165	REDUCE cov: 32 ft: 32 corp: 2/35b lim: 96 exec/s: 0 rss: 1066Mb L: 3/32 MS: 4 ChangeByte-Custom-EraseBytes-Custom-
#243	REDUCE cov: 32 ft: 32 corp: 2/34b lim: 96 exec/s: 0 rss: 1066Mb L: 2/32 MS: 6 CopyPart-Custom-PersAutoDict-Custom-EraseBytes-Custom- DE: "\3770"-
#339	REDUCE cov: 32 ft: 32 corp: 2/33b lim: 96 exec/s: 0 rss: 1066Mb L: 1/32 MS: 2 EraseBytes-Custom-
INFO: using inputs from: <repo>/.cifuzz-corpus/org.pqcfuzz.fuzz.PqcDecodeFuzzTest/slhDsaPublicKeyParse
INFO: using inputs from: <repo>/target/test-classes/org/pqcfuzz/fuzz/PqcDecodeFuzzTestInputs/slhDsaPublicKeyParse
INFO: using inputs from: /var/folders/m8/hjsd0821793bcvxlpgdpt23r0000gn/T/jazzer-java-seeds1922644447454745159
#1048576	pulse  cov: 32 ft: 32 corp: 2/33b lim: 4096 exec/s: 349525 rss: 1067Mb
#2097152	pulse  cov: 32 ft: 32 corp: 2/33b lim: 4096 exec/s: 299593 rss: 1068Mb
#4194304	pulse  cov: 32 ft: 32 corp: 2/33b lim: 4096 exec/s: 299593 rss: 1077Mb
#8388608	pulse  cov: 32 ft: 32 corp: 2/33b lim: 4096 exec/s: 289262 rss: 1077Mb
#16777216	pulse  cov: 32 ft: 32 corp: 2/33b lim: 4096 exec/s: 289262 rss: 1077Mb
#33554432	pulse  cov: 32 ft: 32 corp: 2/33b lim: 4096 exec/s: 289262 rss: 1077Mb
#34905568	DONE   cov: 32 ft: 32 corp: 2/33b lim: 4096 exec/s: 288475 rss: 1077Mb
[INFO] Tests run: 7, Failures: 0, Errors: 0, Skipped: 0, Time elapsed: 123.4 s -- in org.pqcfuzz.fuzz.PqcDecodeFuzzTest
[INFO] Tests run: 7, Failures: 0, Errors: 0, Skipped: 0
