INFO: Loaded 287 hooks from com.code_intelligence.jazzer.runtime.TraceCmpHooks
INFO: Loaded 5 hooks from com.code_intelligence.jazzer.runtime.TraceDivHooks
INFO: Loaded 2 hooks from com.code_intelligence.jazzer.runtime.TraceIndirHooks
INFO: Loaded 4 hooks from com.code_intelligence.jazzer.runtime.NativeLibHooks
INFO: Loaded 2 hooks from com.code_intelligence.jazzer.sanitizers.ClojureLangHooks
INFO: Loaded 5 hooks from com.code_intelligence.jazzer.sanitizers.Deserialization
INFO: Loaded 5 hooks from com.code_intelligence.jazzer.sanitizers.ExpressionLanguageInjection
INFO: Loaded 70 hooks from com.code_intelligence.jazzer.sanitizers.LdapInjection
INFO: Loaded 46 hooks from com.code_intelligence.jazzer.sanitizers.NamingContextLookup
INFO: Loaded 1 hooks from com.code_intelligence.jazzer.sanitizers.OsCommandInjection
INFO: Loaded 48 hooks from com.code_intelligence.jazzer.sanitizers.ReflectiveCall
INFO: Loaded 8 hooks from com.code_intelligence.jazzer.sanitizers.RegexInjection
INFO: Loaded 16 hooks from com.code_intelligence.jazzer.sanitizers.RegexRoadblocks
INFO: Loaded 12 hooks from com.code_intelligence.jazzer.sanitizers.ScriptEngineInjection
INFO: Loaded 3 hooks from com.code_intelligence.jazzer.sanitizers.ServerSideRequestForgery
INFO: Loaded 19 hooks from com.code_intelligence.jazzer.sanitizers.SqlInjection
INFO: Loaded 6 hooks from com.code_intelligence.jazzer.sanitizers.XPathInjection
INFO: Instrumented org.pqcfuzz.classify.Classifier (took 57 ms, size +26%)
INFO: Instrumented org.pqcfuzz.target.FuzzTarget (took 1 ms, size +12%)
INFO: Instrumented org.pqcfuzz.classify.Outcome (took 2 ms, size +13%)
INFO: Instrumented org.pqcfuzz.fuzz.PqcDecodeFuzzTest (took 17 ms, size +12%)
INFO: Instrumented org.pqcfuzz.target.Targets (took 10 ms, size +19%)
INFO: Instrumented org.pqcfuzz.target.mlkem.MlKem768DecapTarget (took 5 ms, size +13%)
INFO: Instrumented org.pqcfuzz.target.mlkem.MlKem768PublicKeyParseTarget (took 3 ms, size +15%)
INFO: Instrumented org.pqcfuzz.target.mldsa.MlDsa65VerifyTarget (took 5 ms, size +11%)
INFO: Instrumented org.bouncycastle.crypto.CipherParameters (took 0 ms, size +0%)
INFO: Instrumented org.pqcfuzz.target.mldsa.MlDsa65PublicKeyParseTarget (took 3 ms, size +15%)
INFO: Instrumented org.pqcfuzz.target.slhdsa.SlhDsaVerifyTarget (took 3 ms, size +10%)
INFO: Instrumented org.pqcfuzz.target.slhdsa.SlhDsaPublicKeyParseTarget (took 1 ms, size +14%)
INFO: Instrumented org.pqcfuzz.target.mlkem.MlKem768ParseAndEncapsulateTarget (took 1 ms, size +11%)
INFO: Instrumented org.bouncycastle.crypto.params.AsymmetricKeyParameter (took 0 ms, size +32%)
INFO: Instrumented org.bouncycastle.crypto.params.MLKEMPublicKeyParameters (took 1 ms, size +22%)
INFO: Instrumented org.bouncycastle.crypto.params.MLKEMKeyParameters (took 1 ms, size +23%)
INFO: Instrumented org.pqcfuzz.util.DeterministicSecureRandom (took 2 ms, size +24%)
INFO: Instrumented org.pqcfuzz.target.mldsa.MlDsa65ParseAndVerifyTarget (took 4 ms, size +10%)
INFO: Instrumented org.pqcfuzz.target.slhdsa.SlhDsaParseAndVerifyTarget (took 3 ms, size +10%)
INFO: Instrumented org.pqcfuzz.target.jdk.JdkMlKem768DecapTarget (took 1 ms, size +12%)
INFO: Instrumented org.pqcfuzz.target.jdk.JdkMlKem768PublicKeyParseTarget (took 1 ms, size +11%)
INFO: Instrumented org.pqcfuzz.target.jdk.JdkMlDsa65VerifyTarget (took 1 ms, size +10%)
INFO: Instrumented org.pqcfuzz.target.jdk.JdkMlDsa65PublicKeyParseTarget (took 3 ms, size +12%)
INFO: Instrumented org.pqcfuzz.target.jdk.JdkMlKem768ParseAndEncapsulateTarget (took 2 ms, size +9%)
INFO: Instrumented org.pqcfuzz.target.jdk.JdkMlDsa65ParseAndVerifyTarget (took 1 ms, size +9%)
INFO: Instrumented org.pqcfuzz.target.slhdsa.SlhDsaKeys (took 0 ms, size +7%)
INFO: Instrumented org.bouncycastle.crypto.KeyGenerationParameters (took 1 ms, size +19%)
INFO: Instrumented org.bouncycastle.crypto.params.SLHDSAKeyGenerationParameters (took 0 ms, size +20%)
INFO: Instrumented org.bouncycastle.crypto.params.SLHDSAParameters (took 1 ms, size +7%)
INFO: Instrumented org.bouncycastle.crypto.params.SLHDSAParameters$SLHDSAEngineProvider (took 0 ms, size +0%)
INFO: Instrumented org.bouncycastle.crypto.params.SLHDSAParameters$Sha2EngineProvider (took 0 ms, size +12%)
INFO: Instrumented org.bouncycastle.crypto.signers.slhdsa.SLHDSAEngine (took 3 ms, size +10%)
INFO: Instrumented org.bouncycastle.crypto.signers.slhdsa.SLHDSAEngine$Sha2Engine (took 2 ms, size +9%)
INFO: Instrumented org.bouncycastle.crypto.params.SLHDSAParameters$Shake256EngineProvider (took 0 ms, size +12%)
INFO: Instrumented org.bouncycastle.crypto.signers.slhdsa.SLHDSAEngine$Shake256Engine (took 1 ms, size +12%)
INFO: Instrumented org.bouncycastle.crypto.generators.SLHDSAKeyPairGenerator (took 1 ms, size +8%)
INFO: Instrumented org.bouncycastle.crypto.AsymmetricCipherKeyPairGenerator (took 0 ms, size +0%)
INFO: New number of coverage counters: 1024
INFO: Instrumented org.bouncycastle.crypto.CryptoServicesRegistrar (took 4 ms, size +12%)
INFO: Instrumented org.bouncycastle.crypto.CryptoServicesPermission (took 2 ms, size +72%)
INFO: Instrumented org.bouncycastle.crypto.SecureRandomProvider (took 0 ms, size +0%)
INFO: Instrumented org.bouncycastle.crypto.CryptoServicesConstraints (took 0 ms, size +0%)
INFO: Instrumented org.bouncycastle.crypto.CryptoServicesRegistrar$ThreadLocalSecureRandomProvider (took 1 ms, size +13%)
INFO: Instrumented org.bouncycastle.crypto.CryptoServicesRegistrar$1 (took 0 ms, size +24%)
INFO: Instrumented org.bouncycastle.crypto.params.DSAParameters (took 3 ms, size +66%)
INFO: Instrumented org.bouncycastle.crypto.params.DSAValidationParameters (took 2 ms, size +38%)
INFO: Instrumented org.bouncycastle.util.encoders.Hex (took 3 ms, size +13%)
INFO: Instrumented org.bouncycastle.util.encoders.DecoderException (took 0 ms, size +27%)
INFO: Instrumented org.bouncycastle.util.encoders.EncoderException (took 1 ms, size +27%)
INFO: Instrumented org.bouncycastle.util.encoders.HexEncoder (took 2 ms, size +37%)
INFO: Instrumented org.bouncycastle.util.encoders.Encoder (took 0 ms, size +0%)
INFO: New number of coverage counters: 2048
INFO: Instrumented org.bouncycastle.util.Arrays (took 16 ms, size +34%)
INFO: Instrumented org.bouncycastle.crypto.CryptoServicesRegistrar$Property (took 0 ms, size +10%)
INFO: Instrumented org.bouncycastle.asn1.x9.X9ECParameters (took 4 ms, size +12%)
INFO: Instrumented org.bouncycastle.asn1.x9.X9ObjectIdentifiers (took 1 ms, size +3%)
INFO: Instrumented org.bouncycastle.asn1.ASN1Object (took 1 ms, size +30%)
INFO: Instrumented org.bouncycastle.asn1.ASN1Encodable (took 0 ms, size +0%)
INFO: Instrumented org.bouncycastle.util.Encodable (took 0 ms, size +0%)
INFO: Instrumented org.bouncycastle.crypto.params.DHParameters (took 6 ms, size +39%)
INFO: Instrumented org.bouncycastle.crypto.params.DHValidationParameters (took 1 ms, size +45%)
INFO: Instrumented org.bouncycastle.crypto.params.SLHDSAPrivateKeyParameters (took 1 ms, size +13%)
INFO: Instrumented org.bouncycastle.crypto.params.SLHDSAKeyParameters (took 0 ms, size +22%)
INFO: Instrumented org.bouncycastle.crypto.params.SLHDSAPublicKeyParameters (took 0 ms, size +25%)
INFO: Instrumented org.bouncycastle.crypto.DerivationParameters (took 1 ms, size +0%)
INFO: Instrumented org.bouncycastle.crypto.Digest (took 0 ms, size +0%)
INFO: Instrumented org.bouncycastle.crypto.digests.SHA256Digest (took 4 ms, size +10%)
INFO: Instrumented org.bouncycastle.crypto.SavableDigest (took 0 ms, size +0%)
INFO: Instrumented org.bouncycastle.crypto.ExtendedDigest (took 0 ms, size +0%)
INFO: Instrumented org.bouncycastle.crypto.digests.EncodableDigest (took 0 ms, size +0%)
INFO: Instrumented org.bouncycastle.crypto.EncodableService (took 0 ms, size +0%)
INFO: Instrumented org.bouncycastle.util.Memoable (took 0 ms, size +0%)
INFO: Instrumented org.bouncycastle.crypto.digests.GeneralDigest (took 1 ms, size +23%)
INFO: Instrumented org.bouncycastle.crypto.CryptoServicePurpose (took 0 ms, size +8%)
INFO: Instrumented org.bouncycastle.crypto.digests.Utils (took 0 ms, size +10%)
INFO: Instrumented org.bouncycastle.crypto.CryptoServiceProperties (took 0 ms, size +0%)
INFO: Instrumented org.bouncycastle.crypto.digests.Utils$DefaultPropertiesWithPRF (took 0 ms, size +12%)
INFO: Instrumented org.bouncycastle.crypto.macs.HMac (took 1 ms, size +19%)
INFO: Instrumented org.bouncycastle.crypto.Mac (took 0 ms, size +0%)
INFO: Instrumented org.bouncycastle.util.Integers (took 1 ms, size +30%)
INFO: Instrumented org.bouncycastle.crypto.generators.MGF1BytesGenerator (took 2 ms, size +26%)
INFO: Instrumented org.bouncycastle.crypto.DerivationFunction (took 0 ms, size +0%)
INFO: Instrumented org.bouncycastle.crypto.OutputLengthException (took 0 ms, size +46%)
INFO: Instrumented org.bouncycastle.crypto.DataLengthException (took 1 ms, size +39%)
INFO: Instrumented org.bouncycastle.crypto.RuntimeCryptoException (took 0 ms, size +42%)
INFO: Instrumented org.bouncycastle.util.Pack (took 7 ms, size +24%)
INFO: Instrumented org.bouncycastle.crypto.AsymmetricCipherKeyPair (took 1 ms, size +13%)
INFO: Instrumented org.bouncycastle.crypto.signers.slhdsa.HT (took 1 ms, size +15%)
INFO: Instrumented org.bouncycastle.crypto.signers.slhdsa.WotsPlus (took 3 ms, size +21%)
INFO: Instrumented org.bouncycastle.crypto.signers.slhdsa.ADRS (took 3 ms, size +9%)
INFO: Instrumented org.bouncycastle.crypto.signers.slhdsa.NodeEntry (took 0 ms, size +37%)
INFO: Instrumented org.bouncycastle.crypto.params.SLHDSAPrivateKeyParameters$SK (took 1 ms, size +17%)
INFO: Instrumented org.bouncycastle.crypto.params.SLHDSAPrivateKeyParameters$PK (took 0 ms, size +17%)
INFO: Instrumented org.bouncycastle.crypto.signers.SLHDSASigner (took 2 ms, size +14%)
INFO: Instrumented org.bouncycastle.pqc.crypto.MessageSigner (took 0 ms, size +0%)
INFO: Instrumented org.bouncycastle.crypto.params.ParametersWithContext (took 1 ms, size +23%)
INFO: Instrumented org.bouncycastle.crypto.params.ParametersWithRandom (took 0 ms, size +13%)
INFO: Instrumented org.bouncycastle.crypto.signers.slhdsa.Fors (took 1 ms, size +16%)
INFO: Instrumented org.bouncycastle.crypto.params.KeyParameter (took 1 ms, size +27%)
INFO: Instrumented org.bouncycastle.crypto.params.MGFParameters (took 0 ms, size +23%)
INFO: Instrumented org.bouncycastle.util.Bytes (took 2 ms, size +35%)
INFO: Instrumented org.bouncycastle.crypto.signers.slhdsa.IndexedDigest (took 0 ms, size +32%)
INFO: Instrumented org.bouncycastle.crypto.signers.slhdsa.SIG_FORS (took 0 ms, size +31%)
INFO: Instrumented org.bouncycastle.crypto.signers.slhdsa.SIG_XMSS (took 0 ms, size +31%)
INFO: Instrumented org.pqcfuzz.target.TargetKind (took 0 ms, size +12%)
INFO: Instrumented org.pqcfuzz.classify.ExpectedRejections (took 0 ms, size +41%)
INFO: Instrumented org.bouncycastle.crypto.signers.slhdsa.SIG (took 0 ms, size +25%)
INFO: found LLVMFuzzerCustomMutator (0x107ab7038). Disabling -len_control by default.
INFO: Running with entropic power schedule (0xFF, 100).
INFO: Seed: 4163147789
INFO: Loaded 3 modules   (2048 inline 8-bit counters): 512 [0x7c71d90000, 0x7c71d90200), 512 [0x7c71d90200, 0x7c71d90400), 1024 [0x7c71d90400, 0x7c71d90800), 
INFO: Loaded 3 PC tables (2048 PCs): 512 [0x1034c94e0,0x1034cb4e0), 512 [0x7c778e4000,0x7c778e6000), 1024 [0x7c7790c000,0x7c77910000), 
INFO:        0 files found in <repo>/.cifuzz-corpus/org.pqcfuzz.fuzz.PqcDecodeFuzzTest/slhDsaParseAndVerify
INFO:        4 files found in <repo>/target/test-classes/org/pqcfuzz/fuzz/PqcDecodeFuzzTestInputs/slhDsaParseAndVerify
INFO:        0 files found in /var/folders/m8/hjsd0821793bcvxlpgdpt23r0000gn/T/jazzer-java-seeds1638773314137168631
INFO: -max_len is not provided; libFuzzer will not generate inputs larger than 4096 bytes
INFO: seed corpus: files: 4 min: 32b max: 96b total: 192b rss: 1024Mb
#5	INITED cov: 221 ft: 278 corp: 4/192b exec/s: 0 rss: 1024Mb
#16	NEW    cov: 221 ft: 308 corp: 5/224b lim: 96 exec/s: 0 rss: 1024Mb L: 32/96 MS: 2 CopyPart-Custom-
#28	REDUCE cov: 221 ft: 308 corp: 5/155b lim: 96 exec/s: 0 rss: 1024Mb L: 27/32 MS: 4 ShuffleBytes-Custom-CrossOver-Custom-
#29	NEW    cov: 221 ft: 317 corp: 6/187b lim: 96 exec/s: 0 rss: 1024Mb L: 32/32 MS: 2 ChangeBit-Custom-
#33	REDUCE cov: 221 ft: 317 corp: 6/176b lim: 96 exec/s: 0 rss: 1024Mb L: 16/32 MS: 8 ChangeByte-Custom-ChangeBinInt-Custom-ChangeBit-Custom-EraseBytes-Custom-
INFO: using inputs from: <repo>/.cifuzz-corpus/org.pqcfuzz.fuzz.PqcDecodeFuzzTest/slhDsaParseAndVerify
INFO: using inputs from: <repo>/target/test-classes/org/pqcfuzz/fuzz/PqcDecodeFuzzTestInputs/slhDsaParseAndVerify
INFO: using inputs from: /var/folders/m8/hjsd0821793bcvxlpgdpt23r0000gn/T/jazzer-java-seeds1638773314137168631
#49	NEW    cov: 221 ft: 318 corp: 7/208b lim: 96 exec/s: 0 rss: 1024Mb L: 32/32 MS: 2 ChangeBit-Custom-
#60	NEW    cov: 221 ft: 320 corp: 8/240b lim: 96 exec/s: 0 rss: 1024Mb L: 32/32 MS: 2 ChangeBinInt-Custom-
#62	NEW    cov: 221 ft: 339 corp: 9/272b lim: 96 exec/s: 0 rss: 1024Mb L: 32/32 MS: 4 ShuffleBytes-Custom-ChangeASCIIInt-Custom-
#74	NEW    cov: 221 ft: 343 corp: 10/304b lim: 96 exec/s: 0 rss: 1024Mb L: 32/32 MS: 4 ShuffleBytes-Custom-ShuffleBytes-Custom-
#80	NEW    cov: 221 ft: 346 corp: 11/336b lim: 96 exec/s: 0 rss: 1024Mb L: 32/32 MS: 2 ChangeByte-Custom-
#102	NEW    cov: 221 ft: 351 corp: 12/368b lim: 96 exec/s: 0 rss: 1024Mb L: 32/32 MS: 4 ChangeASCIIInt-Custom-CopyPart-Custom-
#103	NEW    cov: 221 ft: 355 corp: 13/400b lim: 96 exec/s: 0 rss: 1024Mb L: 32/32 MS: 2 ChangeBit-Custom-
#119	NEW    cov: 221 ft: 357 corp: 14/432b lim: 96 exec/s: 0 rss: 1024Mb L: 32/32 MS: 2 ChangeASCIIInt-Custom-
#190	NEW    cov: 221 ft: 368 corp: 15/464b lim: 96 exec/s: 0 rss: 1024Mb L: 32/32 MS: 2 ChangeBit-Custom-
#218	REDUCE cov: 221 ft: 371 corp: 16/496b lim: 96 exec/s: 0 rss: 1024Mb L: 32/32 MS: 6 ChangeBit-Custom-CMP-Custom-CMP-Custom- DE: "yg1\313\243\334\275\322\303\366Wgq\3032\310"-"\261\347\313\034t2+\013nW\234x\341\266\332\022"-
#230	NEW    cov: 221 ft: 376 corp: 17/528b lim: 96 exec/s: 0 rss: 1024Mb L: 32/32 MS: 4 CMP-Custom-EraseBytes-Custom- DE: "?\000"-
#246	REDUCE cov: 221 ft: 376 corp: 17/525b lim: 96 exec/s: 0 rss: 1024Mb L: 13/32 MS: 2 EraseBytes-Custom-
#354	REDUCE cov: 221 ft: 376 corp: 17/524b lim: 96 exec/s: 0 rss: 1024Mb L: 12/32 MS: 6 ChangeBinInt-Custom-InsertByte-Custom-EraseBytes-Custom-
#749	REDUCE cov: 221 ft: 376 corp: 17/519b lim: 96 exec/s: 0 rss: 1024Mb L: 7/32 MS: 10 ChangeByte-Custom-InsertByte-Custom-ChangeByte-Custom-ChangeByte-Custom-EraseBytes-Custom-
#901	REDUCE cov: 221 ft: 376 corp: 17/518b lim: 96 exec/s: 901 rss: 1024Mb L: 6/32 MS: 6 ShuffleBytes-Custom-ChangeByte-Custom-EraseBytes-Custom-
#2048	pulse  cov: 221 ft: 376 corp: 17/518b lim: 102 exec/s: 1024 rss: 1025Mb
#2186	REDUCE cov: 221 ft: 376 corp: 17/517b lim: 108 exec/s: 728 rss: 1025Mb L: 5/32 MS: 4 ChangeBit-Custom-EraseBytes-Custom-
#2738	REDUCE cov: 221 ft: 376 corp: 17/516b lim: 108 exec/s: 684 rss: 1025Mb L: 4/32 MS: 4 InsertByte-Custom-EraseBytes-Custom-
#2891	REDUCE cov: 221 ft: 376 corp: 17/514b lim: 108 exec/s: 722 rss: 1025Mb L: 2/32 MS: 2 EraseBytes-Custom-
#2902	REDUCE cov: 221 ft: 376 corp: 17/513b lim: 108 exec/s: 725 rss: 1025Mb L: 1/32 MS: 2 EraseBytes-Custom-
#4096	pulse  cov: 221 ft: 376 corp: 17/513b lim: 114 exec/s: 819 rss: 1025Mb
#6546	NEW    cov: 221 ft: 377 corp: 18/545b lim: 139 exec/s: 727 rss: 1025Mb L: 32/32 MS: 2 ChangeBit-Custom-
#8192	pulse  cov: 221 ft: 377 corp: 18/545b lim: 153 exec/s: 682 rss: 1025Mb
#9853	NEW    cov: 221 ft: 379 corp: 19/577b lim: 167 exec/s: 703 rss: 1025Mb L: 32/32 MS: 2 ShuffleBytes-Custom-
#16384	pulse  cov: 221 ft: 379 corp: 19/577b lim: 230 exec/s: 682 rss: 1025Mb
#32768	pulse  cov: 221 ft: 379 corp: 19/577b lim: 394 exec/s: 668 rss: 1025Mb
#65536	pulse  cov: 221 ft: 379 corp: 19/577b lim: 712 exec/s: 661 rss: 1025Mb
#79228	DONE   cov: 221 ft: 379 corp: 19/577b lim: 856 exec/s: 654 rss: 1025Mb
[INFO] Tests run: 6, Failures: 0, Errors: 0, Skipped: 0, Time elapsed: 123.8 s -- in org.pqcfuzz.fuzz.PqcDecodeFuzzTest
[INFO] Tests run: 6, Failures: 0, Errors: 0, Skipped: 0
