bc185 mlKemDecap t1 exit=0 wall=127s | #2718836	DONE   cov: 252 ft: 253 corp: 2/1089b lim: 4096 exec/s: 22469 rss: 1231Mb
bc185 mlKemPublicKeyParse t1 exit=0 wall=125s | #27240847	DONE   cov: 46 ft: 46 corp: 3/2369b lim: 4096 exec/s: 225130 rss: 1164Mb
bc185 mlKemParseAndEncapsulate t1 exit=0 wall=125s | #4566933	DONE   cov: 258 ft: 299 corp: 18/19Kb lim: 4096 exec/s: 37743 rss: 1204Mb
bc185 mlDsaVerify t1 exit=0 wall=125s | #3064574	DONE   cov: 258 ft: 381 corp: 42/132Kb lim: 4096 exec/s: 25327 rss: 1022Mb
bc185 mlDsaPublicKeyParse t1 exit=0 wall=125s | #22265210	DONE   cov: 60 ft: 60 corp: 2/1953b lim: 4096 exec/s: 184010 rss: 1196Mb
bc185 mlDsaParseAndVerify t1 exit=0 wall=125s | #1196920	DONE   cov: 285 ft: 325 corp: 16/28Kb lim: 4096 exec/s: 9891 rss: 1040Mb
bc185 slhDsaVerify t1 exit=0 wall=125s | #76139	DONE   cov: 196 ft: 370 corp: 21/333Kb lim: 17152 exec/s: 629 rss: 1271Mb
bc185 slhDsaPublicKeyParse t1 exit=0 wall=125s | #33334005	DONE   cov: 32 ft: 32 corp: 2/33b lim: 4096 exec/s: 275487 rss: 1131Mb
bc185 slhDsaParseAndVerify t1 exit=0 wall=126s | #79228	DONE   cov: 221 ft: 379 corp: 19/577b lim: 856 exec/s: 654 rss: 1025Mb
bc185 mlKemDecap t2 exit=0 wall=125s | #2935566	DONE   cov: 252 ft: 253 corp: 2/1089b lim: 4096 exec/s: 24260 rss: 1132Mb
bc185 mlKemPublicKeyParse t2 exit=0 wall=125s | #27433133	DONE   cov: 46 ft: 46 corp: 3/2369b lim: 4096 exec/s: 226720 rss: 1341Mb
bc185 mlKemParseAndEncapsulate t2 exit=0 wall=125s | #4014358	DONE   cov: 258 ft: 292 corp: 17/18Kb lim: 4096 exec/s: 33176 rss: 1282Mb
bc185 mlDsaVerify t2 exit=0 wall=125s | #2785895	DONE   cov: 258 ft: 382 corp: 44/138Kb lim: 4096 exec/s: 23023 rss: 1276Mb
bc185 mlDsaPublicKeyParse t2 exit=0 wall=126s | #21563071	DONE   cov: 60 ft: 60 corp: 2/1953b lim: 4096 exec/s: 178207 rss: 1108Mb
bc185 mlDsaParseAndVerify t2 exit=0 wall=125s | #1165763	DONE   cov: 285 ft: 321 corp: 14/24Kb lim: 4096 exec/s: 9634 rss: 1057Mb
bc185 slhDsaVerify t2 exit=0 wall=125s | #74439	DONE   cov: 196 ft: 370 corp: 20/317Kb lim: 17152 exec/s: 615 rss: 1077Mb
bc185 slhDsaPublicKeyParse t2 exit=0 wall=125s | #34905568	DONE   cov: 32 ft: 32 corp: 2/33b lim: 4096 exec/s: 288475 rss: 1077Mb
bc185 slhDsaParseAndVerify t2 exit=0 wall=125s | #80658	DONE   cov: 221 ft: 380 corp: 20/609b lim: 874 exec/s: 666 rss: 1300Mb
bc185 mlKemDecap t3 exit=0 wall=125s | #2910337	DONE   cov: 252 ft: 253 corp: 2/1089b lim: 4096 exec/s: 24052 rss: 1310Mb
bc185 mlKemPublicKeyParse t3 exit=0 wall=125s | #28756150	DONE   cov: 46 ft: 46 corp: 3/2369b lim: 4096 exec/s: 237654 rss: 1122Mb
bc185 mlKemParseAndEncapsulate t3 exit=0 wall=124s | #4119825	DONE   cov: 258 ft: 299 corp: 19/20Kb lim: 4096 exec/s: 34048 rss: 1221Mb
bc185 mlDsaVerify t3 exit=0 wall=124s | #2943209	DONE   cov: 258 ft: 382 corp: 43/135Kb lim: 4096 exec/s: 24324 rss: 1076Mb
bc185 mlDsaPublicKeyParse t3 exit=0 wall=125s | #22652745	DONE   cov: 60 ft: 60 corp: 2/1953b lim: 4096 exec/s: 187212 rss: 1077Mb
bc185 mlDsaParseAndVerify t3 exit=0 wall=124s | #1160244	DONE   cov: 285 ft: 321 corp: 14/24Kb lim: 4096 exec/s: 9588 rss: 1267Mb
bc185 slhDsaVerify t3 exit=0 wall=126s | #79947	DONE   cov: 196 ft: 370 corp: 19/300Kb lim: 17152 exec/s: 660 rss: 1118Mb
bc185 slhDsaPublicKeyParse t3 exit=0 wall=124s | #33469299	DONE   cov: 32 ft: 32 corp: 2/33b lim: 4096 exec/s: 276605 rss: 1204Mb
bc185 slhDsaParseAndVerify t3 exit=0 wall=125s | #79624	DONE   cov: 221 ft: 380 corp: 19/577b lim: 856 exec/s: 658 rss: 1217Mb
bc185 mlKemDecap t4 exit=0 wall=125s | #3078874	DONE   cov: 252 ft: 253 corp: 2/1089b lim: 4096 exec/s: 25445 rss: 1077Mb
bc185 mlKemPublicKeyParse t4 exit=0 wall=124s | #28295608	DONE   cov: 46 ft: 46 corp: 3/2369b lim: 4096 exec/s: 233848 rss: 1207Mb
bc185 mlKemParseAndEncapsulate t4 exit=0 wall=125s | #4105285	DONE   cov: 258 ft: 299 corp: 20/21Kb lim: 4096 exec/s: 33927 rss: 1178Mb
bc185 mlDsaVerify t4 exit=0 wall=125s | #2995307	DONE   cov: 258 ft: 382 corp: 41/129Kb lim: 4096 exec/s: 24754 rss: 1274Mb
bc185 mlDsaPublicKeyParse t4 exit=0 wall=125s | #22130902	DONE   cov: 60 ft: 60 corp: 2/1953b lim: 4096 exec/s: 182900 rss: 1146Mb
bc185 mlDsaParseAndVerify t4 exit=0 wall=124s | #1170737	DONE   cov: 285 ft: 321 corp: 14/24Kb lim: 4096 exec/s: 9675 rss: 1246Mb
bc185 slhDsaVerify t4 exit=0 wall=125s | #74841	DONE   cov: 196 ft: 370 corp: 18/283Kb lim: 17152 exec/s: 618 rss: 1317Mb
bc185 slhDsaPublicKeyParse t4 exit=0 wall=125s | #33353830	DONE   cov: 32 ft: 32 corp: 2/33b lim: 4096 exec/s: 275651 rss: 1274Mb
bc185 slhDsaParseAndVerify t4 exit=0 wall=125s | #85071	DONE   cov: 221 ft: 379 corp: 19/577b lim: 901 exec/s: 703 rss: 1160Mb
bc185 mlKemDecap t5 exit=0 wall=124s | #3008807	DONE   cov: 252 ft: 253 corp: 2/1089b lim: 4096 exec/s: 24866 rss: 1186Mb
bc185 mlKemPublicKeyParse t5 exit=0 wall=125s | #28673083	DONE   cov: 46 ft: 46 corp: 3/2369b lim: 4096 exec/s: 236967 rss: 1118Mb
bc185 mlKemParseAndEncapsulate t5 exit=0 wall=125s | #4358954	DONE   cov: 258 ft: 299 corp: 19/20Kb lim: 4096 exec/s: 36024 rss: 1176Mb
bc185 mlDsaVerify t5 exit=0 wall=124s | #2931948	DONE   cov: 258 ft: 378 corp: 37/116Kb lim: 4096 exec/s: 24230 rss: 1316Mb
bc185 mlDsaPublicKeyParse t5 exit=0 wall=125s | #22424901	DONE   cov: 60 ft: 60 corp: 2/1953b lim: 4096 exec/s: 185329 rss: 1398Mb
bc185 mlDsaParseAndVerify t5 exit=0 wall=125s | #1148765	DONE   cov: 285 ft: 325 corp: 17/30Kb lim: 4096 exec/s: 9493 rss: 1347Mb
bc185 slhDsaVerify t5 exit=0 wall=125s | #75133	DONE   cov: 196 ft: 370 corp: 19/300Kb lim: 17152 exec/s: 620 rss: 1318Mb
bc185 slhDsaPublicKeyParse t5 exit=0 wall=124s | #33304560	DONE   cov: 32 ft: 32 corp: 2/33b lim: 4096 exec/s: 275244 rss: 1359Mb
bc185 slhDsaParseAndVerify t5 exit=0 wall=125s | #83098	DONE   cov: 221 ft: 379 corp: 18/545b lim: 892 exec/s: 686 rss: 1383Mb
ALLDONE
