Mon Sep 21 13:35:06 CDT 2026
ctl184-t1 mlDsaParseAndVerify exit=1 wall=3s |  | org.opentest4j.AssertionFailedError: ml-dsa-65-parse-verify: UNEXPECTED_EXCEPTION on a 1175-byte input (java.lang.ArrayIndexOutOfBoundsException: arra
ctl184-t1 mlDsaPublicKeyParse exit=1 wall=3s |  | org.opentest4j.AssertionFailedError: ml-dsa-65-pubkey-parse: ACCEPTED on a 2016-byte input (no exception)
ctl184-t2 mlDsaParseAndVerify exit=1 wall=3s |  | org.opentest4j.AssertionFailedError: ml-dsa-65-parse-verify: UNEXPECTED_EXCEPTION on a 1377-byte input (java.lang.ArrayIndexOutOfBoundsException: arra
ctl184-t2 mlDsaPublicKeyParse exit=1 wall=3s |  | org.opentest4j.AssertionFailedError: ml-dsa-65-pubkey-parse: ACCEPTED on a 2016-byte input (no exception)
ctl184-t3 mlDsaParseAndVerify exit=1 wall=3s |  | org.opentest4j.AssertionFailedError: ml-dsa-65-parse-verify: UNEXPECTED_EXCEPTION on a 1298-byte input (java.lang.ArrayIndexOutOfBoundsException: arra
ctl184-t3 mlDsaPublicKeyParse exit=1 wall=4s |  | org.opentest4j.AssertionFailedError: ml-dsa-65-pubkey-parse: ACCEPTED on a 2016-byte input (no exception)
ctl184-t4 mlDsaParseAndVerify exit=1 wall=3s |  | org.opentest4j.AssertionFailedError: ml-dsa-65-parse-verify: UNEXPECTED_EXCEPTION on a 366-byte input (java.lang.ArrayIndexOutOfBoundsException: array
ctl184-t4 mlDsaPublicKeyParse exit=1 wall=3s |  | org.opentest4j.AssertionFailedError: ml-dsa-65-pubkey-parse: ACCEPTED on a 2016-byte input (no exception)
ctl184-t5 mlDsaParseAndVerify exit=1 wall=3s |  | org.opentest4j.AssertionFailedError: ml-dsa-65-parse-verify: UNEXPECTED_EXCEPTION on a 1063-byte input (java.lang.ArrayIndexOutOfBoundsException: arra
ctl184-t5 mlDsaPublicKeyParse exit=1 wall=3s |  | org.opentest4j.AssertionFailedError: ml-dsa-65-pubkey-parse: ACCEPTED on a 2016-byte input (no exception)
ctl184-t6 mlDsaParseAndVerify exit=1 wall=3s |  | org.opentest4j.AssertionFailedError: ml-dsa-65-parse-verify: UNEXPECTED_EXCEPTION on a 1482-byte input (java.lang.ArrayIndexOutOfBoundsException: arra
ctl184-t6 mlDsaPublicKeyParse exit=1 wall=3s |  | org.opentest4j.AssertionFailedError: ml-dsa-65-pubkey-parse: ACCEPTED on a 2016-byte input (no exception)
ctl184-t7 mlDsaParseAndVerify exit=1 wall=3s |  | org.opentest4j.AssertionFailedError: ml-dsa-65-parse-verify: UNEXPECTED_EXCEPTION on a 1586-byte input (java.lang.ArrayIndexOutOfBoundsException: arra
ctl184-t7 mlDsaPublicKeyParse exit=1 wall=3s |  | org.opentest4j.AssertionFailedError: ml-dsa-65-pubkey-parse: ACCEPTED on a 2016-byte input (no exception)
ctl184-t8 mlDsaParseAndVerify exit=1 wall=3s |  | org.opentest4j.AssertionFailedError: ml-dsa-65-parse-verify: UNEXPECTED_EXCEPTION on a 1466-byte input (java.lang.ArrayIndexOutOfBoundsException: arra
ctl184-t8 mlDsaPublicKeyParse exit=1 wall=4s |  | org.opentest4j.AssertionFailedError: ml-dsa-65-pubkey-parse: ACCEPTED on a 2016-byte input (no exception)
ctl184-t9 mlDsaParseAndVerify exit=1 wall=3s |  | org.opentest4j.AssertionFailedError: ml-dsa-65-parse-verify: UNEXPECTED_EXCEPTION on a 1497-byte input (java.lang.ArrayIndexOutOfBoundsException: arra
ctl184-t9 mlDsaPublicKeyParse exit=1 wall=3s |  | org.opentest4j.AssertionFailedError: ml-dsa-65-pubkey-parse: ACCEPTED on a 2016-byte input (no exception)
ctl184-t10 mlDsaParseAndVerify exit=1 wall=3s |  | org.opentest4j.AssertionFailedError: ml-dsa-65-parse-verify: UNEXPECTED_EXCEPTION on a 1175-byte input (java.lang.ArrayIndexOutOfBoundsException: arra
ctl184-t10 mlDsaPublicKeyParse exit=1 wall=3s |  | org.opentest4j.AssertionFailedError: ml-dsa-65-pubkey-parse: ACCEPTED on a 2016-byte input (no exception)
bc185 mlKemDecap exit=0 wall=125s | #2941906	DONE   cov: 252 ft: 253 corp: 2/1089b lim: 4096 exec/s: 24313 rss: 1078Mb | 
bc185 mlKemPublicKeyParse exit=0 wall=124s | #27636695	DONE   cov: 46 ft: 46 corp: 3/2369b lim: 4096 exec/s: 228402 rss: 1334Mb | 
bc185 mlKemParseAndEncapsulate exit=0 wall=125s | #3939225	DONE   cov: 258 ft: 299 corp: 19/20Kb lim: 4096 exec/s: 32555 rss: 1346Mb | 
bc185 mlDsaVerify exit=0 wall=125s | #2980933	DONE   cov: 258 ft: 381 corp: 41/129Kb lim: 4096 exec/s: 24635 rss: 1361Mb | 
bc185 mlDsaPublicKeyParse exit=0 wall=124s | #24014124	DONE   cov: 54 ft: 54 corp: 2/1953b lim: 4096 exec/s: 198463 rss: 1301Mb | 
bc185 mlDsaParseAndVerify exit=0 wall=125s | #1109815	DONE   cov: 285 ft: 325 corp: 18/32Kb lim: 4096 exec/s: 9172 rss: 1144Mb | 
bc185 slhDsaVerify exit=0 wall=125s | #74697	DONE   cov: 196 ft: 370 corp: 19/300Kb lim: 17152 exec/s: 617 rss: 1292Mb | 
bc185 slhDsaPublicKeyParse exit=0 wall=124s | #32633121	DONE   cov: 32 ft: 32 corp: 2/33b lim: 4096 exec/s: 269695 rss: 1320Mb | 
bc185 slhDsaParseAndVerify exit=0 wall=124s | #82675	DONE   cov: 221 ft: 380 corp: 20/609b lim: 883 exec/s: 683 rss: 1393Mb | 
jdk25 jdkMlKemDecap exit=0 wall=124s | #20038863	DONE   cov: 26 ft: 26 corp: 2/1089b lim: 4096 exec/s: 165610 rss: 1244Mb | 
jdk25 jdkMlKemPublicKeyParse exit=1 wall=4s |  | org.opentest4j.AssertionFailedError: jdk-ml-kem-768-pubkey-parse: ACCEPTED on a 0-byte input (no exception)
jdk25 jdkMlKemParseAndEncapsulate exit=0 wall=123s | #19400268	DONE   cov: 54 ft: 69 corp: 6/1664b lim: 4096 exec/s: 160332 rss: 1537Mb | 
jdk25 jdkMlDsaVerify exit=0 wall=125s | #10628864	DONE   cov: 38 ft: 38 corp: 3/6619b lim: 4096 exec/s: 87841 rss: 1425Mb | 
jdk25 jdkMlDsaPublicKeyParse exit=1 wall=3s |  | org.opentest4j.AssertionFailedError: jdk-ml-dsa-65-pubkey-parse: ACCEPTED on a 0-byte input (no exception)
jdk25 jdkMlDsaParseAndVerify exit=0 wall=124s | #12962203	DONE   cov: 54 ft: 69 corp: 7/4384b lim: 4096 exec/s: 107125 rss: 1264Mb | 
bc186 mlKemDecap exit=0 wall=125s | #2804391	DONE   cov: 255 ft: 256 corp: 2/1089b lim: 4096 exec/s: 23176 rss: 1084Mb | 
bc186 mlKemPublicKeyParse exit=0 wall=125s | #26026248	DONE   cov: 46 ft: 46 corp: 3/2369b lim: 4096 exec/s: 215092 rss: 1127Mb | 
bc186 mlKemParseAndEncapsulate exit=0 wall=125s | #4478575	DONE   cov: 258 ft: 299 corp: 19/20Kb lim: 4096 exec/s: 37013 rss: 1178Mb | 
bc186 mlDsaVerify exit=0 wall=124s | #3016497	DONE   cov: 258 ft: 381 corp: 41/129Kb lim: 4096 exec/s: 24929 rss: 1253Mb | 
bc186 mlDsaPublicKeyParse exit=0 wall=124s | #25518774	DONE   cov: 54 ft: 54 corp: 2/1953b lim: 4096 exec/s: 210898 rss: 1370Mb | 
bc186 mlDsaParseAndVerify exit=0 wall=124s | #1182056	DONE   cov: 285 ft: 321 corp: 14/24Kb lim: 4096 exec/s: 9769 rss: 1123Mb | 
bc186 slhDsaVerify exit=0 wall=124s | #90806	DONE   cov: 193 ft: 361 corp: 20/317Kb lim: 17152 exec/s: 750 rss: 1008Mb | 
bc186 slhDsaPublicKeyParse exit=0 wall=124s | #33921103	DONE   cov: 32 ft: 32 corp: 2/33b lim: 4096 exec/s: 280339 rss: 1145Mb | 
bc186 slhDsaParseAndVerify exit=0 wall=124s | #104423	DONE   cov: 218 ft: 372 corp: 22/673b lim: 1107 exec/s: 863 rss: 1072Mb | 
Mon Sep 21 14:21:51 CDT 2026
JAZZER_ALL_DONE
