INFO: Loaded 287 hooks from com.code_intelligence.jazzer.runtime.TraceCmpHooks
INFO: Loaded 5 hooks from com.code_intelligence.jazzer.runtime.TraceDivHooks
INFO: Loaded 2 hooks from com.code_intelligence.jazzer.runtime.TraceIndirHooks
INFO: Loaded 4 hooks from com.code_intelligence.jazzer.runtime.NativeLibHooks
INFO: Loaded 2 hooks from com.code_intelligence.jazzer.sanitizers.ClojureLangHooks
INFO: Loaded 5 hooks from com.code_intelligence.jazzer.sanitizers.Deserialization
INFO: Loaded 5 hooks from com.code_intelligence.jazzer.sanitizers.ExpressionLanguageInjection
INFO: Loaded 70 hooks from com.code_intelligence.jazzer.sanitizers.LdapInjection
INFO: Loaded 46 hooks from com.code_intelligence.jazzer.sanitizers.NamingContextLookup
INFO: Loaded 1 hooks from com.code_intelligence.jazzer.sanitizers.OsCommandInjection
INFO: Loaded 48 hooks from com.code_intelligence.jazzer.sanitizers.ReflectiveCall
INFO: Loaded 8 hooks from com.code_intelligence.jazzer.sanitizers.RegexInjection
INFO: Loaded 16 hooks from com.code_intelligence.jazzer.sanitizers.RegexRoadblocks
INFO: Loaded 12 hooks from com.code_intelligence.jazzer.sanitizers.ScriptEngineInjection
INFO: Loaded 3 hooks from com.code_intelligence.jazzer.sanitizers.ServerSideRequestForgery
INFO: Loaded 19 hooks from com.code_intelligence.jazzer.sanitizers.SqlInjection
INFO: Loaded 6 hooks from com.code_intelligence.jazzer.sanitizers.XPathInjection
INFO: Instrumented org.pqcfuzz.classify.Classifier (took 65 ms, size +26%)
INFO: Instrumented org.pqcfuzz.target.FuzzTarget (took 0 ms, size +12%)
INFO: Instrumented org.pqcfuzz.classify.Outcome (took 2 ms, size +13%)
INFO: Instrumented org.pqcfuzz.fuzz.PqcDecodeFuzzTest (took 8 ms, size +12%)
INFO: Instrumented org.pqcfuzz.target.Targets (took 8 ms, size +19%)
INFO: Instrumented org.pqcfuzz.target.mlkem.MlKem768DecapTarget (took 5 ms, size +13%)
INFO: Instrumented org.pqcfuzz.target.mlkem.MlKem768PublicKeyParseTarget (took 5 ms, size +15%)
INFO: Instrumented org.pqcfuzz.target.mldsa.MlDsa65VerifyTarget (took 3 ms, size +11%)
INFO: Instrumented org.bouncycastle.crypto.CipherParameters (took 0 ms, size +0%)
INFO: Instrumented org.pqcfuzz.target.mldsa.MlDsa65PublicKeyParseTarget (took 1 ms, size +15%)
INFO: Instrumented org.pqcfuzz.target.slhdsa.SlhDsaVerifyTarget (took 3 ms, size +10%)
INFO: Instrumented org.pqcfuzz.target.slhdsa.SlhDsaPublicKeyParseTarget (took 2 ms, size +14%)
INFO: Instrumented org.pqcfuzz.target.mlkem.MlKem768ParseAndEncapsulateTarget (took 3 ms, size +11%)
INFO: Instrumented org.bouncycastle.crypto.params.AsymmetricKeyParameter (took 0 ms, size +32%)
INFO: Instrumented org.bouncycastle.crypto.params.MLKEMPublicKeyParameters (took 2 ms, size +22%)
INFO: Instrumented org.bouncycastle.crypto.params.MLKEMKeyParameters (took 0 ms, size +23%)
INFO: Instrumented org.pqcfuzz.util.DeterministicSecureRandom (took 1 ms, size +24%)
INFO: Instrumented org.pqcfuzz.target.mldsa.MlDsa65ParseAndVerifyTarget (took 1 ms, size +10%)
INFO: Instrumented org.pqcfuzz.target.slhdsa.SlhDsaParseAndVerifyTarget (took 1 ms, size +10%)
INFO: Instrumented org.pqcfuzz.target.jdk.JdkMlKem768DecapTarget (took 1 ms, size +12%)
INFO: Instrumented org.pqcfuzz.target.jdk.JdkMlKem768PublicKeyParseTarget (took 3 ms, size +11%)
INFO: Instrumented org.pqcfuzz.target.jdk.JdkMlDsa65VerifyTarget (took 2 ms, size +10%)
INFO: Instrumented org.pqcfuzz.target.jdk.JdkMlDsa65PublicKeyParseTarget (took 3 ms, size +12%)
INFO: Instrumented org.pqcfuzz.target.jdk.JdkMlKem768ParseAndEncapsulateTarget (took 2 ms, size +9%)
INFO: Instrumented org.pqcfuzz.target.jdk.JdkMlDsa65ParseAndVerifyTarget (took 1 ms, size +9%)
INFO: Instrumented org.pqcfuzz.target.mldsa.MlDsaKeys (took 1 ms, size +7%)
INFO: Instrumented org.bouncycastle.crypto.KeyGenerationParameters (took 1 ms, size +19%)
INFO: Instrumented org.bouncycastle.crypto.params.MLDSAKeyGenerationParameters (took 0 ms, size +20%)
INFO: Instrumented org.bouncycastle.crypto.CryptoException (took 0 ms, size +26%)
INFO: Instrumented org.bouncycastle.crypto.params.MLDSAParameters (took 2 ms, size +22%)
INFO: Instrumented org.bouncycastle.crypto.generators.MLDSAKeyPairGenerator (took 1 ms, size +7%)
INFO: Instrumented org.bouncycastle.crypto.AsymmetricCipherKeyPairGenerator (took 0 ms, size +0%)
INFO: Instrumented org.bouncycastle.crypto.params.MLDSAPrivateKeyParameters (took 7 ms, size +13%)
INFO: Instrumented org.bouncycastle.crypto.params.MLDSAKeyParameters (took 1 ms, size +23%)
INFO: Instrumented org.bouncycastle.crypto.params.MLDSAPublicKeyParameters (took 2 ms, size +18%)
INFO: New number of coverage counters: 1024
INFO: Instrumented org.bouncycastle.crypto.CryptoServicesRegistrar (took 7 ms, size +12%)
INFO: Instrumented org.bouncycastle.crypto.CryptoServicesPermission (took 2 ms, size +72%)
INFO: Instrumented org.bouncycastle.crypto.SecureRandomProvider (took 0 ms, size +0%)
INFO: Instrumented org.bouncycastle.crypto.CryptoServicesConstraints (took 0 ms, size +0%)
INFO: Instrumented org.bouncycastle.crypto.CryptoServicesRegistrar$ThreadLocalSecureRandomProvider (took 1 ms, size +13%)
INFO: Instrumented org.bouncycastle.crypto.CryptoServicesRegistrar$1 (took 0 ms, size +24%)
INFO: Instrumented org.bouncycastle.crypto.params.DSAParameters (took 2 ms, size +66%)
INFO: Instrumented org.bouncycastle.crypto.params.DSAValidationParameters (took 1 ms, size +38%)
INFO: Instrumented org.bouncycastle.util.encoders.Hex (took 2 ms, size +15%)
INFO: Instrumented org.bouncycastle.util.encoders.DecoderException (took 0 ms, size +27%)
INFO: Instrumented org.bouncycastle.util.encoders.EncoderException (took 0 ms, size +27%)
INFO: Instrumented org.bouncycastle.util.encoders.HexEncoder (took 2 ms, size +37%)
INFO: Instrumented org.bouncycastle.util.encoders.Encoder (took 0 ms, size +0%)
INFO: New number of coverage counters: 2048
INFO: Instrumented org.bouncycastle.util.Arrays (took 15 ms, size +34%)
INFO: Instrumented org.bouncycastle.crypto.CryptoServicesRegistrar$Property (took 1 ms, size +10%)
INFO: Instrumented org.bouncycastle.asn1.x9.X9ECParameters (took 2 ms, size +12%)
INFO: Instrumented org.bouncycastle.asn1.x9.X9ObjectIdentifiers (took 0 ms, size +3%)
INFO: Instrumented org.bouncycastle.asn1.ASN1Object (took 1 ms, size +30%)
INFO: Instrumented org.bouncycastle.asn1.ASN1Encodable (took 0 ms, size +0%)
INFO: Instrumented org.bouncycastle.util.Encodable (took 0 ms, size +0%)
INFO: Instrumented org.bouncycastle.crypto.params.DHParameters (took 4 ms, size +39%)
INFO: Instrumented org.bouncycastle.crypto.params.DHValidationParameters (took 1 ms, size +45%)
INFO: Instrumented org.bouncycastle.crypto.signers.mldsa.MLDSAEngine (took 3 ms, size +8%)
INFO: Instrumented org.bouncycastle.crypto.signers.mldsa.Symmetric (took 0 ms, size +18%)
INFO: Instrumented org.bouncycastle.crypto.signers.mldsa.Symmetric$ShakeSymmetric (took 0 ms, size +12%)
INFO: Instrumented org.bouncycastle.crypto.digests.SHAKEDigest (took 2 ms, size +22%)
INFO: Instrumented org.bouncycastle.crypto.Xof (took 0 ms, size +0%)
INFO: Instrumented org.bouncycastle.crypto.ExtendedDigest (took 0 ms, size +0%)
INFO: Instrumented org.bouncycastle.crypto.Digest (took 0 ms, size +0%)
INFO: Instrumented org.bouncycastle.crypto.SavableDigest (took 0 ms, size +0%)
INFO: Instrumented org.bouncycastle.crypto.digests.EncodableDigest (took 0 ms, size +0%)
INFO: Instrumented org.bouncycastle.crypto.EncodableService (took 0 ms, size +0%)
INFO: Instrumented org.bouncycastle.util.Memoable (took 0 ms, size +0%)
INFO: Instrumented org.bouncycastle.crypto.digests.KeccakDigest (took 3 ms, size +20%)
INFO: Instrumented org.bouncycastle.crypto.CryptoServicePurpose (took 0 ms, size +13%)
INFO: Instrumented org.bouncycastle.crypto.digests.Utils (took 0 ms, size +10%)
INFO: Instrumented org.bouncycastle.crypto.CryptoServiceProperties (took 0 ms, size +0%)
INFO: Instrumented org.bouncycastle.crypto.digests.Utils$DefaultProperties (took 1 ms, size +14%)
INFO: Instrumented org.bouncycastle.crypto.signers.mldsa.PolyVecMatrix (took 1 ms, size +25%)
INFO: Instrumented org.bouncycastle.crypto.signers.mldsa.PolyVec (took 3 ms, size +25%)
INFO: Instrumented org.bouncycastle.crypto.signers.mldsa.Poly (took 12 ms, size +18%)
INFO: Instrumented org.bouncycastle.util.Pack (took 6 ms, size +24%)
INFO: Instrumented org.bouncycastle.crypto.signers.mldsa.Ntt (took 1 ms, size +9%)
INFO: Instrumented org.bouncycastle.crypto.signers.mldsa.Reduce (took 0 ms, size +30%)
INFO: Instrumented org.bouncycastle.crypto.signers.mldsa.Rounding (took 0 ms, size +52%)
INFO: Instrumented org.bouncycastle.crypto.signers.mldsa.Packing (took 1 ms, size +20%)
INFO: Instrumented org.bouncycastle.crypto.AsymmetricCipherKeyPair (took 0 ms, size +13%)
INFO: Instrumented org.bouncycastle.crypto.signers.MLDSASigner (took 1 ms, size +12%)
INFO: Instrumented org.bouncycastle.crypto.Signer (took 0 ms, size +0%)
INFO: Instrumented org.bouncycastle.crypto.DataLengthException (took 0 ms, size +39%)
INFO: Instrumented org.bouncycastle.crypto.RuntimeCryptoException (took 0 ms, size +42%)
INFO: Instrumented org.bouncycastle.crypto.params.ParametersWithContext (took 0 ms, size +23%)
INFO: Instrumented org.bouncycastle.crypto.params.ParametersWithRandom (took 0 ms, size +13%)
INFO: Instrumented org.pqcfuzz.target.TargetKind (took 0 ms, size +12%)
INFO: Instrumented org.pqcfuzz.classify.ExpectedRejections (took 0 ms, size +41%)
INFO: found LLVMFuzzerCustomMutator (0x1076cf038). Disabling -len_control by default.
INFO: Running with entropic power schedule (0xFF, 100).
INFO: Seed: 3787397858
INFO: Loaded 3 modules   (2048 inline 8-bit counters): 512 [0x7a3ec00000, 0x7a3ec00200), 512 [0x7a3ec00200, 0x7a3ec00400), 1024 [0x7a3ec00400, 0x7a3ec00800), 
INFO: Loaded 3 PC tables (2048 PCs): 512 [0x102f40d00,0x102f42d00), 512 [0x7a43aa0000,0x7a43aa2000), 1024 [0x7a438d0000,0x7a438d4000), 
INFO:        0 files found in <repo>/.cifuzz-corpus/org.pqcfuzz.fuzz.PqcDecodeFuzzTest/mlDsaParseAndVerify
INFO:        5 files found in <repo>/target/test-classes/org/pqcfuzz/fuzz/PqcDecodeFuzzTestInputs/mlDsaParseAndVerify
INFO:        0 files found in /var/folders/m8/hjsd0821793bcvxlpgdpt23r0000gn/T/jazzer-java-seeds14435279227655281982
INFO: -max_len is not provided; libFuzzer will not generate inputs larger than 4096 bytes
INFO: seed corpus: files: 5 min: 1952b max: 2016b total: 9824b rss: 1423Mb
#6	INITED cov: 285 ft: 310 corp: 4/7872b exec/s: 0 rss: 1423Mb
#37	NEW    cov: 285 ft: 311 corp: 5/9824b lim: 2016 exec/s: 0 rss: 1423Mb L: 1952/2016 MS: 2 CopyPart-Custom-
#39	REDUCE cov: 285 ft: 311 corp: 5/9465b lim: 2016 exec/s: 0 rss: 1423Mb L: 1657/1952 MS: 4 ShuffleBytes-Custom-EraseBytes-Custom-
#115	REDUCE cov: 285 ft: 311 corp: 5/8643b lim: 2016 exec/s: 0 rss: 1424Mb L: 835/1952 MS: 2 EraseBytes-Custom-
INFO: using inputs from: <repo>/.cifuzz-corpus/org.pqcfuzz.fuzz.PqcDecodeFuzzTest/mlDsaParseAndVerify
INFO: using inputs from: <repo>/target/test-classes/org/pqcfuzz/fuzz/PqcDecodeFuzzTestInputs/mlDsaParseAndVerify
INFO: using inputs from: /var/folders/m8/hjsd0821793bcvxlpgdpt23r0000gn/T/jazzer-java-seeds14435279227655281982
#244	REDUCE cov: 285 ft: 311 corp: 5/8309b lim: 2016 exec/s: 0 rss: 1424Mb L: 501/1952 MS: 8 InsertByte-Custom-ShuffleBytes-Custom-InsertRepeatedBytes-Custom-EraseBytes-Custom-
#334	REDUCE cov: 285 ft: 311 corp: 5/8141b lim: 2016 exec/s: 0 rss: 1424Mb L: 333/1952 MS: 10 ChangeByte-Custom-ShuffleBytes-Custom-InsertRepeatedBytes-Custom-ShuffleBytes-Custom-EraseBytes-Custom-
#355	REDUCE cov: 285 ft: 311 corp: 5/8018b lim: 2016 exec/s: 0 rss: 1424Mb L: 210/1952 MS: 2 EraseBytes-Custom-
#372	REDUCE cov: 285 ft: 311 corp: 5/7955b lim: 2016 exec/s: 0 rss: 1424Mb L: 147/1952 MS: 4 InsertByte-Custom-EraseBytes-Custom-
#383	REDUCE cov: 285 ft: 311 corp: 5/7884b lim: 2016 exec/s: 0 rss: 1425Mb L: 76/1952 MS: 2 EraseBytes-Custom-
#417	REDUCE cov: 285 ft: 311 corp: 5/7875b lim: 2016 exec/s: 0 rss: 1426Mb L: 67/1952 MS: 8 ChangeBit-Custom-CopyPart-Custom-ChangeBinInt-Custom-EraseBytes-Custom-
#520	REDUCE cov: 285 ft: 311 corp: 5/7874b lim: 2016 exec/s: 0 rss: 1426Mb L: 66/1952 MS: 6 InsertRepeatedBytes-Custom-EraseBytes-Custom-EraseBytes-Custom-
#617	REDUCE cov: 285 ft: 311 corp: 5/7868b lim: 2016 exec/s: 0 rss: 1428Mb L: 60/1952 MS: 4 ChangeBinInt-Custom-EraseBytes-Custom-
#664	REDUCE cov: 285 ft: 311 corp: 5/7857b lim: 2016 exec/s: 0 rss: 1428Mb L: 49/1952 MS: 4 ChangeByte-Custom-EraseBytes-Custom-
#810	REDUCE cov: 285 ft: 311 corp: 5/7844b lim: 2016 exec/s: 0 rss: 1428Mb L: 36/1952 MS: 2 EraseBytes-Custom-
#922	REDUCE cov: 285 ft: 311 corp: 5/7841b lim: 2016 exec/s: 0 rss: 1428Mb L: 33/1952 MS: 4 CopyPart-Custom-EraseBytes-Custom-
#996	REDUCE cov: 285 ft: 311 corp: 5/7834b lim: 2016 exec/s: 0 rss: 1428Mb L: 26/1952 MS: 8 ChangeBinInt-Custom-ChangeByte-Custom-CMP-Custom-EraseBytes-Custom- DE: "\003\000"-
#1148	REDUCE cov: 285 ft: 311 corp: 5/7826b lim: 2016 exec/s: 0 rss: 1428Mb L: 18/1952 MS: 4 ShuffleBytes-Custom-EraseBytes-Custom-
#1160	REDUCE cov: 285 ft: 311 corp: 5/7820b lim: 2016 exec/s: 0 rss: 1428Mb L: 12/1952 MS: 4 ChangeBit-Custom-EraseBytes-Custom-
#1271	REDUCE cov: 285 ft: 311 corp: 5/7816b lim: 2016 exec/s: 0 rss: 1428Mb L: 8/1952 MS: 2 EraseBytes-Custom-
#1413	REDUCE cov: 285 ft: 311 corp: 5/7814b lim: 2016 exec/s: 0 rss: 1430Mb L: 6/1952 MS: 4 ShuffleBytes-Custom-EraseBytes-Custom-
#1509	REDUCE cov: 285 ft: 311 corp: 5/7811b lim: 2016 exec/s: 0 rss: 1432Mb L: 3/1952 MS: 2 EraseBytes-Custom-
#1636	REDUCE cov: 285 ft: 311 corp: 5/7810b lim: 2016 exec/s: 0 rss: 1432Mb L: 2/1952 MS: 4 ChangeBinInt-Custom-EraseBytes-Custom-
#1650	REDUCE cov: 285 ft: 311 corp: 5/7809b lim: 2016 exec/s: 0 rss: 1432Mb L: 1/1952 MS: 8 CopyPart-Custom-ChangeByte-Custom-ChangeBit-Custom-EraseBytes-Custom-
#3891	NEW    cov: 285 ft: 312 corp: 6/9761b lim: 2036 exec/s: 0 rss: 1448Mb L: 1952/1952 MS: 2 PersAutoDict-Custom- DE: "\003\000"-
#9426	NEW    cov: 285 ft: 313 corp: 7/11713b lim: 2089 exec/s: 9426 rss: 1491Mb L: 1952/1952 MS: 10 ChangeByte-Custom-ShuffleBytes-Custom-ChangeBinInt-Custom-PersAutoDict-Custom-CrossOver-Custom- DE: "\003\000"-
#32768	pulse  cov: 285 ft: 313 corp: 7/11713b lim: 2320 exec/s: 10922 rss: 1532Mb
#62773	NEW    cov: 285 ft: 314 corp: 8/13665b lim: 2617 exec/s: 10462 rss: 1532Mb L: 1952/1952 MS: 4 ChangeBinInt-Custom-CopyPart-Custom-
#65536	pulse  cov: 285 ft: 314 corp: 8/13665b lim: 2639 exec/s: 10922 rss: 1532Mb
#65650	NEW    cov: 285 ft: 315 corp: 9/15617b lim: 2639 exec/s: 10941 rss: 1532Mb L: 1952/1952 MS: 4 ChangeBinInt-Custom-ChangeByte-Custom-
#77068	NEW    cov: 285 ft: 316 corp: 10/17Kb lim: 2749 exec/s: 11009 rss: 1532Mb L: 1952/1952 MS: 6 CopyPart-Custom-PersAutoDict-Custom-CrossOver-Custom- DE: "\003\000"-
#82560	NEW    cov: 285 ft: 317 corp: 11/19Kb lim: 2793 exec/s: 10320 rss: 1532Mb L: 1952/1952 MS: 4 ShuffleBytes-Custom-CopyPart-Custom-
#131072	pulse  cov: 285 ft: 317 corp: 11/19Kb lim: 3266 exec/s: 10082 rss: 1532Mb
#262144	pulse  cov: 285 ft: 317 corp: 11/19Kb lim: 4096 exec/s: 9709 rss: 1533Mb
#524288	pulse  cov: 285 ft: 317 corp: 11/19Kb lim: 4096 exec/s: 9709 rss: 1533Mb
#1048576	pulse  cov: 285 ft: 317 corp: 11/19Kb lim: 4096 exec/s: 9799 rss: 1533Mb
#1181245	DONE   cov: 285 ft: 317 corp: 11/19Kb lim: 4096 exec/s: 9762 rss: 1533Mb
[INFO] Tests run: 7, Failures: 0, Errors: 0, Skipped: 0, Time elapsed: 123.4 s -- in org.pqcfuzz.fuzz.PqcDecodeFuzzTest
[INFO] Tests run: 7, Failures: 0, Errors: 0, Skipped: 0
