INFO: Loaded 287 hooks from com.code_intelligence.jazzer.runtime.TraceCmpHooks
INFO: Loaded 5 hooks from com.code_intelligence.jazzer.runtime.TraceDivHooks
INFO: Loaded 2 hooks from com.code_intelligence.jazzer.runtime.TraceIndirHooks
INFO: Loaded 4 hooks from com.code_intelligence.jazzer.runtime.NativeLibHooks
INFO: Loaded 2 hooks from com.code_intelligence.jazzer.sanitizers.ClojureLangHooks
INFO: Loaded 5 hooks from com.code_intelligence.jazzer.sanitizers.Deserialization
INFO: Loaded 5 hooks from com.code_intelligence.jazzer.sanitizers.ExpressionLanguageInjection
INFO: Loaded 70 hooks from com.code_intelligence.jazzer.sanitizers.LdapInjection
INFO: Loaded 46 hooks from com.code_intelligence.jazzer.sanitizers.NamingContextLookup
INFO: Loaded 1 hooks from com.code_intelligence.jazzer.sanitizers.OsCommandInjection
INFO: Loaded 48 hooks from com.code_intelligence.jazzer.sanitizers.ReflectiveCall
INFO: Loaded 8 hooks from com.code_intelligence.jazzer.sanitizers.RegexInjection
INFO: Loaded 16 hooks from com.code_intelligence.jazzer.sanitizers.RegexRoadblocks
INFO: Loaded 12 hooks from com.code_intelligence.jazzer.sanitizers.ScriptEngineInjection
INFO: Loaded 3 hooks from com.code_intelligence.jazzer.sanitizers.ServerSideRequestForgery
INFO: Loaded 19 hooks from com.code_intelligence.jazzer.sanitizers.SqlInjection
INFO: Loaded 6 hooks from com.code_intelligence.jazzer.sanitizers.XPathInjection
INFO: Instrumented org.pqcfuzz.classify.Classifier (took 95 ms, size +26%)
INFO: Instrumented org.pqcfuzz.target.FuzzTarget (took 0 ms, size +12%)
INFO: Instrumented org.pqcfuzz.classify.Outcome (took 2 ms, size +13%)
INFO: Instrumented org.pqcfuzz.fuzz.PqcDecodeFuzzTest (took 8 ms, size +12%)
INFO: Instrumented org.pqcfuzz.target.Targets (took 8 ms, size +19%)
INFO: Instrumented org.pqcfuzz.target.mlkem.MlKem768DecapTarget (took 2 ms, size +13%)
INFO: Instrumented org.pqcfuzz.target.mlkem.MlKem768PublicKeyParseTarget (took 4 ms, size +15%)
INFO: Instrumented org.pqcfuzz.target.mldsa.MlDsa65VerifyTarget (took 3 ms, size +11%)
INFO: Instrumented org.bouncycastle.crypto.CipherParameters (took 0 ms, size +0%)
INFO: Instrumented org.pqcfuzz.target.mldsa.MlDsa65PublicKeyParseTarget (took 3 ms, size +15%)
INFO: Instrumented org.pqcfuzz.target.slhdsa.SlhDsaVerifyTarget (took 1 ms, size +10%)
INFO: Instrumented org.pqcfuzz.target.slhdsa.SlhDsaPublicKeyParseTarget (took 1 ms, size +14%)
INFO: Instrumented org.pqcfuzz.target.mlkem.MlKem768ParseAndEncapsulateTarget (took 1 ms, size +11%)
INFO: Instrumented org.bouncycastle.crypto.params.AsymmetricKeyParameter (took 0 ms, size +32%)
INFO: Instrumented org.bouncycastle.crypto.params.MLKEMPublicKeyParameters (took 1 ms, size +22%)
INFO: Instrumented org.bouncycastle.crypto.params.MLKEMKeyParameters (took 0 ms, size +23%)
INFO: Instrumented org.pqcfuzz.util.DeterministicSecureRandom (took 1 ms, size +24%)
INFO: Instrumented org.pqcfuzz.target.mldsa.MlDsa65ParseAndVerifyTarget (took 2 ms, size +10%)
INFO: Instrumented org.pqcfuzz.target.slhdsa.SlhDsaParseAndVerifyTarget (took 2 ms, size +10%)
INFO: Instrumented org.pqcfuzz.target.jdk.JdkMlKem768DecapTarget (took 1 ms, size +12%)
INFO: Instrumented org.pqcfuzz.target.jdk.JdkMlKem768PublicKeyParseTarget (took 1 ms, size +11%)
INFO: Instrumented org.pqcfuzz.target.jdk.JdkMlDsa65VerifyTarget (took 3 ms, size +10%)
INFO: Instrumented org.pqcfuzz.target.jdk.JdkMlDsa65PublicKeyParseTarget (took 2 ms, size +12%)
INFO: Instrumented org.pqcfuzz.target.jdk.JdkMlKem768ParseAndEncapsulateTarget (took 2 ms, size +9%)
INFO: Instrumented org.pqcfuzz.target.jdk.JdkMlDsa65ParseAndVerifyTarget (took 2 ms, size +9%)
INFO: Instrumented org.pqcfuzz.target.mldsa.MlDsaKeys (took 1 ms, size +7%)
INFO: Instrumented org.bouncycastle.crypto.KeyGenerationParameters (took 0 ms, size +19%)
INFO: Instrumented org.bouncycastle.crypto.params.MLDSAKeyGenerationParameters (took 0 ms, size +20%)
INFO: Instrumented org.bouncycastle.crypto.CryptoException (took 0 ms, size +26%)
INFO: Instrumented org.bouncycastle.crypto.params.MLDSAParameters (took 2 ms, size +22%)
INFO: Instrumented org.bouncycastle.crypto.generators.MLDSAKeyPairGenerator (took 0 ms, size +7%)
INFO: Instrumented org.bouncycastle.crypto.AsymmetricCipherKeyPairGenerator (took 0 ms, size +0%)
INFO: Instrumented org.bouncycastle.crypto.params.MLDSAPrivateKeyParameters (took 3 ms, size +13%)
INFO: Instrumented org.bouncycastle.crypto.params.MLDSAKeyParameters (took 0 ms, size +23%)
INFO: Instrumented org.bouncycastle.crypto.params.MLDSAPublicKeyParameters (took 1 ms, size +18%)
INFO: New number of coverage counters: 1024
INFO: Instrumented org.bouncycastle.crypto.CryptoServicesRegistrar (took 3 ms, size +12%)
INFO: Instrumented org.bouncycastle.crypto.CryptoServicesPermission (took 1 ms, size +72%)
INFO: Instrumented org.bouncycastle.crypto.SecureRandomProvider (took 0 ms, size +0%)
INFO: Instrumented org.bouncycastle.crypto.CryptoServicesConstraints (took 0 ms, size +0%)
INFO: Instrumented org.bouncycastle.crypto.CryptoServicesRegistrar$ThreadLocalSecureRandomProvider (took 0 ms, size +13%)
INFO: Instrumented org.bouncycastle.crypto.CryptoServicesRegistrar$1 (took 0 ms, size +24%)
INFO: Instrumented org.bouncycastle.crypto.params.DSAParameters (took 1 ms, size +66%)
INFO: Instrumented org.bouncycastle.crypto.params.DSAValidationParameters (took 1 ms, size +38%)
INFO: Instrumented org.bouncycastle.util.encoders.Hex (took 1 ms, size +15%)
INFO: Instrumented org.bouncycastle.util.encoders.DecoderException (took 0 ms, size +27%)
INFO: Instrumented org.bouncycastle.util.encoders.EncoderException (took 0 ms, size +27%)
INFO: Instrumented org.bouncycastle.util.encoders.HexEncoder (took 1 ms, size +37%)
INFO: Instrumented org.bouncycastle.util.encoders.Encoder (took 0 ms, size +0%)
INFO: New number of coverage counters: 2048
INFO: Instrumented org.bouncycastle.util.Arrays (took 21 ms, size +34%)
INFO: Instrumented org.bouncycastle.crypto.CryptoServicesRegistrar$Property (took 1 ms, size +10%)
INFO: Instrumented org.bouncycastle.asn1.x9.X9ECParameters (took 3 ms, size +12%)
INFO: Instrumented org.bouncycastle.asn1.x9.X9ObjectIdentifiers (took 0 ms, size +3%)
INFO: Instrumented org.bouncycastle.asn1.ASN1Object (took 0 ms, size +30%)
INFO: Instrumented org.bouncycastle.asn1.ASN1Encodable (took 0 ms, size +0%)
INFO: Instrumented org.bouncycastle.util.Encodable (took 0 ms, size +0%)
INFO: Instrumented org.bouncycastle.crypto.params.DHParameters (took 1 ms, size +39%)
INFO: Instrumented org.bouncycastle.crypto.params.DHValidationParameters (took 0 ms, size +45%)
INFO: Instrumented org.bouncycastle.crypto.signers.mldsa.MLDSAEngine (took 3 ms, size +8%)
INFO: Instrumented org.bouncycastle.crypto.signers.mldsa.Symmetric (took 0 ms, size +18%)
INFO: Instrumented org.bouncycastle.crypto.signers.mldsa.Symmetric$ShakeSymmetric (took 0 ms, size +12%)
INFO: Instrumented org.bouncycastle.crypto.digests.SHAKEDigest (took 4 ms, size +22%)
INFO: Instrumented org.bouncycastle.crypto.Xof (took 0 ms, size +0%)
INFO: Instrumented org.bouncycastle.crypto.ExtendedDigest (took 0 ms, size +0%)
INFO: Instrumented org.bouncycastle.crypto.Digest (took 0 ms, size +0%)
INFO: Instrumented org.bouncycastle.crypto.SavableDigest (took 0 ms, size +0%)
INFO: Instrumented org.bouncycastle.crypto.digests.EncodableDigest (took 0 ms, size +0%)
INFO: Instrumented org.bouncycastle.crypto.EncodableService (took 0 ms, size +0%)
INFO: Instrumented org.bouncycastle.util.Memoable (took 0 ms, size +0%)
INFO: Instrumented org.bouncycastle.crypto.digests.KeccakDigest (took 5 ms, size +20%)
INFO: Instrumented org.bouncycastle.crypto.CryptoServicePurpose (took 1 ms, size +13%)
INFO: Instrumented org.bouncycastle.crypto.digests.Utils (took 0 ms, size +10%)
INFO: Instrumented org.bouncycastle.crypto.CryptoServiceProperties (took 0 ms, size +0%)
INFO: Instrumented org.bouncycastle.crypto.digests.Utils$DefaultProperties (took 0 ms, size +14%)
INFO: Instrumented org.bouncycastle.crypto.signers.mldsa.PolyVecMatrix (took 0 ms, size +25%)
INFO: Instrumented org.bouncycastle.crypto.signers.mldsa.PolyVec (took 1 ms, size +25%)
INFO: Instrumented org.bouncycastle.crypto.signers.mldsa.Poly (took 7 ms, size +18%)
INFO: Instrumented org.bouncycastle.util.Pack (took 8 ms, size +24%)
INFO: Instrumented org.bouncycastle.crypto.signers.mldsa.Ntt (took 1 ms, size +9%)
INFO: Instrumented org.bouncycastle.crypto.signers.mldsa.Reduce (took 1 ms, size +30%)
INFO: Instrumented org.bouncycastle.crypto.signers.mldsa.Rounding (took 1 ms, size +52%)
INFO: Instrumented org.bouncycastle.crypto.signers.mldsa.Packing (took 1 ms, size +20%)
INFO: Instrumented org.bouncycastle.crypto.AsymmetricCipherKeyPair (took 0 ms, size +13%)
INFO: Instrumented org.bouncycastle.crypto.signers.MLDSASigner (took 1 ms, size +12%)
INFO: Instrumented org.bouncycastle.crypto.Signer (took 0 ms, size +0%)
INFO: Instrumented org.bouncycastle.crypto.DataLengthException (took 0 ms, size +39%)
INFO: Instrumented org.bouncycastle.crypto.RuntimeCryptoException (took 0 ms, size +42%)
INFO: Instrumented org.bouncycastle.crypto.params.ParametersWithContext (took 0 ms, size +23%)
INFO: Instrumented org.bouncycastle.crypto.params.ParametersWithRandom (took 0 ms, size +13%)
INFO: Instrumented org.pqcfuzz.target.TargetKind (took 0 ms, size +12%)
INFO: using inputs from: <repo>/.cifuzz-corpus/org.pqcfuzz.fuzz.PqcDecodeFuzzTest/mlDsaVerify
INFO: using inputs from: <repo>/target/test-classes/org/pqcfuzz/fuzz/PqcDecodeFuzzTestInputs/mlDsaVerify
INFO: using inputs from: /var/folders/m8/hjsd0821793bcvxlpgdpt23r0000gn/T/jazzer-java-seeds13800110568129873090
INFO: found LLVMFuzzerCustomMutator (0x10b003038). Disabling -len_control by default.
INFO: Running with entropic power schedule (0xFF, 100).
INFO: Seed: 1493726700
INFO: Loaded 3 modules   (2048 inline 8-bit counters): 512 [0x76c9e2c000, 0x76c9e2c200), 512 [0x76c9e2c200, 0x76c9e2c400), 1024 [0x76c9e2c400, 0x76c9e2c800), 
INFO: Loaded 3 PC tables (2048 PCs): 512 [0x76cd124000,0x76cd126000), 512 [0x76cd126000,0x76cd128000), 1024 [0x76cf86c000,0x76cf870000), 
INFO:        0 files found in <repo>/.cifuzz-corpus/org.pqcfuzz.fuzz.PqcDecodeFuzzTest/mlDsaVerify
INFO:        5 files found in <repo>/target/test-classes/org/pqcfuzz/fuzz/PqcDecodeFuzzTestInputs/mlDsaVerify
INFO:        0 files found in /var/folders/m8/hjsd0821793bcvxlpgdpt23r0000gn/T/jazzer-java-seeds13800110568129873090
INFO: -max_len is not provided; libFuzzer will not generate inputs larger than 4096 bytes
INFO: seed corpus: files: 5 min: 3309b max: 3373b total: 16609b rss: 969Mb
#6	INITED cov: 249 ft: 293 corp: 5/16Kb exec/s: 0 rss: 969Mb
#7	REDUCE cov: 249 ft: 293 corp: 5/16Kb lim: 3373 exec/s: 0 rss: 969Mb L: 3289/3309 MS: 2 EraseBytes-Custom-
#18	NEW    cov: 249 ft: 294 corp: 6/19Kb lim: 3373 exec/s: 0 rss: 969Mb L: 3309/3309 MS: 2 ShuffleBytes-Custom-
#64	NEW    cov: 252 ft: 308 corp: 7/22Kb lim: 3373 exec/s: 0 rss: 969Mb L: 3309/3309 MS: 2 CMP-Custom- DE: "\000\000\000\000\000\000\000\000"-
#124	REDUCE cov: 252 ft: 308 corp: 7/21Kb lim: 3373 exec/s: 0 rss: 969Mb L: 2077/3309 MS: 10 PersAutoDict-Custom-ChangeByte-Custom-ChangeBit-Custom-InsertRepeatedBytes-Custom-EraseBytes-Custom- DE: "\000\000\000\000\000\000\000\000"-
#200	NEW    cov: 252 ft: 309 corp: 8/24Kb lim: 3373 exec/s: 0 rss: 969Mb L: 3309/3309 MS: 2 ChangeBit-Custom-
#267	NEW    cov: 254 ft: 313 corp: 9/27Kb lim: 3373 exec/s: 0 rss: 969Mb L: 3309/3309 MS: 4 ChangeBit-Custom-ChangeBit-Custom-
#368	NEW    cov: 254 ft: 314 corp: 10/31Kb lim: 3373 exec/s: 0 rss: 969Mb L: 3309/3309 MS: 2 CMP-Custom- DE: "\001\000\000\000\000\000\000\000"-
#455	NEW    cov: 254 ft: 315 corp: 11/34Kb lim: 3373 exec/s: 0 rss: 969Mb L: 3309/3309 MS: 4 ShuffleBytes-Custom-CrossOver-Custom-
#479	NEW    cov: 254 ft: 319 corp: 12/37Kb lim: 3373 exec/s: 0 rss: 969Mb L: 3309/3309 MS: 8 ChangeByte-Custom-ShuffleBytes-Custom-ChangeByte-Custom-CrossOver-Custom-
#562	NEW    cov: 254 ft: 329 corp: 13/40Kb lim: 3373 exec/s: 0 rss: 969Mb L: 3309/3309 MS: 6 ChangeASCIIInt-Custom-ChangeASCIIInt-Custom-ShuffleBytes-Custom-
#564	REDUCE cov: 254 ft: 329 corp: 13/38Kb lim: 3373 exec/s: 0 rss: 969Mb L: 16/3309 MS: 4 CopyPart-Custom-CrossOver-Custom-
#572	NEW    cov: 255 ft: 330 corp: 14/42Kb lim: 3373 exec/s: 0 rss: 969Mb L: 3309/3309 MS: 6 ChangeASCIIInt-Custom-ChangeASCIIInt-Custom-ChangeBit-Custom-
#583	NEW    cov: 255 ft: 334 corp: 15/45Kb lim: 3373 exec/s: 0 rss: 969Mb L: 3309/3309 MS: 2 PersAutoDict-Custom- DE: "\000\000\000\000\000\000\000\000"-
#639	NEW    cov: 255 ft: 335 corp: 16/48Kb lim: 3373 exec/s: 0 rss: 969Mb L: 3309/3309 MS: 2 CMP-Custom- DE: "\377\377\377\377\377\377\377\377"-
#742	REDUCE cov: 255 ft: 335 corp: 16/48Kb lim: 3373 exec/s: 0 rss: 969Mb L: 8/3309 MS: 6 PersAutoDict-Custom-ChangeBit-Custom-EraseBytes-Custom- DE: "\377\377\377\377\377\377\377\377"-
#844	NEW    cov: 255 ft: 337 corp: 17/51Kb lim: 3373 exec/s: 0 rss: 969Mb L: 3309/3309 MS: 4 CrossOver-Custom-PersAutoDict-Custom- DE: "\000\000\000\000\000\000\000\000"-
#905	REDUCE cov: 255 ft: 337 corp: 17/51Kb lim: 3373 exec/s: 0 rss: 969Mb L: 6/3309 MS: 2 EraseBytes-Custom-
#958	NEW    cov: 255 ft: 338 corp: 18/54Kb lim: 3373 exec/s: 0 rss: 969Mb L: 3309/3309 MS: 6 ChangeASCIIInt-Custom-CopyPart-Custom-CopyPart-Custom-
#985	NEW    cov: 255 ft: 339 corp: 19/58Kb lim: 3373 exec/s: 0 rss: 969Mb L: 3309/3309 MS: 4 CrossOver-Custom-PersAutoDict-Custom- DE: "\377\377\377\377\377\377\377\377"-
#1037	REDUCE cov: 255 ft: 339 corp: 19/58Kb lim: 3373 exec/s: 0 rss: 969Mb L: 3/3309 MS: 4 ChangeBit-Custom-EraseBytes-Custom-
#1319	REDUCE cov: 255 ft: 339 corp: 19/58Kb lim: 3373 exec/s: 0 rss: 969Mb L: 2/3309 MS: 4 ShuffleBytes-Custom-EraseBytes-Custom-
#1351	NEW    cov: 257 ft: 342 corp: 20/61Kb lim: 3373 exec/s: 0 rss: 969Mb L: 3309/3309 MS: 4 ChangeBit-Custom-CopyPart-Custom-
#1383	REDUCE cov: 257 ft: 342 corp: 20/61Kb lim: 3373 exec/s: 0 rss: 969Mb L: 1/3309 MS: 4 ChangeByte-Custom-EraseBytes-Custom-
#1514	NEW    cov: 257 ft: 343 corp: 21/64Kb lim: 3373 exec/s: 0 rss: 969Mb L: 3309/3309 MS: 2 PersAutoDict-Custom- DE: "\001\000\000\000\000\000\000\000"-
#1721	NEW    cov: 257 ft: 345 corp: 22/67Kb lim: 3373 exec/s: 0 rss: 969Mb L: 3309/3309 MS: 4 ChangeByte-Custom-CopyPart-Custom-
#1922	NEW    cov: 257 ft: 346 corp: 23/71Kb lim: 3373 exec/s: 0 rss: 970Mb L: 3309/3309 MS: 2 ChangeBit-Custom-
#2133	NEW    cov: 257 ft: 347 corp: 24/74Kb lim: 3373 exec/s: 0 rss: 970Mb L: 3309/3309 MS: 2 CrossOver-Custom-
#2950	NEW    cov: 257 ft: 348 corp: 25/77Kb lim: 3373 exec/s: 0 rss: 970Mb L: 3309/3309 MS: 4 ShuffleBytes-Custom-PersAutoDict-Custom- DE: "\377\377\377\377\377\377\377\377"-
#3227	NEW    cov: 257 ft: 349 corp: 26/80Kb lim: 3373 exec/s: 0 rss: 970Mb L: 3309/3309 MS: 4 ChangeASCIIInt-Custom-ChangeBit-Custom-
#3574	NEW    cov: 257 ft: 350 corp: 27/84Kb lim: 3373 exec/s: 0 rss: 970Mb L: 3309/3309 MS: 4 ChangeASCIIInt-Custom-CMP-Custom- DE: "\001\000\000\000\000\000\000\000"-
#3710	NEW    cov: 257 ft: 359 corp: 28/87Kb lim: 3373 exec/s: 0 rss: 970Mb L: 3309/3309 MS: 2 ShuffleBytes-Custom-
#4421	NEW    cov: 257 ft: 362 corp: 29/90Kb lim: 3373 exec/s: 0 rss: 970Mb L: 3309/3309 MS: 2 ChangeBinInt-Custom-
#6867	NEW    cov: 257 ft: 363 corp: 30/93Kb lim: 3395 exec/s: 0 rss: 971Mb L: 3309/3309 MS: 2 ChangeBit-Custom-
#7229	NEW    cov: 257 ft: 370 corp: 31/96Kb lim: 3395 exec/s: 0 rss: 971Mb L: 3309/3309 MS: 4 ChangeByte-Custom-CMP-Custom- DE: "\001\000\000\000\000\000\000\000"-
#9065	NEW    cov: 257 ft: 371 corp: 32/100Kb lim: 3406 exec/s: 0 rss: 971Mb L: 3309/3309 MS: 2 ShuffleBytes-Custom-
#17496	NEW    cov: 257 ft: 372 corp: 33/103Kb lim: 3483 exec/s: 0 rss: 971Mb L: 3309/3309 MS: 2 CMP-Custom- DE: "\377\377\377\030"-
#20922	NEW    cov: 257 ft: 373 corp: 34/106Kb lim: 3516 exec/s: 0 rss: 971Mb L: 3309/3309 MS: 2 ChangeASCIIInt-Custom-
#24020	NEW    cov: 257 ft: 374 corp: 35/109Kb lim: 3538 exec/s: 0 rss: 971Mb L: 3309/3309 MS: 6 CopyPart-Custom-ShuffleBytes-Custom-ChangeASCIIInt-Custom-
#24296	NEW    cov: 258 ft: 375 corp: 36/113Kb lim: 3538 exec/s: 0 rss: 971Mb L: 3309/3309 MS: 2 ChangeBit-Custom-
#59170	NEW    cov: 258 ft: 376 corp: 37/116Kb lim: 3879 exec/s: 29585 rss: 971Mb L: 3309/3309 MS: 4 ChangeBit-Custom-ChangeBit-Custom-
#65536	pulse  cov: 258 ft: 376 corp: 37/116Kb lim: 3934 exec/s: 32768 rss: 971Mb
#94717	NEW    cov: 258 ft: 377 corp: 38/119Kb lim: 4096 exec/s: 31572 rss: 971Mb L: 3309/3309 MS: 4 CrossOver-Custom-ChangeBit-Custom-
#131072	pulse  cov: 258 ft: 377 corp: 38/119Kb lim: 4096 exec/s: 32768 rss: 971Mb
#132153	NEW    cov: 258 ft: 378 corp: 39/122Kb lim: 4096 exec/s: 33038 rss: 971Mb L: 3309/3309 MS: 2 ChangeByte-Custom-
#262144	pulse  cov: 258 ft: 378 corp: 39/122Kb lim: 4096 exec/s: 26214 rss: 971Mb
#524288	pulse  cov: 258 ft: 378 corp: 39/122Kb lim: 4096 exec/s: 26214 rss: 991Mb
#557494	NEW    cov: 258 ft: 379 corp: 40/126Kb lim: 4096 exec/s: 25340 rss: 991Mb L: 3309/3309 MS: 2 ChangeByte-Custom-
#1048576	pulse  cov: 258 ft: 379 corp: 40/126Kb lim: 4096 exec/s: 24385 rss: 992Mb
#2097152	pulse  cov: 258 ft: 379 corp: 40/126Kb lim: 4096 exec/s: 24385 rss: 992Mb
#2931989	DONE   cov: 258 ft: 379 corp: 40/126Kb lim: 4096 exec/s: 24231 rss: 992Mb
[INFO] Tests run: 7, Failures: 0, Errors: 0, Skipped: 0, Time elapsed: 123.3 s -- in org.pqcfuzz.fuzz.PqcDecodeFuzzTest
[INFO] Tests run: 7, Failures: 0, Errors: 0, Skipped: 0
