INFO: Loaded 287 hooks from com.code_intelligence.jazzer.runtime.TraceCmpHooks
INFO: Loaded 5 hooks from com.code_intelligence.jazzer.runtime.TraceDivHooks
INFO: Loaded 2 hooks from com.code_intelligence.jazzer.runtime.TraceIndirHooks
INFO: Loaded 4 hooks from com.code_intelligence.jazzer.runtime.NativeLibHooks
INFO: Loaded 2 hooks from com.code_intelligence.jazzer.sanitizers.ClojureLangHooks
INFO: Loaded 5 hooks from com.code_intelligence.jazzer.sanitizers.Deserialization
INFO: Loaded 5 hooks from com.code_intelligence.jazzer.sanitizers.ExpressionLanguageInjection
INFO: Loaded 70 hooks from com.code_intelligence.jazzer.sanitizers.LdapInjection
INFO: Loaded 46 hooks from com.code_intelligence.jazzer.sanitizers.NamingContextLookup
INFO: Loaded 1 hooks from com.code_intelligence.jazzer.sanitizers.OsCommandInjection
INFO: Loaded 48 hooks from com.code_intelligence.jazzer.sanitizers.ReflectiveCall
INFO: Loaded 8 hooks from com.code_intelligence.jazzer.sanitizers.RegexInjection
INFO: Loaded 16 hooks from com.code_intelligence.jazzer.sanitizers.RegexRoadblocks
INFO: Loaded 12 hooks from com.code_intelligence.jazzer.sanitizers.ScriptEngineInjection
INFO: Loaded 3 hooks from com.code_intelligence.jazzer.sanitizers.ServerSideRequestForgery
INFO: Loaded 19 hooks from com.code_intelligence.jazzer.sanitizers.SqlInjection
INFO: Loaded 6 hooks from com.code_intelligence.jazzer.sanitizers.XPathInjection
INFO: Instrumented org.pqcfuzz.classify.Classifier (took 73 ms, size +26%)
INFO: Instrumented org.pqcfuzz.target.FuzzTarget (took 0 ms, size +12%)
INFO: Instrumented org.pqcfuzz.classify.Outcome (took 2 ms, size +13%)
INFO: Instrumented org.pqcfuzz.fuzz.PqcDecodeFuzzTest (took 8 ms, size +12%)
INFO: Instrumented org.pqcfuzz.target.Targets (took 11 ms, size +19%)
INFO: Instrumented org.pqcfuzz.target.mlkem.MlKem768DecapTarget (took 2 ms, size +13%)
INFO: Instrumented org.pqcfuzz.target.mlkem.MlKem768PublicKeyParseTarget (took 1 ms, size +15%)
INFO: Instrumented org.pqcfuzz.target.mldsa.MlDsa65VerifyTarget (took 2 ms, size +11%)
INFO: Instrumented org.bouncycastle.crypto.CipherParameters (took 0 ms, size +0%)
INFO: Instrumented org.pqcfuzz.target.mldsa.MlDsa65PublicKeyParseTarget (took 3 ms, size +15%)
INFO: Instrumented org.pqcfuzz.target.slhdsa.SlhDsaVerifyTarget (took 2 ms, size +10%)
INFO: Instrumented org.pqcfuzz.target.slhdsa.SlhDsaPublicKeyParseTarget (took 2 ms, size +14%)
INFO: Instrumented org.pqcfuzz.target.mlkem.MlKem768ParseAndEncapsulateTarget (took 1 ms, size +11%)
INFO: Instrumented org.bouncycastle.crypto.params.AsymmetricKeyParameter (took 0 ms, size +32%)
INFO: Instrumented org.bouncycastle.crypto.params.MLKEMPublicKeyParameters (took 2 ms, size +22%)
INFO: Instrumented org.bouncycastle.crypto.params.MLKEMKeyParameters (took 0 ms, size +23%)
INFO: Instrumented org.pqcfuzz.util.DeterministicSecureRandom (took 2 ms, size +24%)
INFO: Instrumented org.pqcfuzz.target.mldsa.MlDsa65ParseAndVerifyTarget (took 2 ms, size +10%)
INFO: Instrumented org.pqcfuzz.target.slhdsa.SlhDsaParseAndVerifyTarget (took 2 ms, size +10%)
INFO: Instrumented org.pqcfuzz.target.jdk.JdkMlKem768DecapTarget (took 1 ms, size +12%)
INFO: Instrumented org.pqcfuzz.target.jdk.JdkMlKem768PublicKeyParseTarget (took 2 ms, size +11%)
INFO: Instrumented org.pqcfuzz.target.jdk.JdkMlDsa65VerifyTarget (took 3 ms, size +10%)
INFO: Instrumented org.pqcfuzz.target.jdk.JdkMlDsa65PublicKeyParseTarget (took 1 ms, size +12%)
INFO: Instrumented org.pqcfuzz.target.jdk.JdkMlKem768ParseAndEncapsulateTarget (took 1 ms, size +9%)
INFO: Instrumented org.pqcfuzz.target.jdk.JdkMlDsa65ParseAndVerifyTarget (took 1 ms, size +9%)
INFO: Instrumented org.pqcfuzz.target.mldsa.MlDsaKeys (took 1 ms, size +7%)
INFO: Instrumented org.bouncycastle.crypto.KeyGenerationParameters (took 0 ms, size +19%)
INFO: Instrumented org.bouncycastle.crypto.params.MLDSAKeyGenerationParameters (took 0 ms, size +20%)
INFO: Instrumented org.bouncycastle.crypto.CryptoException (took 0 ms, size +26%)
INFO: Instrumented org.bouncycastle.crypto.params.MLDSAParameters (took 1 ms, size +22%)
INFO: Instrumented org.bouncycastle.crypto.generators.MLDSAKeyPairGenerator (took 0 ms, size +7%)
INFO: Instrumented org.bouncycastle.crypto.AsymmetricCipherKeyPairGenerator (took 0 ms, size +0%)
INFO: Instrumented org.bouncycastle.crypto.params.MLDSAPrivateKeyParameters (took 6 ms, size +13%)
INFO: Instrumented org.bouncycastle.crypto.params.MLDSAKeyParameters (took 0 ms, size +23%)
INFO: Instrumented org.bouncycastle.crypto.params.MLDSAPublicKeyParameters (took 1 ms, size +18%)
INFO: New number of coverage counters: 1024
INFO: Instrumented org.bouncycastle.crypto.CryptoServicesRegistrar (took 4 ms, size +12%)
INFO: Instrumented org.bouncycastle.crypto.CryptoServicesPermission (took 2 ms, size +72%)
INFO: Instrumented org.bouncycastle.crypto.SecureRandomProvider (took 0 ms, size +0%)
INFO: Instrumented org.bouncycastle.crypto.CryptoServicesConstraints (took 0 ms, size +0%)
INFO: Instrumented org.bouncycastle.crypto.CryptoServicesRegistrar$ThreadLocalSecureRandomProvider (took 0 ms, size +13%)
INFO: Instrumented org.bouncycastle.crypto.CryptoServicesRegistrar$1 (took 0 ms, size +24%)
INFO: Instrumented org.bouncycastle.crypto.params.DSAParameters (took 1 ms, size +66%)
INFO: Instrumented org.bouncycastle.crypto.params.DSAValidationParameters (took 1 ms, size +38%)
INFO: Instrumented org.bouncycastle.util.encoders.Hex (took 1 ms, size +15%)
INFO: Instrumented org.bouncycastle.util.encoders.DecoderException (took 0 ms, size +27%)
INFO: Instrumented org.bouncycastle.util.encoders.EncoderException (took 0 ms, size +27%)
INFO: Instrumented org.bouncycastle.util.encoders.HexEncoder (took 2 ms, size +37%)
INFO: Instrumented org.bouncycastle.util.encoders.Encoder (took 0 ms, size +0%)
INFO: New number of coverage counters: 2048
INFO: Instrumented org.bouncycastle.util.Arrays (took 14 ms, size +34%)
INFO: Instrumented org.bouncycastle.crypto.CryptoServicesRegistrar$Property (took 0 ms, size +10%)
INFO: Instrumented org.bouncycastle.asn1.x9.X9ECParameters (took 1 ms, size +12%)
INFO: Instrumented org.bouncycastle.asn1.x9.X9ObjectIdentifiers (took 1 ms, size +3%)
INFO: Instrumented org.bouncycastle.asn1.ASN1Object (took 0 ms, size +30%)
INFO: Instrumented org.bouncycastle.asn1.ASN1Encodable (took 0 ms, size +0%)
INFO: Instrumented org.bouncycastle.util.Encodable (took 0 ms, size +0%)
INFO: Instrumented org.bouncycastle.crypto.params.DHParameters (took 1 ms, size +39%)
INFO: Instrumented org.bouncycastle.crypto.params.DHValidationParameters (took 0 ms, size +45%)
INFO: Instrumented org.bouncycastle.crypto.signers.mldsa.MLDSAEngine (took 3 ms, size +8%)
INFO: Instrumented org.bouncycastle.crypto.signers.mldsa.Symmetric (took 0 ms, size +18%)
INFO: Instrumented org.bouncycastle.crypto.signers.mldsa.Symmetric$ShakeSymmetric (took 1 ms, size +12%)
INFO: Instrumented org.bouncycastle.crypto.digests.SHAKEDigest (took 2 ms, size +22%)
INFO: Instrumented org.bouncycastle.crypto.Xof (took 0 ms, size +0%)
INFO: Instrumented org.bouncycastle.crypto.ExtendedDigest (took 0 ms, size +0%)
INFO: Instrumented org.bouncycastle.crypto.Digest (took 0 ms, size +0%)
INFO: Instrumented org.bouncycastle.crypto.SavableDigest (took 0 ms, size +0%)
INFO: Instrumented org.bouncycastle.crypto.digests.EncodableDigest (took 0 ms, size +0%)
INFO: Instrumented org.bouncycastle.crypto.EncodableService (took 0 ms, size +0%)
INFO: Instrumented org.bouncycastle.util.Memoable (took 0 ms, size +0%)
INFO: Instrumented org.bouncycastle.crypto.digests.KeccakDigest (took 3 ms, size +20%)
INFO: Instrumented org.bouncycastle.crypto.CryptoServicePurpose (took 0 ms, size +13%)
INFO: Instrumented org.bouncycastle.crypto.digests.Utils (took 0 ms, size +10%)
INFO: Instrumented org.bouncycastle.crypto.CryptoServiceProperties (took 0 ms, size +0%)
INFO: Instrumented org.bouncycastle.crypto.digests.Utils$DefaultProperties (took 0 ms, size +14%)
INFO: Instrumented org.bouncycastle.crypto.signers.mldsa.PolyVecMatrix (took 1 ms, size +25%)
INFO: Instrumented org.bouncycastle.crypto.signers.mldsa.PolyVec (took 4 ms, size +25%)
INFO: Instrumented org.bouncycastle.crypto.signers.mldsa.Poly (took 7 ms, size +18%)
INFO: Instrumented org.bouncycastle.util.Pack (took 5 ms, size +24%)
INFO: Instrumented org.bouncycastle.crypto.signers.mldsa.Ntt (took 1 ms, size +9%)
INFO: Instrumented org.bouncycastle.crypto.signers.mldsa.Reduce (took 0 ms, size +30%)
INFO: Instrumented org.bouncycastle.crypto.signers.mldsa.Rounding (took 0 ms, size +52%)
INFO: Instrumented org.bouncycastle.crypto.signers.mldsa.Packing (took 1 ms, size +20%)
INFO: Instrumented org.bouncycastle.crypto.AsymmetricCipherKeyPair (took 0 ms, size +13%)
INFO: Instrumented org.pqcfuzz.target.TargetKind (took 1 ms, size +12%)
INFO: Instrumented org.pqcfuzz.classify.ExpectedRejections (took 0 ms, size +41%)
INFO: found LLVMFuzzerCustomMutator (0x105183038). Disabling -len_control by default.
INFO: Running with entropic power schedule (0xFF, 100).
INFO: Seed: 3863634503
INFO: Loaded 3 modules   (2048 inline 8-bit counters): 512 [0x79768f0000, 0x79768f0200), 512 [0x79768f0200, 0x79768f0400), 1024 [0x79768f0400, 0x79768f0800), 
INFO: Loaded 3 PC tables (2048 PCs): 512 [0x79790f8000,0x79790fa000), 512 [0x79790fc000,0x79790fe000), 1024 [0x797b760000,0x797b764000), 
INFO:        0 files found in <repo>/.cifuzz-corpus/org.pqcfuzz.fuzz.PqcDecodeFuzzTest/mlDsaPublicKeyParse
INFO:        5 files found in <repo>/target/test-classes/org/pqcfuzz/fuzz/PqcDecodeFuzzTestInputs/mlDsaPublicKeyParse
INFO:        0 files found in /var/folders/m8/hjsd0821793bcvxlpgdpt23r0000gn/T/jazzer-java-seeds6925437928043290103
INFO: -max_len is not provided; libFuzzer will not generate inputs larger than 4096 bytes
INFO: seed corpus: files: 5 min: 1952b max: 2016b total: 9824b rss: 1011Mb
#6	INITED cov: 60 ft: 60 corp: 2/3968b exec/s: 0 rss: 1011Mb
#31	REDUCE cov: 60 ft: 60 corp: 2/3077b lim: 2016 exec/s: 0 rss: 1011Mb L: 1125/1952 MS: 10 CrossOver-Custom-CopyPart-Custom-ShuffleBytes-Custom-ChangeBit-Custom-EraseBytes-Custom-
#32	REDUCE cov: 60 ft: 60 corp: 2/2920b lim: 2016 exec/s: 0 rss: 1011Mb L: 968/1952 MS: 2 EraseBytes-Custom-
#68	REDUCE cov: 60 ft: 60 corp: 2/2611b lim: 2016 exec/s: 0 rss: 1011Mb L: 659/1952 MS: 2 EraseBytes-Custom-
#102	REDUCE cov: 60 ft: 60 corp: 2/2489b lim: 2016 exec/s: 0 rss: 1011Mb L: 537/1952 MS: 8 InsertByte-Custom-InsertRepeatedBytes-Custom-ShuffleBytes-Custom-EraseBytes-Custom-
#108	REDUCE cov: 60 ft: 60 corp: 2/2409b lim: 2016 exec/s: 0 rss: 1011Mb L: 457/1952 MS: 2 EraseBytes-Custom-
#119	REDUCE cov: 60 ft: 60 corp: 2/2182b lim: 2016 exec/s: 0 rss: 1011Mb L: 230/1952 MS: 2 EraseBytes-Custom-
#128	REDUCE cov: 60 ft: 60 corp: 2/2073b lim: 2016 exec/s: 0 rss: 1011Mb L: 121/1952 MS: 8 ShuffleBytes-Custom-ChangeBit-Custom-InsertByte-Custom-EraseBytes-Custom-
#181	REDUCE cov: 60 ft: 60 corp: 2/2031b lim: 2016 exec/s: 0 rss: 1011Mb L: 79/1952 MS: 6 ChangeBinInt-Custom-ChangeBinInt-Custom-EraseBytes-Custom-
#195	REDUCE cov: 60 ft: 60 corp: 2/2022b lim: 2016 exec/s: 0 rss: 1012Mb L: 70/1952 MS: 8 ChangeByte-Custom-CopyPart-Custom-ChangeBinInt-Custom-EraseBytes-Custom-
#196	REDUCE cov: 60 ft: 60 corp: 2/2006b lim: 2016 exec/s: 0 rss: 1012Mb L: 54/1952 MS: 2 EraseBytes-Custom-
#208	REDUCE cov: 60 ft: 60 corp: 2/1992b lim: 2016 exec/s: 0 rss: 1012Mb L: 40/1952 MS: 4 CopyPart-Custom-EraseBytes-Custom-
#249	REDUCE cov: 60 ft: 60 corp: 2/1986b lim: 2016 exec/s: 0 rss: 1012Mb L: 34/1952 MS: 2 EraseBytes-Custom-
#252	REDUCE cov: 60 ft: 60 corp: 2/1979b lim: 2016 exec/s: 0 rss: 1012Mb L: 27/1952 MS: 6 ShuffleBytes-Custom-CMP-Custom-EraseBytes-Custom- DE: "\015\000\000\000"-
#284	REDUCE cov: 60 ft: 60 corp: 2/1973b lim: 2016 exec/s: 0 rss: 1012Mb L: 21/1952 MS: 4 ChangeBit-Custom-EraseBytes-Custom-
#310	REDUCE cov: 60 ft: 60 corp: 2/1970b lim: 2016 exec/s: 0 rss: 1012Mb L: 18/1952 MS: 2 EraseBytes-Custom-
#356	REDUCE cov: 60 ft: 60 corp: 2/1966b lim: 2016 exec/s: 0 rss: 1012Mb L: 14/1952 MS: 2 EraseBytes-Custom-
#368	REDUCE cov: 60 ft: 60 corp: 2/1964b lim: 2016 exec/s: 0 rss: 1012Mb L: 12/1952 MS: 4 CrossOver-Custom-EraseBytes-Custom-
#415	REDUCE cov: 60 ft: 60 corp: 2/1963b lim: 2016 exec/s: 0 rss: 1012Mb L: 11/1952 MS: 4 ChangeByte-Custom-EraseBytes-Custom-
#437	REDUCE cov: 60 ft: 60 corp: 2/1961b lim: 2016 exec/s: 0 rss: 1012Mb L: 9/1952 MS: 4 ChangeByte-Custom-EraseBytes-Custom-
#569	REDUCE cov: 60 ft: 60 corp: 2/1958b lim: 2016 exec/s: 0 rss: 1012Mb L: 6/1952 MS: 4 ChangeByte-Custom-EraseBytes-Custom-
#595	REDUCE cov: 60 ft: 60 corp: 2/1956b lim: 2016 exec/s: 0 rss: 1012Mb L: 4/1952 MS: 2 EraseBytes-Custom-
INFO: using inputs from: <repo>/.cifuzz-corpus/org.pqcfuzz.fuzz.PqcDecodeFuzzTest/mlDsaPublicKeyParse
INFO: using inputs from: <repo>/target/test-classes/org/pqcfuzz/fuzz/PqcDecodeFuzzTestInputs/mlDsaPublicKeyParse
INFO: using inputs from: /var/folders/m8/hjsd0821793bcvxlpgdpt23r0000gn/T/jazzer-java-seeds6925437928043290103
#708	REDUCE cov: 60 ft: 60 corp: 2/1955b lim: 2016 exec/s: 0 rss: 1012Mb L: 3/1952 MS: 6 CopyPart-Custom-ChangeByte-Custom-EraseBytes-Custom-
#740	REDUCE cov: 60 ft: 60 corp: 2/1954b lim: 2016 exec/s: 0 rss: 1012Mb L: 2/1952 MS: 4 ChangeBit-Custom-EraseBytes-Custom-
#743	REDUCE cov: 60 ft: 60 corp: 2/1953b lim: 2016 exec/s: 0 rss: 1012Mb L: 1/1952 MS: 6 ChangeBit-Custom-ChangeASCIIInt-Custom-EraseBytes-Custom-
#524288	pulse  cov: 60 ft: 60 corp: 2/1953b lim: 4096 exec/s: 262144 rss: 1012Mb
#1048576	pulse  cov: 60 ft: 60 corp: 2/1953b lim: 4096 exec/s: 209715 rss: 1036Mb
#2097152	pulse  cov: 60 ft: 60 corp: 2/1953b lim: 4096 exec/s: 190650 rss: 1036Mb
#4194304	pulse  cov: 60 ft: 60 corp: 2/1953b lim: 4096 exec/s: 190650 rss: 1036Mb
#8388608	pulse  cov: 60 ft: 60 corp: 2/1953b lim: 4096 exec/s: 186413 rss: 1037Mb
#16777216	pulse  cov: 60 ft: 60 corp: 2/1953b lim: 4096 exec/s: 186413 rss: 1037Mb
#22443496	DONE   cov: 60 ft: 60 corp: 2/1953b lim: 4096 exec/s: 185483 rss: 1037Mb
[INFO] Tests run: 7, Failures: 0, Errors: 0, Skipped: 0, Time elapsed: 123.2 s -- in org.pqcfuzz.fuzz.PqcDecodeFuzzTest
[INFO] Tests run: 7, Failures: 0, Errors: 0, Skipped: 0
