INFO: Loaded 287 hooks from com.code_intelligence.jazzer.runtime.TraceCmpHooks
INFO: Loaded 5 hooks from com.code_intelligence.jazzer.runtime.TraceDivHooks
INFO: Loaded 2 hooks from com.code_intelligence.jazzer.runtime.TraceIndirHooks
INFO: Loaded 4 hooks from com.code_intelligence.jazzer.runtime.NativeLibHooks
INFO: Loaded 2 hooks from com.code_intelligence.jazzer.sanitizers.ClojureLangHooks
INFO: Loaded 5 hooks from com.code_intelligence.jazzer.sanitizers.Deserialization
INFO: Loaded 5 hooks from com.code_intelligence.jazzer.sanitizers.ExpressionLanguageInjection
INFO: Loaded 70 hooks from com.code_intelligence.jazzer.sanitizers.LdapInjection
INFO: Loaded 46 hooks from com.code_intelligence.jazzer.sanitizers.NamingContextLookup
INFO: Loaded 1 hooks from com.code_intelligence.jazzer.sanitizers.OsCommandInjection
INFO: Loaded 48 hooks from com.code_intelligence.jazzer.sanitizers.ReflectiveCall
INFO: Loaded 8 hooks from com.code_intelligence.jazzer.sanitizers.RegexInjection
INFO: Loaded 16 hooks from com.code_intelligence.jazzer.sanitizers.RegexRoadblocks
INFO: Loaded 12 hooks from com.code_intelligence.jazzer.sanitizers.ScriptEngineInjection
INFO: Loaded 3 hooks from com.code_intelligence.jazzer.sanitizers.ServerSideRequestForgery
INFO: Loaded 19 hooks from com.code_intelligence.jazzer.sanitizers.SqlInjection
INFO: Loaded 6 hooks from com.code_intelligence.jazzer.sanitizers.XPathInjection
INFO: Instrumented org.pqcfuzz.classify.Classifier (took 97 ms, size +26%)
INFO: Instrumented org.pqcfuzz.target.FuzzTarget (took 0 ms, size +12%)
INFO: Instrumented org.pqcfuzz.classify.Outcome (took 2 ms, size +13%)
INFO: Instrumented org.pqcfuzz.fuzz.PqcDecodeFuzzTest (took 9 ms, size +12%)
INFO: Instrumented org.pqcfuzz.target.Targets (took 8 ms, size +19%)
INFO: Instrumented org.pqcfuzz.target.mlkem.MlKem768DecapTarget (took 2 ms, size +13%)
INFO: Instrumented org.pqcfuzz.target.mlkem.MlKem768PublicKeyParseTarget (took 2 ms, size +15%)
INFO: Instrumented org.pqcfuzz.target.mldsa.MlDsa65VerifyTarget (took 2 ms, size +11%)
INFO: Instrumented org.bouncycastle.crypto.CipherParameters (took 0 ms, size +0%)
INFO: Instrumented org.pqcfuzz.target.mldsa.MlDsa65PublicKeyParseTarget (took 3 ms, size +15%)
INFO: Instrumented org.pqcfuzz.target.slhdsa.SlhDsaVerifyTarget (took 2 ms, size +10%)
INFO: Instrumented org.pqcfuzz.target.slhdsa.SlhDsaPublicKeyParseTarget (took 4 ms, size +14%)
INFO: Instrumented org.pqcfuzz.target.mlkem.MlKem768ParseAndEncapsulateTarget (took 2 ms, size +11%)
INFO: Instrumented org.bouncycastle.crypto.params.AsymmetricKeyParameter (took 0 ms, size +32%)
INFO: Instrumented org.bouncycastle.crypto.params.MLKEMPublicKeyParameters (took 3 ms, size +22%)
INFO: Instrumented org.bouncycastle.crypto.params.MLKEMKeyParameters (took 1 ms, size +23%)
INFO: Instrumented org.pqcfuzz.util.DeterministicSecureRandom (took 3 ms, size +24%)
INFO: Instrumented org.pqcfuzz.target.mldsa.MlDsa65ParseAndVerifyTarget (took 4 ms, size +10%)
INFO: Instrumented org.pqcfuzz.target.slhdsa.SlhDsaParseAndVerifyTarget (took 4 ms, size +10%)
INFO: Instrumented org.pqcfuzz.target.jdk.JdkMlKem768DecapTarget (took 2 ms, size +12%)
INFO: Instrumented org.pqcfuzz.target.jdk.JdkMlKem768PublicKeyParseTarget (took 1 ms, size +11%)
INFO: Instrumented org.pqcfuzz.target.jdk.JdkMlDsa65VerifyTarget (took 4 ms, size +10%)
INFO: Instrumented org.pqcfuzz.target.jdk.JdkMlDsa65PublicKeyParseTarget (took 2 ms, size +12%)
INFO: Instrumented org.pqcfuzz.target.jdk.JdkMlKem768ParseAndEncapsulateTarget (took 1 ms, size +9%)
INFO: Instrumented org.pqcfuzz.target.jdk.JdkMlDsa65ParseAndVerifyTarget (took 2 ms, size +9%)
INFO: Instrumented org.pqcfuzz.target.mldsa.MlDsaKeys (took 0 ms, size +7%)
INFO: Instrumented org.bouncycastle.crypto.KeyGenerationParameters (took 1 ms, size +19%)
INFO: Instrumented org.bouncycastle.crypto.params.MLDSAKeyGenerationParameters (took 0 ms, size +20%)
INFO: Instrumented org.bouncycastle.crypto.CryptoException (took 1 ms, size +26%)
INFO: Instrumented org.bouncycastle.crypto.params.MLDSAParameters (took 1 ms, size +22%)
INFO: Instrumented org.bouncycastle.crypto.generators.MLDSAKeyPairGenerator (took 1 ms, size +7%)
INFO: Instrumented org.bouncycastle.crypto.AsymmetricCipherKeyPairGenerator (took 0 ms, size +0%)
INFO: Instrumented org.bouncycastle.crypto.params.MLDSAPrivateKeyParameters (took 3 ms, size +13%)
INFO: Instrumented org.bouncycastle.crypto.params.MLDSAKeyParameters (took 0 ms, size +23%)
INFO: Instrumented org.bouncycastle.crypto.params.MLDSAPublicKeyParameters (took 0 ms, size +18%)
INFO: New number of coverage counters: 1024
INFO: Instrumented org.bouncycastle.crypto.CryptoServicesRegistrar (took 4 ms, size +12%)
INFO: Instrumented org.bouncycastle.crypto.CryptoServicesPermission (took 0 ms, size +72%)
INFO: Instrumented org.bouncycastle.crypto.SecureRandomProvider (took 0 ms, size +0%)
INFO: Instrumented org.bouncycastle.crypto.CryptoServicesConstraints (took 0 ms, size +0%)
INFO: Instrumented org.bouncycastle.crypto.CryptoServicesRegistrar$ThreadLocalSecureRandomProvider (took 0 ms, size +13%)
INFO: Instrumented org.bouncycastle.crypto.CryptoServicesRegistrar$1 (took 0 ms, size +24%)
INFO: Instrumented org.bouncycastle.crypto.params.DSAParameters (took 0 ms, size +66%)
INFO: Instrumented org.bouncycastle.crypto.params.DSAValidationParameters (took 0 ms, size +38%)
INFO: Instrumented org.bouncycastle.util.encoders.Hex (took 1 ms, size +15%)
INFO: Instrumented org.bouncycastle.util.encoders.DecoderException (took 0 ms, size +27%)
INFO: Instrumented org.bouncycastle.util.encoders.EncoderException (took 0 ms, size +27%)
INFO: Instrumented org.bouncycastle.util.encoders.HexEncoder (took 1 ms, size +37%)
INFO: Instrumented org.bouncycastle.util.encoders.Encoder (took 0 ms, size +0%)
INFO: New number of coverage counters: 2048
INFO: Instrumented org.bouncycastle.util.Arrays (took 13 ms, size +34%)
INFO: Instrumented org.bouncycastle.crypto.CryptoServicesRegistrar$Property (took 1 ms, size +10%)
INFO: Instrumented org.bouncycastle.asn1.x9.X9ECParameters (took 3 ms, size +12%)
INFO: Instrumented org.bouncycastle.asn1.x9.X9ObjectIdentifiers (took 1 ms, size +3%)
INFO: Instrumented org.bouncycastle.asn1.ASN1Object (took 1 ms, size +30%)
INFO: Instrumented org.bouncycastle.asn1.ASN1Encodable (took 0 ms, size +0%)
INFO: Instrumented org.bouncycastle.util.Encodable (took 0 ms, size +0%)
INFO: Instrumented org.bouncycastle.crypto.params.DHParameters (took 3 ms, size +39%)
INFO: Instrumented org.bouncycastle.crypto.params.DHValidationParameters (took 1 ms, size +45%)
INFO: Instrumented org.bouncycastle.crypto.signers.mldsa.MLDSAEngine (took 6 ms, size +8%)
INFO: Instrumented org.bouncycastle.crypto.signers.mldsa.Symmetric (took 0 ms, size +18%)
INFO: Instrumented org.bouncycastle.crypto.signers.mldsa.Symmetric$ShakeSymmetric (took 0 ms, size +12%)
INFO: Instrumented org.bouncycastle.crypto.digests.SHAKEDigest (took 5 ms, size +22%)
INFO: Instrumented org.bouncycastle.crypto.Xof (took 0 ms, size +0%)
INFO: Instrumented org.bouncycastle.crypto.ExtendedDigest (took 0 ms, size +0%)
INFO: Instrumented org.bouncycastle.crypto.Digest (took 0 ms, size +0%)
INFO: Instrumented org.bouncycastle.crypto.SavableDigest (took 0 ms, size +0%)
INFO: Instrumented org.bouncycastle.crypto.digests.EncodableDigest (took 0 ms, size +0%)
INFO: Instrumented org.bouncycastle.crypto.EncodableService (took 0 ms, size +0%)
INFO: Instrumented org.bouncycastle.util.Memoable (took 0 ms, size +0%)
INFO: Instrumented org.bouncycastle.crypto.digests.KeccakDigest (took 5 ms, size +20%)
INFO: Instrumented org.bouncycastle.crypto.CryptoServicePurpose (took 3 ms, size +13%)
INFO: Instrumented org.bouncycastle.crypto.digests.Utils (took 1 ms, size +10%)
INFO: Instrumented org.bouncycastle.crypto.CryptoServiceProperties (took 0 ms, size +0%)
INFO: Instrumented org.bouncycastle.crypto.digests.Utils$DefaultProperties (took 0 ms, size +14%)
INFO: Instrumented org.bouncycastle.crypto.signers.mldsa.PolyVecMatrix (took 0 ms, size +25%)
INFO: Instrumented org.bouncycastle.crypto.signers.mldsa.PolyVec (took 3 ms, size +25%)
INFO: Instrumented org.bouncycastle.crypto.signers.mldsa.Poly (took 5 ms, size +18%)
INFO: Instrumented org.bouncycastle.util.Pack (took 4 ms, size +24%)
INFO: Instrumented org.bouncycastle.crypto.signers.mldsa.Ntt (took 1 ms, size +9%)
INFO: Instrumented org.bouncycastle.crypto.signers.mldsa.Reduce (took 0 ms, size +30%)
INFO: Instrumented org.bouncycastle.crypto.signers.mldsa.Rounding (took 0 ms, size +52%)
INFO: Instrumented org.bouncycastle.crypto.signers.mldsa.Packing (took 6 ms, size +20%)
INFO: Instrumented org.bouncycastle.crypto.AsymmetricCipherKeyPair (took 1 ms, size +13%)
INFO: Instrumented org.bouncycastle.crypto.signers.MLDSASigner (took 3 ms, size +12%)
INFO: Instrumented org.bouncycastle.crypto.Signer (took 0 ms, size +0%)
INFO: Instrumented org.bouncycastle.crypto.DataLengthException (took 0 ms, size +39%)
INFO: Instrumented org.bouncycastle.crypto.RuntimeCryptoException (took 0 ms, size +42%)
INFO: Instrumented org.bouncycastle.crypto.params.ParametersWithContext (took 0 ms, size +23%)
INFO: Instrumented org.bouncycastle.crypto.params.ParametersWithRandom (took 0 ms, size +13%)
INFO: Instrumented org.pqcfuzz.target.TargetKind (took 0 ms, size +12%)
INFO: using inputs from: <repo>/.cifuzz-corpus/org.pqcfuzz.fuzz.PqcDecodeFuzzTest/mlDsaVerify
INFO: using inputs from: <repo>/target/test-classes/org/pqcfuzz/fuzz/PqcDecodeFuzzTestInputs/mlDsaVerify
INFO: using inputs from: /var/folders/m8/hjsd0821793bcvxlpgdpt23r0000gn/T/jazzer-java-seeds17250197572577113366
INFO: found LLVMFuzzerCustomMutator (0x105d97038). Disabling -len_control by default.
INFO: Running with entropic power schedule (0xFF, 100).
INFO: Seed: 2616451310
INFO: Loaded 3 modules   (2048 inline 8-bit counters): 512 [0x790aaec000, 0x790aaec200), 512 [0x790aaec200, 0x790aaec400), 1024 [0x790aaec400, 0x790aaec800), 
INFO: Loaded 3 PC tables (2048 PCs): 512 [0x790d110000,0x790d112000), 512 [0x790d114000,0x790d116000), 1024 [0x790f5f4000,0x790f5f8000), 
INFO:        0 files found in <repo>/.cifuzz-corpus/org.pqcfuzz.fuzz.PqcDecodeFuzzTest/mlDsaVerify
INFO:        5 files found in <repo>/target/test-classes/org/pqcfuzz/fuzz/PqcDecodeFuzzTestInputs/mlDsaVerify
INFO:        0 files found in /var/folders/m8/hjsd0821793bcvxlpgdpt23r0000gn/T/jazzer-java-seeds17250197572577113366
INFO: -max_len is not provided; libFuzzer will not generate inputs larger than 4096 bytes
INFO: seed corpus: files: 5 min: 3309b max: 3373b total: 16609b rss: 877Mb
#6	INITED cov: 249 ft: 293 corp: 4/13300b exec/s: 0 rss: 877Mb
#17	NEW    cov: 252 ft: 307 corp: 5/16Kb lim: 3373 exec/s: 0 rss: 877Mb L: 3309/3373 MS: 2 CMP-Custom- DE: "\000\000\000\000\000\000\000\000"-
#35	REDUCE cov: 252 ft: 307 corp: 5/15720b lim: 3373 exec/s: 0 rss: 877Mb L: 2484/3309 MS: 6 ShuffleBytes-Custom-ChangeByte-Custom-CrossOver-Custom-
#37	NEW    cov: 252 ft: 310 corp: 6/18Kb lim: 3373 exec/s: 0 rss: 877Mb L: 3309/3309 MS: 4 ChangeBinInt-Custom-PersAutoDict-Custom- DE: "\000\000\000\000\000\000\000\000"-
#38	NEW    cov: 252 ft: 311 corp: 7/21Kb lim: 3373 exec/s: 0 rss: 877Mb L: 3309/3309 MS: 2 CrossOver-Custom-
#55	REDUCE cov: 252 ft: 311 corp: 7/21Kb lim: 3373 exec/s: 0 rss: 877Mb L: 2147/3309 MS: 4 ShuffleBytes-Custom-EraseBytes-Custom-
#91	NEW    cov: 254 ft: 314 corp: 8/24Kb lim: 3373 exec/s: 0 rss: 877Mb L: 3309/3309 MS: 2 CMP-Custom- DE: "\001\000"-
#105	REDUCE cov: 254 ft: 314 corp: 8/24Kb lim: 3373 exec/s: 0 rss: 877Mb L: 2141/3309 MS: 8 ChangeASCIIInt-Custom-CopyPart-Custom-ShuffleBytes-Custom-EraseBytes-Custom-
#119	REDUCE cov: 254 ft: 314 corp: 8/24Kb lim: 3373 exec/s: 0 rss: 877Mb L: 1949/3309 MS: 8 ChangeByte-Custom-ChangeByte-Custom-ChangeBit-Custom-EraseBytes-Custom-
#207	NEW    cov: 254 ft: 315 corp: 9/27Kb lim: 3373 exec/s: 0 rss: 877Mb L: 3309/3309 MS: 6 ChangeByte-Custom-ChangeBinInt-Custom-PersAutoDict-Custom- DE: "\001\000"-
#298	NEW    cov: 254 ft: 316 corp: 10/30Kb lim: 3373 exec/s: 0 rss: 877Mb L: 3309/3309 MS: 2 CMP-Custom- DE: "\001\000\000\000\000\000\000\000"-
#300	NEW    cov: 256 ft: 324 corp: 11/34Kb lim: 3373 exec/s: 0 rss: 877Mb L: 3309/3309 MS: 4 ChangeBit-Custom-ChangeBinInt-Custom-
#301	REDUCE cov: 256 ft: 324 corp: 11/33Kb lim: 3373 exec/s: 0 rss: 877Mb L: 1517/3309 MS: 2 EraseBytes-Custom-
#362	NEW    cov: 256 ft: 325 corp: 12/37Kb lim: 3373 exec/s: 0 rss: 877Mb L: 3309/3309 MS: 2 PersAutoDict-Custom- DE: "\001\000\000\000\000\000\000\000"-
#425	REDUCE cov: 256 ft: 325 corp: 12/36Kb lim: 3373 exec/s: 0 rss: 877Mb L: 1110/3309 MS: 6 InsertRepeatedBytes-Custom-InsertByte-Custom-EraseBytes-Custom-
#527	REDUCE cov: 256 ft: 325 corp: 12/36Kb lim: 3373 exec/s: 0 rss: 877Mb L: 1049/3309 MS: 4 ChangeBit-Custom-EraseBytes-Custom-
#573	NEW    cov: 257 ft: 326 corp: 13/39Kb lim: 3373 exec/s: 0 rss: 877Mb L: 3309/3309 MS: 2 PersAutoDict-Custom- DE: "\001\000"-
#681	NEW    cov: 257 ft: 329 corp: 14/43Kb lim: 3373 exec/s: 0 rss: 877Mb L: 3309/3309 MS: 6 ChangeASCIIInt-Custom-ShuffleBytes-Custom-PersAutoDict-Custom- DE: "\001\000\000\000\000\000\000\000"-
#736	REDUCE cov: 257 ft: 329 corp: 14/42Kb lim: 3373 exec/s: 0 rss: 877Mb L: 711/3309 MS: 10 ChangeASCIIInt-Custom-InsertByte-Custom-CMP-Custom-ChangeByte-Custom-EraseBytes-Custom- DE: "\000\000\000\031"-
#757	NEW    cov: 257 ft: 334 corp: 15/45Kb lim: 3373 exec/s: 0 rss: 877Mb L: 3309/3309 MS: 2 ChangeBit-Custom-
#1038	REDUCE cov: 257 ft: 334 corp: 15/45Kb lim: 3373 exec/s: 0 rss: 877Mb L: 513/3309 MS: 2 EraseBytes-Custom-
#1069	NEW    cov: 257 ft: 335 corp: 16/48Kb lim: 3373 exec/s: 0 rss: 877Mb L: 3309/3309 MS: 2 CMP-Custom- DE: "\001\000\000\000\000\000\000\000"-
#1091	REDUCE cov: 257 ft: 335 corp: 16/48Kb lim: 3373 exec/s: 0 rss: 877Mb L: 398/3309 MS: 4 InsertByte-Custom-EraseBytes-Custom-
#1216	NEW    cov: 257 ft: 338 corp: 17/52Kb lim: 3373 exec/s: 0 rss: 877Mb L: 3309/3309 MS: 10 ChangeASCIIInt-Custom-ChangeByte-Custom-ChangeByte-Custom-ShuffleBytes-Custom-CrossOver-Custom-
#1217	NEW    cov: 257 ft: 339 corp: 18/55Kb lim: 3373 exec/s: 0 rss: 877Mb L: 3309/3309 MS: 2 ShuffleBytes-Custom-
#1244	REDUCE cov: 257 ft: 339 corp: 18/55Kb lim: 3373 exec/s: 0 rss: 877Mb L: 269/3309 MS: 4 InsertByte-Custom-EraseBytes-Custom-
#1350	NEW    cov: 257 ft: 342 corp: 19/58Kb lim: 3373 exec/s: 0 rss: 877Mb L: 3309/3309 MS: 2 CopyPart-Custom-
#1457	REDUCE cov: 257 ft: 342 corp: 19/58Kb lim: 3373 exec/s: 0 rss: 877Mb L: 168/3309 MS: 4 PersAutoDict-Custom-EraseBytes-Custom- DE: "\000\000\000\031"-
#1484	NEW    cov: 257 ft: 344 corp: 20/61Kb lim: 3373 exec/s: 0 rss: 877Mb L: 3309/3309 MS: 4 ChangeBinInt-Custom-CopyPart-Custom-
#1561	NEW    cov: 257 ft: 345 corp: 21/64Kb lim: 3373 exec/s: 0 rss: 877Mb L: 3309/3309 MS: 4 ShuffleBytes-Custom-CrossOver-Custom-
#1563	REDUCE cov: 257 ft: 345 corp: 21/64Kb lim: 3373 exec/s: 0 rss: 877Mb L: 113/3309 MS: 4 PersAutoDict-Custom-EraseBytes-Custom- DE: "\001\000\000\000\000\000\000\000"-
#1760	REDUCE cov: 257 ft: 345 corp: 21/64Kb lim: 3373 exec/s: 0 rss: 877Mb L: 73/3309 MS: 4 CMP-Custom-EraseBytes-Custom- DE: "\377\377\377\377\377\377\377\377"-
#2031	REDUCE cov: 257 ft: 345 corp: 21/64Kb lim: 3373 exec/s: 0 rss: 877Mb L: 67/3309 MS: 2 EraseBytes-Custom-
#2302	NEW    cov: 257 ft: 346 corp: 22/67Kb lim: 3373 exec/s: 0 rss: 877Mb L: 3309/3309 MS: 2 CopyPart-Custom-
#2320	REDUCE cov: 257 ft: 346 corp: 22/67Kb lim: 3373 exec/s: 0 rss: 877Mb L: 51/3309 MS: 6 ChangeByte-Custom-InsertByte-Custom-EraseBytes-Custom-
#2406	REDUCE cov: 257 ft: 346 corp: 22/67Kb lim: 3373 exec/s: 0 rss: 877Mb L: 36/3309 MS: 2 EraseBytes-Custom-
#2462	REDUCE cov: 257 ft: 346 corp: 22/67Kb lim: 3373 exec/s: 0 rss: 877Mb L: 24/3309 MS: 2 EraseBytes-Custom-
#2670	REDUCE cov: 257 ft: 346 corp: 22/67Kb lim: 3373 exec/s: 0 rss: 877Mb L: 15/3309 MS: 6 ShuffleBytes-Custom-PersAutoDict-Custom-EraseBytes-Custom- DE: "\377\377\377\377\377\377\377\377"-
#2757	NEW    cov: 257 ft: 347 corp: 23/71Kb lim: 3373 exec/s: 0 rss: 878Mb L: 3309/3309 MS: 4 ChangeASCIIInt-Custom-ChangeByte-Custom-
#3648	NEW    cov: 257 ft: 348 corp: 24/74Kb lim: 3373 exec/s: 0 rss: 878Mb L: 3309/3309 MS: 2 CMP-Custom- DE: "\001\000\000\000\000\000\000\000"-
#3880	NEW    cov: 257 ft: 358 corp: 25/77Kb lim: 3373 exec/s: 0 rss: 878Mb L: 3309/3309 MS: 4 ChangeASCIIInt-Custom-PersAutoDict-Custom- DE: "\000\000\000\031"-
#4893	REDUCE cov: 257 ft: 358 corp: 25/77Kb lim: 3373 exec/s: 0 rss: 878Mb L: 8/3309 MS: 6 ChangeByte-Custom-ChangeBit-Custom-EraseBytes-Custom-
#4970	REDUCE cov: 257 ft: 358 corp: 25/77Kb lim: 3373 exec/s: 0 rss: 878Mb L: 6/3309 MS: 4 InsertByte-Custom-EraseBytes-Custom-
#5461	NEW    cov: 257 ft: 359 corp: 26/80Kb lim: 3373 exec/s: 0 rss: 878Mb L: 3309/3309 MS: 2 CMP-Custom- DE: "\016\000\000\000"-
#5844	REDUCE cov: 257 ft: 359 corp: 26/80Kb lim: 3373 exec/s: 0 rss: 878Mb L: 3/3309 MS: 6 ShuffleBytes-Custom-ChangeBinInt-Custom-EraseBytes-Custom-
#5870	NEW    cov: 257 ft: 360 corp: 27/84Kb lim: 3373 exec/s: 0 rss: 878Mb L: 3309/3309 MS: 2 ChangeASCIIInt-Custom-
#6422	REDUCE cov: 257 ft: 360 corp: 27/84Kb lim: 3373 exec/s: 0 rss: 878Mb L: 2/3309 MS: 4 ChangeBinInt-Custom-EraseBytes-Custom-
#6478	REDUCE cov: 257 ft: 360 corp: 27/84Kb lim: 3373 exec/s: 0 rss: 878Mb L: 1/3309 MS: 2 EraseBytes-Custom-
#7409	NEW    cov: 257 ft: 367 corp: 28/87Kb lim: 3373 exec/s: 0 rss: 878Mb L: 3309/3309 MS: 2 PersAutoDict-Custom- DE: "\016\000\000\000"-
#7772	NEW    cov: 257 ft: 368 corp: 29/90Kb lim: 3373 exec/s: 0 rss: 878Mb L: 3309/3309 MS: 6 CrossOver-Custom-ShuffleBytes-Custom-CopyPart-Custom-
#7778	NEW    cov: 257 ft: 369 corp: 30/93Kb lim: 3373 exec/s: 0 rss: 878Mb L: 3309/3309 MS: 2 ChangeBit-Custom-
#14389	NEW    cov: 257 ft: 370 corp: 31/96Kb lim: 3428 exec/s: 0 rss: 878Mb L: 3309/3309 MS: 2 PersAutoDict-Custom- DE: "\377\377\377\377\377\377\377\377"-
#24552	NEW    cov: 257 ft: 371 corp: 32/100Kb lim: 3527 exec/s: 0 rss: 878Mb L: 3309/3309 MS: 6 ChangeBinInt-Custom-ChangeByte-Custom-ShuffleBytes-Custom-
#25489	NEW    cov: 257 ft: 372 corp: 33/103Kb lim: 3527 exec/s: 0 rss: 878Mb L: 3309/3309 MS: 4 ChangeASCIIInt-Custom-PersAutoDict-Custom- DE: "\016\000\000\000"-
#29053	NEW    cov: 257 ft: 373 corp: 34/106Kb lim: 3560 exec/s: 0 rss: 878Mb L: 3309/3309 MS: 8 ChangeByte-Custom-ShuffleBytes-Custom-ChangeBinInt-Custom-CrossOver-Custom-
#41039	NEW    cov: 257 ft: 374 corp: 35/109Kb lim: 3670 exec/s: 41039 rss: 878Mb L: 3309/3309 MS: 6 ChangeASCIIInt-Custom-ShuffleBytes-Custom-PersAutoDict-Custom- DE: "\016\000\000\000"-
#56690	NEW    cov: 257 ft: 375 corp: 36/113Kb lim: 3824 exec/s: 56690 rss: 878Mb L: 3309/3309 MS: 2 CopyPart-Custom-
#65536	pulse  cov: 257 ft: 375 corp: 36/113Kb lim: 3912 exec/s: 32768 rss: 878Mb
#86991	NEW    cov: 258 ft: 376 corp: 37/116Kb lim: 4096 exec/s: 28997 rss: 878Mb L: 3309/3309 MS: 2 ChangeByte-Custom-
#131072	pulse  cov: 258 ft: 376 corp: 37/116Kb lim: 4096 exec/s: 32768 rss: 878Mb
#230807	NEW    cov: 258 ft: 377 corp: 38/119Kb lim: 4096 exec/s: 28850 rss: 878Mb L: 3309/3309 MS: 2 CopyPart-Custom-
#262144	pulse  cov: 258 ft: 377 corp: 38/119Kb lim: 4096 exec/s: 29127 rss: 878Mb
#346940	NEW    cov: 258 ft: 378 corp: 39/122Kb lim: 4096 exec/s: 26687 rss: 878Mb L: 3309/3309 MS: 6 CopyPart-Custom-ChangeASCIIInt-Custom-ChangeBinInt-Custom-
#524288	pulse  cov: 258 ft: 378 corp: 39/122Kb lim: 4096 exec/s: 26214 rss: 878Mb
#1048576	pulse  cov: 258 ft: 378 corp: 39/122Kb lim: 4096 exec/s: 25575 rss: 878Mb
#1295478	NEW    cov: 258 ft: 379 corp: 40/126Kb lim: 4096 exec/s: 24913 rss: 878Mb L: 3309/3309 MS: 6 ChangeByte-Custom-ChangeBinInt-Custom-ChangeByte-Custom-
#1858779	NEW    cov: 258 ft: 380 corp: 41/129Kb lim: 4096 exec/s: 24783 rss: 878Mb L: 3309/3309 MS: 2 CopyPart-Custom-
#2097152	pulse  cov: 258 ft: 380 corp: 41/129Kb lim: 4096 exec/s: 24672 rss: 878Mb
#2977074	DONE   cov: 258 ft: 380 corp: 41/129Kb lim: 4096 exec/s: 24603 rss: 878Mb
[INFO] Tests run: 7, Failures: 0, Errors: 0, Skipped: 0, Time elapsed: 123.4 s -- in org.pqcfuzz.fuzz.PqcDecodeFuzzTest
[INFO] Tests run: 7, Failures: 0, Errors: 0, Skipped: 0
