INFO: Loaded 287 hooks from com.code_intelligence.jazzer.runtime.TraceCmpHooks
INFO: Loaded 5 hooks from com.code_intelligence.jazzer.runtime.TraceDivHooks
INFO: Loaded 2 hooks from com.code_intelligence.jazzer.runtime.TraceIndirHooks
INFO: Loaded 4 hooks from com.code_intelligence.jazzer.runtime.NativeLibHooks
INFO: Loaded 2 hooks from com.code_intelligence.jazzer.sanitizers.ClojureLangHooks
INFO: Loaded 5 hooks from com.code_intelligence.jazzer.sanitizers.Deserialization
INFO: Loaded 5 hooks from com.code_intelligence.jazzer.sanitizers.ExpressionLanguageInjection
INFO: Loaded 70 hooks from com.code_intelligence.jazzer.sanitizers.LdapInjection
INFO: Loaded 46 hooks from com.code_intelligence.jazzer.sanitizers.NamingContextLookup
INFO: Loaded 1 hooks from com.code_intelligence.jazzer.sanitizers.OsCommandInjection
INFO: Loaded 48 hooks from com.code_intelligence.jazzer.sanitizers.ReflectiveCall
INFO: Loaded 8 hooks from com.code_intelligence.jazzer.sanitizers.RegexInjection
INFO: Loaded 16 hooks from com.code_intelligence.jazzer.sanitizers.RegexRoadblocks
INFO: Loaded 12 hooks from com.code_intelligence.jazzer.sanitizers.ScriptEngineInjection
INFO: Loaded 3 hooks from com.code_intelligence.jazzer.sanitizers.ServerSideRequestForgery
INFO: Loaded 19 hooks from com.code_intelligence.jazzer.sanitizers.SqlInjection
INFO: Loaded 6 hooks from com.code_intelligence.jazzer.sanitizers.XPathInjection
INFO: Instrumented org.pqcfuzz.classify.Classifier (took 85 ms, size +26%)
INFO: Instrumented org.pqcfuzz.target.FuzzTarget (took 1 ms, size +12%)
INFO: Instrumented org.pqcfuzz.classify.Outcome (took 2 ms, size +13%)
INFO: Instrumented org.pqcfuzz.fuzz.PqcDecodeFuzzTest (took 9 ms, size +12%)
INFO: Instrumented org.pqcfuzz.target.Targets (took 9 ms, size +19%)
INFO: Instrumented org.pqcfuzz.target.mlkem.MlKem768DecapTarget (took 5 ms, size +13%)
INFO: Instrumented org.pqcfuzz.target.mlkem.MlKem768PublicKeyParseTarget (took 3 ms, size +15%)
INFO: Instrumented org.pqcfuzz.target.mldsa.MlDsa65VerifyTarget (took 2 ms, size +11%)
INFO: Instrumented org.bouncycastle.crypto.CipherParameters (took 0 ms, size +0%)
INFO: Instrumented org.pqcfuzz.target.mldsa.MlDsa65PublicKeyParseTarget (took 3 ms, size +15%)
INFO: Instrumented org.pqcfuzz.target.slhdsa.SlhDsaVerifyTarget (took 1 ms, size +10%)
INFO: Instrumented org.pqcfuzz.target.slhdsa.SlhDsaPublicKeyParseTarget (took 1 ms, size +14%)
INFO: Instrumented org.pqcfuzz.target.mlkem.MlKem768ParseAndEncapsulateTarget (took 2 ms, size +11%)
INFO: Instrumented org.bouncycastle.crypto.params.AsymmetricKeyParameter (took 0 ms, size +32%)
INFO: Instrumented org.bouncycastle.crypto.params.MLKEMPublicKeyParameters (took 1 ms, size +22%)
INFO: Instrumented org.bouncycastle.crypto.params.MLKEMKeyParameters (took 0 ms, size +23%)
INFO: Instrumented org.pqcfuzz.util.DeterministicSecureRandom (took 0 ms, size +24%)
INFO: Instrumented org.pqcfuzz.target.mldsa.MlDsa65ParseAndVerifyTarget (took 1 ms, size +10%)
INFO: Instrumented org.pqcfuzz.target.slhdsa.SlhDsaParseAndVerifyTarget (took 1 ms, size +10%)
INFO: Instrumented org.pqcfuzz.target.jdk.JdkMlKem768DecapTarget (took 1 ms, size +12%)
INFO: Instrumented org.pqcfuzz.target.jdk.JdkMlKem768PublicKeyParseTarget (took 1 ms, size +11%)
INFO: Instrumented org.pqcfuzz.target.jdk.JdkMlDsa65VerifyTarget (took 1 ms, size +10%)
INFO: Instrumented org.pqcfuzz.target.jdk.JdkMlDsa65PublicKeyParseTarget (took 1 ms, size +12%)
INFO: Instrumented org.pqcfuzz.target.jdk.JdkMlKem768ParseAndEncapsulateTarget (took 1 ms, size +9%)
INFO: Instrumented org.pqcfuzz.target.jdk.JdkMlDsa65ParseAndVerifyTarget (took 1 ms, size +9%)
INFO: Instrumented org.pqcfuzz.target.mldsa.MlDsaKeys (took 1 ms, size +7%)
INFO: Instrumented org.bouncycastle.crypto.KeyGenerationParameters (took 1 ms, size +19%)
INFO: Instrumented org.bouncycastle.crypto.params.MLDSAKeyGenerationParameters (took 0 ms, size +20%)
INFO: Instrumented org.bouncycastle.crypto.CryptoException (took 1 ms, size +26%)
INFO: Instrumented org.bouncycastle.crypto.params.MLDSAParameters (took 2 ms, size +22%)
INFO: Instrumented org.bouncycastle.crypto.generators.MLDSAKeyPairGenerator (took 1 ms, size +7%)
INFO: Instrumented org.bouncycastle.crypto.AsymmetricCipherKeyPairGenerator (took 0 ms, size +0%)
INFO: Instrumented org.bouncycastle.crypto.params.MLDSAPrivateKeyParameters (took 7 ms, size +13%)
INFO: Instrumented org.bouncycastle.crypto.params.MLDSAKeyParameters (took 0 ms, size +23%)
INFO: Instrumented org.bouncycastle.crypto.params.MLDSAPublicKeyParameters (took 0 ms, size +18%)
INFO: New number of coverage counters: 1024
INFO: Instrumented org.bouncycastle.crypto.CryptoServicesRegistrar (took 5 ms, size +12%)
INFO: Instrumented org.bouncycastle.crypto.CryptoServicesPermission (took 1 ms, size +72%)
INFO: Instrumented org.bouncycastle.crypto.SecureRandomProvider (took 0 ms, size +0%)
INFO: Instrumented org.bouncycastle.crypto.CryptoServicesConstraints (took 0 ms, size +0%)
INFO: Instrumented org.bouncycastle.crypto.CryptoServicesRegistrar$ThreadLocalSecureRandomProvider (took 0 ms, size +13%)
INFO: Instrumented org.bouncycastle.crypto.CryptoServicesRegistrar$1 (took 0 ms, size +24%)
INFO: Instrumented org.bouncycastle.crypto.params.DSAParameters (took 1 ms, size +66%)
INFO: Instrumented org.bouncycastle.crypto.params.DSAValidationParameters (took 0 ms, size +38%)
INFO: Instrumented org.bouncycastle.util.encoders.Hex (took 2 ms, size +15%)
INFO: Instrumented org.bouncycastle.util.encoders.DecoderException (took 0 ms, size +27%)
INFO: Instrumented org.bouncycastle.util.encoders.EncoderException (took 0 ms, size +27%)
INFO: Instrumented org.bouncycastle.util.encoders.HexEncoder (took 2 ms, size +37%)
INFO: Instrumented org.bouncycastle.util.encoders.Encoder (took 0 ms, size +0%)
INFO: New number of coverage counters: 2048
INFO: Instrumented org.bouncycastle.util.Arrays (took 21 ms, size +34%)
INFO: Instrumented org.bouncycastle.crypto.CryptoServicesRegistrar$Property (took 1 ms, size +10%)
INFO: Instrumented org.bouncycastle.asn1.x9.X9ECParameters (took 4 ms, size +12%)
INFO: Instrumented org.bouncycastle.asn1.x9.X9ObjectIdentifiers (took 2 ms, size +3%)
INFO: Instrumented org.bouncycastle.asn1.ASN1Object (took 2 ms, size +30%)
INFO: Instrumented org.bouncycastle.asn1.ASN1Encodable (took 0 ms, size +0%)
INFO: Instrumented org.bouncycastle.util.Encodable (took 0 ms, size +0%)
INFO: Instrumented org.bouncycastle.crypto.params.DHParameters (took 3 ms, size +39%)
INFO: Instrumented org.bouncycastle.crypto.params.DHValidationParameters (took 1 ms, size +45%)
INFO: Instrumented org.bouncycastle.crypto.signers.mldsa.MLDSAEngine (took 3 ms, size +8%)
INFO: Instrumented org.bouncycastle.crypto.signers.mldsa.Symmetric (took 0 ms, size +18%)
INFO: Instrumented org.bouncycastle.crypto.signers.mldsa.Symmetric$ShakeSymmetric (took 0 ms, size +12%)
INFO: Instrumented org.bouncycastle.crypto.digests.SHAKEDigest (took 2 ms, size +22%)
INFO: Instrumented org.bouncycastle.crypto.Xof (took 0 ms, size +0%)
INFO: Instrumented org.bouncycastle.crypto.ExtendedDigest (took 0 ms, size +0%)
INFO: Instrumented org.bouncycastle.crypto.Digest (took 0 ms, size +0%)
INFO: Instrumented org.bouncycastle.crypto.SavableDigest (took 0 ms, size +0%)
INFO: Instrumented org.bouncycastle.crypto.digests.EncodableDigest (took 0 ms, size +0%)
INFO: Instrumented org.bouncycastle.crypto.EncodableService (took 0 ms, size +0%)
INFO: Instrumented org.bouncycastle.util.Memoable (took 0 ms, size +0%)
INFO: Instrumented org.bouncycastle.crypto.digests.KeccakDigest (took 9 ms, size +20%)
INFO: Instrumented org.bouncycastle.crypto.CryptoServicePurpose (took 2 ms, size +13%)
INFO: Instrumented org.bouncycastle.crypto.digests.Utils (took 0 ms, size +10%)
INFO: Instrumented org.bouncycastle.crypto.CryptoServiceProperties (took 0 ms, size +0%)
INFO: Instrumented org.bouncycastle.crypto.digests.Utils$DefaultProperties (took 0 ms, size +14%)
INFO: Instrumented org.bouncycastle.crypto.signers.mldsa.PolyVecMatrix (took 0 ms, size +25%)
INFO: Instrumented org.bouncycastle.crypto.signers.mldsa.PolyVec (took 2 ms, size +25%)
INFO: Instrumented org.bouncycastle.crypto.signers.mldsa.Poly (took 6 ms, size +18%)
INFO: Instrumented org.bouncycastle.util.Pack (took 9 ms, size +24%)
INFO: Instrumented org.bouncycastle.crypto.signers.mldsa.Ntt (took 1 ms, size +9%)
INFO: Instrumented org.bouncycastle.crypto.signers.mldsa.Reduce (took 1 ms, size +30%)
INFO: Instrumented org.bouncycastle.crypto.signers.mldsa.Rounding (took 2 ms, size +52%)
INFO: Instrumented org.bouncycastle.crypto.signers.mldsa.Packing (took 2 ms, size +20%)
INFO: Instrumented org.bouncycastle.crypto.AsymmetricCipherKeyPair (took 0 ms, size +13%)
INFO: Instrumented org.bouncycastle.crypto.signers.MLDSASigner (took 1 ms, size +12%)
INFO: Instrumented org.bouncycastle.crypto.Signer (took 0 ms, size +0%)
INFO: Instrumented org.bouncycastle.crypto.DataLengthException (took 0 ms, size +39%)
INFO: Instrumented org.bouncycastle.crypto.RuntimeCryptoException (took 0 ms, size +42%)
INFO: Instrumented org.bouncycastle.crypto.params.ParametersWithContext (took 0 ms, size +23%)
INFO: Instrumented org.bouncycastle.crypto.params.ParametersWithRandom (took 0 ms, size +13%)
INFO: Instrumented org.pqcfuzz.target.TargetKind (took 2 ms, size +12%)
INFO: found LLVMFuzzerCustomMutator (0x10d09f038). Disabling -len_control by default.
INFO: Running with entropic power schedule (0xFF, 100).
INFO: INFO: Seed: 3739102968
INFO: using inputs from: <repo>/target/test-classes/org/pqcfuzz/fuzz/PqcDecodeFuzzTestInputs/mlDsaVerify
INFO: using inputs from: /var/folders/m8/hjsd0821793bcvxlpgdpt23r0000gn/T/jazzer-java-seeds8071091642067734779
INFO: Loaded 3 modules   (2048 inline 8-bit counters): 512 [0x771cc00000, 0x771cc00200), 512 [0x771cc00200, 0x771cc00400), 1024 [0x771cc00400, 0x771cc00800), 
INFO: Loaded 3 PC tables (2048 PCs): 512 [0x77212fa000,0x77212fc000), 512 [0x77212fc000,0x77212fe000), 1024 [0x7721520000,0x7721524000), 
INFO:        0 files found in <repo>/.cifuzz-corpus/org.pqcfuzz.fuzz.PqcDecodeFuzzTest/mlDsaVerify
INFO:        5 files found in <repo>/target/test-classes/org/pqcfuzz/fuzz/PqcDecodeFuzzTestInputs/mlDsaVerify
INFO:        0 files found in /var/folders/m8/hjsd0821793bcvxlpgdpt23r0000gn/T/jazzer-java-seeds8071091642067734779
INFO: -max_len is not provided; libFuzzer will not generate inputs larger than 4096 bytes
INFO: seed corpus: files: 5 min: 3309b max: 3373b total: 16609b rss: 1325Mb
#6	INITED cov: 249 ft: 293 corp: 4/13300b exec/s: 0 rss: 1325Mb
#16	REDUCE cov: 249 ft: 293 corp: 4/11725b lim: 3373 exec/s: 0 rss: 1325Mb L: 1798/3309 MS: 10 ChangeBit-Custom-ChangeBinInt-Custom-ChangeBit-Custom-ChangeByte-Custom-EraseBytes-Custom-
#19	REDUCE cov: 249 ft: 293 corp: 4/11012b lim: 3373 exec/s: 0 rss: 1325Mb L: 1085/3309 MS: 6 ChangeBit-Custom-CrossOver-Custom-EraseBytes-Custom-
#25	NEW    cov: 249 ft: 294 corp: 5/14321b lim: 3373 exec/s: 0 rss: 1325Mb L: 3309/3309 MS: 2 ChangeByte-Custom-
#57	NEW    cov: 252 ft: 310 corp: 6/17Kb lim: 3373 exec/s: 0 rss: 1326Mb L: 3309/3309 MS: 4 ChangeByte-Custom-CrossOver-Custom-
#60	REDUCE cov: 252 ft: 310 corp: 6/17Kb lim: 3373 exec/s: 0 rss: 1326Mb L: 870/3309 MS: 6 ChangeBit-Custom-ChangeBinInt-Custom-EraseBytes-Custom-
#100	REDUCE cov: 252 ft: 310 corp: 6/16Kb lim: 3373 exec/s: 0 rss: 1326Mb L: 766/3309 MS: 10 CrossOver-Custom-ChangeByte-Custom-CopyPart-Custom-ChangeBinInt-Custom-EraseBytes-Custom-
#117	NEW    cov: 252 ft: 311 corp: 7/20Kb lim: 3373 exec/s: 0 rss: 1326Mb L: 3309/3309 MS: 4 ChangeASCIIInt-Custom-ShuffleBytes-Custom-
#124	NEW    cov: 252 ft: 313 corp: 8/23Kb lim: 3373 exec/s: 0 rss: 1326Mb L: 3309/3309 MS: 4 ChangeByte-Custom-CMP-Custom- DE: "\001\000\000\000\000\000\000\000"-
#146	REDUCE cov: 252 ft: 313 corp: 8/23Kb lim: 3373 exec/s: 0 rss: 1326Mb L: 469/3309 MS: 4 ShuffleBytes-Custom-EraseBytes-Custom-
#152	NEW    cov: 254 ft: 315 corp: 9/26Kb lim: 3373 exec/s: 0 rss: 1326Mb L: 3309/3309 MS: 2 ChangeByte-Custom-
#173	NEW    cov: 254 ft: 325 corp: 10/29Kb lim: 3373 exec/s: 0 rss: 1326Mb L: 3309/3309 MS: 2 CopyPart-Custom-
#204	NEW    cov: 254 ft: 328 corp: 11/32Kb lim: 3373 exec/s: 0 rss: 1326Mb L: 3309/3309 MS: 2 CMP-Custom- DE: "\031\000\000\000"-
#225	NEW    cov: 254 ft: 329 corp: 12/36Kb lim: 3373 exec/s: 0 rss: 1326Mb L: 3309/3309 MS: 2 CrossOver-Custom-
#226	NEW    cov: 254 ft: 332 corp: 13/39Kb lim: 3373 exec/s: 0 rss: 1326Mb L: 3309/3309 MS: 2 CrossOver-Custom-
#284	NEW    cov: 254 ft: 333 corp: 14/42Kb lim: 3373 exec/s: 0 rss: 1326Mb L: 3309/3309 MS: 6 CrossOver-Custom-CrossOver-Custom-CMP-Custom- DE: "0\000\000\000"-
#426	NEW    cov: 256 ft: 336 corp: 15/45Kb lim: 3373 exec/s: 0 rss: 1326Mb L: 3309/3309 MS: 4 CopyPart-Custom-CopyPart-Custom-
#537	NEW    cov: 256 ft: 337 corp: 16/48Kb lim: 3373 exec/s: 0 rss: 1326Mb L: 3309/3309 MS: 2 PersAutoDict-Custom- DE: "\031\000\000\000"-
#610	NEW    cov: 256 ft: 338 corp: 17/52Kb lim: 3373 exec/s: 0 rss: 1326Mb L: 3309/3309 MS: 6 ChangeBit-Custom-ChangeByte-Custom-ChangeByte-Custom-
#882	NEW    cov: 256 ft: 340 corp: 18/55Kb lim: 3373 exec/s: 0 rss: 1326Mb L: 3309/3309 MS: 4 ShuffleBytes-Custom-CopyPart-Custom-
#934	REDUCE cov: 256 ft: 340 corp: 18/55Kb lim: 3373 exec/s: 0 rss: 1326Mb L: 329/3309 MS: 4 InsertByte-Custom-EraseBytes-Custom-
#1025	NEW    cov: 257 ft: 342 corp: 19/58Kb lim: 3373 exec/s: 0 rss: 1326Mb L: 3309/3309 MS: 2 PersAutoDict-Custom- DE: "\001\000\000\000\000\000\000\000"-
#1102	REDUCE cov: 257 ft: 342 corp: 19/58Kb lim: 3373 exec/s: 0 rss: 1326Mb L: 209/3309 MS: 4 PersAutoDict-Custom-EraseBytes-Custom- DE: "0\000\000\000"-
#1116	REDUCE cov: 257 ft: 342 corp: 19/58Kb lim: 3373 exec/s: 0 rss: 1326Mb L: 144/3309 MS: 8 ChangeBit-Custom-InsertByte-Custom-CrossOver-Custom-EraseBytes-Custom-
#1971	REDUCE cov: 257 ft: 342 corp: 19/58Kb lim: 3373 exec/s: 0 rss: 1326Mb L: 112/3309 MS: 10 ChangeBit-Custom-ChangeByte-Custom-ChangeBinInt-Custom-CMP-Custom-EraseBytes-Custom- DE: "\001\000\000\031"-
#2062	NEW    cov: 257 ft: 345 corp: 20/61Kb lim: 3373 exec/s: 0 rss: 1326Mb L: 3309/3309 MS: 2 ChangeBit-Custom-
#2396	REDUCE cov: 257 ft: 345 corp: 20/61Kb lim: 3373 exec/s: 0 rss: 1326Mb L: 99/3309 MS: 8 CrossOver-Custom-ChangeBit-Custom-ShuffleBytes-Custom-EraseBytes-Custom-
#2403	REDUCE cov: 257 ft: 345 corp: 20/61Kb lim: 3373 exec/s: 0 rss: 1326Mb L: 89/3309 MS: 4 ChangeBinInt-Custom-EraseBytes-Custom-
#2596	REDUCE cov: 257 ft: 345 corp: 20/61Kb lim: 3373 exec/s: 0 rss: 1326Mb L: 87/3309 MS: 6 PersAutoDict-Custom-PersAutoDict-Custom-EraseBytes-Custom- DE: "\031\000\000\000"-"0\000\000\000"-
#2742	REDUCE cov: 257 ft: 345 corp: 20/61Kb lim: 3373 exec/s: 0 rss: 1326Mb L: 47/3309 MS: 2 EraseBytes-Custom-
#3191	REDUCE cov: 257 ft: 345 corp: 20/61Kb lim: 3373 exec/s: 0 rss: 1326Mb L: 38/3309 MS: 8 CopyPart-Custom-ChangeBinInt-Custom-InsertByte-Custom-EraseBytes-Custom-
#3477	NEW    cov: 257 ft: 346 corp: 21/64Kb lim: 3373 exec/s: 0 rss: 1326Mb L: 3309/3309 MS: 2 CMP-Custom- DE: "\377\377\377\377\377\377\377\007"-
#4743	REDUCE cov: 257 ft: 346 corp: 21/64Kb lim: 3384 exec/s: 0 rss: 1326Mb L: 37/3309 MS: 2 EraseBytes-Custom-
#5425	REDUCE cov: 257 ft: 346 corp: 21/64Kb lim: 3384 exec/s: 0 rss: 1327Mb L: 27/3309 MS: 4 InsertByte-Custom-EraseBytes-Custom-
#5936	NEW    cov: 257 ft: 347 corp: 22/67Kb lim: 3384 exec/s: 0 rss: 1327Mb L: 3309/3309 MS: 2 CMP-Custom- DE: "\377\377\377\377\377\377\377\377"-
#6137	REDUCE cov: 257 ft: 347 corp: 22/67Kb lim: 3384 exec/s: 0 rss: 1327Mb L: 21/3309 MS: 2 EraseBytes-Custom-
#6189	REDUCE cov: 257 ft: 347 corp: 22/67Kb lim: 3384 exec/s: 0 rss: 1327Mb L: 12/3309 MS: 4 InsertByte-Custom-EraseBytes-Custom-
#6315	REDUCE cov: 257 ft: 347 corp: 22/67Kb lim: 3384 exec/s: 0 rss: 1327Mb L: 8/3309 MS: 2 EraseBytes-Custom-
#6418	NEW    cov: 257 ft: 357 corp: 23/71Kb lim: 3384 exec/s: 0 rss: 1327Mb L: 3309/3309 MS: 6 ChangeASCIIInt-Custom-ShuffleBytes-Custom-ChangeByte-Custom-
#6419	NEW    cov: 257 ft: 358 corp: 24/74Kb lim: 3384 exec/s: 0 rss: 1327Mb L: 3309/3309 MS: 2 PersAutoDict-Custom- DE: "0\000\000\000"-
#6560	REDUCE cov: 257 ft: 358 corp: 24/74Kb lim: 3384 exec/s: 0 rss: 1327Mb L: 4/3309 MS: 2 EraseBytes-Custom-
#6619	REDUCE cov: 257 ft: 358 corp: 24/74Kb lim: 3384 exec/s: 0 rss: 1327Mb L: 3/3309 MS: 8 ChangeBit-Custom-ChangeBit-Custom-CopyPart-Custom-EraseBytes-Custom-
#7052	REDUCE cov: 257 ft: 358 corp: 24/74Kb lim: 3384 exec/s: 0 rss: 1329Mb L: 2/3309 MS: 6 ChangeBit-Custom-ChangeByte-Custom-EraseBytes-Custom-
#7499	REDUCE cov: 257 ft: 358 corp: 24/74Kb lim: 3384 exec/s: 0 rss: 1329Mb L: 1/3309 MS: 4 ShuffleBytes-Custom-EraseBytes-Custom-
#7875	NEW    cov: 257 ft: 359 corp: 25/77Kb lim: 3384 exec/s: 0 rss: 1329Mb L: 3309/3309 MS: 2 CrossOver-Custom-
#8161	NEW    cov: 257 ft: 360 corp: 26/80Kb lim: 3384 exec/s: 0 rss: 1329Mb L: 3309/3309 MS: 2 ShuffleBytes-Custom-
#8477	NEW    cov: 257 ft: 366 corp: 27/84Kb lim: 3384 exec/s: 0 rss: 1329Mb L: 3309/3309 MS: 2 ShuffleBytes-Custom-
#9258	NEW    cov: 257 ft: 367 corp: 28/87Kb lim: 3384 exec/s: 0 rss: 1329Mb L: 3309/3309 MS: 2 CMP-Custom- DE: "\377\377\377\377\377\377\377\377"-
#10050	NEW    cov: 257 ft: 368 corp: 29/90Kb lim: 3384 exec/s: 0 rss: 1329Mb L: 3309/3309 MS: 4 ChangeBinInt-Custom-PersAutoDict-Custom- DE: "0\000\000\000"-
#10940	NEW    cov: 257 ft: 370 corp: 30/93Kb lim: 3384 exec/s: 0 rss: 1329Mb L: 3309/3309 MS: 10 ChangeBit-Custom-ChangeBinInt-Custom-ChangeByte-Custom-ShuffleBytes-Custom-ChangeBinInt-Custom-
#16023	NEW    cov: 258 ft: 371 corp: 31/96Kb lim: 3428 exec/s: 0 rss: 1332Mb L: 3309/3309 MS: 6 ShuffleBytes-Custom-ChangeASCIIInt-Custom-PersAutoDict-Custom- DE: "\001\000\000\031"-
#20474	NEW    cov: 258 ft: 372 corp: 32/100Kb lim: 3472 exec/s: 0 rss: 1334Mb L: 3309/3309 MS: 2 CrossOver-Custom-
#32012	NEW    cov: 258 ft: 373 corp: 33/103Kb lim: 3582 exec/s: 32012 rss: 1335Mb L: 3309/3309 MS: 2 ChangeByte-Custom-
#32328	NEW    cov: 258 ft: 374 corp: 34/106Kb lim: 3582 exec/s: 32328 rss: 1335Mb L: 3309/3309 MS: 2 ChangeBit-Custom-
#40188	NEW    cov: 258 ft: 375 corp: 35/109Kb lim: 3659 exec/s: 40188 rss: 1335Mb L: 3309/3309 MS: 10 ChangeBit-Custom-ChangeByte-Custom-ChangeBit-Custom-ChangeByte-Custom-CMP-Custom- DE: "\001\000\000\000\000\000\000\000"-
#41579	NEW    cov: 258 ft: 376 corp: 36/113Kb lim: 3670 exec/s: 41579 rss: 1335Mb L: 3309/3309 MS: 2 ChangeBinInt-Custom-
#65536	pulse  cov: 258 ft: 376 corp: 36/113Kb lim: 3901 exec/s: 32768 rss: 1335Mb
#99579	NEW    cov: 258 ft: 377 corp: 37/116Kb lim: 4096 exec/s: 33193 rss: 1335Mb L: 3309/3309 MS: 4 ChangeASCIIInt-Custom-ShuffleBytes-Custom-
#131072	pulse  cov: 258 ft: 377 corp: 37/116Kb lim: 4096 exec/s: 32768 rss: 1335Mb
#143324	NEW    cov: 258 ft: 378 corp: 38/119Kb lim: 4096 exec/s: 28664 rss: 1335Mb L: 3309/3309 MS: 10 ChangeASCIIInt-Custom-CopyPart-Custom-ChangeASCIIInt-Custom-ShuffleBytes-Custom-ChangeBit-Custom-
#252860	NEW    cov: 258 ft: 379 corp: 39/122Kb lim: 4096 exec/s: 25286 rss: 1335Mb L: 3309/3309 MS: 2 ChangeBit-Custom-
#262144	pulse  cov: 258 ft: 379 corp: 39/122Kb lim: 4096 exec/s: 26214 rss: 1335Mb
#524288	pulse  cov: 258 ft: 379 corp: 39/122Kb lim: 4096 exec/s: 24966 rss: 1335Mb
#1048576	pulse  cov: 258 ft: 379 corp: 39/122Kb lim: 4096 exec/s: 23831 rss: 1335Mb
#2097152	pulse  cov: 258 ft: 379 corp: 39/122Kb lim: 4096 exec/s: 23563 rss: 1335Mb
#2849756	NEW    cov: 258 ft: 380 corp: 40/126Kb lim: 4096 exec/s: 23747 rss: 1335Mb L: 3309/3309 MS: 2 ChangeBinInt-Custom-
#2854906	DONE   cov: 258 ft: 380 corp: 40/126Kb lim: 4096 exec/s: 23594 rss: 1335Mb
[INFO] Tests run: 7, Failures: 0, Errors: 0, Skipped: 0, Time elapsed: 123.4 s -- in org.pqcfuzz.fuzz.PqcDecodeFuzzTest
[INFO] Tests run: 7, Failures: 0, Errors: 0, Skipped: 0
