INFO: Loaded 287 hooks from com.code_intelligence.jazzer.runtime.TraceCmpHooks
INFO: Loaded 5 hooks from com.code_intelligence.jazzer.runtime.TraceDivHooks
INFO: Loaded 2 hooks from com.code_intelligence.jazzer.runtime.TraceIndirHooks
INFO: Loaded 4 hooks from com.code_intelligence.jazzer.runtime.NativeLibHooks
INFO: Loaded 2 hooks from com.code_intelligence.jazzer.sanitizers.ClojureLangHooks
INFO: Loaded 5 hooks from com.code_intelligence.jazzer.sanitizers.Deserialization
INFO: Loaded 5 hooks from com.code_intelligence.jazzer.sanitizers.ExpressionLanguageInjection
INFO: Loaded 70 hooks from com.code_intelligence.jazzer.sanitizers.LdapInjection
INFO: Loaded 46 hooks from com.code_intelligence.jazzer.sanitizers.NamingContextLookup
INFO: Loaded 1 hooks from com.code_intelligence.jazzer.sanitizers.OsCommandInjection
INFO: Loaded 48 hooks from com.code_intelligence.jazzer.sanitizers.ReflectiveCall
INFO: Loaded 8 hooks from com.code_intelligence.jazzer.sanitizers.RegexInjection
INFO: Loaded 16 hooks from com.code_intelligence.jazzer.sanitizers.RegexRoadblocks
INFO: Loaded 12 hooks from com.code_intelligence.jazzer.sanitizers.ScriptEngineInjection
INFO: Loaded 3 hooks from com.code_intelligence.jazzer.sanitizers.ServerSideRequestForgery
INFO: Loaded 19 hooks from com.code_intelligence.jazzer.sanitizers.SqlInjection
INFO: Loaded 6 hooks from com.code_intelligence.jazzer.sanitizers.XPathInjection
INFO: Instrumented org.pqcfuzz.classify.Classifier (took 65 ms, size +26%)
INFO: Instrumented org.pqcfuzz.target.FuzzTarget (took 1 ms, size +12%)
INFO: Instrumented org.pqcfuzz.classify.Outcome (took 2 ms, size +13%)
INFO: Instrumented org.pqcfuzz.fuzz.PqcDecodeFuzzTest (took 11 ms, size +12%)
INFO: Instrumented org.pqcfuzz.target.Targets (took 8 ms, size +19%)
INFO: Instrumented org.pqcfuzz.target.mlkem.MlKem768DecapTarget (took 1 ms, size +13%)
INFO: Instrumented org.pqcfuzz.target.mlkem.MlKem768PublicKeyParseTarget (took 1 ms, size +15%)
INFO: Instrumented org.pqcfuzz.target.mldsa.MlDsa65VerifyTarget (took 3 ms, size +11%)
INFO: Instrumented org.bouncycastle.crypto.CipherParameters (took 0 ms, size +0%)
INFO: Instrumented org.pqcfuzz.target.mldsa.MlDsa65PublicKeyParseTarget (took 2 ms, size +15%)
INFO: Instrumented org.pqcfuzz.target.slhdsa.SlhDsaVerifyTarget (took 3 ms, size +10%)
INFO: Instrumented org.pqcfuzz.target.slhdsa.SlhDsaPublicKeyParseTarget (took 2 ms, size +14%)
INFO: Instrumented org.pqcfuzz.target.mlkem.MlKem768ParseAndEncapsulateTarget (took 2 ms, size +11%)
INFO: Instrumented org.pqcfuzz.util.DeterministicSecureRandom (took 2 ms, size +24%)
INFO: Instrumented org.bouncycastle.crypto.params.AsymmetricKeyParameter (took 0 ms, size +32%)
INFO: Instrumented org.bouncycastle.crypto.params.MLKEMPublicKeyParameters (took 1 ms, size +22%)
INFO: Instrumented org.bouncycastle.crypto.params.MLKEMKeyParameters (took 0 ms, size +23%)
INFO: Instrumented org.pqcfuzz.target.mldsa.MlDsa65ParseAndVerifyTarget (took 2 ms, size +10%)
INFO: Instrumented org.pqcfuzz.target.slhdsa.SlhDsaParseAndVerifyTarget (took 1 ms, size +10%)
INFO: Instrumented org.pqcfuzz.target.jdk.JdkMlKem768DecapTarget (took 1 ms, size +12%)
INFO: Instrumented org.pqcfuzz.target.jdk.JdkMlKem768PublicKeyParseTarget (took 1 ms, size +11%)
INFO: Instrumented org.pqcfuzz.target.jdk.JdkMlDsa65VerifyTarget (took 1 ms, size +10%)
INFO: Instrumented org.pqcfuzz.target.jdk.JdkMlDsa65PublicKeyParseTarget (took 1 ms, size +12%)
INFO: Instrumented org.pqcfuzz.target.jdk.JdkMlKem768ParseAndEncapsulateTarget (took 3 ms, size +9%)
INFO: Instrumented org.pqcfuzz.target.jdk.JdkMlDsa65ParseAndVerifyTarget (took 3 ms, size +9%)
INFO: Instrumented org.pqcfuzz.target.mldsa.MlDsaKeys (took 1 ms, size +7%)
INFO: Instrumented org.bouncycastle.crypto.KeyGenerationParameters (took 0 ms, size +19%)
INFO: Instrumented org.bouncycastle.crypto.params.MLDSAKeyGenerationParameters (took 0 ms, size +20%)
INFO: Instrumented org.bouncycastle.crypto.CryptoException (took 0 ms, size +26%)
INFO: Instrumented org.bouncycastle.crypto.params.MLDSAParameters (took 0 ms, size +22%)
INFO: Instrumented org.bouncycastle.crypto.generators.MLDSAKeyPairGenerator (took 0 ms, size +7%)
INFO: Instrumented org.bouncycastle.crypto.AsymmetricCipherKeyPairGenerator (took 0 ms, size +0%)
INFO: Instrumented org.bouncycastle.crypto.params.MLDSAPrivateKeyParameters (took 4 ms, size +13%)
INFO: Instrumented org.bouncycastle.crypto.params.MLDSAKeyParameters (took 0 ms, size +23%)
INFO: Instrumented org.bouncycastle.crypto.params.MLDSAPublicKeyParameters (took 1 ms, size +18%)
INFO: New number of coverage counters: 1024
INFO: Instrumented org.bouncycastle.crypto.CryptoServicesRegistrar (took 4 ms, size +12%)
INFO: Instrumented org.bouncycastle.crypto.CryptoServicesPermission (took 1 ms, size +72%)
INFO: Instrumented org.bouncycastle.crypto.SecureRandomProvider (took 0 ms, size +0%)
INFO: Instrumented org.bouncycastle.crypto.CryptoServicesConstraints (took 0 ms, size +0%)
INFO: Instrumented org.bouncycastle.crypto.CryptoServicesRegistrar$ThreadLocalSecureRandomProvider (took 0 ms, size +13%)
INFO: Instrumented org.bouncycastle.crypto.CryptoServicesRegistrar$1 (took 0 ms, size +24%)
INFO: Instrumented org.bouncycastle.crypto.params.DSAParameters (took 1 ms, size +66%)
INFO: Instrumented org.bouncycastle.crypto.params.DSAValidationParameters (took 1 ms, size +38%)
INFO: Instrumented org.bouncycastle.util.encoders.Hex (took 2 ms, size +15%)
INFO: Instrumented org.bouncycastle.util.encoders.DecoderException (took 0 ms, size +27%)
INFO: Instrumented org.bouncycastle.util.encoders.EncoderException (took 0 ms, size +27%)
INFO: Instrumented org.bouncycastle.util.encoders.HexEncoder (took 2 ms, size +37%)
INFO: Instrumented org.bouncycastle.util.encoders.Encoder (took 0 ms, size +0%)
INFO: New number of coverage counters: 2048
INFO: Instrumented org.bouncycastle.util.Arrays (took 20 ms, size +34%)
INFO: Instrumented org.bouncycastle.crypto.CryptoServicesRegistrar$Property (took 1 ms, size +10%)
INFO: Instrumented org.bouncycastle.asn1.x9.X9ECParameters (took 5 ms, size +12%)
INFO: Instrumented org.bouncycastle.asn1.x9.X9ObjectIdentifiers (took 2 ms, size +3%)
INFO: Instrumented org.bouncycastle.asn1.ASN1Object (took 2 ms, size +30%)
INFO: Instrumented org.bouncycastle.asn1.ASN1Encodable (took 0 ms, size +0%)
INFO: Instrumented org.bouncycastle.util.Encodable (took 0 ms, size +0%)
INFO: Instrumented org.bouncycastle.crypto.params.DHParameters (took 3 ms, size +39%)
INFO: Instrumented org.bouncycastle.crypto.params.DHValidationParameters (took 5 ms, size +45%)
INFO: Instrumented org.bouncycastle.crypto.signers.mldsa.MLDSAEngine (took 4 ms, size +8%)
INFO: Instrumented org.bouncycastle.crypto.signers.mldsa.Symmetric (took 0 ms, size +18%)
INFO: Instrumented org.bouncycastle.crypto.signers.mldsa.Symmetric$ShakeSymmetric (took 0 ms, size +12%)
INFO: Instrumented org.bouncycastle.crypto.digests.SHAKEDigest (took 3 ms, size +22%)
INFO: Instrumented org.bouncycastle.crypto.Xof (took 0 ms, size +0%)
INFO: Instrumented org.bouncycastle.crypto.ExtendedDigest (took 0 ms, size +0%)
INFO: Instrumented org.bouncycastle.crypto.Digest (took 0 ms, size +0%)
INFO: Instrumented org.bouncycastle.crypto.SavableDigest (took 0 ms, size +0%)
INFO: Instrumented org.bouncycastle.crypto.digests.EncodableDigest (took 0 ms, size +0%)
INFO: Instrumented org.bouncycastle.crypto.EncodableService (took 0 ms, size +0%)
INFO: Instrumented org.bouncycastle.util.Memoable (took 0 ms, size +0%)
INFO: Instrumented org.bouncycastle.crypto.digests.KeccakDigest (took 4 ms, size +20%)
INFO: Instrumented org.bouncycastle.crypto.CryptoServicePurpose (took 1 ms, size +13%)
INFO: Instrumented org.bouncycastle.crypto.digests.Utils (took 0 ms, size +10%)
INFO: Instrumented org.bouncycastle.crypto.CryptoServiceProperties (took 0 ms, size +0%)
INFO: Instrumented org.bouncycastle.crypto.digests.Utils$DefaultProperties (took 0 ms, size +14%)
INFO: Instrumented org.bouncycastle.crypto.signers.mldsa.PolyVecMatrix (took 0 ms, size +25%)
INFO: Instrumented org.bouncycastle.crypto.signers.mldsa.PolyVec (took 2 ms, size +25%)
INFO: Instrumented org.bouncycastle.crypto.signers.mldsa.Poly (took 11 ms, size +18%)
INFO: Instrumented org.bouncycastle.util.Pack (took 6 ms, size +24%)
INFO: Instrumented org.bouncycastle.crypto.signers.mldsa.Ntt (took 1 ms, size +9%)
INFO: Instrumented org.bouncycastle.crypto.signers.mldsa.Reduce (took 0 ms, size +30%)
INFO: Instrumented org.bouncycastle.crypto.signers.mldsa.Rounding (took 0 ms, size +52%)
INFO: Instrumented org.bouncycastle.crypto.signers.mldsa.Packing (took 3 ms, size +20%)
INFO: Instrumented org.bouncycastle.crypto.AsymmetricCipherKeyPair (took 1 ms, size +13%)
INFO: Instrumented org.bouncycastle.crypto.signers.MLDSASigner (took 1 ms, size +12%)
INFO: Instrumented org.bouncycastle.crypto.Signer (took 0 ms, size +0%)
INFO: Instrumented org.bouncycastle.crypto.DataLengthException (took 0 ms, size +39%)
INFO: Instrumented org.bouncycastle.crypto.RuntimeCryptoException (took 0 ms, size +42%)
INFO: Instrumented org.bouncycastle.crypto.params.ParametersWithContext (took 0 ms, size +23%)
INFO: Instrumented org.bouncycastle.crypto.params.ParametersWithRandom (took 0 ms, size +13%)
INFO: Instrumented org.pqcfuzz.target.TargetKind (took 2 ms, size +12%)
INFO: Instrumented org.pqcfuzz.classify.ExpectedRejections (took 1 ms, size +41%)
INFO: using inputs from: <repo>/.cifuzz-corpus/org.pqcfuzz.fuzz.PqcDecodeFuzzTest/mlDsaParseAndVerify
INFO: using inputs from: <repo>/target/test-classes/org/pqcfuzz/fuzz/PqcDecodeFuzzTestInputs/mlDsaParseAndVerify
INFO: using inputs from: /var/folders/m8/hjsd0821793bcvxlpgdpt23r0000gn/T/jazzer-java-seeds16679432485402597977
INFO: found LLVMFuzzerCustomMutator (0x10953b038). Disabling -len_control by default.
INFO: Running with entropic power schedule (0xFF, 100).
INFO: Seed: 2865711850
INFO: Loaded 3 modules   (2048 inline 8-bit counters): 512 [0x7c190f0000, 0x7c190f0200), 512 [0x7c190f0200, 0x7c190f0400), 1024 [0x7c190f0400, 0x7c190f0800), 
INFO: Loaded 3 PC tables (2048 PCs): 512 [0x104e12710,0x104e14710), 512 [0x7c186a8000,0x7c186aa000), 1024 [0x7c1dcf8000,0x7c1dcfc000), 
INFO:        0 files found in <repo>/.cifuzz-corpus/org.pqcfuzz.fuzz.PqcDecodeFuzzTest/mlDsaParseAndVerify
INFO:        5 files found in <repo>/target/test-classes/org/pqcfuzz/fuzz/PqcDecodeFuzzTestInputs/mlDsaParseAndVerify
INFO:        0 files found in /var/folders/m8/hjsd0821793bcvxlpgdpt23r0000gn/T/jazzer-java-seeds16679432485402597977
INFO: -max_len is not provided; libFuzzer will not generate inputs larger than 4096 bytes
INFO: seed corpus: files: 5 min: 1952b max: 2016b total: 9824b rss: 1129Mb
#6	INITED cov: 285 ft: 310 corp: 4/7872b exec/s: 0 rss: 1130Mb
#11	REDUCE cov: 285 ft: 310 corp: 4/7090b lim: 2016 exec/s: 0 rss: 1130Mb L: 1234/1952 MS: 10 CopyPart-Custom-ChangeByte-Custom-CrossOver-Custom-ChangeBinInt-Custom-EraseBytes-Custom-
#62	REDUCE cov: 285 ft: 310 corp: 4/7076b lim: 2016 exec/s: 0 rss: 1130Mb L: 1220/1952 MS: 2 EraseBytes-Custom-
#106	REDUCE cov: 285 ft: 310 corp: 4/6777b lim: 2016 exec/s: 0 rss: 1130Mb L: 921/1952 MS: 8 CrossOver-Custom-CrossOver-Custom-CopyPart-Custom-EraseBytes-Custom-
#161	NEW    cov: 285 ft: 311 corp: 5/8729b lim: 2016 exec/s: 0 rss: 1130Mb L: 1952/1952 MS: 10 ShuffleBytes-Custom-ChangeByte-Custom-CopyPart-Custom-ChangeBit-Custom-CrossOver-Custom-
#176	REDUCE cov: 285 ft: 311 corp: 5/8642b lim: 2016 exec/s: 0 rss: 1130Mb L: 834/1952 MS: 10 InsertRepeatedBytes-Custom-ShuffleBytes-Custom-ChangeASCIIInt-Custom-ChangeASCIIInt-Custom-EraseBytes-Custom-
#358	REDUCE cov: 285 ft: 311 corp: 5/8250b lim: 2016 exec/s: 0 rss: 1130Mb L: 442/1952 MS: 4 CMP-Custom-EraseBytes-Custom- DE: "\001\000\000\000\000\000\000\000"-
#363	NEW    cov: 285 ft: 312 corp: 6/10202b lim: 2016 exec/s: 0 rss: 1130Mb L: 1952/1952 MS: 10 ChangeBinInt-Custom-ChangeASCIIInt-Custom-ChangeByte-Custom-ChangeASCIIInt-Custom-ChangeByte-Custom-
#447	REDUCE cov: 285 ft: 312 corp: 6/10091b lim: 2016 exec/s: 0 rss: 1130Mb L: 331/1952 MS: 8 ChangeByte-Custom-PersAutoDict-Custom-CopyPart-Custom-EraseBytes-Custom- DE: "\001\000\000\000\000\000\000\000"-
#473	REDUCE cov: 285 ft: 312 corp: 6/10031b lim: 2016 exec/s: 0 rss: 1130Mb L: 271/1952 MS: 2 CrossOver-Custom-
#519	NEW    cov: 285 ft: 313 corp: 7/11983b lim: 2016 exec/s: 0 rss: 1130Mb L: 1952/1952 MS: 2 ChangeByte-Custom-
#551	REDUCE cov: 285 ft: 313 corp: 7/11853b lim: 2016 exec/s: 0 rss: 1130Mb L: 141/1952 MS: 4 ShuffleBytes-Custom-EraseBytes-Custom-
#683	REDUCE cov: 285 ft: 313 corp: 7/11744b lim: 2016 exec/s: 0 rss: 1130Mb L: 32/1952 MS: 4 ShuffleBytes-Custom-CrossOver-Custom-
#714	REDUCE cov: 285 ft: 313 corp: 7/11733b lim: 2016 exec/s: 0 rss: 1130Mb L: 21/1952 MS: 2 EraseBytes-Custom-
#910	REDUCE cov: 285 ft: 313 corp: 7/11727b lim: 2016 exec/s: 0 rss: 1130Mb L: 15/1952 MS: 2 EraseBytes-Custom-
#915	REDUCE cov: 285 ft: 313 corp: 7/11725b lim: 2016 exec/s: 0 rss: 1130Mb L: 13/1952 MS: 10 InsertByte-Custom-ChangeByte-Custom-ChangeBit-Custom-InsertByte-Custom-EraseBytes-Custom-
#1146	REDUCE cov: 285 ft: 313 corp: 7/11724b lim: 2016 exec/s: 0 rss: 1130Mb L: 12/1952 MS: 2 EraseBytes-Custom-
#1193	REDUCE cov: 285 ft: 313 corp: 7/11721b lim: 2016 exec/s: 0 rss: 1131Mb L: 9/1952 MS: 4 CrossOver-Custom-EraseBytes-Custom-
#1198	REDUCE cov: 285 ft: 313 corp: 7/11720b lim: 2016 exec/s: 0 rss: 1131Mb L: 8/1952 MS: 10 ChangeBit-Custom-ShuffleBytes-Custom-ChangeBit-Custom-CrossOver-Custom-EraseBytes-Custom-
#1249	REDUCE cov: 285 ft: 313 corp: 7/11719b lim: 2016 exec/s: 0 rss: 1131Mb L: 7/1952 MS: 2 EraseBytes-Custom-
#1377	REDUCE cov: 285 ft: 313 corp: 7/11716b lim: 2016 exec/s: 0 rss: 1131Mb L: 4/1952 MS: 6 ShuffleBytes-Custom-InsertByte-Custom-EraseBytes-Custom-
#1583	REDUCE cov: 285 ft: 313 corp: 7/11715b lim: 2016 exec/s: 0 rss: 1131Mb L: 3/1952 MS: 2 EraseBytes-Custom-
#1664	REDUCE cov: 285 ft: 313 corp: 7/11714b lim: 2016 exec/s: 0 rss: 1131Mb L: 2/1952 MS: 2 EraseBytes-Custom-
#1977	REDUCE cov: 285 ft: 313 corp: 7/11713b lim: 2016 exec/s: 0 rss: 1131Mb L: 1/1952 MS: 6 ChangeBit-Custom-ShuffleBytes-Custom-EraseBytes-Custom-
#32768	pulse  cov: 285 ft: 313 corp: 7/11713b lim: 2320 exec/s: 10922 rss: 1133Mb
#56762	NEW    cov: 285 ft: 314 corp: 8/13665b lim: 2551 exec/s: 11352 rss: 1134Mb L: 1952/1952 MS: 2 ChangeByte-Custom-
#63607	NEW    cov: 285 ft: 315 corp: 9/15617b lim: 2617 exec/s: 10601 rss: 1134Mb L: 1952/1952 MS: 2 CopyPart-Custom-
#65536	pulse  cov: 285 ft: 315 corp: 9/15617b lim: 2628 exec/s: 10922 rss: 1134Mb
#131072	pulse  cov: 285 ft: 315 corp: 9/15617b lim: 3288 exec/s: 10082 rss: 1134Mb
#151834	NEW    cov: 285 ft: 316 corp: 10/17Kb lim: 3486 exec/s: 10122 rss: 1134Mb L: 1952/1952 MS: 4 ShuffleBytes-Custom-CrossOver-Custom-
#163561	NEW    cov: 285 ft: 317 corp: 11/19Kb lim: 3596 exec/s: 9621 rss: 1134Mb L: 1952/1952 MS: 4 ChangeByte-Custom-ShuffleBytes-Custom-
#262144	pulse  cov: 285 ft: 317 corp: 11/19Kb lim: 4096 exec/s: 9709 rss: 1134Mb
#524288	pulse  cov: 285 ft: 317 corp: 11/19Kb lim: 4096 exec/s: 9709 rss: 1134Mb
#1048576	pulse  cov: 285 ft: 317 corp: 11/19Kb lim: 4096 exec/s: 9799 rss: 1134Mb
#1173826	DONE   cov: 285 ft: 317 corp: 11/19Kb lim: 4096 exec/s: 9701 rss: 1134Mb
[INFO] Tests run: 7, Failures: 0, Errors: 0, Skipped: 0, Time elapsed: 123.3 s -- in org.pqcfuzz.fuzz.PqcDecodeFuzzTest
[INFO] Tests run: 7, Failures: 0, Errors: 0, Skipped: 0
