INFO: Loaded 287 hooks from com.code_intelligence.jazzer.runtime.TraceCmpHooks
INFO: Loaded 5 hooks from com.code_intelligence.jazzer.runtime.TraceDivHooks
INFO: Loaded 2 hooks from com.code_intelligence.jazzer.runtime.TraceIndirHooks
INFO: Loaded 4 hooks from com.code_intelligence.jazzer.runtime.NativeLibHooks
INFO: Loaded 2 hooks from com.code_intelligence.jazzer.sanitizers.ClojureLangHooks
INFO: Loaded 5 hooks from com.code_intelligence.jazzer.sanitizers.Deserialization
INFO: Loaded 5 hooks from com.code_intelligence.jazzer.sanitizers.ExpressionLanguageInjection
INFO: Loaded 70 hooks from com.code_intelligence.jazzer.sanitizers.LdapInjection
INFO: Loaded 46 hooks from com.code_intelligence.jazzer.sanitizers.NamingContextLookup
INFO: Loaded 1 hooks from com.code_intelligence.jazzer.sanitizers.OsCommandInjection
INFO: Loaded 48 hooks from com.code_intelligence.jazzer.sanitizers.ReflectiveCall
INFO: Loaded 8 hooks from com.code_intelligence.jazzer.sanitizers.RegexInjection
INFO: Loaded 16 hooks from com.code_intelligence.jazzer.sanitizers.RegexRoadblocks
INFO: Loaded 12 hooks from com.code_intelligence.jazzer.sanitizers.ScriptEngineInjection
INFO: Loaded 3 hooks from com.code_intelligence.jazzer.sanitizers.ServerSideRequestForgery
INFO: Loaded 19 hooks from com.code_intelligence.jazzer.sanitizers.SqlInjection
INFO: Loaded 6 hooks from com.code_intelligence.jazzer.sanitizers.XPathInjection
INFO: Instrumented org.pqcfuzz.classify.Classifier (took 79 ms, size +26%)
INFO: Instrumented org.pqcfuzz.target.FuzzTarget (took 2 ms, size +12%)
INFO: Instrumented org.pqcfuzz.classify.Outcome (took 4 ms, size +13%)
INFO: Instrumented org.pqcfuzz.fuzz.PqcDecodeFuzzTest (took 21 ms, size +12%)
INFO: Instrumented org.pqcfuzz.target.Targets (took 13 ms, size +19%)
INFO: Instrumented org.pqcfuzz.target.mlkem.MlKem768DecapTarget (took 3 ms, size +13%)
INFO: Instrumented org.pqcfuzz.target.mlkem.MlKem768PublicKeyParseTarget (took 3 ms, size +15%)
INFO: Instrumented org.pqcfuzz.target.mldsa.MlDsa65VerifyTarget (took 2 ms, size +11%)
INFO: Instrumented org.bouncycastle.crypto.CipherParameters (took 0 ms, size +0%)
INFO: Instrumented org.pqcfuzz.target.mldsa.MlDsa65PublicKeyParseTarget (took 1 ms, size +15%)
INFO: Instrumented org.pqcfuzz.target.slhdsa.SlhDsaVerifyTarget (took 3 ms, size +10%)
INFO: Instrumented org.pqcfuzz.target.slhdsa.SlhDsaPublicKeyParseTarget (took 3 ms, size +14%)
INFO: Instrumented org.pqcfuzz.target.mlkem.MlKem768ParseAndEncapsulateTarget (took 1 ms, size +11%)
INFO: Instrumented org.bouncycastle.crypto.params.AsymmetricKeyParameter (took 1 ms, size +32%)
INFO: Instrumented org.bouncycastle.crypto.params.MLKEMPublicKeyParameters (took 2 ms, size +22%)
INFO: Instrumented org.bouncycastle.crypto.params.MLKEMKeyParameters (took 1 ms, size +23%)
INFO: Instrumented org.pqcfuzz.util.DeterministicSecureRandom (took 2 ms, size +24%)
INFO: Instrumented org.pqcfuzz.target.mldsa.MlDsa65ParseAndVerifyTarget (took 3 ms, size +10%)
INFO: Instrumented org.pqcfuzz.target.slhdsa.SlhDsaParseAndVerifyTarget (took 2 ms, size +10%)
INFO: Instrumented org.pqcfuzz.target.jdk.JdkMlKem768DecapTarget (took 1 ms, size +12%)
INFO: Instrumented org.pqcfuzz.target.jdk.JdkMlKem768PublicKeyParseTarget (took 3 ms, size +11%)
INFO: Instrumented org.pqcfuzz.target.jdk.JdkMlDsa65VerifyTarget (took 3 ms, size +10%)
INFO: Instrumented org.pqcfuzz.target.jdk.JdkMlDsa65PublicKeyParseTarget (took 3 ms, size +12%)
INFO: Instrumented org.pqcfuzz.target.jdk.JdkMlKem768ParseAndEncapsulateTarget (took 2 ms, size +9%)
INFO: Instrumented org.pqcfuzz.target.jdk.JdkMlDsa65ParseAndVerifyTarget (took 1 ms, size +9%)
INFO: Instrumented org.pqcfuzz.target.mldsa.MlDsaKeys (took 0 ms, size +7%)
INFO: Instrumented org.bouncycastle.crypto.KeyGenerationParameters (took 1 ms, size +19%)
INFO: Instrumented org.bouncycastle.crypto.params.MLDSAKeyGenerationParameters (took 0 ms, size +20%)
INFO: Instrumented org.bouncycastle.crypto.CryptoException (took 1 ms, size +26%)
INFO: Instrumented org.bouncycastle.crypto.params.MLDSAParameters (took 2 ms, size +22%)
INFO: Instrumented org.bouncycastle.crypto.generators.MLDSAKeyPairGenerator (took 1 ms, size +7%)
INFO: Instrumented org.bouncycastle.crypto.AsymmetricCipherKeyPairGenerator (took 0 ms, size +0%)
INFO: Instrumented org.bouncycastle.crypto.params.MLDSAPrivateKeyParameters (took 6 ms, size +13%)
INFO: Instrumented org.bouncycastle.crypto.params.MLDSAKeyParameters (took 0 ms, size +23%)
INFO: Instrumented org.bouncycastle.crypto.params.MLDSAPublicKeyParameters (took 2 ms, size +18%)
INFO: New number of coverage counters: 1024
INFO: Instrumented org.bouncycastle.crypto.CryptoServicesRegistrar (took 5 ms, size +12%)
INFO: Instrumented org.bouncycastle.crypto.CryptoServicesPermission (took 1 ms, size +72%)
INFO: Instrumented org.bouncycastle.crypto.SecureRandomProvider (took 0 ms, size +0%)
INFO: Instrumented org.bouncycastle.crypto.CryptoServicesConstraints (took 0 ms, size +0%)
INFO: Instrumented org.bouncycastle.crypto.CryptoServicesRegistrar$ThreadLocalSecureRandomProvider (took 1 ms, size +13%)
INFO: Instrumented org.bouncycastle.crypto.CryptoServicesRegistrar$1 (took 0 ms, size +24%)
INFO: Instrumented org.bouncycastle.crypto.params.DSAParameters (took 1 ms, size +66%)
INFO: Instrumented org.bouncycastle.crypto.params.DSAValidationParameters (took 0 ms, size +38%)
INFO: Instrumented org.bouncycastle.util.encoders.Hex (took 1 ms, size +15%)
INFO: Instrumented org.bouncycastle.util.encoders.DecoderException (took 0 ms, size +27%)
INFO: Instrumented org.bouncycastle.util.encoders.EncoderException (took 0 ms, size +27%)
INFO: Instrumented org.bouncycastle.util.encoders.HexEncoder (took 2 ms, size +37%)
INFO: Instrumented org.bouncycastle.util.encoders.Encoder (took 0 ms, size +0%)
INFO: New number of coverage counters: 2048
INFO: Instrumented org.bouncycastle.util.Arrays (took 18 ms, size +34%)
INFO: Instrumented org.bouncycastle.crypto.CryptoServicesRegistrar$Property (took 2 ms, size +10%)
INFO: Instrumented org.bouncycastle.asn1.x9.X9ECParameters (took 2 ms, size +12%)
INFO: Instrumented org.bouncycastle.asn1.x9.X9ObjectIdentifiers (took 0 ms, size +3%)
INFO: Instrumented org.bouncycastle.asn1.ASN1Object (took 0 ms, size +30%)
INFO: Instrumented org.bouncycastle.asn1.ASN1Encodable (took 0 ms, size +0%)
INFO: Instrumented org.bouncycastle.util.Encodable (took 0 ms, size +0%)
INFO: Instrumented org.bouncycastle.crypto.params.DHParameters (took 1 ms, size +39%)
INFO: Instrumented org.bouncycastle.crypto.params.DHValidationParameters (took 0 ms, size +45%)
INFO: Instrumented org.bouncycastle.crypto.signers.mldsa.MLDSAEngine (took 7 ms, size +8%)
INFO: Instrumented org.bouncycastle.crypto.signers.mldsa.Symmetric (took 0 ms, size +18%)
INFO: Instrumented org.bouncycastle.crypto.signers.mldsa.Symmetric$ShakeSymmetric (took 1 ms, size +12%)
INFO: Instrumented org.bouncycastle.crypto.digests.SHAKEDigest (took 4 ms, size +22%)
INFO: Instrumented org.bouncycastle.crypto.Xof (took 0 ms, size +0%)
INFO: Instrumented org.bouncycastle.crypto.ExtendedDigest (took 0 ms, size +0%)
INFO: Instrumented org.bouncycastle.crypto.Digest (took 0 ms, size +0%)
INFO: Instrumented org.bouncycastle.crypto.SavableDigest (took 0 ms, size +0%)
INFO: Instrumented org.bouncycastle.crypto.digests.EncodableDigest (took 0 ms, size +0%)
INFO: Instrumented org.bouncycastle.crypto.EncodableService (took 0 ms, size +0%)
INFO: Instrumented org.bouncycastle.util.Memoable (took 0 ms, size +0%)
INFO: Instrumented org.bouncycastle.crypto.digests.KeccakDigest (took 6 ms, size +20%)
INFO: Instrumented org.bouncycastle.crypto.CryptoServicePurpose (took 1 ms, size +13%)
INFO: Instrumented org.bouncycastle.crypto.digests.Utils (took 0 ms, size +10%)
INFO: Instrumented org.bouncycastle.crypto.CryptoServiceProperties (took 0 ms, size +0%)
INFO: Instrumented org.bouncycastle.crypto.digests.Utils$DefaultProperties (took 0 ms, size +14%)
INFO: Instrumented org.bouncycastle.crypto.signers.mldsa.PolyVecMatrix (took 0 ms, size +25%)
INFO: Instrumented org.bouncycastle.crypto.signers.mldsa.PolyVec (took 2 ms, size +25%)
INFO: Instrumented org.bouncycastle.crypto.signers.mldsa.Poly (took 7 ms, size +18%)
INFO: Instrumented org.bouncycastle.util.Pack (took 16 ms, size +24%)
INFO: Instrumented org.bouncycastle.crypto.signers.mldsa.Ntt (took 1 ms, size +9%)
INFO: Instrumented org.bouncycastle.crypto.signers.mldsa.Reduce (took 1 ms, size +30%)
INFO: Instrumented org.bouncycastle.crypto.signers.mldsa.Rounding (took 1 ms, size +52%)
INFO: Instrumented org.bouncycastle.crypto.signers.mldsa.Packing (took 1 ms, size +20%)
INFO: Instrumented org.bouncycastle.crypto.AsymmetricCipherKeyPair (took 0 ms, size +13%)
INFO: Instrumented org.bouncycastle.crypto.signers.MLDSASigner (took 2 ms, size +12%)
INFO: Instrumented org.bouncycastle.crypto.Signer (took 0 ms, size +0%)
INFO: Instrumented org.bouncycastle.crypto.DataLengthException (took 0 ms, size +39%)
INFO: Instrumented org.bouncycastle.crypto.RuntimeCryptoException (took 0 ms, size +42%)
INFO: Instrumented org.bouncycastle.crypto.params.ParametersWithContext (took 0 ms, size +23%)
INFO: Instrumented org.bouncycastle.crypto.params.ParametersWithRandom (took 0 ms, size +13%)
INFO: Instrumented org.pqcfuzz.target.TargetKind (took 2 ms, size +12%)
INFO: Instrumented org.pqcfuzz.classify.ExpectedRejections (took 0 ms, size +41%)
INFO: found LLVMFuzzerCustomMutator (0x10937f038). Disabling -len_control by default.
INFO: Running with entropic power schedule (0xFF, 100).
INFO: Seed: 619308818
INFO: Loaded 3 modules   (2048 inline 8-bit counters): 512 [0x77b3010000, 0x77b3010200), 512 [0x77b3010200, 0x77b3010400), 1024 [0x77b3010400, 0x77b3010800), 
INFO: Loaded 3 PC tables (2048 PCs): 512 [0x104d7c8c0,0x104d7e8c0), 512 [0x77b0818000,0x77b081a000), 1024 [0x77b8248000,0x77b824c000), 
INFO:        0 files found in <repo>/.cifuzz-corpus/org.pqcfuzz.fuzz.PqcDecodeFuzzTest/mlDsaParseAndVerify
INFO:        5 files found in <repo>/target/test-classes/org/pqcfuzz/fuzz/PqcDecodeFuzzTestInputs/mlDsaParseAndVerify
INFO:        0 files found in /var/folders/m8/hjsd0821793bcvxlpgdpt23r0000gn/T/jazzer-java-seeds2306774446448423701
INFO: -max_len is not provided; libFuzzer will not generate inputs larger than 4096 bytes
INFO: seed corpus: files: 5 min: 1952b max: 2016b total: 9824b rss: 973Mb
INFO: using inputs from: <repo>/.cifuzz-corpus/org.pqcfuzz.fuzz.PqcDecodeFuzzTest/mlDsaParseAndVerify
INFO: using inputs from: <repo>/target/test-classes/org/pqcfuzz/fuzz/PqcDecodeFuzzTestInputs/mlDsaParseAndVerify
INFO: using inputs from: /var/folders/m8/hjsd0821793bcvxlpgdpt23r0000gn/T/jazzer-java-seeds2306774446448423701
#6	INITED cov: 285 ft: 310 corp: 4/7872b exec/s: 0 rss: 973Mb
#10	NEW    cov: 285 ft: 311 corp: 5/9824b lim: 2016 exec/s: 0 rss: 973Mb L: 1952/2016 MS: 8 ShuffleBytes-Custom-ChangeBinInt-Custom-ChangeByte-Custom-ChangeBit-Custom-
#20	REDUCE cov: 285 ft: 311 corp: 5/8718b lim: 2016 exec/s: 0 rss: 973Mb L: 910/1952 MS: 10 ChangeBinInt-Custom-ShuffleBytes-Custom-ChangeBit-Custom-ChangeASCIIInt-Custom-CrossOver-Custom-
#244	REDUCE cov: 285 ft: 311 corp: 5/8507b lim: 2016 exec/s: 0 rss: 973Mb L: 699/1952 MS: 8 ChangeByte-Custom-ChangeASCIIInt-Custom-CopyPart-Custom-EraseBytes-Custom-
#350	REDUCE cov: 285 ft: 311 corp: 5/8215b lim: 2016 exec/s: 0 rss: 973Mb L: 407/1952 MS: 2 CrossOver-Custom-
#482	REDUCE cov: 285 ft: 311 corp: 5/8017b lim: 2016 exec/s: 0 rss: 973Mb L: 209/1952 MS: 4 ChangeBit-Custom-EraseBytes-Custom-
#584	REDUCE cov: 285 ft: 311 corp: 5/7939b lim: 2016 exec/s: 0 rss: 973Mb L: 131/1952 MS: 4 InsertRepeatedBytes-Custom-EraseBytes-Custom-
#630	REDUCE cov: 285 ft: 311 corp: 5/7935b lim: 2016 exec/s: 0 rss: 973Mb L: 127/1952 MS: 2 EraseBytes-Custom-
#689	REDUCE cov: 285 ft: 311 corp: 5/7928b lim: 2016 exec/s: 0 rss: 973Mb L: 120/1952 MS: 8 ChangeBit-Custom-CopyPart-Custom-ChangeBit-Custom-EraseBytes-Custom-
#732	REDUCE cov: 285 ft: 311 corp: 5/7888b lim: 2016 exec/s: 0 rss: 973Mb L: 80/1952 MS: 6 ChangeBinInt-Custom-ShuffleBytes-Custom-EraseBytes-Custom-
#734	REDUCE cov: 285 ft: 311 corp: 5/7852b lim: 2016 exec/s: 0 rss: 973Mb L: 44/1952 MS: 4 InsertByte-Custom-EraseBytes-Custom-
#1271	REDUCE cov: 285 ft: 311 corp: 5/7851b lim: 2016 exec/s: 0 rss: 974Mb L: 43/1952 MS: 4 ChangeBit-Custom-EraseBytes-Custom-
#1299	REDUCE cov: 285 ft: 311 corp: 5/7843b lim: 2016 exec/s: 0 rss: 974Mb L: 35/1952 MS: 6 CopyPart-Custom-InsertByte-Custom-EraseBytes-Custom-
#1325	REDUCE cov: 285 ft: 311 corp: 5/7826b lim: 2016 exec/s: 0 rss: 974Mb L: 18/1952 MS: 2 EraseBytes-Custom-
#1401	REDUCE cov: 285 ft: 311 corp: 5/7823b lim: 2016 exec/s: 0 rss: 974Mb L: 15/1952 MS: 2 EraseBytes-Custom-
#1851	REDUCE cov: 285 ft: 311 corp: 5/7820b lim: 2016 exec/s: 0 rss: 974Mb L: 12/1952 MS: 10 ChangeBit-Custom-ChangeByte-Custom-ChangeBinInt-Custom-ChangeBit-Custom-EraseBytes-Custom-
#1987	REDUCE cov: 285 ft: 311 corp: 5/7818b lim: 2016 exec/s: 0 rss: 974Mb L: 10/1952 MS: 2 EraseBytes-Custom-
#2059	REDUCE cov: 285 ft: 311 corp: 5/7815b lim: 2016 exec/s: 0 rss: 974Mb L: 7/1952 MS: 4 ChangeBinInt-Custom-EraseBytes-Custom-
#2065	REDUCE cov: 285 ft: 311 corp: 5/7812b lim: 2016 exec/s: 0 rss: 974Mb L: 4/1952 MS: 2 EraseBytes-Custom-
#2067	REDUCE cov: 285 ft: 311 corp: 5/7811b lim: 2016 exec/s: 0 rss: 974Mb L: 3/1952 MS: 4 CrossOver-Custom-EraseBytes-Custom-
#2313	REDUCE cov: 285 ft: 311 corp: 5/7810b lim: 2016 exec/s: 0 rss: 974Mb L: 2/1952 MS: 2 EraseBytes-Custom-
#2396	REDUCE cov: 285 ft: 311 corp: 5/7809b lim: 2016 exec/s: 0 rss: 974Mb L: 1/1952 MS: 6 InsertByte-Custom-EraseBytes-Custom-EraseBytes-Custom-
#4484	NEW    cov: 285 ft: 312 corp: 6/9761b lim: 2036 exec/s: 0 rss: 974Mb L: 1952/1952 MS: 6 ChangeBinInt-Custom-CMP-Custom-ChangeByte-Custom- DE: "\377\377\377\377\377\377\377\377"-
#5487	NEW    cov: 285 ft: 313 corp: 7/11713b lim: 2036 exec/s: 0 rss: 974Mb L: 1952/1952 MS: 6 ChangeBit-Custom-CopyPart-Custom-CrossOver-Custom-
#18468	NEW    cov: 285 ft: 314 corp: 8/13665b lim: 2155 exec/s: 18468 rss: 974Mb L: 1952/1952 MS: 4 ChangeByte-Custom-PersAutoDict-Custom- DE: "\377\377\377\377\377\377\377\377"-
#32768	pulse  cov: 285 ft: 314 corp: 8/13665b lim: 2287 exec/s: 10922 rss: 974Mb
#38498	NEW    cov: 285 ft: 315 corp: 9/15617b lim: 2353 exec/s: 12832 rss: 974Mb L: 1952/1952 MS: 2 CrossOver-Custom-
#50665	NEW    cov: 285 ft: 316 corp: 10/17Kb lim: 2474 exec/s: 10133 rss: 974Mb L: 1952/1952 MS: 4 ShuffleBytes-Custom-PersAutoDict-Custom- DE: "\377\377\377\377\377\377\377\377"-
#51646	NEW    cov: 285 ft: 318 corp: 11/19Kb lim: 2474 exec/s: 10329 rss: 974Mb L: 1952/1952 MS: 2 ChangeASCIIInt-Custom-
#65536	pulse  cov: 285 ft: 318 corp: 11/19Kb lim: 2606 exec/s: 10922 rss: 974Mb
#75162	NEW    cov: 285 ft: 319 corp: 12/20Kb lim: 2705 exec/s: 10737 rss: 974Mb L: 1952/1952 MS: 2 CrossOver-Custom-
#83264	NEW    cov: 285 ft: 320 corp: 13/22Kb lim: 2782 exec/s: 10408 rss: 974Mb L: 1952/1952 MS: 4 ChangeByte-Custom-ChangeBinInt-Custom-
#131072	pulse  cov: 285 ft: 320 corp: 13/22Kb lim: 3255 exec/s: 9362 rss: 974Mb
#151655	NEW    cov: 285 ft: 321 corp: 14/24Kb lim: 3453 exec/s: 9478 rss: 974Mb L: 1952/1952 MS: 2 CopyPart-Custom-
#262144	pulse  cov: 285 ft: 321 corp: 14/24Kb lim: 4096 exec/s: 9362 rss: 974Mb
#524288	pulse  cov: 285 ft: 321 corp: 14/24Kb lim: 4096 exec/s: 9532 rss: 974Mb
#1048576	pulse  cov: 285 ft: 321 corp: 14/24Kb lim: 4096 exec/s: 9709 rss: 974Mb
#1147929	NEW    cov: 285 ft: 322 corp: 15/26Kb lim: 4096 exec/s: 9728 rss: 974Mb L: 1952/1952 MS: 8 ChangeASCIIInt-Custom-PersAutoDict-Custom-ChangeByte-Custom-CrossOver-Custom- DE: "\377\377\377\377\377\377\377\377"-
#1153875	NEW    cov: 285 ft: 324 corp: 16/28Kb lim: 4096 exec/s: 9696 rss: 974Mb L: 1952/1952 MS: 2 ChangeByte-Custom-
#1154472	NEW    cov: 285 ft: 325 corp: 17/30Kb lim: 4096 exec/s: 9701 rss: 974Mb L: 1952/1952 MS: 4 ChangeByte-Custom-ChangeBinInt-Custom-
#1172222	DONE   cov: 285 ft: 325 corp: 17/30Kb lim: 4096 exec/s: 9687 rss: 974Mb
[INFO] Tests run: 7, Failures: 0, Errors: 0, Skipped: 0, Time elapsed: 123.6 s -- in org.pqcfuzz.fuzz.PqcDecodeFuzzTest
[INFO] Tests run: 7, Failures: 0, Errors: 0, Skipped: 0
