INFO: Loaded 287 hooks from com.code_intelligence.jazzer.runtime.TraceCmpHooks
INFO: Loaded 5 hooks from com.code_intelligence.jazzer.runtime.TraceDivHooks
INFO: Loaded 2 hooks from com.code_intelligence.jazzer.runtime.TraceIndirHooks
INFO: Loaded 4 hooks from com.code_intelligence.jazzer.runtime.NativeLibHooks
INFO: Loaded 2 hooks from com.code_intelligence.jazzer.sanitizers.ClojureLangHooks
INFO: Loaded 5 hooks from com.code_intelligence.jazzer.sanitizers.Deserialization
INFO: Loaded 5 hooks from com.code_intelligence.jazzer.sanitizers.ExpressionLanguageInjection
INFO: Loaded 70 hooks from com.code_intelligence.jazzer.sanitizers.LdapInjection
INFO: Loaded 46 hooks from com.code_intelligence.jazzer.sanitizers.NamingContextLookup
INFO: Loaded 1 hooks from com.code_intelligence.jazzer.sanitizers.OsCommandInjection
INFO: Loaded 48 hooks from com.code_intelligence.jazzer.sanitizers.ReflectiveCall
INFO: Loaded 8 hooks from com.code_intelligence.jazzer.sanitizers.RegexInjection
INFO: Loaded 16 hooks from com.code_intelligence.jazzer.sanitizers.RegexRoadblocks
INFO: Loaded 12 hooks from com.code_intelligence.jazzer.sanitizers.ScriptEngineInjection
INFO: Loaded 3 hooks from com.code_intelligence.jazzer.sanitizers.ServerSideRequestForgery
INFO: Loaded 19 hooks from com.code_intelligence.jazzer.sanitizers.SqlInjection
INFO: Loaded 6 hooks from com.code_intelligence.jazzer.sanitizers.XPathInjection
INFO: Instrumented org.pqcfuzz.classify.Classifier (took 71 ms, size +26%)
INFO: Instrumented org.pqcfuzz.target.FuzzTarget (took 1 ms, size +12%)
INFO: Instrumented org.pqcfuzz.classify.Outcome (took 3 ms, size +13%)
INFO: Instrumented org.pqcfuzz.fuzz.PqcDecodeFuzzTest (took 12 ms, size +12%)
INFO: Instrumented org.pqcfuzz.target.Targets (took 18 ms, size +19%)
INFO: Instrumented org.pqcfuzz.target.mlkem.MlKem768DecapTarget (took 2 ms, size +13%)
INFO: Instrumented org.pqcfuzz.target.mlkem.MlKem768PublicKeyParseTarget (took 3 ms, size +15%)
INFO: Instrumented org.pqcfuzz.target.mldsa.MlDsa65VerifyTarget (took 5 ms, size +11%)
INFO: Instrumented org.bouncycastle.crypto.CipherParameters (took 0 ms, size +0%)
INFO: Instrumented org.pqcfuzz.target.mldsa.MlDsa65PublicKeyParseTarget (took 2 ms, size +15%)
INFO: Instrumented org.pqcfuzz.target.slhdsa.SlhDsaVerifyTarget (took 3 ms, size +10%)
INFO: Instrumented org.pqcfuzz.target.slhdsa.SlhDsaPublicKeyParseTarget (took 8 ms, size +14%)
INFO: Instrumented org.pqcfuzz.target.mlkem.MlKem768ParseAndEncapsulateTarget (took 2 ms, size +11%)
INFO: Instrumented org.bouncycastle.crypto.params.AsymmetricKeyParameter (took 0 ms, size +32%)
INFO: Instrumented org.bouncycastle.crypto.params.MLKEMPublicKeyParameters (took 2 ms, size +22%)
INFO: Instrumented org.bouncycastle.crypto.params.MLKEMKeyParameters (took 0 ms, size +23%)
INFO: Instrumented org.pqcfuzz.util.DeterministicSecureRandom (took 1 ms, size +24%)
INFO: Instrumented org.pqcfuzz.target.mldsa.MlDsa65ParseAndVerifyTarget (took 2 ms, size +10%)
INFO: Instrumented org.pqcfuzz.target.slhdsa.SlhDsaParseAndVerifyTarget (took 1 ms, size +10%)
INFO: Instrumented org.pqcfuzz.target.jdk.JdkMlKem768DecapTarget (took 1 ms, size +12%)
INFO: Instrumented org.pqcfuzz.target.jdk.JdkMlKem768PublicKeyParseTarget (took 1 ms, size +11%)
INFO: Instrumented org.pqcfuzz.target.jdk.JdkMlDsa65VerifyTarget (took 2 ms, size +10%)
INFO: Instrumented org.pqcfuzz.target.jdk.JdkMlDsa65PublicKeyParseTarget (took 1 ms, size +12%)
INFO: Instrumented org.pqcfuzz.target.jdk.JdkMlKem768ParseAndEncapsulateTarget (took 1 ms, size +9%)
INFO: Instrumented org.pqcfuzz.target.jdk.JdkMlDsa65ParseAndVerifyTarget (took 2 ms, size +9%)
INFO: Instrumented org.pqcfuzz.target.mldsa.MlDsaKeys (took 2 ms, size +7%)
INFO: Instrumented org.bouncycastle.crypto.KeyGenerationParameters (took 0 ms, size +19%)
INFO: Instrumented org.bouncycastle.crypto.params.MLDSAKeyGenerationParameters (took 0 ms, size +20%)
INFO: Instrumented org.bouncycastle.crypto.CryptoException (took 1 ms, size +26%)
INFO: Instrumented org.bouncycastle.crypto.params.MLDSAParameters (took 1 ms, size +22%)
INFO: Instrumented org.bouncycastle.crypto.generators.MLDSAKeyPairGenerator (took 0 ms, size +7%)
INFO: Instrumented org.bouncycastle.crypto.AsymmetricCipherKeyPairGenerator (took 0 ms, size +0%)
INFO: Instrumented org.bouncycastle.crypto.params.MLDSAPrivateKeyParameters (took 7 ms, size +13%)
INFO: Instrumented org.bouncycastle.crypto.params.MLDSAKeyParameters (took 0 ms, size +23%)
INFO: Instrumented org.bouncycastle.crypto.params.MLDSAPublicKeyParameters (took 1 ms, size +18%)
INFO: New number of coverage counters: 1024
INFO: Instrumented org.bouncycastle.crypto.CryptoServicesRegistrar (took 9 ms, size +12%)
INFO: Instrumented org.bouncycastle.crypto.CryptoServicesPermission (took 3 ms, size +72%)
INFO: Instrumented org.bouncycastle.crypto.SecureRandomProvider (took 0 ms, size +0%)
INFO: Instrumented org.bouncycastle.crypto.CryptoServicesConstraints (took 0 ms, size +0%)
INFO: Instrumented org.bouncycastle.crypto.CryptoServicesRegistrar$ThreadLocalSecureRandomProvider (took 0 ms, size +13%)
INFO: Instrumented org.bouncycastle.crypto.CryptoServicesRegistrar$1 (took 0 ms, size +24%)
INFO: Instrumented org.bouncycastle.crypto.params.DSAParameters (took 1 ms, size +66%)
INFO: Instrumented org.bouncycastle.crypto.params.DSAValidationParameters (took 2 ms, size +38%)
INFO: Instrumented org.bouncycastle.util.encoders.Hex (took 3 ms, size +15%)
INFO: Instrumented org.bouncycastle.util.encoders.DecoderException (took 0 ms, size +27%)
INFO: Instrumented org.bouncycastle.util.encoders.EncoderException (took 0 ms, size +27%)
INFO: Instrumented org.bouncycastle.util.encoders.HexEncoder (took 3 ms, size +37%)
INFO: Instrumented org.bouncycastle.util.encoders.Encoder (took 0 ms, size +0%)
INFO: New number of coverage counters: 2048
INFO: Instrumented org.bouncycastle.util.Arrays (took 32 ms, size +34%)
INFO: Instrumented org.bouncycastle.crypto.CryptoServicesRegistrar$Property (took 1 ms, size +10%)
INFO: Instrumented org.bouncycastle.asn1.x9.X9ECParameters (took 3 ms, size +12%)
INFO: Instrumented org.bouncycastle.asn1.x9.X9ObjectIdentifiers (took 2 ms, size +3%)
INFO: Instrumented org.bouncycastle.asn1.ASN1Object (took 3 ms, size +30%)
INFO: Instrumented org.bouncycastle.asn1.ASN1Encodable (took 0 ms, size +0%)
INFO: Instrumented org.bouncycastle.util.Encodable (took 0 ms, size +0%)
INFO: Instrumented org.bouncycastle.crypto.params.DHParameters (took 3 ms, size +39%)
INFO: Instrumented org.bouncycastle.crypto.params.DHValidationParameters (took 2 ms, size +45%)
INFO: Instrumented org.bouncycastle.crypto.signers.mldsa.MLDSAEngine (took 7 ms, size +8%)
INFO: Instrumented org.bouncycastle.crypto.signers.mldsa.Symmetric (took 0 ms, size +18%)
INFO: Instrumented org.bouncycastle.crypto.signers.mldsa.Symmetric$ShakeSymmetric (took 0 ms, size +12%)
INFO: Instrumented org.bouncycastle.crypto.digests.SHAKEDigest (took 3 ms, size +22%)
INFO: Instrumented org.bouncycastle.crypto.Xof (took 0 ms, size +0%)
INFO: Instrumented org.bouncycastle.crypto.ExtendedDigest (took 0 ms, size +0%)
INFO: Instrumented org.bouncycastle.crypto.Digest (took 0 ms, size +0%)
INFO: Instrumented org.bouncycastle.crypto.SavableDigest (took 0 ms, size +0%)
INFO: Instrumented org.bouncycastle.crypto.digests.EncodableDigest (took 0 ms, size +0%)
INFO: Instrumented org.bouncycastle.crypto.EncodableService (took 0 ms, size +0%)
INFO: Instrumented org.bouncycastle.util.Memoable (took 0 ms, size +0%)
INFO: Instrumented org.bouncycastle.crypto.digests.KeccakDigest (took 8 ms, size +20%)
INFO: Instrumented org.bouncycastle.crypto.CryptoServicePurpose (took 2 ms, size +13%)
INFO: Instrumented org.bouncycastle.crypto.digests.Utils (took 0 ms, size +10%)
INFO: Instrumented org.bouncycastle.crypto.CryptoServiceProperties (took 0 ms, size +0%)
INFO: Instrumented org.bouncycastle.crypto.digests.Utils$DefaultProperties (took 0 ms, size +14%)
INFO: Instrumented org.bouncycastle.crypto.signers.mldsa.PolyVecMatrix (took 0 ms, size +25%)
INFO: Instrumented org.bouncycastle.crypto.signers.mldsa.PolyVec (took 1 ms, size +25%)
INFO: Instrumented org.bouncycastle.crypto.signers.mldsa.Poly (took 13 ms, size +18%)
INFO: Instrumented org.bouncycastle.util.Pack (took 10 ms, size +24%)
INFO: Instrumented org.bouncycastle.crypto.signers.mldsa.Ntt (took 2 ms, size +9%)
INFO: Instrumented org.bouncycastle.crypto.signers.mldsa.Reduce (took 1 ms, size +30%)
INFO: Instrumented org.bouncycastle.crypto.signers.mldsa.Rounding (took 1 ms, size +52%)
INFO: Instrumented org.bouncycastle.crypto.signers.mldsa.Packing (took 2 ms, size +20%)
INFO: Instrumented org.bouncycastle.crypto.AsymmetricCipherKeyPair (took 1 ms, size +13%)
INFO: Instrumented org.pqcfuzz.target.TargetKind (took 1 ms, size +12%)
INFO: Instrumented org.pqcfuzz.classify.ExpectedRejections (took 0 ms, size +41%)
INFO: found LLVMFuzzerCustomMutator (0x109477038). Disabling -len_control by default.
INFO: Running with entropic power schedule (0xFF, 100).
INFO: Seed: 494319448
INFO: Loaded 3 modules   (2048 inline 8-bit counters): 512 [0x76eb05c000, 0x76eb05c200), 512 [0x76eb05c200, 0x76eb05c400), 1024 [0x76eb05c400, 0x76eb05c800), 
INFO: Loaded 3 PC tables (2048 PCs): 512 [0x104f56710,0x104f58710), 512 [0x76ead9c000,0x76ead9e000), 1024 [0x76ef800000,0x76ef804000), 
INFO:        0 files found in <repo>/.cifuzz-corpus/org.pqcfuzz.fuzz.PqcDecodeFuzzTest/mlDsaPublicKeyParse
INFO:        5 files found in <repo>/target/test-classes/org/pqcfuzz/fuzz/PqcDecodeFuzzTestInputs/mlDsaPublicKeyParse
INFO:        0 files found in /var/folders/m8/hjsd0821793bcvxlpgdpt23r0000gn/T/jazzer-java-seeds10770888151961105420
INFO: -max_len is not provided; libFuzzer will not generate inputs larger than 4096 bytes
INFO: seed corpus: files: 5 min: 1952b max: 2016b total: 9824b rss: 1165Mb
#6	INITED cov: 60 ft: 60 corp: 2/3968b exec/s: 0 rss: 1165Mb
#13	REDUCE cov: 60 ft: 60 corp: 2/3845b lim: 2016 exec/s: 0 rss: 1165Mb L: 1893/1952 MS: 4 ChangeBit-Custom-EraseBytes-Custom-
#41	REDUCE cov: 60 ft: 60 corp: 2/3211b lim: 2016 exec/s: 0 rss: 1165Mb L: 1259/1952 MS: 6 ChangeByte-Custom-ChangeByte-Custom-EraseBytes-Custom-
#67	REDUCE cov: 60 ft: 60 corp: 2/2650b lim: 2016 exec/s: 0 rss: 1165Mb L: 698/1952 MS: 2 EraseBytes-Custom-
#68	REDUCE cov: 60 ft: 60 corp: 2/2044b lim: 2016 exec/s: 0 rss: 1165Mb L: 92/1952 MS: 2 CrossOver-Custom-
#95	REDUCE cov: 60 ft: 60 corp: 2/2013b lim: 2016 exec/s: 0 rss: 1165Mb L: 61/1952 MS: 4 ChangeBit-Custom-EraseBytes-Custom-
#96	REDUCE cov: 60 ft: 60 corp: 2/2011b lim: 2016 exec/s: 0 rss: 1165Mb L: 59/1952 MS: 2 EraseBytes-Custom-
#123	REDUCE cov: 60 ft: 60 corp: 2/2008b lim: 2016 exec/s: 0 rss: 1165Mb L: 56/1952 MS: 4 ChangeASCIIInt-Custom-EraseBytes-Custom-
#169	REDUCE cov: 60 ft: 60 corp: 2/2002b lim: 2016 exec/s: 0 rss: 1165Mb L: 50/1952 MS: 2 EraseBytes-Custom-
#211	REDUCE cov: 60 ft: 60 corp: 2/2000b lim: 2016 exec/s: 0 rss: 1165Mb L: 48/1952 MS: 4 ChangeBinInt-Custom-EraseBytes-Custom-
#242	REDUCE cov: 60 ft: 60 corp: 2/1995b lim: 2016 exec/s: 0 rss: 1165Mb L: 43/1952 MS: 2 EraseBytes-Custom-
#249	REDUCE cov: 60 ft: 60 corp: 2/1979b lim: 2016 exec/s: 0 rss: 1165Mb L: 27/1952 MS: 4 ShuffleBytes-Custom-EraseBytes-Custom-
#341	REDUCE cov: 60 ft: 60 corp: 2/1977b lim: 2016 exec/s: 0 rss: 1165Mb L: 25/1952 MS: 4 ChangeASCIIInt-Custom-EraseBytes-Custom-
#373	REDUCE cov: 60 ft: 60 corp: 2/1975b lim: 2016 exec/s: 0 rss: 1165Mb L: 23/1952 MS: 4 ShuffleBytes-Custom-EraseBytes-Custom-
#401	REDUCE cov: 60 ft: 60 corp: 2/1974b lim: 2016 exec/s: 0 rss: 1165Mb L: 22/1952 MS: 6 ChangeByte-Custom-ChangeBit-Custom-EraseBytes-Custom-
#406	REDUCE cov: 60 ft: 60 corp: 2/1968b lim: 2016 exec/s: 0 rss: 1165Mb L: 16/1952 MS: 10 CopyPart-Custom-EraseBytes-Custom-ChangeBit-Custom-CopyPart-Custom-EraseBytes-Custom-
#472	REDUCE cov: 60 ft: 60 corp: 2/1963b lim: 2016 exec/s: 0 rss: 1165Mb L: 11/1952 MS: 2 EraseBytes-Custom-
#483	REDUCE cov: 60 ft: 60 corp: 2/1958b lim: 2016 exec/s: 0 rss: 1165Mb L: 6/1952 MS: 2 EraseBytes-Custom-
#496	REDUCE cov: 60 ft: 60 corp: 2/1956b lim: 2016 exec/s: 0 rss: 1165Mb L: 4/1952 MS: 6 ChangeBinInt-Custom-InsertByte-Custom-EraseBytes-Custom-
#514	REDUCE cov: 60 ft: 60 corp: 2/1955b lim: 2016 exec/s: 0 rss: 1165Mb L: 3/1952 MS: 6 InsertByte-Custom-ChangeBit-Custom-EraseBytes-Custom-
#594	REDUCE cov: 60 ft: 60 corp: 2/1954b lim: 2016 exec/s: 0 rss: 1165Mb L: 2/1952 MS: 10 ChangeByte-Custom-ChangeBit-Custom-ChangeByte-Custom-CopyPart-Custom-EraseBytes-Custom-
#603	REDUCE cov: 60 ft: 60 corp: 2/1953b lim: 2016 exec/s: 0 rss: 1165Mb L: 1/1952 MS: 8 ChangeBinInt-Custom-ShuffleBytes-Custom-ShuffleBytes-Custom-EraseBytes-Custom-
INFO: using inputs from: <repo>/.cifuzz-corpus/org.pqcfuzz.fuzz.PqcDecodeFuzzTest/mlDsaPublicKeyParse
INFO: using inputs from: <repo>/target/test-classes/org/pqcfuzz/fuzz/PqcDecodeFuzzTestInputs/mlDsaPublicKeyParse
INFO: using inputs from: /var/folders/m8/hjsd0821793bcvxlpgdpt23r0000gn/T/jazzer-java-seeds10770888151961105420
#524288	pulse  cov: 60 ft: 60 corp: 2/1953b lim: 4096 exec/s: 174762 rss: 1166Mb
#1048576	pulse  cov: 60 ft: 60 corp: 2/1953b lim: 4096 exec/s: 174762 rss: 1166Mb
#2097152	pulse  cov: 60 ft: 60 corp: 2/1953b lim: 4096 exec/s: 174762 rss: 1166Mb
#4194304	pulse  cov: 60 ft: 60 corp: 2/1953b lim: 4096 exec/s: 174762 rss: 1166Mb
#8388608	pulse  cov: 60 ft: 60 corp: 2/1953b lim: 4096 exec/s: 174762 rss: 1166Mb
#16777216	pulse  cov: 60 ft: 60 corp: 2/1953b lim: 4096 exec/s: 176602 rss: 1166Mb
#21416508	DONE   cov: 60 ft: 60 corp: 2/1953b lim: 4096 exec/s: 176995 rss: 1166Mb
[INFO] Tests run: 7, Failures: 0, Errors: 0, Skipped: 0, Time elapsed: 123.7 s -- in org.pqcfuzz.fuzz.PqcDecodeFuzzTest
[INFO] Tests run: 7, Failures: 0, Errors: 0, Skipped: 0
