INFO: Loaded 287 hooks from com.code_intelligence.jazzer.runtime.TraceCmpHooks
INFO: Loaded 5 hooks from com.code_intelligence.jazzer.runtime.TraceDivHooks
INFO: Loaded 2 hooks from com.code_intelligence.jazzer.runtime.TraceIndirHooks
INFO: Loaded 4 hooks from com.code_intelligence.jazzer.runtime.NativeLibHooks
INFO: Loaded 2 hooks from com.code_intelligence.jazzer.sanitizers.ClojureLangHooks
INFO: Loaded 5 hooks from com.code_intelligence.jazzer.sanitizers.Deserialization
INFO: Loaded 5 hooks from com.code_intelligence.jazzer.sanitizers.ExpressionLanguageInjection
INFO: Loaded 70 hooks from com.code_intelligence.jazzer.sanitizers.LdapInjection
INFO: Loaded 46 hooks from com.code_intelligence.jazzer.sanitizers.NamingContextLookup
INFO: Loaded 1 hooks from com.code_intelligence.jazzer.sanitizers.OsCommandInjection
INFO: Loaded 48 hooks from com.code_intelligence.jazzer.sanitizers.ReflectiveCall
INFO: Loaded 8 hooks from com.code_intelligence.jazzer.sanitizers.RegexInjection
INFO: Loaded 16 hooks from com.code_intelligence.jazzer.sanitizers.RegexRoadblocks
INFO: Loaded 12 hooks from com.code_intelligence.jazzer.sanitizers.ScriptEngineInjection
INFO: Loaded 3 hooks from com.code_intelligence.jazzer.sanitizers.ServerSideRequestForgery
INFO: Loaded 19 hooks from com.code_intelligence.jazzer.sanitizers.SqlInjection
INFO: Loaded 6 hooks from com.code_intelligence.jazzer.sanitizers.XPathInjection
INFO: Instrumented org.pqcfuzz.classify.Classifier (took 62 ms, size +26%)
INFO: Instrumented org.pqcfuzz.target.FuzzTarget (took 0 ms, size +12%)
INFO: Instrumented org.pqcfuzz.classify.Outcome (took 2 ms, size +13%)
INFO: Instrumented org.pqcfuzz.fuzz.PqcDecodeFuzzTest (took 9 ms, size +12%)
INFO: Instrumented org.pqcfuzz.target.Targets (took 8 ms, size +19%)
INFO: Instrumented org.pqcfuzz.target.mlkem.MlKem768DecapTarget (took 4 ms, size +13%)
INFO: Instrumented org.pqcfuzz.target.mlkem.MlKem768PublicKeyParseTarget (took 5 ms, size +15%)
INFO: Instrumented org.pqcfuzz.target.mldsa.MlDsa65VerifyTarget (took 5 ms, size +11%)
INFO: Instrumented org.bouncycastle.crypto.CipherParameters (took 0 ms, size +0%)
INFO: Instrumented org.pqcfuzz.target.mldsa.MlDsa65PublicKeyParseTarget (took 2 ms, size +15%)
INFO: Instrumented org.pqcfuzz.target.slhdsa.SlhDsaVerifyTarget (took 1 ms, size +10%)
INFO: Instrumented org.pqcfuzz.target.slhdsa.SlhDsaPublicKeyParseTarget (took 1 ms, size +14%)
INFO: Instrumented org.pqcfuzz.target.mlkem.MlKem768ParseAndEncapsulateTarget (took 1 ms, size +11%)
INFO: Instrumented org.bouncycastle.crypto.params.AsymmetricKeyParameter (took 0 ms, size +32%)
INFO: Instrumented org.bouncycastle.crypto.params.MLKEMPublicKeyParameters (took 1 ms, size +22%)
INFO: Instrumented org.bouncycastle.crypto.params.MLKEMKeyParameters (took 0 ms, size +23%)
INFO: Instrumented org.pqcfuzz.util.DeterministicSecureRandom (took 1 ms, size +24%)
INFO: Instrumented org.pqcfuzz.target.mldsa.MlDsa65ParseAndVerifyTarget (took 2 ms, size +10%)
INFO: Instrumented org.pqcfuzz.target.slhdsa.SlhDsaParseAndVerifyTarget (took 1 ms, size +10%)
INFO: Instrumented org.pqcfuzz.target.jdk.JdkMlKem768DecapTarget (took 2 ms, size +12%)
INFO: Instrumented org.pqcfuzz.target.jdk.JdkMlKem768PublicKeyParseTarget (took 2 ms, size +11%)
INFO: Instrumented org.pqcfuzz.target.jdk.JdkMlDsa65VerifyTarget (took 1 ms, size +10%)
INFO: Instrumented org.pqcfuzz.target.jdk.JdkMlDsa65PublicKeyParseTarget (took 1 ms, size +12%)
INFO: Instrumented org.pqcfuzz.target.jdk.JdkMlKem768ParseAndEncapsulateTarget (took 1 ms, size +9%)
INFO: Instrumented org.pqcfuzz.target.jdk.JdkMlDsa65ParseAndVerifyTarget (took 1 ms, size +9%)
INFO: Instrumented org.pqcfuzz.target.mldsa.MlDsaKeys (took 0 ms, size +7%)
INFO: Instrumented org.bouncycastle.crypto.KeyGenerationParameters (took 0 ms, size +19%)
INFO: Instrumented org.bouncycastle.crypto.params.MLDSAKeyGenerationParameters (took 0 ms, size +20%)
INFO: Instrumented org.bouncycastle.crypto.CryptoException (took 1 ms, size +26%)
INFO: Instrumented org.bouncycastle.crypto.params.MLDSAParameters (took 2 ms, size +22%)
INFO: Instrumented org.bouncycastle.crypto.generators.MLDSAKeyPairGenerator (took 1 ms, size +7%)
INFO: Instrumented org.bouncycastle.crypto.AsymmetricCipherKeyPairGenerator (took 0 ms, size +0%)
INFO: Instrumented org.bouncycastle.crypto.params.MLDSAPrivateKeyParameters (took 6 ms, size +13%)
INFO: Instrumented org.bouncycastle.crypto.params.MLDSAKeyParameters (took 1 ms, size +23%)
INFO: Instrumented org.bouncycastle.crypto.params.MLDSAPublicKeyParameters (took 3 ms, size +18%)
INFO: New number of coverage counters: 1024
INFO: Instrumented org.bouncycastle.crypto.CryptoServicesRegistrar (took 10 ms, size +12%)
INFO: Instrumented org.bouncycastle.crypto.CryptoServicesPermission (took 7 ms, size +72%)
INFO: Instrumented org.bouncycastle.crypto.SecureRandomProvider (took 0 ms, size +0%)
INFO: Instrumented org.bouncycastle.crypto.CryptoServicesConstraints (took 0 ms, size +0%)
INFO: Instrumented org.bouncycastle.crypto.CryptoServicesRegistrar$ThreadLocalSecureRandomProvider (took 0 ms, size +13%)
INFO: Instrumented org.bouncycastle.crypto.CryptoServicesRegistrar$1 (took 0 ms, size +24%)
INFO: Instrumented org.bouncycastle.crypto.params.DSAParameters (took 1 ms, size +66%)
INFO: Instrumented org.bouncycastle.crypto.params.DSAValidationParameters (took 1 ms, size +38%)
INFO: Instrumented org.bouncycastle.util.encoders.Hex (took 1 ms, size +15%)
INFO: Instrumented org.bouncycastle.util.encoders.DecoderException (took 0 ms, size +27%)
INFO: Instrumented org.bouncycastle.util.encoders.EncoderException (took 0 ms, size +27%)
INFO: Instrumented org.bouncycastle.util.encoders.HexEncoder (took 4 ms, size +37%)
INFO: Instrumented org.bouncycastle.util.encoders.Encoder (took 0 ms, size +0%)
INFO: New number of coverage counters: 2048
INFO: Instrumented org.bouncycastle.util.Arrays (took 21 ms, size +34%)
INFO: Instrumented org.bouncycastle.crypto.CryptoServicesRegistrar$Property (took 1 ms, size +10%)
INFO: Instrumented org.bouncycastle.asn1.x9.X9ECParameters (took 2 ms, size +12%)
INFO: Instrumented org.bouncycastle.asn1.x9.X9ObjectIdentifiers (took 0 ms, size +3%)
INFO: Instrumented org.bouncycastle.asn1.ASN1Object (took 0 ms, size +30%)
INFO: Instrumented org.bouncycastle.asn1.ASN1Encodable (took 0 ms, size +0%)
INFO: Instrumented org.bouncycastle.util.Encodable (took 0 ms, size +0%)
INFO: Instrumented org.bouncycastle.crypto.params.DHParameters (took 1 ms, size +39%)
INFO: Instrumented org.bouncycastle.crypto.params.DHValidationParameters (took 0 ms, size +45%)
INFO: Instrumented org.bouncycastle.crypto.signers.mldsa.MLDSAEngine (took 5 ms, size +8%)
INFO: Instrumented org.bouncycastle.crypto.signers.mldsa.Symmetric (took 0 ms, size +18%)
INFO: Instrumented org.bouncycastle.crypto.signers.mldsa.Symmetric$ShakeSymmetric (took 0 ms, size +12%)
INFO: Instrumented org.bouncycastle.crypto.digests.SHAKEDigest (took 2 ms, size +22%)
INFO: Instrumented org.bouncycastle.crypto.Xof (took 0 ms, size +0%)
INFO: Instrumented org.bouncycastle.crypto.ExtendedDigest (took 0 ms, size +0%)
INFO: Instrumented org.bouncycastle.crypto.Digest (took 0 ms, size +0%)
INFO: Instrumented org.bouncycastle.crypto.SavableDigest (took 0 ms, size +0%)
INFO: Instrumented org.bouncycastle.crypto.digests.EncodableDigest (took 0 ms, size +0%)
INFO: Instrumented org.bouncycastle.crypto.EncodableService (took 0 ms, size +0%)
INFO: Instrumented org.bouncycastle.util.Memoable (took 0 ms, size +0%)
INFO: Instrumented org.bouncycastle.crypto.digests.KeccakDigest (took 4 ms, size +20%)
INFO: Instrumented org.bouncycastle.crypto.CryptoServicePurpose (took 2 ms, size +13%)
INFO: Instrumented org.bouncycastle.crypto.digests.Utils (took 0 ms, size +10%)
INFO: Instrumented org.bouncycastle.crypto.CryptoServiceProperties (took 0 ms, size +0%)
INFO: Instrumented org.bouncycastle.crypto.digests.Utils$DefaultProperties (took 1 ms, size +14%)
INFO: Instrumented org.bouncycastle.crypto.signers.mldsa.PolyVecMatrix (took 1 ms, size +25%)
INFO: Instrumented org.bouncycastle.crypto.signers.mldsa.PolyVec (took 4 ms, size +25%)
INFO: Instrumented org.bouncycastle.crypto.signers.mldsa.Poly (took 12 ms, size +18%)
INFO: Instrumented org.bouncycastle.util.Pack (took 4 ms, size +24%)
INFO: Instrumented org.bouncycastle.crypto.signers.mldsa.Ntt (took 1 ms, size +9%)
INFO: Instrumented org.bouncycastle.crypto.signers.mldsa.Reduce (took 0 ms, size +30%)
INFO: Instrumented org.bouncycastle.crypto.signers.mldsa.Rounding (took 0 ms, size +52%)
INFO: Instrumented org.bouncycastle.crypto.signers.mldsa.Packing (took 1 ms, size +20%)
INFO: Instrumented org.bouncycastle.crypto.AsymmetricCipherKeyPair (took 0 ms, size +13%)
INFO: Instrumented org.bouncycastle.crypto.signers.MLDSASigner (took 3 ms, size +12%)
INFO: Instrumented org.bouncycastle.crypto.Signer (took 0 ms, size +0%)
INFO: Instrumented org.bouncycastle.crypto.DataLengthException (took 0 ms, size +39%)
INFO: Instrumented org.bouncycastle.crypto.RuntimeCryptoException (took 0 ms, size +42%)
INFO: Instrumented org.bouncycastle.crypto.params.ParametersWithContext (took 0 ms, size +23%)
INFO: Instrumented org.bouncycastle.crypto.params.ParametersWithRandom (took 0 ms, size +13%)
INFO: Instrumented org.pqcfuzz.target.TargetKind (took 2 ms, size +12%)
INFO: Instrumented org.pqcfuzz.classify.ExpectedRejections (took 1 ms, size +41%)
INFO: found LLVMFuzzerCustomMutator (0x10934b038). Disabling -len_control by default.
INFO: Running with entropic power schedule (0xFF, 100).
INFO: Seed: 1743053258
INFO: Loaded 3 modules   (2048 inline 8-bit counters): 512 [0x790903c000, 0x790903c200), 512 [0x790903c200, 0x790903c400), 1024 [0x790903c400, 0x790903c800), 
INFO: Loaded 3 PC tables (2048 PCs): 512 [0x104bbb150,0x104bbd150), 512 [0x790a614000,0x790a616000), 1024 [0x790d6f8000,0x790d6fc000), 
INFO:        0 files found in <repo>/.cifuzz-corpus/org.pqcfuzz.fuzz.PqcDecodeFuzzTest/mlDsaParseAndVerify
INFO:        5 files found in <repo>/target/test-classes/org/pqcfuzz/fuzz/PqcDecodeFuzzTestInputs/mlDsaParseAndVerify
INFO:        0 files found in /var/folders/m8/hjsd0821793bcvxlpgdpt23r0000gn/T/jazzer-java-seeds2292846382608838949
INFO: -max_len is not provided; libFuzzer will not generate inputs larger than 4096 bytes
INFO: seed corpus: files: 5 min: 1952b max: 2016b total: 9824b rss: 1143Mb
#6	INITED cov: 285 ft: 310 corp: 4/7872b exec/s: 0 rss: 1144Mb
#99	REDUCE cov: 285 ft: 310 corp: 4/6796b lim: 2016 exec/s: 0 rss: 1144Mb L: 940/1952 MS: 6 CopyPart-Custom-ChangeBit-Custom-CrossOver-Custom-
#252	NEW    cov: 285 ft: 311 corp: 5/8748b lim: 2016 exec/s: 0 rss: 1144Mb L: 1952/1952 MS: 6 ChangeASCIIInt-Custom-CrossOver-Custom-ChangeByte-Custom-
#260	REDUCE cov: 285 ft: 311 corp: 5/8392b lim: 2016 exec/s: 0 rss: 1144Mb L: 584/1952 MS: 6 ChangeASCIIInt-Custom-CrossOver-Custom-EraseBytes-Custom-
#262	REDUCE cov: 285 ft: 311 corp: 5/8254b lim: 2016 exec/s: 0 rss: 1144Mb L: 446/1952 MS: 4 ChangeASCIIInt-Custom-EraseBytes-Custom-
#267	REDUCE cov: 285 ft: 311 corp: 5/8118b lim: 2016 exec/s: 0 rss: 1144Mb L: 310/1952 MS: 10 CopyPart-Custom-ChangeASCIIInt-Custom-ChangeBit-Custom-ChangeByte-Custom-EraseBytes-Custom-
#268	NEW    cov: 285 ft: 312 corp: 6/10070b lim: 2016 exec/s: 0 rss: 1144Mb L: 1952/1952 MS: 2 ChangeByte-Custom-
INFO: using inputs from: <repo>/.cifuzz-corpus/org.pqcfuzz.fuzz.PqcDecodeFuzzTest/mlDsaParseAndVerify
INFO: using inputs from: <repo>/target/test-classes/org/pqcfuzz/fuzz/PqcDecodeFuzzTestInputs/mlDsaParseAndVerify
INFO: using inputs from: /var/folders/m8/hjsd0821793bcvxlpgdpt23r0000gn/T/jazzer-java-seeds2292846382608838949
#344	REDUCE cov: 285 ft: 312 corp: 6/9964b lim: 2016 exec/s: 0 rss: 1144Mb L: 204/1952 MS: 2 EraseBytes-Custom-
#693	REDUCE cov: 285 ft: 312 corp: 6/9926b lim: 2016 exec/s: 0 rss: 1144Mb L: 166/1952 MS: 8 CrossOver-Custom-ChangeByte-Custom-ChangeByte-Custom-EraseBytes-Custom-
#789	REDUCE cov: 285 ft: 312 corp: 6/9883b lim: 2016 exec/s: 0 rss: 1144Mb L: 123/1952 MS: 2 EraseBytes-Custom-
#1250	REDUCE cov: 285 ft: 312 corp: 6/9857b lim: 2016 exec/s: 0 rss: 1144Mb L: 97/1952 MS: 2 EraseBytes-Custom-
#1570	REDUCE cov: 285 ft: 312 corp: 6/9847b lim: 2016 exec/s: 0 rss: 1144Mb L: 87/1952 MS: 10 CMP-Custom-ShuffleBytes-Custom-CopyPart-Custom-CopyPart-Custom-EraseBytes-Custom- DE: "\0000"-
#1981	REDUCE cov: 285 ft: 312 corp: 6/9804b lim: 2016 exec/s: 0 rss: 1144Mb L: 44/1952 MS: 2 EraseBytes-Custom-
#2153	REDUCE cov: 285 ft: 312 corp: 6/9803b lim: 2016 exec/s: 0 rss: 1144Mb L: 43/1952 MS: 4 PersAutoDict-Custom-EraseBytes-Custom- DE: "\0000"-
#2351	REDUCE cov: 285 ft: 312 corp: 6/9802b lim: 2016 exec/s: 0 rss: 1144Mb L: 42/1952 MS: 6 CrossOver-Custom-PersAutoDict-Custom-EraseBytes-Custom- DE: "\0000"-
#2850	REDUCE cov: 285 ft: 312 corp: 6/9795b lim: 2016 exec/s: 0 rss: 1144Mb L: 35/1952 MS: 8 ChangeBit-Custom-CopyPart-Custom-ChangeByte-Custom-EraseBytes-Custom-
#2908	REDUCE cov: 285 ft: 312 corp: 6/9782b lim: 2016 exec/s: 0 rss: 1144Mb L: 22/1952 MS: 6 PersAutoDict-Custom-PersAutoDict-Custom-EraseBytes-Custom- DE: "\0000"-"\0000"-
#3049	REDUCE cov: 285 ft: 312 corp: 6/9771b lim: 2016 exec/s: 0 rss: 1144Mb L: 11/1952 MS: 2 EraseBytes-Custom-
#3100	REDUCE cov: 285 ft: 312 corp: 6/9769b lim: 2016 exec/s: 0 rss: 1144Mb L: 9/1952 MS: 2 EraseBytes-Custom-
#3341	REDUCE cov: 285 ft: 312 corp: 6/9768b lim: 2016 exec/s: 0 rss: 1144Mb L: 8/1952 MS: 2 EraseBytes-Custom-
#3378	REDUCE cov: 285 ft: 312 corp: 6/9764b lim: 2016 exec/s: 0 rss: 1144Mb L: 4/1952 MS: 4 ChangeBit-Custom-EraseBytes-Custom-
#3797	REDUCE cov: 285 ft: 312 corp: 6/9763b lim: 2016 exec/s: 0 rss: 1144Mb L: 3/1952 MS: 8 ChangeBinInt-Custom-ChangeBinInt-Custom-CrossOver-Custom-EraseBytes-Custom-
#3968	REDUCE cov: 285 ft: 312 corp: 6/9762b lim: 2016 exec/s: 0 rss: 1144Mb L: 2/1952 MS: 2 EraseBytes-Custom-
#4241	REDUCE cov: 285 ft: 312 corp: 6/9761b lim: 2016 exec/s: 0 rss: 1144Mb L: 1/1952 MS: 6 ShuffleBytes-Custom-ShuffleBytes-Custom-EraseBytes-Custom-
#12422	NEW    cov: 285 ft: 313 corp: 7/11713b lim: 2089 exec/s: 12422 rss: 1144Mb L: 1952/1952 MS: 2 ChangeBit-Custom-
#26750	NEW    cov: 285 ft: 314 corp: 8/13665b lim: 2221 exec/s: 13375 rss: 1144Mb L: 1952/1952 MS: 4 ChangeBit-Custom-CopyPart-Custom-
#32768	pulse  cov: 285 ft: 314 corp: 8/13665b lim: 2276 exec/s: 10922 rss: 1144Mb
#65536	pulse  cov: 285 ft: 314 corp: 8/13665b lim: 2606 exec/s: 9362 rss: 1144Mb
#75421	NEW    cov: 285 ft: 315 corp: 9/15617b lim: 2705 exec/s: 9427 rss: 1144Mb L: 1952/1952 MS: 2 ShuffleBytes-Custom-
#76798	NEW    cov: 285 ft: 316 corp: 10/17Kb lim: 2716 exec/s: 9599 rss: 1144Mb L: 1952/1952 MS: 4 ShuffleBytes-Custom-ChangeBinInt-Custom-
#86395	NEW    cov: 285 ft: 317 corp: 11/19Kb lim: 2804 exec/s: 9599 rss: 1144Mb L: 1952/1952 MS: 4 PersAutoDict-Custom-CrossOver-Custom- DE: "\0000"-
#131072	pulse  cov: 285 ft: 317 corp: 11/19Kb lim: 3244 exec/s: 9362 rss: 1144Mb
#261851	NEW    cov: 285 ft: 318 corp: 12/20Kb lim: 4096 exec/s: 9351 rss: 1144Mb L: 1952/1952 MS: 2 CrossOver-Custom-
#262144	pulse  cov: 285 ft: 318 corp: 12/20Kb lim: 4096 exec/s: 9362 rss: 1144Mb
#262522	NEW    cov: 285 ft: 320 corp: 13/22Kb lim: 4096 exec/s: 9375 rss: 1144Mb L: 1952/1952 MS: 2 PersAutoDict-Custom- DE: "\0000"-
#263488	NEW    cov: 285 ft: 321 corp: 14/24Kb lim: 4096 exec/s: 9410 rss: 1144Mb L: 1952/1952 MS: 2 ChangeBit-Custom-
#524288	pulse  cov: 285 ft: 321 corp: 14/24Kb lim: 4096 exec/s: 9362 rss: 1144Mb
#1048576	pulse  cov: 285 ft: 321 corp: 14/24Kb lim: 4096 exec/s: 9619 rss: 1144Mb
#1164743	DONE   cov: 285 ft: 321 corp: 14/24Kb lim: 4096 exec/s: 9625 rss: 1144Mb
[INFO] Tests run: 7, Failures: 0, Errors: 0, Skipped: 0, Time elapsed: 123.3 s -- in org.pqcfuzz.fuzz.PqcDecodeFuzzTest
[INFO] Tests run: 7, Failures: 0, Errors: 0, Skipped: 0
