INFO: Loaded 287 hooks from com.code_intelligence.jazzer.runtime.TraceCmpHooks
INFO: Loaded 5 hooks from com.code_intelligence.jazzer.runtime.TraceDivHooks
INFO: Loaded 2 hooks from com.code_intelligence.jazzer.runtime.TraceIndirHooks
INFO: Loaded 4 hooks from com.code_intelligence.jazzer.runtime.NativeLibHooks
INFO: Loaded 2 hooks from com.code_intelligence.jazzer.sanitizers.ClojureLangHooks
INFO: Loaded 5 hooks from com.code_intelligence.jazzer.sanitizers.Deserialization
INFO: Loaded 5 hooks from com.code_intelligence.jazzer.sanitizers.ExpressionLanguageInjection
INFO: Loaded 70 hooks from com.code_intelligence.jazzer.sanitizers.LdapInjection
INFO: Loaded 46 hooks from com.code_intelligence.jazzer.sanitizers.NamingContextLookup
INFO: Loaded 1 hooks from com.code_intelligence.jazzer.sanitizers.OsCommandInjection
INFO: Loaded 48 hooks from com.code_intelligence.jazzer.sanitizers.ReflectiveCall
INFO: Loaded 8 hooks from com.code_intelligence.jazzer.sanitizers.RegexInjection
INFO: Loaded 16 hooks from com.code_intelligence.jazzer.sanitizers.RegexRoadblocks
INFO: Loaded 12 hooks from com.code_intelligence.jazzer.sanitizers.ScriptEngineInjection
INFO: Loaded 3 hooks from com.code_intelligence.jazzer.sanitizers.ServerSideRequestForgery
INFO: Loaded 19 hooks from com.code_intelligence.jazzer.sanitizers.SqlInjection
INFO: Loaded 6 hooks from com.code_intelligence.jazzer.sanitizers.XPathInjection
INFO: Instrumented org.pqcfuzz.classify.Classifier (took 97 ms, size +26%)
INFO: Instrumented org.pqcfuzz.target.FuzzTarget (took 0 ms, size +12%)
INFO: Instrumented org.pqcfuzz.classify.Outcome (took 2 ms, size +13%)
INFO: Instrumented org.pqcfuzz.fuzz.PqcDecodeFuzzTest (took 15 ms, size +12%)
INFO: Instrumented org.pqcfuzz.target.Targets (took 13 ms, size +19%)
INFO: Instrumented org.pqcfuzz.target.mlkem.MlKem768DecapTarget (took 6 ms, size +13%)
INFO: Instrumented org.pqcfuzz.target.mlkem.MlKem768PublicKeyParseTarget (took 4 ms, size +15%)
INFO: Instrumented org.pqcfuzz.target.mldsa.MlDsa65VerifyTarget (took 5 ms, size +11%)
INFO: Instrumented org.bouncycastle.crypto.CipherParameters (took 0 ms, size +0%)
INFO: Instrumented org.pqcfuzz.target.mldsa.MlDsa65PublicKeyParseTarget (took 2 ms, size +15%)
INFO: Instrumented org.pqcfuzz.target.slhdsa.SlhDsaVerifyTarget (took 1 ms, size +10%)
INFO: Instrumented org.pqcfuzz.target.slhdsa.SlhDsaPublicKeyParseTarget (took 1 ms, size +14%)
INFO: Instrumented org.pqcfuzz.target.mlkem.MlKem768ParseAndEncapsulateTarget (took 3 ms, size +11%)
INFO: Instrumented org.bouncycastle.crypto.params.AsymmetricKeyParameter (took 0 ms, size +32%)
INFO: Instrumented org.bouncycastle.crypto.params.MLKEMPublicKeyParameters (took 1 ms, size +22%)
INFO: Instrumented org.bouncycastle.crypto.params.MLKEMKeyParameters (took 0 ms, size +23%)
INFO: Instrumented org.pqcfuzz.util.DeterministicSecureRandom (took 1 ms, size +24%)
INFO: Instrumented org.pqcfuzz.target.mldsa.MlDsa65ParseAndVerifyTarget (took 3 ms, size +10%)
INFO: Instrumented org.pqcfuzz.target.slhdsa.SlhDsaParseAndVerifyTarget (took 2 ms, size +10%)
INFO: Instrumented org.pqcfuzz.target.jdk.JdkMlKem768DecapTarget (took 1 ms, size +12%)
INFO: Instrumented org.pqcfuzz.target.jdk.JdkMlKem768PublicKeyParseTarget (took 1 ms, size +11%)
INFO: Instrumented org.pqcfuzz.target.jdk.JdkMlDsa65VerifyTarget (took 2 ms, size +10%)
INFO: Instrumented org.pqcfuzz.target.jdk.JdkMlDsa65PublicKeyParseTarget (took 2 ms, size +12%)
INFO: Instrumented org.pqcfuzz.target.jdk.JdkMlKem768ParseAndEncapsulateTarget (took 3 ms, size +9%)
INFO: Instrumented org.pqcfuzz.target.jdk.JdkMlDsa65ParseAndVerifyTarget (took 1 ms, size +9%)
INFO: Instrumented org.pqcfuzz.target.mlkem.MlKemKeys (took 0 ms, size +6%)
INFO: Instrumented org.bouncycastle.crypto.KeyGenerationParameters (took 0 ms, size +19%)
INFO: Instrumented org.bouncycastle.crypto.params.MLKEMKeyGenerationParameters (took 0 ms, size +20%)
INFO: Instrumented org.bouncycastle.crypto.params.MLKEMParameters (took 1 ms, size +11%)
INFO: Instrumented org.bouncycastle.crypto.KEMParameters (took 0 ms, size +0%)
INFO: Instrumented org.bouncycastle.crypto.generators.MLKEMKeyPairGenerator (took 3 ms, size +7%)
INFO: Instrumented org.bouncycastle.crypto.AsymmetricCipherKeyPairGenerator (took 0 ms, size +0%)
INFO: Instrumented org.bouncycastle.crypto.params.MLKEMPrivateKeyParameters (took 9 ms, size +15%)
INFO: New number of coverage counters: 1024
INFO: Instrumented org.bouncycastle.crypto.CryptoServicesRegistrar (took 11 ms, size +12%)
INFO: Instrumented org.bouncycastle.crypto.CryptoServicesPermission (took 1 ms, size +72%)
INFO: Instrumented org.bouncycastle.crypto.SecureRandomProvider (took 0 ms, size +0%)
INFO: Instrumented org.bouncycastle.crypto.CryptoServicesConstraints (took 0 ms, size +0%)
INFO: Instrumented org.bouncycastle.crypto.CryptoServicesRegistrar$ThreadLocalSecureRandomProvider (took 0 ms, size +13%)
INFO: Instrumented org.bouncycastle.crypto.CryptoServicesRegistrar$1 (took 3 ms, size +24%)
INFO: Instrumented org.bouncycastle.crypto.params.DSAParameters (took 4 ms, size +66%)
INFO: Instrumented org.bouncycastle.crypto.params.DSAValidationParameters (took 3 ms, size +38%)
INFO: Instrumented org.bouncycastle.util.encoders.Hex (took 6 ms, size +15%)
INFO: Instrumented org.bouncycastle.util.encoders.DecoderException (took 1 ms, size +27%)
INFO: Instrumented org.bouncycastle.util.encoders.EncoderException (took 1 ms, size +27%)
INFO: Instrumented org.bouncycastle.util.encoders.HexEncoder (took 4 ms, size +37%)
INFO: Instrumented org.bouncycastle.util.encoders.Encoder (took 0 ms, size +0%)
INFO: Instrumented org.bouncycastle.util.Arrays (took 25 ms, size +34%)
INFO: Instrumented org.bouncycastle.crypto.CryptoServicesRegistrar$Property (took 1 ms, size +10%)
INFO: New number of coverage counters: 2048
INFO: Instrumented org.bouncycastle.asn1.x9.X9ECParameters (took 2 ms, size +12%)
INFO: Instrumented org.bouncycastle.asn1.x9.X9ObjectIdentifiers (took 0 ms, size +3%)
INFO: Instrumented org.bouncycastle.asn1.ASN1Object (took 1 ms, size +30%)
INFO: Instrumented org.bouncycastle.asn1.ASN1Encodable (took 0 ms, size +0%)
INFO: Instrumented org.bouncycastle.util.Encodable (took 0 ms, size +0%)
INFO: Instrumented org.bouncycastle.crypto.params.DHParameters (took 2 ms, size +39%)
INFO: Instrumented org.bouncycastle.crypto.params.DHValidationParameters (took 0 ms, size +45%)
INFO: Instrumented org.bouncycastle.crypto.kems.mlkem.MLKEMEngine (took 6 ms, size +9%)
INFO: Instrumented org.bouncycastle.crypto.kems.mlkem.MLKEMIndCpa (took 3 ms, size +17%)
INFO: Instrumented org.bouncycastle.crypto.Xof (took 0 ms, size +0%)
INFO: Instrumented org.bouncycastle.crypto.ExtendedDigest (took 0 ms, size +0%)
INFO: Instrumented org.bouncycastle.crypto.Digest (took 0 ms, size +0%)
INFO: Instrumented org.bouncycastle.crypto.kems.mlkem.PolyVec (took 2 ms, size +23%)
INFO: Instrumented org.bouncycastle.crypto.kems.mlkem.Poly (took 4 ms, size +20%)
INFO: Instrumented org.bouncycastle.crypto.digests.SHA3Digest (took 4 ms, size +26%)
INFO: Instrumented org.bouncycastle.crypto.SavableDigest (took 0 ms, size +0%)
INFO: Instrumented org.bouncycastle.crypto.digests.EncodableDigest (took 0 ms, size +0%)
INFO: Instrumented org.bouncycastle.crypto.EncodableService (took 0 ms, size +0%)
INFO: Instrumented org.bouncycastle.util.Memoable (took 0 ms, size +0%)
INFO: Instrumented org.bouncycastle.crypto.digests.KeccakDigest (took 8 ms, size +20%)
INFO: Instrumented org.bouncycastle.crypto.CryptoServicePurpose (took 2 ms, size +13%)
INFO: Instrumented org.bouncycastle.crypto.digests.Utils (took 0 ms, size +10%)
INFO: Instrumented org.bouncycastle.crypto.CryptoServiceProperties (took 0 ms, size +0%)
INFO: Instrumented org.bouncycastle.crypto.digests.Utils$DefaultPropertiesWithPRF (took 0 ms, size +12%)
INFO: Instrumented org.bouncycastle.util.Pack (took 8 ms, size +24%)
INFO: Instrumented org.bouncycastle.crypto.digests.SHAKEDigest (took 2 ms, size +22%)
INFO: Instrumented org.bouncycastle.crypto.digests.Utils$DefaultProperties (took 0 ms, size +14%)
INFO: Instrumented org.bouncycastle.crypto.kems.mlkem.CBD (took 1 ms, size +41%)
INFO: Instrumented org.bouncycastle.crypto.kems.mlkem.Ntt (took 1 ms, size +14%)
INFO: Instrumented org.bouncycastle.crypto.kems.mlkem.Reduce (took 0 ms, size +28%)
INFO: Instrumented org.bouncycastle.crypto.AsymmetricCipherKeyPair (took 0 ms, size +13%)
INFO: Instrumented org.bouncycastle.crypto.kems.MLKEMExtractor (took 0 ms, size +18%)
INFO: Instrumented org.bouncycastle.crypto.EncapsulatedSecretExtractor (took 0 ms, size +0%)
INFO: Instrumented org.bouncycastle.crypto.kems.MLKEMGenerator (took 0 ms, size +14%)
INFO: Instrumented org.bouncycastle.crypto.EncapsulatedSecretGenerator (took 0 ms, size +0%)
INFO: Instrumented org.bouncycastle.crypto.SecretWithEncapsulation (took 0 ms, size +0%)
INFO: Instrumented org.bouncycastle.pqc.crypto.util.SecretWithEncapsulationImpl (took 1 ms, size +25%)
INFO: Instrumented org.pqcfuzz.target.TargetKind (took 0 ms, size +12%)
INFO: Instrumented org.pqcfuzz.classify.ExpectedRejections (took 0 ms, size +41%)
INFO: found LLVMFuzzerCustomMutator (0x10d803038). Disabling -len_control by default.
INFO: Running with entropic power schedule (0xFF, 100).
INFO: Seed: 1119752317
INFO: Loaded 3 modules   (2048 inline 8-bit counters): 512 [0x79aa400000, 0x79aa400200), 512 [0x79aa400200, 0x79aa400400), 1024 [0x79aa400400, 0x79aa400800), 
INFO: Loaded 3 PC tables (2048 PCs): 512 [0x1030abe80,0x1030ade80), 512 [0x79afd24000,0x79afd26000), 1024 [0x79af740000,0x79af744000), 
INFO:        0 files found in <repo>/.cifuzz-corpus/org.pqcfuzz.fuzz.PqcDecodeFuzzTest/mlKemDecap
INFO:        5 files found in <repo>/target/test-classes/org/pqcfuzz/fuzz/PqcDecodeFuzzTestInputs/mlKemDecap
INFO:        0 files found in /var/folders/m8/hjsd0821793bcvxlpgdpt23r0000gn/T/jazzer-java-seeds1724005649705883902
INFO: -max_len is not provided; libFuzzer will not generate inputs larger than 4096 bytes
INFO: seed corpus: files: 5 min: 1088b max: 1152b total: 5504b rss: 1168Mb
#6	INITED cov: 255 ft: 256 corp: 2/2240b exec/s: 0 rss: 1168Mb
#9	REDUCE cov: 255 ft: 256 corp: 2/2012b lim: 1152 exec/s: 0 rss: 1168Mb L: 924/1088 MS: 6 ShuffleBytes-Custom-ChangeBinInt-Custom-EraseBytes-Custom-
#32	REDUCE cov: 255 ft: 256 corp: 2/1316b lim: 1152 exec/s: 0 rss: 1168Mb L: 228/1088 MS: 6 ChangeASCIIInt-Custom-ChangeASCIIInt-Custom-CrossOver-Custom-
#38	REDUCE cov: 255 ft: 256 corp: 2/1243b lim: 1152 exec/s: 0 rss: 1168Mb L: 155/1088 MS: 2 EraseBytes-Custom-
#49	REDUCE cov: 255 ft: 256 corp: 2/1230b lim: 1152 exec/s: 0 rss: 1168Mb L: 142/1088 MS: 2 EraseBytes-Custom-
#50	REDUCE cov: 255 ft: 256 corp: 2/1208b lim: 1152 exec/s: 0 rss: 1168Mb L: 120/1088 MS: 2 EraseBytes-Custom-
#53	REDUCE cov: 255 ft: 256 corp: 2/1204b lim: 1152 exec/s: 0 rss: 1168Mb L: 116/1088 MS: 6 ChangeBit-Custom-ShuffleBytes-Custom-EraseBytes-Custom-
#94	REDUCE cov: 255 ft: 256 corp: 2/1199b lim: 1152 exec/s: 0 rss: 1168Mb L: 111/1088 MS: 2 EraseBytes-Custom-
#161	REDUCE cov: 255 ft: 256 corp: 2/1186b lim: 1152 exec/s: 0 rss: 1168Mb L: 98/1088 MS: 4 ChangeBinInt-Custom-EraseBytes-Custom-
INFO: using inputs from: <repo>/.cifuzz-corpus/org.pqcfuzz.fuzz.PqcDecodeFuzzTest/mlKemDecap
INFO: using inputs from: <repo>/target/test-classes/org/pqcfuzz/fuzz/PqcDecodeFuzzTestInputs/mlKemDecap
INFO: using inputs from: /var/folders/m8/hjsd0821793bcvxlpgdpt23r0000gn/T/jazzer-java-seeds1724005649705883902
#243	REDUCE cov: 255 ft: 256 corp: 2/1177b lim: 1152 exec/s: 0 rss: 1168Mb L: 89/1088 MS: 4 ChangeBit-Custom-EraseBytes-Custom-
#260	REDUCE cov: 255 ft: 256 corp: 2/1136b lim: 1152 exec/s: 0 rss: 1168Mb L: 48/1088 MS: 4 ChangeByte-Custom-EraseBytes-Custom-
#268	REDUCE cov: 255 ft: 256 corp: 2/1128b lim: 1152 exec/s: 0 rss: 1168Mb L: 40/1088 MS: 6 InsertByte-Custom-ShuffleBytes-Custom-EraseBytes-Custom-
#286	REDUCE cov: 255 ft: 256 corp: 2/1123b lim: 1152 exec/s: 0 rss: 1168Mb L: 35/1088 MS: 6 CMP-Custom-ShuffleBytes-Custom-EraseBytes-Custom- DE: "\000 "-
#294	REDUCE cov: 255 ft: 256 corp: 2/1112b lim: 1152 exec/s: 0 rss: 1168Mb L: 24/1088 MS: 6 CopyPart-Custom-InsertByte-Custom-EraseBytes-Custom-
#455	REDUCE cov: 255 ft: 256 corp: 2/1105b lim: 1152 exec/s: 0 rss: 1168Mb L: 17/1088 MS: 2 EraseBytes-Custom-
#477	REDUCE cov: 255 ft: 256 corp: 2/1104b lim: 1152 exec/s: 0 rss: 1168Mb L: 16/1088 MS: 4 CMP-Custom-EraseBytes-Custom- DE: "\000\000\000\000\000\000\000\000"-
#586	REDUCE cov: 255 ft: 256 corp: 2/1103b lim: 1152 exec/s: 0 rss: 1168Mb L: 15/1088 MS: 8 ChangeByte-Custom-ChangeBinInt-Custom-CMP-Custom-EraseBytes-Custom- DE: "\001\000\000\036"-
#622	REDUCE cov: 255 ft: 256 corp: 2/1102b lim: 1152 exec/s: 0 rss: 1168Mb L: 14/1088 MS: 2 EraseBytes-Custom-
#681	REDUCE cov: 255 ft: 256 corp: 2/1101b lim: 1152 exec/s: 0 rss: 1168Mb L: 13/1088 MS: 8 PersAutoDict-Custom-ChangeBit-Custom-ShuffleBytes-Custom-EraseBytes-Custom- DE: "\000 "-
#763	REDUCE cov: 255 ft: 256 corp: 2/1098b lim: 1152 exec/s: 0 rss: 1168Mb L: 10/1088 MS: 4 ChangeByte-Custom-EraseBytes-Custom-
#839	REDUCE cov: 255 ft: 256 corp: 2/1096b lim: 1152 exec/s: 0 rss: 1168Mb L: 8/1088 MS: 2 EraseBytes-Custom-
#960	REDUCE cov: 255 ft: 256 corp: 2/1092b lim: 1152 exec/s: 0 rss: 1168Mb L: 4/1088 MS: 2 EraseBytes-Custom-
#976	REDUCE cov: 255 ft: 256 corp: 2/1091b lim: 1152 exec/s: 0 rss: 1168Mb L: 3/1088 MS: 2 EraseBytes-Custom-
#1072	REDUCE cov: 255 ft: 256 corp: 2/1090b lim: 1152 exec/s: 0 rss: 1168Mb L: 2/1088 MS: 2 EraseBytes-Custom-
#1123	REDUCE cov: 255 ft: 256 corp: 2/1089b lim: 1152 exec/s: 0 rss: 1168Mb L: 1/1088 MS: 2 EraseBytes-Custom-
#65536	pulse  cov: 255 ft: 256 corp: 2/1089b lim: 1792 exec/s: 32768 rss: 1168Mb
#131072	pulse  cov: 255 ft: 256 corp: 2/1089b lim: 2437 exec/s: 26214 rss: 1266Mb
#262144	pulse  cov: 255 ft: 256 corp: 2/1089b lim: 3746 exec/s: 23831 rss: 1268Mb
#524288	pulse  cov: 255 ft: 256 corp: 2/1089b lim: 4096 exec/s: 24966 rss: 1269Mb
#1048576	pulse  cov: 255 ft: 256 corp: 2/1089b lim: 4096 exec/s: 24966 rss: 1269Mb
#2097152	pulse  cov: 255 ft: 256 corp: 2/1089b lim: 4096 exec/s: 24672 rss: 1269Mb
#2954971	DONE   cov: 255 ft: 256 corp: 2/1089b lim: 4096 exec/s: 24421 rss: 1269Mb
[INFO] Tests run: 7, Failures: 0, Errors: 0, Skipped: 0, Time elapsed: 123.8 s -- in org.pqcfuzz.fuzz.PqcDecodeFuzzTest
[INFO] Tests run: 7, Failures: 0, Errors: 0, Skipped: 0
