INFO: Loaded 287 hooks from com.code_intelligence.jazzer.runtime.TraceCmpHooks
INFO: Loaded 5 hooks from com.code_intelligence.jazzer.runtime.TraceDivHooks
INFO: Loaded 2 hooks from com.code_intelligence.jazzer.runtime.TraceIndirHooks
INFO: Loaded 4 hooks from com.code_intelligence.jazzer.runtime.NativeLibHooks
INFO: Loaded 2 hooks from com.code_intelligence.jazzer.sanitizers.ClojureLangHooks
INFO: Loaded 5 hooks from com.code_intelligence.jazzer.sanitizers.Deserialization
INFO: Loaded 5 hooks from com.code_intelligence.jazzer.sanitizers.ExpressionLanguageInjection
INFO: Loaded 70 hooks from com.code_intelligence.jazzer.sanitizers.LdapInjection
INFO: Loaded 46 hooks from com.code_intelligence.jazzer.sanitizers.NamingContextLookup
INFO: Loaded 1 hooks from com.code_intelligence.jazzer.sanitizers.OsCommandInjection
INFO: Loaded 48 hooks from com.code_intelligence.jazzer.sanitizers.ReflectiveCall
INFO: Loaded 8 hooks from com.code_intelligence.jazzer.sanitizers.RegexInjection
INFO: Loaded 16 hooks from com.code_intelligence.jazzer.sanitizers.RegexRoadblocks
INFO: Loaded 12 hooks from com.code_intelligence.jazzer.sanitizers.ScriptEngineInjection
INFO: Loaded 3 hooks from com.code_intelligence.jazzer.sanitizers.ServerSideRequestForgery
INFO: Loaded 19 hooks from com.code_intelligence.jazzer.sanitizers.SqlInjection
INFO: Loaded 6 hooks from com.code_intelligence.jazzer.sanitizers.XPathInjection
INFO: Instrumented org.pqcfuzz.classify.Classifier (took 59 ms, size +26%)
INFO: Instrumented org.pqcfuzz.target.FuzzTarget (took 1 ms, size +12%)
INFO: Instrumented org.pqcfuzz.classify.Outcome (took 3 ms, size +13%)
INFO: Instrumented org.pqcfuzz.fuzz.PqcDecodeFuzzTest (took 16 ms, size +12%)
INFO: Instrumented org.pqcfuzz.target.Targets (took 12 ms, size +19%)
INFO: Instrumented org.pqcfuzz.target.mlkem.MlKem768DecapTarget (took 4 ms, size +13%)
INFO: Instrumented org.pqcfuzz.target.mlkem.MlKem768PublicKeyParseTarget (took 7 ms, size +15%)
INFO: Instrumented org.pqcfuzz.target.mldsa.MlDsa65VerifyTarget (took 6 ms, size +11%)
INFO: Instrumented org.bouncycastle.crypto.CipherParameters (took 0 ms, size +0%)
INFO: Instrumented org.pqcfuzz.target.mldsa.MlDsa65PublicKeyParseTarget (took 3 ms, size +15%)
INFO: Instrumented org.pqcfuzz.target.slhdsa.SlhDsaVerifyTarget (took 4 ms, size +10%)
INFO: Instrumented org.pqcfuzz.target.slhdsa.SlhDsaPublicKeyParseTarget (took 3 ms, size +14%)
INFO: Instrumented org.pqcfuzz.target.mlkem.MlKem768ParseAndEncapsulateTarget (took 4 ms, size +11%)
INFO: Instrumented org.pqcfuzz.util.DeterministicSecureRandom (took 2 ms, size +24%)
INFO: Instrumented org.bouncycastle.crypto.params.AsymmetricKeyParameter (took 1 ms, size +32%)
INFO: Instrumented org.bouncycastle.crypto.params.MLKEMPublicKeyParameters (took 1 ms, size +22%)
INFO: Instrumented org.bouncycastle.crypto.params.MLKEMKeyParameters (took 0 ms, size +23%)
INFO: Instrumented org.pqcfuzz.target.mldsa.MlDsa65ParseAndVerifyTarget (took 1 ms, size +10%)
INFO: Instrumented org.pqcfuzz.target.slhdsa.SlhDsaParseAndVerifyTarget (took 2 ms, size +10%)
INFO: Instrumented org.pqcfuzz.target.jdk.JdkMlKem768DecapTarget (took 1 ms, size +12%)
INFO: Instrumented org.pqcfuzz.target.jdk.JdkMlKem768PublicKeyParseTarget (took 1 ms, size +11%)
INFO: Instrumented org.pqcfuzz.target.jdk.JdkMlDsa65VerifyTarget (took 1 ms, size +10%)
INFO: Instrumented org.pqcfuzz.target.jdk.JdkMlDsa65PublicKeyParseTarget (took 2 ms, size +12%)
INFO: Instrumented org.pqcfuzz.target.jdk.JdkMlKem768ParseAndEncapsulateTarget (took 1 ms, size +9%)
INFO: Instrumented org.pqcfuzz.target.jdk.JdkMlDsa65ParseAndVerifyTarget (took 1 ms, size +9%)
INFO: Instrumented org.pqcfuzz.target.mlkem.MlKemKeys (took 0 ms, size +6%)
INFO: Instrumented org.bouncycastle.crypto.KeyGenerationParameters (took 0 ms, size +19%)
INFO: Instrumented org.bouncycastle.crypto.params.MLKEMKeyGenerationParameters (took 0 ms, size +20%)
INFO: Instrumented org.bouncycastle.crypto.params.MLKEMParameters (took 1 ms, size +11%)
INFO: Instrumented org.bouncycastle.crypto.KEMParameters (took 0 ms, size +0%)
INFO: Instrumented org.bouncycastle.crypto.generators.MLKEMKeyPairGenerator (took 2 ms, size +7%)
INFO: Instrumented org.bouncycastle.crypto.AsymmetricCipherKeyPairGenerator (took 0 ms, size +0%)
INFO: Instrumented org.bouncycastle.crypto.params.MLKEMPrivateKeyParameters (took 4 ms, size +15%)
INFO: New number of coverage counters: 1024
INFO: Instrumented org.bouncycastle.crypto.CryptoServicesRegistrar (took 7 ms, size +12%)
INFO: Instrumented org.bouncycastle.crypto.CryptoServicesPermission (took 4 ms, size +72%)
INFO: Instrumented org.bouncycastle.crypto.SecureRandomProvider (took 0 ms, size +0%)
INFO: Instrumented org.bouncycastle.crypto.CryptoServicesConstraints (took 0 ms, size +0%)
INFO: Instrumented org.bouncycastle.crypto.CryptoServicesRegistrar$ThreadLocalSecureRandomProvider (took 1 ms, size +13%)
INFO: Instrumented org.bouncycastle.crypto.CryptoServicesRegistrar$1 (took 1 ms, size +24%)
INFO: Instrumented org.bouncycastle.crypto.params.DSAParameters (took 1 ms, size +66%)
INFO: Instrumented org.bouncycastle.crypto.params.DSAValidationParameters (took 1 ms, size +38%)
INFO: Instrumented org.bouncycastle.util.encoders.Hex (took 3 ms, size +15%)
INFO: Instrumented org.bouncycastle.util.encoders.DecoderException (took 0 ms, size +27%)
INFO: Instrumented org.bouncycastle.util.encoders.EncoderException (took 0 ms, size +27%)
INFO: Instrumented org.bouncycastle.util.encoders.HexEncoder (took 4 ms, size +37%)
INFO: Instrumented org.bouncycastle.util.encoders.Encoder (took 0 ms, size +0%)
INFO: Instrumented org.bouncycastle.util.Arrays (took 24 ms, size +34%)
INFO: Instrumented org.bouncycastle.crypto.CryptoServicesRegistrar$Property (took 0 ms, size +10%)
INFO: New number of coverage counters: 2048
INFO: Instrumented org.bouncycastle.asn1.x9.X9ECParameters (took 4 ms, size +12%)
INFO: Instrumented org.bouncycastle.asn1.x9.X9ObjectIdentifiers (took 1 ms, size +3%)
INFO: Instrumented org.bouncycastle.asn1.ASN1Object (took 1 ms, size +30%)
INFO: Instrumented org.bouncycastle.asn1.ASN1Encodable (took 0 ms, size +0%)
INFO: Instrumented org.bouncycastle.util.Encodable (took 0 ms, size +0%)
INFO: Instrumented org.bouncycastle.crypto.params.DHParameters (took 2 ms, size +39%)
INFO: Instrumented org.bouncycastle.crypto.params.DHValidationParameters (took 1 ms, size +45%)
INFO: Instrumented org.bouncycastle.crypto.kems.mlkem.MLKEMEngine (took 5 ms, size +9%)
INFO: Instrumented org.bouncycastle.crypto.kems.mlkem.MLKEMIndCpa (took 3 ms, size +17%)
INFO: Instrumented org.bouncycastle.crypto.Xof (took 0 ms, size +0%)
INFO: Instrumented org.bouncycastle.crypto.ExtendedDigest (took 0 ms, size +0%)
INFO: Instrumented org.bouncycastle.crypto.Digest (took 0 ms, size +0%)
INFO: Instrumented org.bouncycastle.crypto.kems.mlkem.PolyVec (took 3 ms, size +23%)
INFO: Instrumented org.bouncycastle.crypto.kems.mlkem.Poly (took 8 ms, size +20%)
INFO: Instrumented org.bouncycastle.crypto.digests.SHA3Digest (took 2 ms, size +26%)
INFO: Instrumented org.bouncycastle.crypto.SavableDigest (took 0 ms, size +0%)
INFO: Instrumented org.bouncycastle.crypto.digests.EncodableDigest (took 0 ms, size +0%)
INFO: Instrumented org.bouncycastle.crypto.EncodableService (took 0 ms, size +0%)
INFO: Instrumented org.bouncycastle.util.Memoable (took 0 ms, size +0%)
INFO: Instrumented org.bouncycastle.crypto.digests.KeccakDigest (took 8 ms, size +20%)
INFO: Instrumented org.bouncycastle.crypto.CryptoServicePurpose (took 2 ms, size +13%)
INFO: Instrumented org.bouncycastle.crypto.digests.Utils (took 0 ms, size +10%)
INFO: Instrumented org.bouncycastle.crypto.CryptoServiceProperties (took 0 ms, size +0%)
INFO: Instrumented org.bouncycastle.crypto.digests.Utils$DefaultPropertiesWithPRF (took 0 ms, size +12%)
INFO: Instrumented org.bouncycastle.util.Pack (took 10 ms, size +24%)
INFO: Instrumented org.bouncycastle.crypto.digests.SHAKEDigest (took 2 ms, size +22%)
INFO: Instrumented org.bouncycastle.crypto.digests.Utils$DefaultProperties (took 0 ms, size +14%)
INFO: Instrumented org.bouncycastle.crypto.kems.mlkem.CBD (took 1 ms, size +41%)
INFO: Instrumented org.bouncycastle.crypto.kems.mlkem.Ntt (took 3 ms, size +14%)
INFO: Instrumented org.bouncycastle.crypto.kems.mlkem.Reduce (took 0 ms, size +28%)
INFO: Instrumented org.bouncycastle.crypto.AsymmetricCipherKeyPair (took 1 ms, size +13%)
INFO: Instrumented org.bouncycastle.crypto.kems.MLKEMExtractor (took 0 ms, size +18%)
INFO: Instrumented org.bouncycastle.crypto.EncapsulatedSecretExtractor (took 0 ms, size +0%)
INFO: Instrumented org.bouncycastle.crypto.kems.MLKEMGenerator (took 0 ms, size +14%)
INFO: Instrumented org.bouncycastle.crypto.EncapsulatedSecretGenerator (took 0 ms, size +0%)
INFO: Instrumented org.bouncycastle.crypto.SecretWithEncapsulation (took 0 ms, size +0%)
INFO: Instrumented org.pqcfuzz.target.TargetKind (took 2 ms, size +12%)
INFO: Instrumented org.pqcfuzz.classify.ExpectedRejections (took 0 ms, size +41%)
INFO: Instrumented org.bouncycastle.pqc.crypto.util.SecretWithEncapsulationImpl (took 1 ms, size +25%)
INFO: using inputs from: <repo>/.cifuzz-corpus/org.pqcfuzz.fuzz.PqcDecodeFuzzTest/mlKemParseAndEncapsulate
INFO: using inputs from: <repo>/target/test-classes/org/pqcfuzz/fuzz/PqcDecodeFuzzTestInputs/mlKemParseAndEncapsulate
INFO: using inputs from: /var/folders/m8/hjsd0821793bcvxlpgdpt23r0000gn/T/jazzer-java-seeds11153234143310130729
INFO: found LLVMFuzzerCustomMutator (0x1075cb038). Disabling -len_control by default.
INFO: Running with entropic power schedule (0xFF, 100).
INFO: Seed: 243968414
INFO: Loaded 3 modules   (2048 inline 8-bit counters): 512 [0x7c08938000, 0x7c08938200), 512 [0x7c08938200, 0x7c08938400), 1024 [0x7c08938400, 0x7c08938800), 
INFO: Loaded 3 PC tables (2048 PCs): 512 [0x102e396d0,0x102e3b6d0), 512 [0x7c0dc10000,0x7c0dc12000), 1024 [0x7c0d894000,0x7c0d898000), 
INFO:        0 files found in <repo>/.cifuzz-corpus/org.pqcfuzz.fuzz.PqcDecodeFuzzTest/mlKemParseAndEncapsulate
INFO:        5 files found in <repo>/target/test-classes/org/pqcfuzz/fuzz/PqcDecodeFuzzTestInputs/mlKemParseAndEncapsulate
INFO:        0 files found in /var/folders/m8/hjsd0821793bcvxlpgdpt23r0000gn/T/jazzer-java-seeds11153234143310130729
INFO: -max_len is not provided; libFuzzer will not generate inputs larger than 4096 bytes
INFO: seed corpus: files: 5 min: 1184b max: 1248b total: 5984b rss: 1109Mb
#6	INITED cov: 251 ft: 263 corp: 5/5984b exec/s: 0 rss: 1109Mb
#10	NEW    cov: 253 ft: 266 corp: 6/7168b lim: 1248 exec/s: 0 rss: 1109Mb L: 1184/1248 MS: 8 ChangeByte-Custom-ChangeByte-Custom-ChangeBinInt-Custom-CopyPart-Custom-
#101	REDUCE cov: 253 ft: 266 corp: 6/6365b lim: 1248 exec/s: 0 rss: 1109Mb L: 445/1184 MS: 2 CrossOver-Custom-
#149	REDUCE cov: 253 ft: 266 corp: 6/6292b lim: 1248 exec/s: 0 rss: 1109Mb L: 372/1184 MS: 6 InsertByte-Custom-ShuffleBytes-Custom-EraseBytes-Custom-
#248	REDUCE cov: 253 ft: 266 corp: 6/6102b lim: 1248 exec/s: 0 rss: 1109Mb L: 182/1184 MS: 8 CMP-Custom-ChangeBit-Custom-ChangeByte-Custom-CrossOver-Custom- DE: "\177\000\000\000"-
#499	REDUCE cov: 253 ft: 266 corp: 6/6014b lim: 1248 exec/s: 0 rss: 1109Mb L: 94/1184 MS: 2 EraseBytes-Custom-
#511	NEW    cov: 253 ft: 267 corp: 7/7198b lim: 1248 exec/s: 0 rss: 1109Mb L: 1184/1184 MS: 4 ChangeBit-Custom-CopyPart-Custom-
#525	REDUCE cov: 253 ft: 267 corp: 7/7153b lim: 1248 exec/s: 0 rss: 1109Mb L: 49/1184 MS: 8 ChangeBinInt-Custom-ShuffleBytes-Custom-InsertByte-Custom-EraseBytes-Custom-
#586	REDUCE cov: 253 ft: 267 corp: 7/7143b lim: 1248 exec/s: 0 rss: 1109Mb L: 39/1184 MS: 2 EraseBytes-Custom-
#847	NEW    cov: 253 ft: 268 corp: 8/8327b lim: 1248 exec/s: 0 rss: 1109Mb L: 1184/1184 MS: 2 ChangeBinInt-Custom-
#1067	REDUCE cov: 253 ft: 268 corp: 8/8323b lim: 1248 exec/s: 0 rss: 1109Mb L: 35/1184 MS: 10 ChangeBinInt-Custom-ChangeBinInt-Custom-ShuffleBytes-Custom-ShuffleBytes-Custom-EraseBytes-Custom-
#1173	REDUCE cov: 253 ft: 268 corp: 8/8315b lim: 1248 exec/s: 0 rss: 1109Mb L: 27/1184 MS: 2 EraseBytes-Custom-
#1249	NEW    cov: 253 ft: 270 corp: 9/9499b lim: 1248 exec/s: 0 rss: 1109Mb L: 1184/1184 MS: 2 ChangeASCIIInt-Custom-
#1696	REDUCE cov: 253 ft: 270 corp: 9/9491b lim: 1248 exec/s: 0 rss: 1109Mb L: 19/1184 MS: 4 ChangeByte-Custom-EraseBytes-Custom-
#2132	REDUCE cov: 253 ft: 270 corp: 9/9487b lim: 1248 exec/s: 0 rss: 1109Mb L: 15/1184 MS: 2 EraseBytes-Custom-
#2371	REDUCE cov: 253 ft: 270 corp: 9/9486b lim: 1248 exec/s: 0 rss: 1109Mb L: 14/1184 MS: 8 ChangeBit-Custom-InsertByte-Custom-InsertByte-Custom-EraseBytes-Custom-
#2437	REDUCE cov: 253 ft: 270 corp: 9/9480b lim: 1248 exec/s: 0 rss: 1109Mb L: 8/1184 MS: 2 EraseBytes-Custom-
#2470	REDUCE cov: 253 ft: 270 corp: 9/9476b lim: 1248 exec/s: 0 rss: 1109Mb L: 4/1184 MS: 6 ChangeByte-Custom-ChangeBit-Custom-EraseBytes-Custom-
#2483	REDUCE cov: 253 ft: 270 corp: 9/9475b lim: 1248 exec/s: 0 rss: 1109Mb L: 3/1184 MS: 6 ShuffleBytes-Custom-ChangeBit-Custom-EraseBytes-Custom-
#2740	REDUCE cov: 253 ft: 270 corp: 9/9474b lim: 1248 exec/s: 0 rss: 1109Mb L: 2/1184 MS: 4 ChangeBit-Custom-EraseBytes-Custom-
#3062	REDUCE cov: 253 ft: 270 corp: 9/9473b lim: 1248 exec/s: 0 rss: 1109Mb L: 1/1184 MS: 4 ChangeByte-Custom-EraseBytes-Custom-
#3069	NEW    cov: 253 ft: 271 corp: 10/10657b lim: 1248 exec/s: 0 rss: 1109Mb L: 1184/1184 MS: 4 ShuffleBytes-Custom-ChangeASCIIInt-Custom-
#4875	NEW    cov: 253 ft: 272 corp: 11/11841b lim: 1258 exec/s: 0 rss: 1109Mb L: 1184/1184 MS: 2 CrossOver-Custom-
#6612	NEW    cov: 253 ft: 273 corp: 12/13025b lim: 1268 exec/s: 0 rss: 1109Mb L: 1184/1184 MS: 4 ChangeBit-Custom-PersAutoDict-Custom- DE: "\177\000\000\000"-
#8419	NEW    cov: 258 ft: 279 corp: 13/14209b lim: 1278 exec/s: 0 rss: 1109Mb L: 1184/1184 MS: 4 ChangeByte-Custom-ChangeBinInt-Custom-
#10890	NEW    cov: 258 ft: 280 corp: 14/15393b lim: 1298 exec/s: 0 rss: 1109Mb L: 1184/1184 MS: 2 PersAutoDict-Custom- DE: "\177\000\000\000"-
#16436	NEW    cov: 258 ft: 281 corp: 15/16Kb lim: 1348 exec/s: 0 rss: 1109Mb L: 1184/1184 MS: 2 ChangeByte-Custom-
#20183	NEW    cov: 258 ft: 282 corp: 16/17Kb lim: 1378 exec/s: 0 rss: 1109Mb L: 1184/1184 MS: 4 CrossOver-Custom-ChangeByte-Custom-
#23394	NEW    cov: 258 ft: 283 corp: 17/18Kb lim: 1408 exec/s: 0 rss: 1109Mb L: 1184/1184 MS: 2 ChangeBit-Custom-
#110190	NEW    cov: 258 ft: 292 corp: 18/19Kb lim: 2268 exec/s: 36730 rss: 1109Mb L: 1184/1184 MS: 2 ChangeBit-Custom-
#131072	pulse  cov: 258 ft: 292 corp: 18/19Kb lim: 2466 exec/s: 43690 rss: 1109Mb
#262144	pulse  cov: 258 ft: 292 corp: 18/19Kb lim: 3775 exec/s: 37449 rss: 1109Mb
#524288	pulse  cov: 258 ft: 292 corp: 18/19Kb lim: 4096 exec/s: 34952 rss: 1109Mb
#1048576	pulse  cov: 258 ft: 292 corp: 18/19Kb lim: 4096 exec/s: 34952 rss: 1109Mb
#2097152	pulse  cov: 258 ft: 292 corp: 18/19Kb lim: 4096 exec/s: 34379 rss: 1109Mb
#4181850	DONE   cov: 258 ft: 292 corp: 18/19Kb lim: 4096 exec/s: 34560 rss: 1109Mb
[INFO] Tests run: 7, Failures: 0, Errors: 0, Skipped: 0, Time elapsed: 123.6 s -- in org.pqcfuzz.fuzz.PqcDecodeFuzzTest
[INFO] Tests run: 7, Failures: 0, Errors: 0, Skipped: 0
