INFO: Loaded 287 hooks from com.code_intelligence.jazzer.runtime.TraceCmpHooks
INFO: Loaded 5 hooks from com.code_intelligence.jazzer.runtime.TraceDivHooks
INFO: Loaded 2 hooks from com.code_intelligence.jazzer.runtime.TraceIndirHooks
INFO: Loaded 4 hooks from com.code_intelligence.jazzer.runtime.NativeLibHooks
INFO: Loaded 2 hooks from com.code_intelligence.jazzer.sanitizers.ClojureLangHooks
INFO: Loaded 5 hooks from com.code_intelligence.jazzer.sanitizers.Deserialization
INFO: Loaded 5 hooks from com.code_intelligence.jazzer.sanitizers.ExpressionLanguageInjection
INFO: Loaded 70 hooks from com.code_intelligence.jazzer.sanitizers.LdapInjection
INFO: Loaded 46 hooks from com.code_intelligence.jazzer.sanitizers.NamingContextLookup
INFO: Loaded 1 hooks from com.code_intelligence.jazzer.sanitizers.OsCommandInjection
INFO: Loaded 48 hooks from com.code_intelligence.jazzer.sanitizers.ReflectiveCall
INFO: Loaded 8 hooks from com.code_intelligence.jazzer.sanitizers.RegexInjection
INFO: Loaded 16 hooks from com.code_intelligence.jazzer.sanitizers.RegexRoadblocks
INFO: Loaded 12 hooks from com.code_intelligence.jazzer.sanitizers.ScriptEngineInjection
INFO: Loaded 3 hooks from com.code_intelligence.jazzer.sanitizers.ServerSideRequestForgery
INFO: Loaded 19 hooks from com.code_intelligence.jazzer.sanitizers.SqlInjection
INFO: Loaded 6 hooks from com.code_intelligence.jazzer.sanitizers.XPathInjection
INFO: Instrumented org.pqcfuzz.classify.Classifier (took 89 ms, size +26%)
INFO: Instrumented org.pqcfuzz.target.FuzzTarget (took 1 ms, size +12%)
INFO: Instrumented org.pqcfuzz.classify.Outcome (took 2 ms, size +13%)
INFO: Instrumented org.pqcfuzz.fuzz.PqcDecodeFuzzTest (took 9 ms, size +12%)
INFO: Instrumented org.pqcfuzz.target.Targets (took 10 ms, size +19%)
INFO: Instrumented org.pqcfuzz.target.mlkem.MlKem768DecapTarget (took 2 ms, size +13%)
INFO: Instrumented org.pqcfuzz.target.mlkem.MlKem768PublicKeyParseTarget (took 2 ms, size +15%)
INFO: Instrumented org.pqcfuzz.target.mldsa.MlDsa65VerifyTarget (took 3 ms, size +11%)
INFO: Instrumented org.bouncycastle.crypto.CipherParameters (took 0 ms, size +0%)
INFO: Instrumented org.pqcfuzz.target.mldsa.MlDsa65PublicKeyParseTarget (took 1 ms, size +15%)
INFO: Instrumented org.pqcfuzz.target.slhdsa.SlhDsaVerifyTarget (took 1 ms, size +10%)
INFO: Instrumented org.pqcfuzz.target.slhdsa.SlhDsaPublicKeyParseTarget (took 1 ms, size +14%)
INFO: Instrumented org.pqcfuzz.target.mlkem.MlKem768ParseAndEncapsulateTarget (took 1 ms, size +11%)
INFO: Instrumented org.pqcfuzz.util.DeterministicSecureRandom (took 1 ms, size +24%)
INFO: Instrumented org.bouncycastle.crypto.params.AsymmetricKeyParameter (took 0 ms, size +32%)
INFO: Instrumented org.bouncycastle.crypto.params.MLKEMPublicKeyParameters (took 1 ms, size +22%)
INFO: Instrumented org.bouncycastle.crypto.params.MLKEMKeyParameters (took 0 ms, size +23%)
INFO: Instrumented org.pqcfuzz.target.mldsa.MlDsa65ParseAndVerifyTarget (took 1 ms, size +10%)
INFO: Instrumented org.pqcfuzz.target.slhdsa.SlhDsaParseAndVerifyTarget (took 1 ms, size +10%)
INFO: Instrumented org.pqcfuzz.target.jdk.JdkMlKem768DecapTarget (took 1 ms, size +12%)
INFO: Instrumented org.pqcfuzz.target.jdk.JdkMlKem768PublicKeyParseTarget (took 1 ms, size +11%)
INFO: Instrumented org.pqcfuzz.target.jdk.JdkMlDsa65VerifyTarget (took 1 ms, size +10%)
INFO: Instrumented org.pqcfuzz.target.jdk.JdkMlDsa65PublicKeyParseTarget (took 1 ms, size +12%)
INFO: Instrumented org.pqcfuzz.target.jdk.JdkMlKem768ParseAndEncapsulateTarget (took 3 ms, size +9%)
INFO: Instrumented org.pqcfuzz.target.jdk.JdkMlDsa65ParseAndVerifyTarget (took 3 ms, size +9%)
INFO: Instrumented org.pqcfuzz.target.mlkem.MlKemKeys (took 0 ms, size +6%)
INFO: Instrumented org.bouncycastle.crypto.KeyGenerationParameters (took 0 ms, size +19%)
INFO: Instrumented org.bouncycastle.crypto.params.MLKEMKeyGenerationParameters (took 0 ms, size +20%)
INFO: Instrumented org.bouncycastle.crypto.params.MLKEMParameters (took 1 ms, size +11%)
INFO: Instrumented org.bouncycastle.crypto.KEMParameters (took 0 ms, size +0%)
INFO: Instrumented org.bouncycastle.crypto.generators.MLKEMKeyPairGenerator (took 1 ms, size +7%)
INFO: Instrumented org.bouncycastle.crypto.AsymmetricCipherKeyPairGenerator (took 0 ms, size +0%)
INFO: Instrumented org.bouncycastle.crypto.params.MLKEMPrivateKeyParameters (took 2 ms, size +15%)
INFO: New number of coverage counters: 1024
INFO: Instrumented org.bouncycastle.crypto.CryptoServicesRegistrar (took 4 ms, size +12%)
INFO: Instrumented org.bouncycastle.crypto.CryptoServicesPermission (took 1 ms, size +72%)
INFO: Instrumented org.bouncycastle.crypto.SecureRandomProvider (took 0 ms, size +0%)
INFO: Instrumented org.bouncycastle.crypto.CryptoServicesConstraints (took 0 ms, size +0%)
INFO: Instrumented org.bouncycastle.crypto.CryptoServicesRegistrar$ThreadLocalSecureRandomProvider (took 0 ms, size +13%)
INFO: Instrumented org.bouncycastle.crypto.CryptoServicesRegistrar$1 (took 0 ms, size +24%)
INFO: Instrumented org.bouncycastle.crypto.params.DSAParameters (took 1 ms, size +66%)
INFO: Instrumented org.bouncycastle.crypto.params.DSAValidationParameters (took 2 ms, size +38%)
INFO: Instrumented org.bouncycastle.util.encoders.Hex (took 2 ms, size +15%)
INFO: Instrumented org.bouncycastle.util.encoders.DecoderException (took 0 ms, size +27%)
INFO: Instrumented org.bouncycastle.util.encoders.EncoderException (took 0 ms, size +27%)
INFO: Instrumented org.bouncycastle.util.encoders.HexEncoder (took 2 ms, size +37%)
INFO: Instrumented org.bouncycastle.util.encoders.Encoder (took 0 ms, size +0%)
INFO: Instrumented org.bouncycastle.util.Arrays (took 19 ms, size +34%)
INFO: Instrumented org.bouncycastle.crypto.CryptoServicesRegistrar$Property (took 0 ms, size +10%)
INFO: New number of coverage counters: 2048
INFO: Instrumented org.bouncycastle.asn1.x9.X9ECParameters (took 3 ms, size +12%)
INFO: Instrumented org.bouncycastle.asn1.x9.X9ObjectIdentifiers (took 1 ms, size +3%)
INFO: Instrumented org.bouncycastle.asn1.ASN1Object (took 1 ms, size +30%)
INFO: Instrumented org.bouncycastle.asn1.ASN1Encodable (took 0 ms, size +0%)
INFO: Instrumented org.bouncycastle.util.Encodable (took 0 ms, size +0%)
INFO: Instrumented org.bouncycastle.crypto.params.DHParameters (took 2 ms, size +39%)
INFO: Instrumented org.bouncycastle.crypto.params.DHValidationParameters (took 1 ms, size +45%)
INFO: Instrumented org.bouncycastle.crypto.kems.mlkem.MLKEMEngine (took 7 ms, size +9%)
INFO: Instrumented org.bouncycastle.crypto.kems.mlkem.MLKEMIndCpa (took 3 ms, size +17%)
INFO: Instrumented org.bouncycastle.crypto.Xof (took 0 ms, size +0%)
INFO: Instrumented org.bouncycastle.crypto.ExtendedDigest (took 0 ms, size +0%)
INFO: Instrumented org.bouncycastle.crypto.Digest (took 0 ms, size +0%)
INFO: Instrumented org.bouncycastle.crypto.kems.mlkem.PolyVec (took 2 ms, size +23%)
INFO: Instrumented org.bouncycastle.crypto.kems.mlkem.Poly (took 4 ms, size +20%)
INFO: Instrumented org.bouncycastle.crypto.digests.SHA3Digest (took 2 ms, size +26%)
INFO: Instrumented org.bouncycastle.crypto.SavableDigest (took 0 ms, size +0%)
INFO: Instrumented org.bouncycastle.crypto.digests.EncodableDigest (took 0 ms, size +0%)
INFO: Instrumented org.bouncycastle.crypto.EncodableService (took 0 ms, size +0%)
INFO: Instrumented org.bouncycastle.util.Memoable (took 0 ms, size +0%)
INFO: Instrumented org.bouncycastle.crypto.digests.KeccakDigest (took 7 ms, size +20%)
INFO: Instrumented org.bouncycastle.crypto.CryptoServicePurpose (took 2 ms, size +13%)
INFO: Instrumented org.bouncycastle.crypto.digests.Utils (took 0 ms, size +10%)
INFO: Instrumented org.bouncycastle.crypto.CryptoServiceProperties (took 0 ms, size +0%)
INFO: Instrumented org.bouncycastle.crypto.digests.Utils$DefaultPropertiesWithPRF (took 0 ms, size +12%)
INFO: Instrumented org.bouncycastle.util.Pack (took 7 ms, size +24%)
INFO: Instrumented org.bouncycastle.crypto.digests.SHAKEDigest (took 8 ms, size +22%)
INFO: Instrumented org.bouncycastle.crypto.digests.Utils$DefaultProperties (took 1 ms, size +14%)
INFO: Instrumented org.bouncycastle.crypto.kems.mlkem.CBD (took 1 ms, size +41%)
INFO: Instrumented org.bouncycastle.crypto.kems.mlkem.Ntt (took 1 ms, size +14%)
INFO: Instrumented org.bouncycastle.crypto.kems.mlkem.Reduce (took 0 ms, size +28%)
INFO: Instrumented org.bouncycastle.crypto.AsymmetricCipherKeyPair (took 0 ms, size +13%)
INFO: Instrumented org.bouncycastle.crypto.kems.MLKEMExtractor (took 0 ms, size +18%)
INFO: Instrumented org.bouncycastle.crypto.EncapsulatedSecretExtractor (took 0 ms, size +0%)
INFO: Instrumented org.bouncycastle.crypto.kems.MLKEMGenerator (took 0 ms, size +14%)
INFO: Instrumented org.bouncycastle.crypto.EncapsulatedSecretGenerator (took 0 ms, size +0%)
INFO: Instrumented org.bouncycastle.crypto.SecretWithEncapsulation (took 0 ms, size +0%)
INFO: Instrumented org.bouncycastle.pqc.crypto.util.SecretWithEncapsulationImpl (took 2 ms, size +25%)
INFO: Instrumented org.pqcfuzz.target.TargetKind (took 2 ms, size +12%)
INFO: Instrumented org.pqcfuzz.classify.ExpectedRejections (took 1 ms, size +41%)
INFO: using inputs from: <repo>/.cifuzz-corpus/org.pqcfuzz.fuzz.PqcDecodeFuzzTest/mlKemDecap
INFO: using inputs from: <repo>/target/test-classes/org/pqcfuzz/fuzz/PqcDecodeFuzzTestInputs/mlKemDecap
INFO: using inputs from: /var/folders/m8/hjsd0821793bcvxlpgdpt23r0000gn/T/jazzer-java-seeds4093834781806293124
INFO: found LLVMFuzzerCustomMutator (0x123a07038). Disabling -len_control by default.
INFO: Running with entropic power schedule (0xFF, 100).
INFO: Seed: 3162460580
INFO: Loaded 3 modules   (2048 inline 8-bit counters): 512 [0x7cda800000, 0x7cda800200), 512 [0x7cda800200, 0x7cda800400), 1024 [0x7cda800400, 0x7cda800800), 
INFO: Loaded 3 PC tables (2048 PCs): 512 [0x7cdd4a8000,0x7cdd4aa000), 512 [0x7cdd4aa000,0x7cdd4ac000), 1024 [0x7cdd60c000,0x7cdd610000), 
INFO:        0 files found in <repo>/.cifuzz-corpus/org.pqcfuzz.fuzz.PqcDecodeFuzzTest/mlKemDecap
INFO:        5 files found in <repo>/target/test-classes/org/pqcfuzz/fuzz/PqcDecodeFuzzTestInputs/mlKemDecap
INFO:        0 files found in /var/folders/m8/hjsd0821793bcvxlpgdpt23r0000gn/T/jazzer-java-seeds4093834781806293124
INFO: -max_len is not provided; libFuzzer will not generate inputs larger than 4096 bytes
INFO: seed corpus: files: 5 min: 1088b max: 1152b total: 5504b rss: 753Mb
#6	INITED cov: 255 ft: 256 corp: 2/2240b exec/s: 0 rss: 753Mb
#27	REDUCE cov: 255 ft: 256 corp: 2/2080b lim: 1152 exec/s: 0 rss: 753Mb L: 992/1088 MS: 2 EraseBytes-Custom-
#44	REDUCE cov: 255 ft: 256 corp: 2/2035b lim: 1152 exec/s: 0 rss: 753Mb L: 947/1088 MS: 4 ChangeByte-Custom-EraseBytes-Custom-
#81	REDUCE cov: 255 ft: 256 corp: 2/1672b lim: 1152 exec/s: 0 rss: 753Mb L: 584/1088 MS: 4 ShuffleBytes-Custom-EraseBytes-Custom-
#138	REDUCE cov: 255 ft: 256 corp: 2/1652b lim: 1152 exec/s: 0 rss: 753Mb L: 564/1088 MS: 4 ChangeBinInt-Custom-EraseBytes-Custom-
#202	REDUCE cov: 255 ft: 256 corp: 2/1540b lim: 1152 exec/s: 0 rss: 753Mb L: 452/1088 MS: 8 ChangeBinInt-Custom-ChangeBinInt-Custom-InsertByte-Custom-EraseBytes-Custom-
#208	REDUCE cov: 255 ft: 256 corp: 2/1358b lim: 1152 exec/s: 0 rss: 753Mb L: 270/1088 MS: 2 CrossOver-Custom-
#214	REDUCE cov: 255 ft: 256 corp: 2/1307b lim: 1152 exec/s: 0 rss: 753Mb L: 219/1088 MS: 2 EraseBytes-Custom-
#216	REDUCE cov: 255 ft: 256 corp: 2/1200b lim: 1152 exec/s: 0 rss: 753Mb L: 112/1088 MS: 4 CMP-Custom-EraseBytes-Custom- DE: "\001\000\000\000\000\000\000\000"-
#357	REDUCE cov: 255 ft: 256 corp: 2/1199b lim: 1152 exec/s: 0 rss: 753Mb L: 111/1088 MS: 2 EraseBytes-Custom-
#384	REDUCE cov: 255 ft: 256 corp: 2/1159b lim: 1152 exec/s: 0 rss: 753Mb L: 71/1088 MS: 4 ChangeByte-Custom-EraseBytes-Custom-
#436	REDUCE cov: 255 ft: 256 corp: 2/1148b lim: 1152 exec/s: 0 rss: 753Mb L: 60/1088 MS: 4 ChangeBinInt-Custom-EraseBytes-Custom-
#468	REDUCE cov: 255 ft: 256 corp: 2/1138b lim: 1152 exec/s: 0 rss: 753Mb L: 50/1088 MS: 4 CrossOver-Custom-EraseBytes-Custom-
#469	REDUCE cov: 255 ft: 256 corp: 2/1127b lim: 1152 exec/s: 0 rss: 753Mb L: 39/1088 MS: 2 EraseBytes-Custom-
#535	REDUCE cov: 255 ft: 256 corp: 2/1126b lim: 1152 exec/s: 0 rss: 753Mb L: 38/1088 MS: 2 EraseBytes-Custom-
#546	REDUCE cov: 255 ft: 256 corp: 2/1121b lim: 1152 exec/s: 0 rss: 753Mb L: 33/1088 MS: 2 EraseBytes-Custom-
#578	REDUCE cov: 255 ft: 256 corp: 2/1115b lim: 1152 exec/s: 0 rss: 753Mb L: 27/1088 MS: 4 PersAutoDict-Custom-EraseBytes-Custom- DE: "\001\000\000\000\000\000\000\000"-
#664	REDUCE cov: 255 ft: 256 corp: 2/1110b lim: 1152 exec/s: 0 rss: 753Mb L: 22/1088 MS: 2 EraseBytes-Custom-
#822	REDUCE cov: 255 ft: 256 corp: 2/1104b lim: 1152 exec/s: 0 rss: 753Mb L: 16/1088 MS: 6 InsertByte-Custom-ShuffleBytes-Custom-EraseBytes-Custom-
#871	REDUCE cov: 255 ft: 256 corp: 2/1102b lim: 1152 exec/s: 0 rss: 753Mb L: 14/1088 MS: 8 ChangeByte-Custom-InsertByte-Custom-CMP-Custom-EraseBytes-Custom- DE: "\377\377\377\377\377\377\377\377"-
#891	REDUCE cov: 255 ft: 256 corp: 2/1098b lim: 1152 exec/s: 0 rss: 753Mb L: 10/1088 MS: 10 InsertByte-Custom-PersAutoDict-Custom-EraseBytes-Custom-ShuffleBytes-Custom-EraseBytes-Custom- DE: "\001\000\000\000\000\000\000\000"-
#917	REDUCE cov: 255 ft: 256 corp: 2/1094b lim: 1152 exec/s: 0 rss: 753Mb L: 6/1088 MS: 2 EraseBytes-Custom-
#955	REDUCE cov: 255 ft: 256 corp: 2/1092b lim: 1152 exec/s: 0 rss: 753Mb L: 4/1088 MS: 6 ChangeBinInt-Custom-ChangeBit-Custom-EraseBytes-Custom-
#1011	REDUCE cov: 255 ft: 256 corp: 2/1090b lim: 1152 exec/s: 0 rss: 753Mb L: 2/1088 MS: 2 EraseBytes-Custom-
#1022	REDUCE cov: 255 ft: 256 corp: 2/1089b lim: 1152 exec/s: 0 rss: 753Mb L: 1/1088 MS: 2 EraseBytes-Custom-
#32768	pulse  cov: 255 ft: 256 corp: 2/1089b lim: 1462 exec/s: 16384 rss: 787Mb
#65536	pulse  cov: 255 ft: 256 corp: 2/1089b lim: 1792 exec/s: 21845 rss: 787Mb
#131072	pulse  cov: 255 ft: 256 corp: 2/1089b lim: 2437 exec/s: 21845 rss: 787Mb
#262144	pulse  cov: 255 ft: 256 corp: 2/1089b lim: 3746 exec/s: 21845 rss: 787Mb
#524288	pulse  cov: 255 ft: 256 corp: 2/1089b lim: 4096 exec/s: 22795 rss: 787Mb
#1048576	pulse  cov: 255 ft: 256 corp: 2/1089b lim: 4096 exec/s: 22795 rss: 787Mb
#2097152	pulse  cov: 255 ft: 256 corp: 2/1089b lim: 4096 exec/s: 23301 rss: 787Mb
#2748555	DONE   cov: 255 ft: 256 corp: 2/1089b lim: 4096 exec/s: 22715 rss: 787Mb
[INFO] Tests run: 7, Failures: 0, Errors: 0, Skipped: 0, Time elapsed: 123.9 s -- in org.pqcfuzz.fuzz.PqcDecodeFuzzTest
[INFO] Tests run: 7, Failures: 0, Errors: 0, Skipped: 0
