INFO: Loaded 287 hooks from com.code_intelligence.jazzer.runtime.TraceCmpHooks
INFO: Loaded 5 hooks from com.code_intelligence.jazzer.runtime.TraceDivHooks
INFO: Loaded 2 hooks from com.code_intelligence.jazzer.runtime.TraceIndirHooks
INFO: Loaded 4 hooks from com.code_intelligence.jazzer.runtime.NativeLibHooks
INFO: Loaded 2 hooks from com.code_intelligence.jazzer.sanitizers.ClojureLangHooks
INFO: Loaded 5 hooks from com.code_intelligence.jazzer.sanitizers.Deserialization
INFO: Loaded 5 hooks from com.code_intelligence.jazzer.sanitizers.ExpressionLanguageInjection
INFO: Loaded 70 hooks from com.code_intelligence.jazzer.sanitizers.LdapInjection
INFO: Loaded 46 hooks from com.code_intelligence.jazzer.sanitizers.NamingContextLookup
INFO: Loaded 1 hooks from com.code_intelligence.jazzer.sanitizers.OsCommandInjection
INFO: Loaded 48 hooks from com.code_intelligence.jazzer.sanitizers.ReflectiveCall
INFO: Loaded 8 hooks from com.code_intelligence.jazzer.sanitizers.RegexInjection
INFO: Loaded 16 hooks from com.code_intelligence.jazzer.sanitizers.RegexRoadblocks
INFO: Loaded 12 hooks from com.code_intelligence.jazzer.sanitizers.ScriptEngineInjection
INFO: Loaded 3 hooks from com.code_intelligence.jazzer.sanitizers.ServerSideRequestForgery
INFO: Loaded 19 hooks from com.code_intelligence.jazzer.sanitizers.SqlInjection
INFO: Loaded 6 hooks from com.code_intelligence.jazzer.sanitizers.XPathInjection
INFO: Instrumented org.pqcfuzz.classify.Classifier (took 63 ms, size +26%)
INFO: Instrumented org.pqcfuzz.target.FuzzTarget (took 1 ms, size +12%)
INFO: Instrumented org.pqcfuzz.classify.Outcome (took 2 ms, size +13%)
INFO: Instrumented org.pqcfuzz.fuzz.PqcDecodeFuzzTest (took 11 ms, size +12%)
INFO: Instrumented org.pqcfuzz.target.Targets (took 12 ms, size +19%)
INFO: Instrumented org.pqcfuzz.target.mlkem.MlKem768DecapTarget (took 4 ms, size +13%)
INFO: Instrumented org.pqcfuzz.target.mlkem.MlKem768PublicKeyParseTarget (took 3 ms, size +15%)
INFO: Instrumented org.pqcfuzz.target.mldsa.MlDsa65VerifyTarget (took 2 ms, size +11%)
INFO: Instrumented org.bouncycastle.crypto.CipherParameters (took 0 ms, size +0%)
INFO: Instrumented org.pqcfuzz.target.mldsa.MlDsa65PublicKeyParseTarget (took 3 ms, size +15%)
INFO: Instrumented org.pqcfuzz.target.slhdsa.SlhDsaVerifyTarget (took 3 ms, size +10%)
INFO: Instrumented org.pqcfuzz.target.slhdsa.SlhDsaPublicKeyParseTarget (took 2 ms, size +14%)
INFO: Instrumented org.pqcfuzz.target.mlkem.MlKem768ParseAndEncapsulateTarget (took 1 ms, size +11%)
INFO: Instrumented org.bouncycastle.crypto.params.AsymmetricKeyParameter (took 1 ms, size +32%)
INFO: Instrumented org.bouncycastle.crypto.params.MLKEMPublicKeyParameters (took 2 ms, size +22%)
INFO: Instrumented org.bouncycastle.crypto.params.MLKEMKeyParameters (took 0 ms, size +23%)
INFO: Instrumented org.pqcfuzz.util.DeterministicSecureRandom (took 2 ms, size +24%)
INFO: Instrumented org.pqcfuzz.target.mldsa.MlDsa65ParseAndVerifyTarget (took 1 ms, size +10%)
INFO: Instrumented org.pqcfuzz.target.slhdsa.SlhDsaParseAndVerifyTarget (took 1 ms, size +10%)
INFO: Instrumented org.pqcfuzz.target.jdk.JdkMlKem768DecapTarget (took 1 ms, size +12%)
INFO: Instrumented org.pqcfuzz.target.jdk.JdkMlKem768PublicKeyParseTarget (took 0 ms, size +11%)
INFO: Instrumented org.pqcfuzz.target.jdk.JdkMlDsa65VerifyTarget (took 2 ms, size +10%)
INFO: Instrumented org.pqcfuzz.target.jdk.JdkMlDsa65PublicKeyParseTarget (took 2 ms, size +12%)
INFO: Instrumented org.pqcfuzz.target.jdk.JdkMlKem768ParseAndEncapsulateTarget (took 1 ms, size +9%)
INFO: Instrumented org.pqcfuzz.target.jdk.JdkMlDsa65ParseAndVerifyTarget (took 1 ms, size +9%)
INFO: Instrumented org.pqcfuzz.target.mlkem.MlKemKeys (took 1 ms, size +6%)
INFO: Instrumented org.bouncycastle.crypto.KeyGenerationParameters (took 0 ms, size +19%)
INFO: Instrumented org.bouncycastle.crypto.params.MLKEMKeyGenerationParameters (took 0 ms, size +20%)
INFO: Instrumented org.bouncycastle.crypto.params.MLKEMParameters (took 0 ms, size +11%)
INFO: Instrumented org.bouncycastle.crypto.KEMParameters (took 0 ms, size +0%)
INFO: Instrumented org.bouncycastle.crypto.generators.MLKEMKeyPairGenerator (took 1 ms, size +7%)
INFO: Instrumented org.bouncycastle.crypto.AsymmetricCipherKeyPairGenerator (took 0 ms, size +0%)
INFO: Instrumented org.bouncycastle.crypto.params.MLKEMPrivateKeyParameters (took 2 ms, size +15%)
INFO: New number of coverage counters: 1024
INFO: Instrumented org.bouncycastle.crypto.CryptoServicesRegistrar (took 7 ms, size +12%)
INFO: Instrumented org.bouncycastle.crypto.CryptoServicesPermission (took 1 ms, size +72%)
INFO: Instrumented org.bouncycastle.crypto.SecureRandomProvider (took 0 ms, size +0%)
INFO: Instrumented org.bouncycastle.crypto.CryptoServicesConstraints (took 0 ms, size +0%)
INFO: Instrumented org.bouncycastle.crypto.CryptoServicesRegistrar$ThreadLocalSecureRandomProvider (took 0 ms, size +13%)
INFO: Instrumented org.bouncycastle.crypto.CryptoServicesRegistrar$1 (took 0 ms, size +24%)
INFO: Instrumented org.bouncycastle.crypto.params.DSAParameters (took 1 ms, size +66%)
INFO: Instrumented org.bouncycastle.crypto.params.DSAValidationParameters (took 1 ms, size +38%)
INFO: Instrumented org.bouncycastle.util.encoders.Hex (took 2 ms, size +15%)
INFO: Instrumented org.bouncycastle.util.encoders.DecoderException (took 0 ms, size +27%)
INFO: Instrumented org.bouncycastle.util.encoders.EncoderException (took 0 ms, size +27%)
INFO: Instrumented org.bouncycastle.util.encoders.HexEncoder (took 2 ms, size +37%)
INFO: Instrumented org.bouncycastle.util.encoders.Encoder (took 0 ms, size +0%)
INFO: Instrumented org.bouncycastle.util.Arrays (took 13 ms, size +34%)
INFO: Instrumented org.bouncycastle.crypto.CryptoServicesRegistrar$Property (took 0 ms, size +10%)
INFO: New number of coverage counters: 2048
INFO: Instrumented org.bouncycastle.asn1.x9.X9ECParameters (took 7 ms, size +12%)
INFO: Instrumented org.bouncycastle.asn1.x9.X9ObjectIdentifiers (took 0 ms, size +3%)
INFO: Instrumented org.bouncycastle.asn1.ASN1Object (took 2 ms, size +30%)
INFO: Instrumented org.bouncycastle.asn1.ASN1Encodable (took 0 ms, size +0%)
INFO: Instrumented org.bouncycastle.util.Encodable (took 0 ms, size +0%)
INFO: Instrumented org.bouncycastle.crypto.params.DHParameters (took 5 ms, size +39%)
INFO: Instrumented org.bouncycastle.crypto.params.DHValidationParameters (took 2 ms, size +45%)
INFO: Instrumented org.bouncycastle.crypto.kems.mlkem.MLKEMEngine (took 4 ms, size +9%)
INFO: Instrumented org.bouncycastle.crypto.kems.mlkem.MLKEMIndCpa (took 2 ms, size +17%)
INFO: Instrumented org.bouncycastle.crypto.Xof (took 0 ms, size +0%)
INFO: Instrumented org.bouncycastle.crypto.ExtendedDigest (took 0 ms, size +0%)
INFO: Instrumented org.bouncycastle.crypto.Digest (took 0 ms, size +0%)
INFO: Instrumented org.bouncycastle.crypto.kems.mlkem.PolyVec (took 2 ms, size +23%)
INFO: Instrumented org.bouncycastle.crypto.kems.mlkem.Poly (took 2 ms, size +20%)
INFO: Instrumented org.bouncycastle.crypto.digests.SHA3Digest (took 1 ms, size +26%)
INFO: Instrumented org.bouncycastle.crypto.SavableDigest (took 0 ms, size +0%)
INFO: Instrumented org.bouncycastle.crypto.digests.EncodableDigest (took 0 ms, size +0%)
INFO: Instrumented org.bouncycastle.crypto.EncodableService (took 0 ms, size +0%)
INFO: Instrumented org.bouncycastle.util.Memoable (took 0 ms, size +0%)
INFO: Instrumented org.bouncycastle.crypto.digests.KeccakDigest (took 7 ms, size +20%)
INFO: Instrumented org.bouncycastle.crypto.CryptoServicePurpose (took 2 ms, size +13%)
INFO: Instrumented org.bouncycastle.crypto.digests.Utils (took 1 ms, size +10%)
INFO: Instrumented org.bouncycastle.crypto.CryptoServiceProperties (took 0 ms, size +0%)
INFO: Instrumented org.bouncycastle.crypto.digests.Utils$DefaultPropertiesWithPRF (took 0 ms, size +12%)
INFO: Instrumented org.bouncycastle.util.Pack (took 4 ms, size +24%)
INFO: Instrumented org.bouncycastle.crypto.digests.SHAKEDigest (took 4 ms, size +22%)
INFO: Instrumented org.bouncycastle.crypto.digests.Utils$DefaultProperties (took 0 ms, size +14%)
INFO: Instrumented org.bouncycastle.crypto.kems.mlkem.CBD (took 0 ms, size +41%)
INFO: Instrumented org.bouncycastle.crypto.kems.mlkem.Ntt (took 1 ms, size +14%)
INFO: Instrumented org.bouncycastle.crypto.kems.mlkem.Reduce (took 0 ms, size +28%)
INFO: Instrumented org.bouncycastle.crypto.AsymmetricCipherKeyPair (took 0 ms, size +13%)
INFO: Instrumented org.bouncycastle.crypto.kems.MLKEMExtractor (took 0 ms, size +18%)
INFO: Instrumented org.bouncycastle.crypto.EncapsulatedSecretExtractor (took 0 ms, size +0%)
INFO: Instrumented org.pqcfuzz.target.TargetKind (took 0 ms, size +12%)
INFO: Instrumented org.pqcfuzz.classify.ExpectedRejections (took 0 ms, size +41%)
INFO: found LLVMFuzzerCustomMutator (0x10b063038). Disabling -len_control by default.
INFO: Running with entropic power schedule (0xFF, 100).
INFO: Seed: 1244515628
INFO: Loaded 3 modules   (2048 inline 8-bit counters): 512 [0x773e800000, 0x773e800200), 512 [0x773e800200, 0x773e800400), 1024 [0x773e800400, 0x773e800800), 
INFO: Loaded 3 PC tables (2048 PCs): 512 [0x1009a2660,0x1009a4660), 512 [0x774345c000,0x774345e000), 1024 [0x7743128000,0x774312c000), 
INFO:        0 files found in <repo>/.cifuzz-corpus/org.pqcfuzz.fuzz.PqcDecodeFuzzTest/mlKemPublicKeyParse
INFO:        5 files found in <repo>/target/test-classes/org/pqcfuzz/fuzz/PqcDecodeFuzzTestInputs/mlKemPublicKeyParse
INFO:        0 files found in /var/folders/m8/hjsd0821793bcvxlpgdpt23r0000gn/T/jazzer-java-seeds11792148592330950042
INFO: -max_len is not provided; libFuzzer will not generate inputs larger than 4096 bytes
INFO: seed corpus: files: 5 min: 1184b max: 1248b total: 5984b rss: 1153Mb
#6	INITED cov: 44 ft: 44 corp: 2/2432b exec/s: 0 rss: 1153Mb
#15	REDUCE cov: 44 ft: 44 corp: 2/2052b lim: 1248 exec/s: 0 rss: 1153Mb L: 868/1184 MS: 8 ChangeBit-Custom-CopyPart-Custom-CrossOver-Custom-EraseBytes-Custom-
#43	REDUCE cov: 44 ft: 44 corp: 2/1765b lim: 1248 exec/s: 0 rss: 1153Mb L: 581/1184 MS: 6 ChangeBit-Custom-InsertByte-Custom-EraseBytes-Custom-
#58	REDUCE cov: 44 ft: 44 corp: 2/1678b lim: 1248 exec/s: 0 rss: 1153Mb L: 494/1184 MS: 10 InsertRepeatedBytes-Custom-InsertByte-Custom-ShuffleBytes-Custom-InsertByte-Custom-EraseBytes-Custom-
#60	REDUCE cov: 44 ft: 44 corp: 2/1440b lim: 1248 exec/s: 0 rss: 1153Mb L: 256/1184 MS: 4 ChangeASCIIInt-Custom-EraseBytes-Custom-
#97	NEW    cov: 46 ft: 46 corp: 3/2624b lim: 1248 exec/s: 0 rss: 1153Mb L: 1184/1184 MS: 4 ChangeASCIIInt-Custom-CopyPart-Custom-
#208	REDUCE cov: 46 ft: 46 corp: 3/2554b lim: 1248 exec/s: 0 rss: 1153Mb L: 186/1184 MS: 2 EraseBytes-Custom-
#214	REDUCE cov: 46 ft: 46 corp: 3/2511b lim: 1248 exec/s: 0 rss: 1153Mb L: 143/1184 MS: 2 EraseBytes-Custom-
#221	REDUCE cov: 46 ft: 46 corp: 3/2460b lim: 1248 exec/s: 0 rss: 1153Mb L: 92/1184 MS: 4 ChangeBinInt-Custom-EraseBytes-Custom-
#304	REDUCE cov: 46 ft: 46 corp: 3/2459b lim: 1248 exec/s: 0 rss: 1153Mb L: 91/1184 MS: 6 ShuffleBytes-Custom-InsertRepeatedBytes-Custom-EraseBytes-Custom-
#351	REDUCE cov: 46 ft: 46 corp: 3/2421b lim: 1248 exec/s: 0 rss: 1153Mb L: 53/1184 MS: 4 ShuffleBytes-Custom-EraseBytes-Custom-
#394	REDUCE cov: 46 ft: 46 corp: 3/2399b lim: 1248 exec/s: 0 rss: 1154Mb L: 31/1184 MS: 6 ShuffleBytes-Custom-ChangeBinInt-Custom-EraseBytes-Custom-
#430	REDUCE cov: 46 ft: 46 corp: 3/2394b lim: 1248 exec/s: 0 rss: 1154Mb L: 26/1184 MS: 2 EraseBytes-Custom-
#521	REDUCE cov: 46 ft: 46 corp: 3/2393b lim: 1248 exec/s: 0 rss: 1154Mb L: 25/1184 MS: 2 EraseBytes-Custom-
#577	REDUCE cov: 46 ft: 46 corp: 3/2390b lim: 1248 exec/s: 0 rss: 1154Mb L: 22/1184 MS: 2 EraseBytes-Custom-
#596	REDUCE cov: 46 ft: 46 corp: 3/2382b lim: 1248 exec/s: 0 rss: 1154Mb L: 14/1184 MS: 8 ChangeBinInt-Custom-CrossOver-Custom-ChangeBit-Custom-EraseBytes-Custom-
#598	REDUCE cov: 46 ft: 46 corp: 3/2379b lim: 1248 exec/s: 0 rss: 1154Mb L: 11/1184 MS: 4 InsertByte-Custom-EraseBytes-Custom-
#625	REDUCE cov: 46 ft: 46 corp: 3/2375b lim: 1248 exec/s: 0 rss: 1154Mb L: 7/1184 MS: 4 ChangeByte-Custom-EraseBytes-Custom-
#646	REDUCE cov: 46 ft: 46 corp: 3/2372b lim: 1248 exec/s: 0 rss: 1154Mb L: 4/1184 MS: 2 EraseBytes-Custom-
#727	REDUCE cov: 46 ft: 46 corp: 3/2370b lim: 1248 exec/s: 0 rss: 1154Mb L: 2/1184 MS: 2 EraseBytes-Custom-
#778	REDUCE cov: 46 ft: 46 corp: 3/2369b lim: 1248 exec/s: 0 rss: 1154Mb L: 1/1184 MS: 2 EraseBytes-Custom-
INFO: using inputs from: <repo>/.cifuzz-corpus/org.pqcfuzz.fuzz.PqcDecodeFuzzTest/mlKemPublicKeyParse
INFO: using inputs from: <repo>/target/test-classes/org/pqcfuzz/fuzz/PqcDecodeFuzzTestInputs/mlKemPublicKeyParse
INFO: using inputs from: /var/folders/m8/hjsd0821793bcvxlpgdpt23r0000gn/T/jazzer-java-seeds11792148592330950042
#524288	pulse  cov: 46 ft: 46 corp: 3/2369b lim: 4096 exec/s: 262144 rss: 1157Mb
#1048576	pulse  cov: 46 ft: 46 corp: 3/2369b lim: 4096 exec/s: 262144 rss: 1157Mb
#2097152	pulse  cov: 46 ft: 46 corp: 3/2369b lim: 4096 exec/s: 262144 rss: 1157Mb
#4194304	pulse  cov: 46 ft: 46 corp: 3/2369b lim: 4096 exec/s: 246723 rss: 1157Mb
#8388608	pulse  cov: 46 ft: 46 corp: 3/2369b lim: 4096 exec/s: 239674 rss: 1157Mb
#16777216	pulse  cov: 46 ft: 46 corp: 3/2369b lim: 4096 exec/s: 236298 rss: 1157Mb
#28470116	DONE   cov: 46 ft: 46 corp: 3/2369b lim: 4096 exec/s: 235290 rss: 1157Mb
[INFO] Tests run: 7, Failures: 0, Errors: 0, Skipped: 0, Time elapsed: 123.5 s -- in org.pqcfuzz.fuzz.PqcDecodeFuzzTest
[INFO] Tests run: 7, Failures: 0, Errors: 0, Skipped: 0
