INFO: Loaded 287 hooks from com.code_intelligence.jazzer.runtime.TraceCmpHooks
INFO: Loaded 5 hooks from com.code_intelligence.jazzer.runtime.TraceDivHooks
INFO: Loaded 2 hooks from com.code_intelligence.jazzer.runtime.TraceIndirHooks
INFO: Loaded 4 hooks from com.code_intelligence.jazzer.runtime.NativeLibHooks
INFO: Loaded 2 hooks from com.code_intelligence.jazzer.sanitizers.ClojureLangHooks
INFO: Loaded 5 hooks from com.code_intelligence.jazzer.sanitizers.Deserialization
INFO: Loaded 5 hooks from com.code_intelligence.jazzer.sanitizers.ExpressionLanguageInjection
INFO: Loaded 70 hooks from com.code_intelligence.jazzer.sanitizers.LdapInjection
INFO: Loaded 46 hooks from com.code_intelligence.jazzer.sanitizers.NamingContextLookup
INFO: Loaded 1 hooks from com.code_intelligence.jazzer.sanitizers.OsCommandInjection
INFO: Loaded 48 hooks from com.code_intelligence.jazzer.sanitizers.ReflectiveCall
INFO: Loaded 8 hooks from com.code_intelligence.jazzer.sanitizers.RegexInjection
INFO: Loaded 16 hooks from com.code_intelligence.jazzer.sanitizers.RegexRoadblocks
INFO: Loaded 12 hooks from com.code_intelligence.jazzer.sanitizers.ScriptEngineInjection
INFO: Loaded 3 hooks from com.code_intelligence.jazzer.sanitizers.ServerSideRequestForgery
INFO: Loaded 19 hooks from com.code_intelligence.jazzer.sanitizers.SqlInjection
INFO: Loaded 6 hooks from com.code_intelligence.jazzer.sanitizers.XPathInjection
INFO: Instrumented org.pqcfuzz.classify.Classifier (took 62 ms, size +26%)
INFO: Instrumented org.pqcfuzz.target.FuzzTarget (took 1 ms, size +12%)
INFO: Instrumented org.pqcfuzz.classify.Outcome (took 4 ms, size +13%)
INFO: Instrumented org.pqcfuzz.fuzz.PqcDecodeFuzzTest (took 11 ms, size +12%)
INFO: Instrumented org.pqcfuzz.target.Targets (took 13 ms, size +19%)
INFO: Instrumented org.pqcfuzz.target.mlkem.MlKem768DecapTarget (took 5 ms, size +13%)
INFO: Instrumented org.pqcfuzz.target.mlkem.MlKem768PublicKeyParseTarget (took 3 ms, size +15%)
INFO: Instrumented org.pqcfuzz.target.mldsa.MlDsa65VerifyTarget (took 4 ms, size +11%)
INFO: Instrumented org.bouncycastle.crypto.CipherParameters (took 0 ms, size +0%)
INFO: Instrumented org.pqcfuzz.target.mldsa.MlDsa65PublicKeyParseTarget (took 2 ms, size +15%)
INFO: Instrumented org.pqcfuzz.target.slhdsa.SlhDsaVerifyTarget (took 3 ms, size +10%)
INFO: Instrumented org.pqcfuzz.target.slhdsa.SlhDsaPublicKeyParseTarget (took 2 ms, size +14%)
INFO: Instrumented org.pqcfuzz.target.mlkem.MlKem768ParseAndEncapsulateTarget (took 1 ms, size +11%)
INFO: Instrumented org.bouncycastle.crypto.params.AsymmetricKeyParameter (took 0 ms, size +32%)
INFO: Instrumented org.bouncycastle.crypto.params.MLKEMPublicKeyParameters (took 2 ms, size +22%)
INFO: Instrumented org.bouncycastle.crypto.params.MLKEMKeyParameters (took 0 ms, size +23%)
INFO: Instrumented org.pqcfuzz.util.DeterministicSecureRandom (took 2 ms, size +24%)
INFO: Instrumented org.pqcfuzz.target.mldsa.MlDsa65ParseAndVerifyTarget (took 2 ms, size +10%)
INFO: Instrumented org.pqcfuzz.target.slhdsa.SlhDsaParseAndVerifyTarget (took 2 ms, size +10%)
INFO: Instrumented org.pqcfuzz.target.jdk.JdkMlKem768DecapTarget (took 1 ms, size +12%)
INFO: Instrumented org.pqcfuzz.target.jdk.JdkMlKem768PublicKeyParseTarget (took 2 ms, size +11%)
INFO: Instrumented org.pqcfuzz.target.jdk.JdkMlDsa65VerifyTarget (took 2 ms, size +10%)
INFO: Instrumented org.pqcfuzz.target.jdk.JdkMlDsa65PublicKeyParseTarget (took 2 ms, size +12%)
INFO: Instrumented org.pqcfuzz.target.jdk.JdkMlKem768ParseAndEncapsulateTarget (took 7 ms, size +9%)
INFO: Instrumented org.pqcfuzz.target.jdk.JdkMlDsa65ParseAndVerifyTarget (took 3 ms, size +9%)
INFO: Instrumented org.pqcfuzz.target.mlkem.MlKemKeys (took 2 ms, size +6%)
INFO: Instrumented org.bouncycastle.crypto.KeyGenerationParameters (took 0 ms, size +19%)
INFO: Instrumented org.bouncycastle.crypto.params.MLKEMKeyGenerationParameters (took 0 ms, size +20%)
INFO: Instrumented org.bouncycastle.crypto.params.MLKEMParameters (took 2 ms, size +11%)
INFO: Instrumented org.bouncycastle.crypto.KEMParameters (took 0 ms, size +0%)
INFO: Instrumented org.bouncycastle.crypto.generators.MLKEMKeyPairGenerator (took 1 ms, size +7%)
INFO: Instrumented org.bouncycastle.crypto.AsymmetricCipherKeyPairGenerator (took 0 ms, size +0%)
INFO: Instrumented org.bouncycastle.crypto.params.MLKEMPrivateKeyParameters (took 13 ms, size +15%)
INFO: New number of coverage counters: 1024
INFO: Instrumented org.bouncycastle.crypto.CryptoServicesRegistrar (took 21 ms, size +12%)
INFO: Instrumented org.bouncycastle.crypto.CryptoServicesPermission (took 12 ms, size +72%)
INFO: Instrumented org.bouncycastle.crypto.SecureRandomProvider (took 2 ms, size +0%)
INFO: Instrumented org.bouncycastle.crypto.CryptoServicesConstraints (took 0 ms, size +0%)
INFO: Instrumented org.bouncycastle.crypto.CryptoServicesRegistrar$ThreadLocalSecureRandomProvider (took 10 ms, size +13%)
INFO: Instrumented org.bouncycastle.crypto.CryptoServicesRegistrar$1 (took 4 ms, size +24%)
INFO: Instrumented org.bouncycastle.crypto.params.DSAParameters (took 6 ms, size +66%)
INFO: Instrumented org.bouncycastle.crypto.params.DSAValidationParameters (took 2 ms, size +38%)
INFO: Instrumented org.bouncycastle.util.encoders.Hex (took 7 ms, size +15%)
INFO: Instrumented org.bouncycastle.util.encoders.DecoderException (took 1 ms, size +27%)
INFO: Instrumented org.bouncycastle.util.encoders.EncoderException (took 2 ms, size +27%)
INFO: Instrumented org.bouncycastle.util.encoders.HexEncoder (took 6 ms, size +37%)
INFO: Instrumented org.bouncycastle.util.encoders.Encoder (took 0 ms, size +0%)
INFO: Instrumented org.bouncycastle.util.Arrays (took 39 ms, size +34%)
INFO: Instrumented org.bouncycastle.crypto.CryptoServicesRegistrar$Property (took 2 ms, size +10%)
INFO: New number of coverage counters: 2048
INFO: Instrumented org.bouncycastle.asn1.x9.X9ECParameters (took 7 ms, size +12%)
INFO: Instrumented org.bouncycastle.asn1.x9.X9ObjectIdentifiers (took 2 ms, size +3%)
INFO: Instrumented org.bouncycastle.asn1.ASN1Object (took 2 ms, size +30%)
INFO: Instrumented org.bouncycastle.asn1.ASN1Encodable (took 0 ms, size +0%)
INFO: Instrumented org.bouncycastle.util.Encodable (took 0 ms, size +0%)
INFO: Instrumented org.bouncycastle.crypto.params.DHParameters (took 5 ms, size +39%)
INFO: Instrumented org.bouncycastle.crypto.params.DHValidationParameters (took 2 ms, size +45%)
INFO: Instrumented org.bouncycastle.crypto.kems.mlkem.MLKEMEngine (took 8 ms, size +9%)
INFO: Instrumented org.bouncycastle.crypto.kems.mlkem.MLKEMIndCpa (took 5 ms, size +17%)
INFO: Instrumented org.bouncycastle.crypto.Xof (took 0 ms, size +0%)
INFO: Instrumented org.bouncycastle.crypto.ExtendedDigest (took 0 ms, size +0%)
INFO: Instrumented org.bouncycastle.crypto.Digest (took 0 ms, size +0%)
INFO: Instrumented org.bouncycastle.crypto.kems.mlkem.PolyVec (took 5 ms, size +23%)
INFO: Instrumented org.bouncycastle.crypto.kems.mlkem.Poly (took 6 ms, size +20%)
INFO: Instrumented org.bouncycastle.crypto.digests.SHA3Digest (took 5 ms, size +26%)
INFO: Instrumented org.bouncycastle.crypto.SavableDigest (took 0 ms, size +0%)
INFO: Instrumented org.bouncycastle.crypto.digests.EncodableDigest (took 0 ms, size +0%)
INFO: Instrumented org.bouncycastle.crypto.EncodableService (took 0 ms, size +0%)
INFO: Instrumented org.bouncycastle.util.Memoable (took 0 ms, size +0%)
INFO: Instrumented org.bouncycastle.crypto.digests.KeccakDigest (took 10 ms, size +20%)
INFO: Instrumented org.bouncycastle.crypto.CryptoServicePurpose (took 1 ms, size +13%)
INFO: Instrumented org.bouncycastle.crypto.digests.Utils (took 0 ms, size +10%)
INFO: Instrumented org.bouncycastle.crypto.CryptoServiceProperties (took 0 ms, size +0%)
INFO: Instrumented org.bouncycastle.crypto.digests.Utils$DefaultPropertiesWithPRF (took 0 ms, size +12%)
INFO: Instrumented org.bouncycastle.util.Pack (took 9 ms, size +24%)
INFO: Instrumented org.bouncycastle.crypto.digests.SHAKEDigest (took 2 ms, size +22%)
INFO: Instrumented org.bouncycastle.crypto.digests.Utils$DefaultProperties (took 0 ms, size +14%)
INFO: Instrumented org.bouncycastle.crypto.kems.mlkem.CBD (took 1 ms, size +41%)
INFO: Instrumented org.bouncycastle.crypto.kems.mlkem.Ntt (took 1 ms, size +14%)
INFO: Instrumented org.bouncycastle.crypto.kems.mlkem.Reduce (took 0 ms, size +28%)
INFO: Instrumented org.bouncycastle.crypto.AsymmetricCipherKeyPair (took 0 ms, size +13%)
INFO: Instrumented org.bouncycastle.crypto.kems.MLKEMExtractor (took 0 ms, size +18%)
INFO: Instrumented org.bouncycastle.crypto.EncapsulatedSecretExtractor (took 0 ms, size +0%)
INFO: Instrumented org.pqcfuzz.target.TargetKind (took 1 ms, size +12%)
INFO: Instrumented org.pqcfuzz.classify.ExpectedRejections (took 1 ms, size +41%)
INFO: found LLVMFuzzerCustomMutator (0x1093e3038). Disabling -len_control by default.
INFO: Running with entropic power schedule (0xFF, 100).
INFO: Seed: 118757270
INFO: Loaded 3 modules   (2048 inline 8-bit counters): 512 [0x7728800000, 0x7728800200), 512 [0x7728800200, 0x7728800400), 1024 [0x7728800400, 0x7728800800), 
INFO: Loaded 3 PC tables (2048 PCs): 512 [0x772d750000,0x772d752000), 512 [0x772d752000,0x772d754000), 1024 [0x772d8f4000,0x772d8f8000), 
INFO:        0 files found in <repo>/.cifuzz-corpus/org.pqcfuzz.fuzz.PqcDecodeFuzzTest/mlKemPublicKeyParse
INFO:        5 files found in <repo>/target/test-classes/org/pqcfuzz/fuzz/PqcDecodeFuzzTestInputs/mlKemPublicKeyParse
INFO:        0 files found in /var/folders/m8/hjsd0821793bcvxlpgdpt23r0000gn/T/jazzer-java-seeds2337305730409154339
INFO: -max_len is not provided; libFuzzer will not generate inputs larger than 4096 bytes
INFO: seed corpus: files: 5 min: 1184b max: 1248b total: 5984b rss: 1211Mb
#6	INITED cov: 44 ft: 44 corp: 2/2432b exec/s: 0 rss: 1211Mb
#34	REDUCE cov: 44 ft: 44 corp: 2/1926b lim: 1248 exec/s: 0 rss: 1211Mb L: 742/1184 MS: 6 ChangeASCIIInt-Custom-ChangeASCIIInt-Custom-EraseBytes-Custom-
#46	NEW    cov: 46 ft: 46 corp: 3/3110b lim: 1248 exec/s: 0 rss: 1211Mb L: 1184/1184 MS: 4 CrossOver-Custom-ChangeBinInt-Custom-
#67	REDUCE cov: 46 ft: 46 corp: 3/2818b lim: 1248 exec/s: 0 rss: 1211Mb L: 450/1184 MS: 2 EraseBytes-Custom-
#80	REDUCE cov: 46 ft: 46 corp: 3/2701b lim: 1248 exec/s: 0 rss: 1211Mb L: 333/1184 MS: 6 ChangeASCIIInt-Custom-ChangeByte-Custom-EraseBytes-Custom-
#87	REDUCE cov: 46 ft: 46 corp: 3/2580b lim: 1248 exec/s: 0 rss: 1211Mb L: 212/1184 MS: 4 ChangeByte-Custom-EraseBytes-Custom-
#165	REDUCE cov: 46 ft: 46 corp: 3/2572b lim: 1248 exec/s: 0 rss: 1211Mb L: 204/1184 MS: 6 ChangeBit-Custom-InsertRepeatedBytes-Custom-EraseBytes-Custom-
#209	REDUCE cov: 46 ft: 46 corp: 3/2532b lim: 1248 exec/s: 0 rss: 1211Mb L: 164/1184 MS: 8 ChangeByte-Custom-ShuffleBytes-Custom-ChangeByte-Custom-EraseBytes-Custom-
#228	REDUCE cov: 46 ft: 46 corp: 3/2477b lim: 1248 exec/s: 0 rss: 1211Mb L: 109/1184 MS: 8 ChangeBit-Custom-ChangeBit-Custom-ChangeBinInt-Custom-EraseBytes-Custom-
#255	REDUCE cov: 46 ft: 46 corp: 3/2442b lim: 1248 exec/s: 0 rss: 1211Mb L: 74/1184 MS: 4 ShuffleBytes-Custom-EraseBytes-Custom-
#257	REDUCE cov: 46 ft: 46 corp: 3/2433b lim: 1248 exec/s: 0 rss: 1211Mb L: 65/1184 MS: 4 ChangeBit-Custom-EraseBytes-Custom-
#261	REDUCE cov: 46 ft: 46 corp: 3/2418b lim: 1248 exec/s: 0 rss: 1211Mb L: 50/1184 MS: 8 InsertByte-Custom-InsertRepeatedBytes-Custom-EraseBytes-Custom-EraseBytes-Custom-
#311	REDUCE cov: 46 ft: 46 corp: 3/2398b lim: 1248 exec/s: 0 rss: 1211Mb L: 30/1184 MS: 10 CMP-Custom-InsertByte-Custom-ChangeByte-Custom-InsertByte-Custom-EraseBytes-Custom- DE: "y\000\000\000"-
#313	REDUCE cov: 46 ft: 46 corp: 3/2390b lim: 1248 exec/s: 0 rss: 1211Mb L: 22/1184 MS: 4 CMP-Custom-EraseBytes-Custom- DE: "\001\000\000\000\000\000\000\000"-
#327	REDUCE cov: 46 ft: 46 corp: 3/2383b lim: 1248 exec/s: 0 rss: 1211Mb L: 15/1184 MS: 8 PersAutoDict-Custom-ChangeByte-Custom-PersAutoDict-Custom-EraseBytes-Custom- DE: "y\000\000\000"-"\001\000\000\000\000\000\000\000"-
#359	REDUCE cov: 46 ft: 46 corp: 3/2376b lim: 1248 exec/s: 0 rss: 1211Mb L: 8/1184 MS: 4 CrossOver-Custom-EraseBytes-Custom-
#374	REDUCE cov: 46 ft: 46 corp: 3/2373b lim: 1248 exec/s: 0 rss: 1211Mb L: 5/1184 MS: 10 CMP-Custom-CrossOver-Custom-ChangeByte-Custom-ShuffleBytes-Custom-EraseBytes-Custom- DE: "\377f"-
#550	REDUCE cov: 46 ft: 46 corp: 3/2372b lim: 1248 exec/s: 0 rss: 1211Mb L: 4/1184 MS: 2 EraseBytes-Custom-
#573	REDUCE cov: 46 ft: 46 corp: 3/2371b lim: 1248 exec/s: 0 rss: 1211Mb L: 3/1184 MS: 6 CMP-Custom-ShuffleBytes-Custom-EraseBytes-Custom- DE: "\201\000"-
#619	REDUCE cov: 46 ft: 46 corp: 3/2370b lim: 1248 exec/s: 0 rss: 1211Mb L: 2/1184 MS: 2 EraseBytes-Custom-
#625	REDUCE cov: 46 ft: 46 corp: 3/2369b lim: 1248 exec/s: 0 rss: 1211Mb L: 1/1184 MS: 2 EraseBytes-Custom-
INFO: using inputs from: <repo>/.cifuzz-corpus/org.pqcfuzz.fuzz.PqcDecodeFuzzTest/mlKemPublicKeyParse
INFO: using inputs from: <repo>/target/test-classes/org/pqcfuzz/fuzz/PqcDecodeFuzzTestInputs/mlKemPublicKeyParse
INFO: using inputs from: /var/folders/m8/hjsd0821793bcvxlpgdpt23r0000gn/T/jazzer-java-seeds2337305730409154339
#524288	pulse  cov: 46 ft: 46 corp: 3/2369b lim: 4096 exec/s: 262144 rss: 1263Mb
#1048576	pulse  cov: 46 ft: 46 corp: 3/2369b lim: 4096 exec/s: 262144 rss: 1263Mb
#2097152	pulse  cov: 46 ft: 46 corp: 3/2369b lim: 4096 exec/s: 233016 rss: 1263Mb
#4194304	pulse  cov: 46 ft: 46 corp: 3/2369b lim: 4096 exec/s: 220752 rss: 1263Mb
#8388608	pulse  cov: 46 ft: 46 corp: 3/2369b lim: 4096 exec/s: 226719 rss: 1263Mb
#16777216	pulse  cov: 46 ft: 46 corp: 3/2369b lim: 4096 exec/s: 223696 rss: 1263Mb
#27258708	DONE   cov: 46 ft: 46 corp: 3/2369b lim: 4096 exec/s: 225278 rss: 1263Mb
[INFO] Tests run: 7, Failures: 0, Errors: 0, Skipped: 0, Time elapsed: 123.8 s -- in org.pqcfuzz.fuzz.PqcDecodeFuzzTest
[INFO] Tests run: 7, Failures: 0, Errors: 0, Skipped: 0
