INFO: Loaded 287 hooks from com.code_intelligence.jazzer.runtime.TraceCmpHooks
INFO: Loaded 5 hooks from com.code_intelligence.jazzer.runtime.TraceDivHooks
INFO: Loaded 2 hooks from com.code_intelligence.jazzer.runtime.TraceIndirHooks
INFO: Loaded 4 hooks from com.code_intelligence.jazzer.runtime.NativeLibHooks
INFO: Loaded 2 hooks from com.code_intelligence.jazzer.sanitizers.ClojureLangHooks
INFO: Loaded 5 hooks from com.code_intelligence.jazzer.sanitizers.Deserialization
INFO: Loaded 5 hooks from com.code_intelligence.jazzer.sanitizers.ExpressionLanguageInjection
INFO: Loaded 70 hooks from com.code_intelligence.jazzer.sanitizers.LdapInjection
INFO: Loaded 46 hooks from com.code_intelligence.jazzer.sanitizers.NamingContextLookup
INFO: Loaded 1 hooks from com.code_intelligence.jazzer.sanitizers.OsCommandInjection
INFO: Loaded 48 hooks from com.code_intelligence.jazzer.sanitizers.ReflectiveCall
INFO: Loaded 8 hooks from com.code_intelligence.jazzer.sanitizers.RegexInjection
INFO: Loaded 16 hooks from com.code_intelligence.jazzer.sanitizers.RegexRoadblocks
INFO: Loaded 12 hooks from com.code_intelligence.jazzer.sanitizers.ScriptEngineInjection
INFO: Loaded 3 hooks from com.code_intelligence.jazzer.sanitizers.ServerSideRequestForgery
INFO: Loaded 19 hooks from com.code_intelligence.jazzer.sanitizers.SqlInjection
INFO: Loaded 6 hooks from com.code_intelligence.jazzer.sanitizers.XPathInjection
INFO: Instrumented org.pqcfuzz.classify.Classifier (took 69 ms, size +26%)
INFO: Instrumented org.pqcfuzz.target.FuzzTarget (took 1 ms, size +12%)
INFO: Instrumented org.pqcfuzz.classify.Outcome (took 3 ms, size +13%)
INFO: Instrumented org.pqcfuzz.fuzz.PqcDecodeFuzzTest (took 10 ms, size +12%)
INFO: Instrumented org.pqcfuzz.target.Targets (took 12 ms, size +19%)
INFO: Instrumented org.pqcfuzz.target.mlkem.MlKem768DecapTarget (took 2 ms, size +13%)
INFO: Instrumented org.pqcfuzz.target.mlkem.MlKem768PublicKeyParseTarget (took 2 ms, size +15%)
INFO: Instrumented org.pqcfuzz.target.mldsa.MlDsa65VerifyTarget (took 3 ms, size +11%)
INFO: Instrumented org.bouncycastle.crypto.CipherParameters (took 0 ms, size +0%)
INFO: Instrumented org.pqcfuzz.target.mldsa.MlDsa65PublicKeyParseTarget (took 2 ms, size +15%)
INFO: Instrumented org.pqcfuzz.target.slhdsa.SlhDsaVerifyTarget (took 1 ms, size +10%)
INFO: Instrumented org.pqcfuzz.target.slhdsa.SlhDsaPublicKeyParseTarget (took 1 ms, size +14%)
INFO: Instrumented org.pqcfuzz.target.mlkem.MlKem768ParseAndEncapsulateTarget (took 1 ms, size +11%)
INFO: Instrumented org.bouncycastle.crypto.params.AsymmetricKeyParameter (took 0 ms, size +32%)
INFO: Instrumented org.bouncycastle.crypto.params.MLKEMPublicKeyParameters (took 3 ms, size +22%)
INFO: Instrumented org.bouncycastle.crypto.params.MLKEMKeyParameters (took 1 ms, size +23%)
INFO: Instrumented org.pqcfuzz.util.DeterministicSecureRandom (took 2 ms, size +24%)
INFO: Instrumented org.pqcfuzz.target.mldsa.MlDsa65ParseAndVerifyTarget (took 2 ms, size +10%)
INFO: Instrumented org.pqcfuzz.target.slhdsa.SlhDsaParseAndVerifyTarget (took 1 ms, size +10%)
INFO: Instrumented org.pqcfuzz.target.jdk.JdkMlKem768DecapTarget (took 1 ms, size +12%)
INFO: Instrumented org.pqcfuzz.target.jdk.JdkMlKem768PublicKeyParseTarget (took 1 ms, size +11%)
INFO: Instrumented org.pqcfuzz.target.jdk.JdkMlDsa65VerifyTarget (took 2 ms, size +10%)
INFO: Instrumented org.pqcfuzz.target.jdk.JdkMlDsa65PublicKeyParseTarget (took 3 ms, size +12%)
INFO: Instrumented org.pqcfuzz.target.jdk.JdkMlKem768ParseAndEncapsulateTarget (took 5 ms, size +9%)
INFO: Instrumented org.pqcfuzz.target.jdk.JdkMlDsa65ParseAndVerifyTarget (took 4 ms, size +9%)
INFO: Instrumented org.pqcfuzz.target.mlkem.MlKemKeys (took 1 ms, size +6%)
INFO: Instrumented org.bouncycastle.crypto.KeyGenerationParameters (took 2 ms, size +19%)
INFO: Instrumented org.bouncycastle.crypto.params.MLKEMKeyGenerationParameters (took 0 ms, size +20%)
INFO: Instrumented org.bouncycastle.crypto.params.MLKEMParameters (took 1 ms, size +11%)
INFO: Instrumented org.bouncycastle.crypto.KEMParameters (took 0 ms, size +0%)
INFO: Instrumented org.bouncycastle.crypto.generators.MLKEMKeyPairGenerator (took 1 ms, size +7%)
INFO: Instrumented org.bouncycastle.crypto.AsymmetricCipherKeyPairGenerator (took 0 ms, size +0%)
INFO: Instrumented org.bouncycastle.crypto.params.MLKEMPrivateKeyParameters (took 5 ms, size +15%)
INFO: New number of coverage counters: 1024
INFO: Instrumented org.bouncycastle.crypto.CryptoServicesRegistrar (took 9 ms, size +12%)
INFO: Instrumented org.bouncycastle.crypto.CryptoServicesPermission (took 1 ms, size +72%)
INFO: Instrumented org.bouncycastle.crypto.SecureRandomProvider (took 0 ms, size +0%)
INFO: Instrumented org.bouncycastle.crypto.CryptoServicesConstraints (took 0 ms, size +0%)
INFO: Instrumented org.bouncycastle.crypto.CryptoServicesRegistrar$ThreadLocalSecureRandomProvider (took 1 ms, size +13%)
INFO: Instrumented org.bouncycastle.crypto.CryptoServicesRegistrar$1 (took 1 ms, size +24%)
INFO: Instrumented org.bouncycastle.crypto.params.DSAParameters (took 4 ms, size +66%)
INFO: Instrumented org.bouncycastle.crypto.params.DSAValidationParameters (took 2 ms, size +38%)
INFO: Instrumented org.bouncycastle.util.encoders.Hex (took 5 ms, size +15%)
INFO: Instrumented org.bouncycastle.util.encoders.DecoderException (took 0 ms, size +27%)
INFO: Instrumented org.bouncycastle.util.encoders.EncoderException (took 0 ms, size +27%)
INFO: Instrumented org.bouncycastle.util.encoders.HexEncoder (took 4 ms, size +37%)
INFO: Instrumented org.bouncycastle.util.encoders.Encoder (took 0 ms, size +0%)
INFO: Instrumented org.bouncycastle.util.Arrays (took 23 ms, size +34%)
INFO: Instrumented org.bouncycastle.crypto.CryptoServicesRegistrar$Property (took 0 ms, size +10%)
INFO: New number of coverage counters: 2048
INFO: Instrumented org.bouncycastle.asn1.x9.X9ECParameters (took 4 ms, size +12%)
INFO: Instrumented org.bouncycastle.asn1.x9.X9ObjectIdentifiers (took 1 ms, size +3%)
INFO: Instrumented org.bouncycastle.asn1.ASN1Object (took 2 ms, size +30%)
INFO: Instrumented org.bouncycastle.asn1.ASN1Encodable (took 0 ms, size +0%)
INFO: Instrumented org.bouncycastle.util.Encodable (took 0 ms, size +0%)
INFO: Instrumented org.bouncycastle.crypto.params.DHParameters (took 2 ms, size +39%)
INFO: Instrumented org.bouncycastle.crypto.params.DHValidationParameters (took 0 ms, size +45%)
INFO: Instrumented org.bouncycastle.crypto.kems.mlkem.MLKEMEngine (took 3 ms, size +9%)
INFO: Instrumented org.bouncycastle.crypto.kems.mlkem.MLKEMIndCpa (took 4 ms, size +17%)
INFO: Instrumented org.bouncycastle.crypto.Xof (took 0 ms, size +0%)
INFO: Instrumented org.bouncycastle.crypto.ExtendedDigest (took 0 ms, size +0%)
INFO: Instrumented org.bouncycastle.crypto.Digest (took 0 ms, size +0%)
INFO: Instrumented org.bouncycastle.crypto.kems.mlkem.PolyVec (took 6 ms, size +23%)
INFO: Instrumented org.bouncycastle.crypto.kems.mlkem.Poly (took 3 ms, size +20%)
INFO: Instrumented org.bouncycastle.crypto.digests.SHA3Digest (took 4 ms, size +26%)
INFO: Instrumented org.bouncycastle.crypto.SavableDigest (took 0 ms, size +0%)
INFO: Instrumented org.bouncycastle.crypto.digests.EncodableDigest (took 0 ms, size +0%)
INFO: Instrumented org.bouncycastle.crypto.EncodableService (took 0 ms, size +0%)
INFO: Instrumented org.bouncycastle.util.Memoable (took 0 ms, size +0%)
INFO: Instrumented org.bouncycastle.crypto.digests.KeccakDigest (took 4 ms, size +20%)
INFO: Instrumented org.bouncycastle.crypto.CryptoServicePurpose (took 2 ms, size +13%)
INFO: Instrumented org.bouncycastle.crypto.digests.Utils (took 0 ms, size +10%)
INFO: Instrumented org.bouncycastle.crypto.CryptoServiceProperties (took 0 ms, size +0%)
INFO: Instrumented org.bouncycastle.crypto.digests.Utils$DefaultPropertiesWithPRF (took 0 ms, size +12%)
INFO: Instrumented org.bouncycastle.util.Pack (took 12 ms, size +24%)
INFO: Instrumented org.bouncycastle.crypto.digests.SHAKEDigest (took 6 ms, size +22%)
INFO: Instrumented org.bouncycastle.crypto.digests.Utils$DefaultProperties (took 1 ms, size +14%)
INFO: Instrumented org.bouncycastle.crypto.kems.mlkem.CBD (took 1 ms, size +41%)
INFO: Instrumented org.bouncycastle.crypto.kems.mlkem.Ntt (took 3 ms, size +14%)
INFO: Instrumented org.bouncycastle.crypto.kems.mlkem.Reduce (took 0 ms, size +28%)
INFO: Instrumented org.bouncycastle.crypto.AsymmetricCipherKeyPair (took 0 ms, size +13%)
INFO: Instrumented org.bouncycastle.crypto.kems.MLKEMExtractor (took 0 ms, size +18%)
INFO: Instrumented org.bouncycastle.crypto.EncapsulatedSecretExtractor (took 0 ms, size +0%)
INFO: Instrumented org.bouncycastle.crypto.kems.MLKEMGenerator (took 1 ms, size +14%)
INFO: Instrumented org.bouncycastle.crypto.EncapsulatedSecretGenerator (took 0 ms, size +0%)
INFO: Instrumented org.bouncycastle.crypto.SecretWithEncapsulation (took 0 ms, size +0%)
INFO: Instrumented org.pqcfuzz.target.TargetKind (took 2 ms, size +12%)
INFO: Instrumented org.pqcfuzz.classify.ExpectedRejections (took 2 ms, size +41%)
INFO: Instrumented org.bouncycastle.pqc.crypto.util.SecretWithEncapsulationImpl (took 1 ms, size +25%)
INFO: found LLVMFuzzerCustomMutator (0x107aa7038). Disabling -len_control by default.
INFO: Running with entropic power schedule (0xFF, 100).
INFO: Seed: 3412704928
INFO: Loaded 3 modules   (2048 inline 8-bit counters): 512 [0x753f9a4000, 0x753f9a4200), 512 [0x753f9a4200, 0x753f9a4400), 1024 [0x753f9a4400, 0x753f9a4800), 
INFO: Loaded 3 PC tables (2048 PCs): 512 [0x1033cc7e0,0x1033ce7e0), 512 [0x7543c84000,0x7543c86000), 1024 [0x7543550000,0x7543554000), 
INFO:        0 files found in <repo>/.cifuzz-corpus/org.pqcfuzz.fuzz.PqcDecodeFuzzTest/mlKemParseAndEncapsulate
INFO:        5 files found in <repo>/target/test-classes/org/pqcfuzz/fuzz/PqcDecodeFuzzTestInputs/mlKemParseAndEncapsulate
INFO:        0 files found in /var/folders/m8/hjsd0821793bcvxlpgdpt23r0000gn/T/jazzer-java-seeds10445836381703569731
INFO: -max_len is not provided; libFuzzer will not generate inputs larger than 4096 bytes
INFO: seed corpus: files: 5 min: 1184b max: 1248b total: 5984b rss: 1248Mb
#6	INITED cov: 251 ft: 263 corp: 5/5984b exec/s: 0 rss: 1248Mb
#42	REDUCE cov: 251 ft: 263 corp: 5/5410b lim: 1248 exec/s: 0 rss: 1248Mb L: 674/1184 MS: 2 EraseBytes-Custom-
#74	NEW    cov: 253 ft: 266 corp: 6/6594b lim: 1248 exec/s: 0 rss: 1248Mb L: 1184/1184 MS: 4 ChangeByte-Custom-CrossOver-Custom-
#135	REDUCE cov: 253 ft: 266 corp: 6/6388b lim: 1248 exec/s: 0 rss: 1248Mb L: 468/1184 MS: 2 CrossOver-Custom-
#138	REDUCE cov: 253 ft: 266 corp: 6/6240b lim: 1248 exec/s: 0 rss: 1248Mb L: 320/1184 MS: 6 CMP-Custom-ChangeBit-Custom-EraseBytes-Custom- DE: "\000\000\000\000\000\000\000\000"-
#258	REDUCE cov: 253 ft: 266 corp: 6/6135b lim: 1248 exec/s: 0 rss: 1248Mb L: 215/1184 MS: 10 ChangeBit-Custom-ChangeBinInt-Custom-CopyPart-Custom-ShuffleBytes-Custom-EraseBytes-Custom-
#321	REDUCE cov: 253 ft: 266 corp: 6/6079b lim: 1248 exec/s: 0 rss: 1248Mb L: 159/1184 MS: 6 InsertRepeatedBytes-Custom-PersAutoDict-Custom-EraseBytes-Custom- DE: "\000\000\000\000\000\000\000\000"-
#407	NEW    cov: 253 ft: 267 corp: 7/7263b lim: 1248 exec/s: 0 rss: 1248Mb L: 1184/1184 MS: 2 ChangeBinInt-Custom-
INFO: using inputs from: <repo>/.cifuzz-corpus/org.pqcfuzz.fuzz.PqcDecodeFuzzTest/mlKemParseAndEncapsulate
INFO: using inputs from: <repo>/target/test-classes/org/pqcfuzz/fuzz/PqcDecodeFuzzTestInputs/mlKemParseAndEncapsulate
INFO: using inputs from: /var/folders/m8/hjsd0821793bcvxlpgdpt23r0000gn/T/jazzer-java-seeds10445836381703569731
#638	NEW    cov: 258 ft: 273 corp: 8/8447b lim: 1248 exec/s: 0 rss: 1248Mb L: 1184/1184 MS: 2 CrossOver-Custom-
#754	NEW    cov: 258 ft: 275 corp: 9/9631b lim: 1248 exec/s: 0 rss: 1248Mb L: 1184/1184 MS: 2 CopyPart-Custom-
#941	REDUCE cov: 258 ft: 275 corp: 9/9607b lim: 1248 exec/s: 0 rss: 1248Mb L: 135/1184 MS: 4 InsertByte-Custom-CrossOver-Custom-
#965	REDUCE cov: 258 ft: 275 corp: 9/9589b lim: 1248 exec/s: 0 rss: 1248Mb L: 117/1184 MS: 8 ChangeByte-Custom-PersAutoDict-Custom-InsertByte-Custom-EraseBytes-Custom- DE: "\000\000\000\000\000\000\000\000"-
#991	REDUCE cov: 258 ft: 275 corp: 9/9586b lim: 1248 exec/s: 0 rss: 1248Mb L: 114/1184 MS: 2 EraseBytes-Custom-
#1229	REDUCE cov: 258 ft: 275 corp: 9/9582b lim: 1248 exec/s: 0 rss: 1248Mb L: 110/1184 MS: 6 CopyPart-Custom-ChangeBinInt-Custom-EraseBytes-Custom-
#1292	REDUCE cov: 258 ft: 275 corp: 9/9571b lim: 1248 exec/s: 0 rss: 1248Mb L: 99/1184 MS: 6 ChangeASCIIInt-Custom-ChangeASCIIInt-Custom-EraseBytes-Custom-
#1307	REDUCE cov: 258 ft: 275 corp: 9/9528b lim: 1248 exec/s: 0 rss: 1248Mb L: 56/1184 MS: 10 InsertByte-Custom-InsertByte-Custom-ShuffleBytes-Custom-ShuffleBytes-Custom-EraseBytes-Custom-
#1348	NEW    cov: 258 ft: 284 corp: 10/10712b lim: 1248 exec/s: 0 rss: 1248Mb L: 1184/1184 MS: 2 ShuffleBytes-Custom-
#1523	REDUCE cov: 258 ft: 284 corp: 10/10687b lim: 1248 exec/s: 0 rss: 1248Mb L: 31/1184 MS: 10 ChangeASCIIInt-Custom-ChangeBit-Custom-ChangeByte-Custom-InsertByte-Custom-EraseBytes-Custom-
#1924	NEW    cov: 258 ft: 286 corp: 11/11871b lim: 1248 exec/s: 0 rss: 1248Mb L: 1184/1184 MS: 2 ChangeBinInt-Custom-
#1981	REDUCE cov: 258 ft: 286 corp: 11/11860b lim: 1248 exec/s: 0 rss: 1248Mb L: 20/1184 MS: 4 PersAutoDict-Custom-EraseBytes-Custom- DE: "\000\000\000\000\000\000\000\000"-
#2344	REDUCE cov: 258 ft: 286 corp: 11/11855b lim: 1248 exec/s: 0 rss: 1248Mb L: 15/1184 MS: 6 PersAutoDict-Custom-CopyPart-Custom-EraseBytes-Custom- DE: "\000\000\000\000\000\000\000\000"-
#2650	REDUCE cov: 258 ft: 286 corp: 11/11848b lim: 1248 exec/s: 0 rss: 1248Mb L: 8/1184 MS: 2 EraseBytes-Custom-
#3147	REDUCE cov: 258 ft: 286 corp: 11/11844b lim: 1248 exec/s: 0 rss: 1248Mb L: 4/1184 MS: 4 PersAutoDict-Custom-EraseBytes-Custom- DE: "\000\000\000\000\000\000\000\000"-
#3273	REDUCE cov: 258 ft: 286 corp: 11/11842b lim: 1248 exec/s: 0 rss: 1248Mb L: 2/1184 MS: 2 EraseBytes-Custom-
#3933	REDUCE cov: 258 ft: 286 corp: 11/11841b lim: 1248 exec/s: 0 rss: 1248Mb L: 1/1184 MS: 10 ChangeByte-Custom-CrossOver-Custom-ChangeBit-Custom-ChangeByte-Custom-EraseBytes-Custom-
#4204	NEW    cov: 258 ft: 287 corp: 12/13025b lim: 1248 exec/s: 0 rss: 1248Mb L: 1184/1184 MS: 2 CopyPart-Custom-
#4535	NEW    cov: 258 ft: 288 corp: 13/14209b lim: 1248 exec/s: 0 rss: 1248Mb L: 1184/1184 MS: 2 ChangeASCIIInt-Custom-
#6192	NEW    cov: 258 ft: 289 corp: 14/15393b lim: 1258 exec/s: 0 rss: 1248Mb L: 1184/1184 MS: 4 ChangeBit-Custom-ChangeBit-Custom-
#9805	NEW    cov: 258 ft: 290 corp: 15/16Kb lim: 1288 exec/s: 0 rss: 1248Mb L: 1184/1184 MS: 6 ShuffleBytes-Custom-ChangeByte-Custom-ChangeBinInt-Custom-
#15991	NEW    cov: 258 ft: 291 corp: 16/17Kb lim: 1348 exec/s: 0 rss: 1248Mb L: 1184/1184 MS: 2 ChangeByte-Custom-
#23404	NEW    cov: 258 ft: 292 corp: 17/18Kb lim: 1418 exec/s: 0 rss: 1248Mb L: 1184/1184 MS: 6 ChangeASCIIInt-Custom-ChangeByte-Custom-ChangeBit-Custom-
#65536	pulse  cov: 258 ft: 292 corp: 17/18Kb lim: 1828 exec/s: 32768 rss: 1248Mb
#131072	pulse  cov: 258 ft: 292 corp: 17/18Kb lim: 2488 exec/s: 32768 rss: 1248Mb
#262144	pulse  cov: 258 ft: 292 corp: 17/18Kb lim: 3786 exec/s: 32768 rss: 1248Mb
#344517	NEW    cov: 258 ft: 299 corp: 18/19Kb lim: 4096 exec/s: 34451 rss: 1248Mb L: 1184/1184 MS: 2 ChangeBinInt-Custom-
#524288	pulse  cov: 258 ft: 299 corp: 18/19Kb lim: 4096 exec/s: 34952 rss: 1248Mb
#1048576	pulse  cov: 258 ft: 299 corp: 18/19Kb lim: 4096 exec/s: 33825 rss: 1248Mb
#2097152	pulse  cov: 258 ft: 299 corp: 18/19Kb lim: 4096 exec/s: 33825 rss: 1248Mb
#2635708	NEW    cov: 258 ft: 304 corp: 19/20Kb lim: 4096 exec/s: 33791 rss: 1248Mb L: 1184/1184 MS: 2 ChangeBinInt-Custom-
#4063013	DONE   cov: 258 ft: 304 corp: 19/20Kb lim: 4096 exec/s: 33578 rss: 1248Mb
[INFO] Tests run: 7, Failures: 0, Errors: 0, Skipped: 0, Time elapsed: 123.4 s -- in org.pqcfuzz.fuzz.PqcDecodeFuzzTest
[INFO] Tests run: 7, Failures: 0, Errors: 0, Skipped: 0
