INFO: Loaded 287 hooks from com.code_intelligence.jazzer.runtime.TraceCmpHooks
INFO: Loaded 5 hooks from com.code_intelligence.jazzer.runtime.TraceDivHooks
INFO: Loaded 2 hooks from com.code_intelligence.jazzer.runtime.TraceIndirHooks
INFO: Loaded 4 hooks from com.code_intelligence.jazzer.runtime.NativeLibHooks
INFO: Loaded 2 hooks from com.code_intelligence.jazzer.sanitizers.ClojureLangHooks
INFO: Loaded 5 hooks from com.code_intelligence.jazzer.sanitizers.Deserialization
INFO: Loaded 5 hooks from com.code_intelligence.jazzer.sanitizers.ExpressionLanguageInjection
INFO: Loaded 70 hooks from com.code_intelligence.jazzer.sanitizers.LdapInjection
INFO: Loaded 46 hooks from com.code_intelligence.jazzer.sanitizers.NamingContextLookup
INFO: Loaded 1 hooks from com.code_intelligence.jazzer.sanitizers.OsCommandInjection
INFO: Loaded 48 hooks from com.code_intelligence.jazzer.sanitizers.ReflectiveCall
INFO: Loaded 8 hooks from com.code_intelligence.jazzer.sanitizers.RegexInjection
INFO: Loaded 16 hooks from com.code_intelligence.jazzer.sanitizers.RegexRoadblocks
INFO: Loaded 12 hooks from com.code_intelligence.jazzer.sanitizers.ScriptEngineInjection
INFO: Loaded 3 hooks from com.code_intelligence.jazzer.sanitizers.ServerSideRequestForgery
INFO: Loaded 19 hooks from com.code_intelligence.jazzer.sanitizers.SqlInjection
INFO: Loaded 6 hooks from com.code_intelligence.jazzer.sanitizers.XPathInjection
INFO: Instrumented org.pqcfuzz.classify.Classifier (took 66 ms, size +26%)
INFO: Instrumented org.pqcfuzz.target.FuzzTarget (took 2 ms, size +12%)
INFO: Instrumented org.pqcfuzz.classify.Outcome (took 3 ms, size +13%)
INFO: Instrumented org.pqcfuzz.fuzz.PqcDecodeFuzzTest (took 9 ms, size +12%)
INFO: Instrumented org.pqcfuzz.target.Targets (took 8 ms, size +19%)
INFO: Instrumented org.pqcfuzz.target.mlkem.MlKem768DecapTarget (took 5 ms, size +13%)
INFO: Instrumented org.pqcfuzz.target.mlkem.MlKem768PublicKeyParseTarget (took 2 ms, size +15%)
INFO: Instrumented org.pqcfuzz.target.mldsa.MlDsa65VerifyTarget (took 4 ms, size +11%)
INFO: Instrumented org.bouncycastle.crypto.CipherParameters (took 0 ms, size +0%)
INFO: Instrumented org.pqcfuzz.target.mldsa.MlDsa65PublicKeyParseTarget (took 2 ms, size +15%)
INFO: Instrumented org.pqcfuzz.target.slhdsa.SlhDsaVerifyTarget (took 1 ms, size +10%)
INFO: Instrumented org.pqcfuzz.target.slhdsa.SlhDsaPublicKeyParseTarget (took 2 ms, size +14%)
INFO: Instrumented org.pqcfuzz.target.mlkem.MlKem768ParseAndEncapsulateTarget (took 3 ms, size +11%)
INFO: Instrumented org.pqcfuzz.util.DeterministicSecureRandom (took 2 ms, size +24%)
INFO: Instrumented org.bouncycastle.crypto.params.AsymmetricKeyParameter (took 0 ms, size +32%)
INFO: Instrumented org.bouncycastle.crypto.params.MLKEMPublicKeyParameters (took 2 ms, size +22%)
INFO: Instrumented org.bouncycastle.crypto.params.MLKEMKeyParameters (took 0 ms, size +23%)
INFO: Instrumented org.pqcfuzz.target.mldsa.MlDsa65ParseAndVerifyTarget (took 3 ms, size +10%)
INFO: Instrumented org.pqcfuzz.target.slhdsa.SlhDsaParseAndVerifyTarget (took 3 ms, size +10%)
INFO: Instrumented org.pqcfuzz.target.jdk.JdkMlKem768DecapTarget (took 2 ms, size +12%)
INFO: Instrumented org.pqcfuzz.target.jdk.JdkMlKem768PublicKeyParseTarget (took 2 ms, size +11%)
INFO: Instrumented org.pqcfuzz.target.jdk.JdkMlDsa65VerifyTarget (took 2 ms, size +10%)
INFO: Instrumented org.pqcfuzz.target.jdk.JdkMlDsa65PublicKeyParseTarget (took 2 ms, size +12%)
INFO: Instrumented org.pqcfuzz.target.jdk.JdkMlKem768ParseAndEncapsulateTarget (took 2 ms, size +9%)
INFO: Instrumented org.pqcfuzz.target.jdk.JdkMlDsa65ParseAndVerifyTarget (took 1 ms, size +9%)
INFO: Instrumented org.pqcfuzz.target.mlkem.MlKemKeys (took 1 ms, size +6%)
INFO: Instrumented org.bouncycastle.crypto.KeyGenerationParameters (took 0 ms, size +19%)
INFO: Instrumented org.bouncycastle.crypto.params.MLKEMKeyGenerationParameters (took 0 ms, size +20%)
INFO: Instrumented org.bouncycastle.crypto.params.MLKEMParameters (took 0 ms, size +11%)
INFO: Instrumented org.bouncycastle.crypto.KEMParameters (took 0 ms, size +0%)
INFO: Instrumented org.bouncycastle.crypto.generators.MLKEMKeyPairGenerator (took 2 ms, size +7%)
INFO: Instrumented org.bouncycastle.crypto.AsymmetricCipherKeyPairGenerator (took 0 ms, size +0%)
INFO: Instrumented org.bouncycastle.crypto.params.MLKEMPrivateKeyParameters (took 4 ms, size +15%)
INFO: New number of coverage counters: 1024
INFO: Instrumented org.bouncycastle.crypto.CryptoServicesRegistrar (took 6 ms, size +12%)
INFO: Instrumented org.bouncycastle.crypto.CryptoServicesPermission (took 1 ms, size +72%)
INFO: Instrumented org.bouncycastle.crypto.SecureRandomProvider (took 0 ms, size +0%)
INFO: Instrumented org.bouncycastle.crypto.CryptoServicesConstraints (took 0 ms, size +0%)
INFO: Instrumented org.bouncycastle.crypto.CryptoServicesRegistrar$ThreadLocalSecureRandomProvider (took 1 ms, size +13%)
INFO: Instrumented org.bouncycastle.crypto.CryptoServicesRegistrar$1 (took 1 ms, size +24%)
INFO: Instrumented org.bouncycastle.crypto.params.DSAParameters (took 3 ms, size +66%)
INFO: Instrumented org.bouncycastle.crypto.params.DSAValidationParameters (took 2 ms, size +38%)
INFO: Instrumented org.bouncycastle.util.encoders.Hex (took 4 ms, size +15%)
INFO: Instrumented org.bouncycastle.util.encoders.DecoderException (took 1 ms, size +27%)
INFO: Instrumented org.bouncycastle.util.encoders.EncoderException (took 0 ms, size +27%)
INFO: Instrumented org.bouncycastle.util.encoders.HexEncoder (took 3 ms, size +37%)
INFO: Instrumented org.bouncycastle.util.encoders.Encoder (took 0 ms, size +0%)
INFO: Instrumented org.bouncycastle.util.Arrays (took 23 ms, size +34%)
INFO: Instrumented org.bouncycastle.crypto.CryptoServicesRegistrar$Property (took 0 ms, size +10%)
INFO: New number of coverage counters: 2048
INFO: Instrumented org.bouncycastle.asn1.x9.X9ECParameters (took 2 ms, size +12%)
INFO: Instrumented org.bouncycastle.asn1.x9.X9ObjectIdentifiers (took 0 ms, size +3%)
INFO: Instrumented org.bouncycastle.asn1.ASN1Object (took 1 ms, size +30%)
INFO: Instrumented org.bouncycastle.asn1.ASN1Encodable (took 0 ms, size +0%)
INFO: Instrumented org.bouncycastle.util.Encodable (took 0 ms, size +0%)
INFO: Instrumented org.bouncycastle.crypto.params.DHParameters (took 2 ms, size +39%)
INFO: Instrumented org.bouncycastle.crypto.params.DHValidationParameters (took 1 ms, size +45%)
INFO: Instrumented org.bouncycastle.crypto.kems.mlkem.MLKEMEngine (took 6 ms, size +9%)
INFO: Instrumented org.bouncycastle.crypto.kems.mlkem.MLKEMIndCpa (took 2 ms, size +17%)
INFO: Instrumented org.bouncycastle.crypto.Xof (took 0 ms, size +0%)
INFO: Instrumented org.bouncycastle.crypto.ExtendedDigest (took 0 ms, size +0%)
INFO: Instrumented org.bouncycastle.crypto.Digest (took 0 ms, size +0%)
INFO: Instrumented org.bouncycastle.crypto.kems.mlkem.PolyVec (took 4 ms, size +23%)
INFO: Instrumented org.bouncycastle.crypto.kems.mlkem.Poly (took 5 ms, size +20%)
INFO: Instrumented org.bouncycastle.crypto.digests.SHA3Digest (took 2 ms, size +26%)
INFO: Instrumented org.bouncycastle.crypto.SavableDigest (took 0 ms, size +0%)
INFO: Instrumented org.bouncycastle.crypto.digests.EncodableDigest (took 0 ms, size +0%)
INFO: Instrumented org.bouncycastle.crypto.EncodableService (took 0 ms, size +0%)
INFO: Instrumented org.bouncycastle.util.Memoable (took 0 ms, size +0%)
INFO: Instrumented org.bouncycastle.crypto.digests.KeccakDigest (took 7 ms, size +20%)
INFO: Instrumented org.bouncycastle.crypto.CryptoServicePurpose (took 2 ms, size +13%)
INFO: Instrumented org.bouncycastle.crypto.digests.Utils (took 0 ms, size +10%)
INFO: Instrumented org.bouncycastle.crypto.CryptoServiceProperties (took 0 ms, size +0%)
INFO: Instrumented org.bouncycastle.crypto.digests.Utils$DefaultPropertiesWithPRF (took 0 ms, size +12%)
INFO: Instrumented org.bouncycastle.util.Pack (took 9 ms, size +24%)
INFO: Instrumented org.bouncycastle.crypto.digests.SHAKEDigest (took 3 ms, size +22%)
INFO: Instrumented org.bouncycastle.crypto.digests.Utils$DefaultProperties (took 0 ms, size +14%)
INFO: Instrumented org.bouncycastle.crypto.kems.mlkem.CBD (took 0 ms, size +41%)
INFO: Instrumented org.bouncycastle.crypto.kems.mlkem.Ntt (took 2 ms, size +14%)
INFO: Instrumented org.bouncycastle.crypto.kems.mlkem.Reduce (took 0 ms, size +28%)
INFO: Instrumented org.bouncycastle.crypto.AsymmetricCipherKeyPair (took 0 ms, size +13%)
INFO: Instrumented org.bouncycastle.crypto.kems.MLKEMExtractor (took 0 ms, size +18%)
INFO: Instrumented org.bouncycastle.crypto.EncapsulatedSecretExtractor (took 0 ms, size +0%)
INFO: Instrumented org.bouncycastle.crypto.kems.MLKEMGenerator (took 0 ms, size +14%)
INFO: Instrumented org.bouncycastle.crypto.EncapsulatedSecretGenerator (took 0 ms, size +0%)
INFO: Instrumented org.bouncycastle.crypto.SecretWithEncapsulation (took 0 ms, size +0%)
INFO: Instrumented org.pqcfuzz.target.TargetKind (took 0 ms, size +12%)
INFO: Instrumented org.pqcfuzz.classify.ExpectedRejections (took 0 ms, size +41%)
INFO: Instrumented org.bouncycastle.pqc.crypto.util.SecretWithEncapsulationImpl (took 1 ms, size +25%)
INFO: using inputs from: <repo>/.cifuzz-corpus/org.pqcfuzz.fuzz.PqcDecodeFuzzTest/mlKemParseAndEncapsulate
INFO: using inputs from: <repo>/target/test-classes/org/pqcfuzz/fuzz/PqcDecodeFuzzTestInputs/mlKemParseAndEncapsulate
INFO: using inputs from: /var/folders/m8/hjsd0821793bcvxlpgdpt23r0000gn/T/jazzer-java-seeds5786723852666414031
INFO: found LLVMFuzzerCustomMutator (0x11f28f038). Disabling -len_control by default.
INFO: Running with entropic power schedule (0xFF, 100).
INFO: Seed: 1369089854
INFO: Loaded 3 modules   (2048 inline 8-bit counters): 512 [0x7c5c234000, 0x7c5c234200), 512 [0x7c5c234200, 0x7c5c234400), 1024 [0x7c5c234400, 0x7c5c234800), 
INFO: Loaded 3 PC tables (2048 PCs): 512 [0x104ca88a0,0x104caa8a0), 512 [0x7c60e10000,0x7c60e12000), 1024 [0x7c614b4000,0x7c614b8000), 
INFO:        0 files found in <repo>/.cifuzz-corpus/org.pqcfuzz.fuzz.PqcDecodeFuzzTest/mlKemParseAndEncapsulate
INFO:        5 files found in <repo>/target/test-classes/org/pqcfuzz/fuzz/PqcDecodeFuzzTestInputs/mlKemParseAndEncapsulate
INFO:        0 files found in /var/folders/m8/hjsd0821793bcvxlpgdpt23r0000gn/T/jazzer-java-seeds5786723852666414031
INFO: -max_len is not provided; libFuzzer will not generate inputs larger than 4096 bytes
INFO: seed corpus: files: 5 min: 1184b max: 1248b total: 5984b rss: 1465Mb
#6	INITED cov: 251 ft: 263 corp: 5/5984b exec/s: 0 rss: 1465Mb
#42	NEW    cov: 253 ft: 266 corp: 6/7168b lim: 1248 exec/s: 0 rss: 1465Mb L: 1184/1248 MS: 2 ShuffleBytes-Custom-
#73	REDUCE cov: 253 ft: 266 corp: 6/6645b lim: 1248 exec/s: 0 rss: 1465Mb L: 725/1184 MS: 2 EraseBytes-Custom-
#310	NEW    cov: 253 ft: 267 corp: 7/7829b lim: 1248 exec/s: 0 rss: 1465Mb L: 1184/1184 MS: 4 ChangeBinInt-Custom-ChangeBinInt-Custom-
#316	NEW    cov: 253 ft: 268 corp: 8/9013b lim: 1248 exec/s: 0 rss: 1465Mb L: 1184/1184 MS: 2 CMP-Custom- DE: "\377\377\377\377\377\377\377\377"-
#322	REDUCE cov: 253 ft: 268 corp: 8/8840b lim: 1248 exec/s: 0 rss: 1465Mb L: 552/1184 MS: 2 EraseBytes-Custom-
#361	REDUCE cov: 253 ft: 268 corp: 8/8607b lim: 1248 exec/s: 0 rss: 1465Mb L: 319/1184 MS: 8 CopyPart-Custom-CrossOver-Custom-ChangeASCIIInt-Custom-EraseBytes-Custom-
#444	REDUCE cov: 253 ft: 268 corp: 8/8582b lim: 1248 exec/s: 0 rss: 1465Mb L: 294/1184 MS: 6 InsertRepeatedBytes-Custom-ChangeBinInt-Custom-EraseBytes-Custom-
#690	NEW    cov: 253 ft: 269 corp: 9/9766b lim: 1248 exec/s: 0 rss: 1465Mb L: 1184/1184 MS: 2 ChangeASCIIInt-Custom-
#886	NEW    cov: 253 ft: 270 corp: 10/10950b lim: 1248 exec/s: 0 rss: 1465Mb L: 1184/1184 MS: 2 ChangeBit-Custom-
#973	REDUCE cov: 253 ft: 270 corp: 10/10876b lim: 1248 exec/s: 0 rss: 1465Mb L: 220/1184 MS: 4 CopyPart-Custom-EraseBytes-Custom-
#1072	REDUCE cov: 253 ft: 270 corp: 10/10832b lim: 1248 exec/s: 0 rss: 1465Mb L: 176/1184 MS: 8 InsertByte-Custom-ChangeByte-Custom-CrossOver-Custom-EraseBytes-Custom-
#1229	REDUCE cov: 253 ft: 270 corp: 10/10790b lim: 1248 exec/s: 0 rss: 1465Mb L: 134/1184 MS: 4 CrossOver-Custom-EraseBytes-Custom-
#1336	REDUCE cov: 253 ft: 270 corp: 10/10761b lim: 1248 exec/s: 0 rss: 1465Mb L: 105/1184 MS: 4 InsertByte-Custom-EraseBytes-Custom-
#1352	NEW    cov: 253 ft: 271 corp: 11/11945b lim: 1248 exec/s: 0 rss: 1465Mb L: 1184/1184 MS: 2 ChangeByte-Custom-
#1408	REDUCE cov: 253 ft: 271 corp: 11/11928b lim: 1248 exec/s: 0 rss: 1465Mb L: 88/1184 MS: 2 EraseBytes-Custom-
#1447	REDUCE cov: 253 ft: 271 corp: 11/11917b lim: 1248 exec/s: 0 rss: 1465Mb L: 77/1184 MS: 8 ChangeASCIIInt-Custom-CopyPart-Custom-ChangeBit-Custom-EraseBytes-Custom-
#1674	NEW    cov: 258 ft: 277 corp: 12/13101b lim: 1248 exec/s: 0 rss: 1465Mb L: 1184/1184 MS: 4 ChangeBinInt-Custom-ChangeBinInt-Custom-
#2235	REDUCE cov: 258 ft: 277 corp: 12/13081b lim: 1248 exec/s: 0 rss: 1465Mb L: 57/1184 MS: 2 EraseBytes-Custom-
#3026	REDUCE cov: 258 ft: 277 corp: 12/13053b lim: 1248 exec/s: 0 rss: 1465Mb L: 29/1184 MS: 2 EraseBytes-Custom-
#3369	REDUCE cov: 258 ft: 277 corp: 12/13046b lim: 1248 exec/s: 0 rss: 1465Mb L: 22/1184 MS: 6 ChangeBinInt-Custom-CopyPart-Custom-EraseBytes-Custom-
#3483	REDUCE cov: 258 ft: 277 corp: 12/13043b lim: 1248 exec/s: 0 rss: 1465Mb L: 19/1184 MS: 8 CopyPart-Custom-ChangeBit-Custom-CopyPart-Custom-EraseBytes-Custom-
#3679	REDUCE cov: 258 ft: 277 corp: 12/13041b lim: 1248 exec/s: 0 rss: 1465Mb L: 17/1184 MS: 2 EraseBytes-Custom-
#3715	NEW    cov: 258 ft: 278 corp: 13/14225b lim: 1248 exec/s: 0 rss: 1465Mb L: 1184/1184 MS: 2 ChangeByte-Custom-
#4017	REDUCE cov: 258 ft: 278 corp: 13/14223b lim: 1248 exec/s: 0 rss: 1465Mb L: 15/1184 MS: 4 ChangeBit-Custom-EraseBytes-Custom-
#4093	NEW    cov: 258 ft: 279 corp: 14/15407b lim: 1248 exec/s: 0 rss: 1465Mb L: 1184/1184 MS: 2 CrossOver-Custom-
#4615	REDUCE cov: 258 ft: 279 corp: 14/15403b lim: 1248 exec/s: 0 rss: 1465Mb L: 11/1184 MS: 4 InsertByte-Custom-EraseBytes-Custom-
#5428	REDUCE cov: 258 ft: 279 corp: 14/15398b lim: 1248 exec/s: 0 rss: 1465Mb L: 6/1184 MS: 6 InsertByte-Custom-ChangeBinInt-Custom-EraseBytes-Custom-
#5739	REDUCE cov: 258 ft: 279 corp: 14/15395b lim: 1248 exec/s: 0 rss: 1465Mb L: 3/1184 MS: 2 EraseBytes-Custom-
#5946	NEW    cov: 258 ft: 280 corp: 15/16Kb lim: 1248 exec/s: 0 rss: 1465Mb L: 1184/1184 MS: 4 ChangeBinInt-Custom-ChangeBinInt-Custom-
#6133	NEW    cov: 258 ft: 281 corp: 16/17Kb lim: 1248 exec/s: 0 rss: 1465Mb L: 1184/1184 MS: 4 ShuffleBytes-Custom-ShuffleBytes-Custom-
#7424	REDUCE cov: 258 ft: 281 corp: 16/17Kb lim: 1258 exec/s: 0 rss: 1465Mb L: 2/1184 MS: 2 EraseBytes-Custom-
#9415	NEW    cov: 258 ft: 282 corp: 17/18Kb lim: 1268 exec/s: 0 rss: 1465Mb L: 1184/1184 MS: 2 ChangeByte-Custom-
#10936	REDUCE cov: 258 ft: 282 corp: 17/18Kb lim: 1278 exec/s: 0 rss: 1465Mb L: 1/1184 MS: 2 EraseBytes-Custom-
#20333	NEW    cov: 258 ft: 283 corp: 18/19Kb lim: 1368 exec/s: 0 rss: 1467Mb L: 1184/1184 MS: 4 ChangeBit-Custom-ShuffleBytes-Custom-
#131072	pulse  cov: 258 ft: 283 corp: 18/19Kb lim: 2466 exec/s: 43690 rss: 1467Mb
#262144	pulse  cov: 258 ft: 283 corp: 18/19Kb lim: 3764 exec/s: 37449 rss: 1467Mb
#264595	NEW    cov: 258 ft: 292 corp: 19/20Kb lim: 3797 exec/s: 37799 rss: 1467Mb L: 1184/1184 MS: 4 ChangeASCIIInt-Custom-ChangeBinInt-Custom-
#524288	pulse  cov: 258 ft: 292 corp: 19/20Kb lim: 4096 exec/s: 40329 rss: 1467Mb
#1048576	pulse  cov: 258 ft: 292 corp: 19/20Kb lim: 4096 exec/s: 38836 rss: 1467Mb
#1935965	NEW    cov: 258 ft: 299 corp: 20/21Kb lim: 4096 exec/s: 38719 rss: 1467Mb L: 1184/1184 MS: 2 CrossOver-Custom-
#2097152	pulse  cov: 258 ft: 299 corp: 20/21Kb lim: 4096 exec/s: 38836 rss: 1467Mb
#4194304	pulse  cov: 258 ft: 299 corp: 20/21Kb lim: 4096 exec/s: 39199 rss: 1467Mb
#4703790	DONE   cov: 258 ft: 299 corp: 20/21Kb lim: 4096 exec/s: 38874 rss: 1467Mb
[INFO] Tests run: 7, Failures: 0, Errors: 0, Skipped: 0, Time elapsed: 123.3 s -- in org.pqcfuzz.fuzz.PqcDecodeFuzzTest
[INFO] Tests run: 7, Failures: 0, Errors: 0, Skipped: 0
