INFO: Loaded 287 hooks from com.code_intelligence.jazzer.runtime.TraceCmpHooks
INFO: Loaded 5 hooks from com.code_intelligence.jazzer.runtime.TraceDivHooks
INFO: Loaded 2 hooks from com.code_intelligence.jazzer.runtime.TraceIndirHooks
INFO: Loaded 4 hooks from com.code_intelligence.jazzer.runtime.NativeLibHooks
INFO: Loaded 2 hooks from com.code_intelligence.jazzer.sanitizers.ClojureLangHooks
INFO: Loaded 5 hooks from com.code_intelligence.jazzer.sanitizers.Deserialization
INFO: Loaded 5 hooks from com.code_intelligence.jazzer.sanitizers.ExpressionLanguageInjection
INFO: Loaded 70 hooks from com.code_intelligence.jazzer.sanitizers.LdapInjection
INFO: Loaded 46 hooks from com.code_intelligence.jazzer.sanitizers.NamingContextLookup
INFO: Loaded 1 hooks from com.code_intelligence.jazzer.sanitizers.OsCommandInjection
INFO: Loaded 48 hooks from com.code_intelligence.jazzer.sanitizers.ReflectiveCall
INFO: Loaded 8 hooks from com.code_intelligence.jazzer.sanitizers.RegexInjection
INFO: Loaded 16 hooks from com.code_intelligence.jazzer.sanitizers.RegexRoadblocks
INFO: Loaded 12 hooks from com.code_intelligence.jazzer.sanitizers.ScriptEngineInjection
INFO: Loaded 3 hooks from com.code_intelligence.jazzer.sanitizers.ServerSideRequestForgery
INFO: Loaded 19 hooks from com.code_intelligence.jazzer.sanitizers.SqlInjection
INFO: Loaded 6 hooks from com.code_intelligence.jazzer.sanitizers.XPathInjection
INFO: Instrumented org.pqcfuzz.classify.Classifier (took 81 ms, size +26%)
INFO: Instrumented org.pqcfuzz.target.FuzzTarget (took 1 ms, size +12%)
INFO: Instrumented org.pqcfuzz.classify.Outcome (took 4 ms, size +13%)
INFO: Instrumented org.pqcfuzz.fuzz.PqcDecodeFuzzTest (took 29 ms, size +12%)
INFO: Instrumented org.pqcfuzz.target.Targets (took 11 ms, size +19%)
INFO: Instrumented org.pqcfuzz.target.mlkem.MlKem768DecapTarget (took 3 ms, size +13%)
INFO: Instrumented org.pqcfuzz.target.mlkem.MlKem768PublicKeyParseTarget (took 1 ms, size +15%)
INFO: Instrumented org.pqcfuzz.target.mldsa.MlDsa65VerifyTarget (took 4 ms, size +11%)
INFO: Instrumented org.bouncycastle.crypto.CipherParameters (took 0 ms, size +0%)
INFO: Instrumented org.pqcfuzz.target.mldsa.MlDsa65PublicKeyParseTarget (took 2 ms, size +15%)
INFO: Instrumented org.pqcfuzz.target.slhdsa.SlhDsaVerifyTarget (took 2 ms, size +10%)
INFO: Instrumented org.pqcfuzz.target.slhdsa.SlhDsaPublicKeyParseTarget (took 1 ms, size +14%)
INFO: Instrumented org.pqcfuzz.target.mlkem.MlKem768ParseAndEncapsulateTarget (took 2 ms, size +11%)
INFO: Instrumented org.bouncycastle.crypto.params.AsymmetricKeyParameter (took 0 ms, size +32%)
INFO: Instrumented org.bouncycastle.crypto.params.MLKEMPublicKeyParameters (took 2 ms, size +22%)
INFO: Instrumented org.bouncycastle.crypto.params.MLKEMKeyParameters (took 0 ms, size +23%)
INFO: Instrumented org.pqcfuzz.util.DeterministicSecureRandom (took 2 ms, size +24%)
INFO: Instrumented org.pqcfuzz.target.mldsa.MlDsa65ParseAndVerifyTarget (took 2 ms, size +10%)
INFO: Instrumented org.pqcfuzz.target.slhdsa.SlhDsaParseAndVerifyTarget (took 1 ms, size +10%)
INFO: Instrumented org.pqcfuzz.target.jdk.JdkMlKem768DecapTarget (took 1 ms, size +12%)
INFO: Instrumented org.pqcfuzz.target.jdk.JdkMlKem768PublicKeyParseTarget (took 2 ms, size +11%)
INFO: Instrumented org.pqcfuzz.target.jdk.JdkMlDsa65VerifyTarget (took 1 ms, size +10%)
INFO: Instrumented org.pqcfuzz.target.jdk.JdkMlDsa65PublicKeyParseTarget (took 2 ms, size +12%)
INFO: Instrumented org.pqcfuzz.target.jdk.JdkMlKem768ParseAndEncapsulateTarget (took 2 ms, size +9%)
INFO: Instrumented org.pqcfuzz.target.jdk.JdkMlDsa65ParseAndVerifyTarget (took 1 ms, size +9%)
INFO: Instrumented org.pqcfuzz.target.mlkem.MlKemKeys (took 1 ms, size +6%)
INFO: Instrumented org.bouncycastle.crypto.KeyGenerationParameters (took 0 ms, size +19%)
INFO: Instrumented org.bouncycastle.crypto.params.MLKEMKeyGenerationParameters (took 0 ms, size +20%)
INFO: Instrumented org.bouncycastle.crypto.params.MLKEMParameters (took 0 ms, size +11%)
INFO: Instrumented org.bouncycastle.crypto.KEMParameters (took 0 ms, size +0%)
INFO: Instrumented org.bouncycastle.crypto.generators.MLKEMKeyPairGenerator (took 1 ms, size +7%)
INFO: Instrumented org.bouncycastle.crypto.AsymmetricCipherKeyPairGenerator (took 0 ms, size +0%)
INFO: Instrumented org.bouncycastle.crypto.params.MLKEMPrivateKeyParameters (took 5 ms, size +15%)
INFO: New number of coverage counters: 1024
INFO: Instrumented org.bouncycastle.crypto.CryptoServicesRegistrar (took 4 ms, size +12%)
INFO: Instrumented org.bouncycastle.crypto.CryptoServicesPermission (took 1 ms, size +72%)
INFO: Instrumented org.bouncycastle.crypto.SecureRandomProvider (took 0 ms, size +0%)
INFO: Instrumented org.bouncycastle.crypto.CryptoServicesConstraints (took 0 ms, size +0%)
INFO: Instrumented org.bouncycastle.crypto.CryptoServicesRegistrar$ThreadLocalSecureRandomProvider (took 0 ms, size +13%)
INFO: Instrumented org.bouncycastle.crypto.CryptoServicesRegistrar$1 (took 0 ms, size +24%)
INFO: Instrumented org.bouncycastle.crypto.params.DSAParameters (took 1 ms, size +66%)
INFO: Instrumented org.bouncycastle.crypto.params.DSAValidationParameters (took 0 ms, size +38%)
INFO: Instrumented org.bouncycastle.util.encoders.Hex (took 1 ms, size +15%)
INFO: Instrumented org.bouncycastle.util.encoders.DecoderException (took 0 ms, size +27%)
INFO: Instrumented org.bouncycastle.util.encoders.EncoderException (took 0 ms, size +27%)
INFO: Instrumented org.bouncycastle.util.encoders.HexEncoder (took 2 ms, size +37%)
INFO: Instrumented org.bouncycastle.util.encoders.Encoder (took 0 ms, size +0%)
INFO: Instrumented org.bouncycastle.util.Arrays (took 12 ms, size +34%)
INFO: Instrumented org.bouncycastle.crypto.CryptoServicesRegistrar$Property (took 0 ms, size +10%)
INFO: New number of coverage counters: 2048
INFO: Instrumented org.bouncycastle.asn1.x9.X9ECParameters (took 2 ms, size +12%)
INFO: Instrumented org.bouncycastle.asn1.x9.X9ObjectIdentifiers (took 0 ms, size +3%)
INFO: Instrumented org.bouncycastle.asn1.ASN1Object (took 1 ms, size +30%)
INFO: Instrumented org.bouncycastle.asn1.ASN1Encodable (took 0 ms, size +0%)
INFO: Instrumented org.bouncycastle.util.Encodable (took 0 ms, size +0%)
INFO: Instrumented org.bouncycastle.crypto.params.DHParameters (took 2 ms, size +39%)
INFO: Instrumented org.bouncycastle.crypto.params.DHValidationParameters (took 0 ms, size +45%)
INFO: Instrumented org.bouncycastle.crypto.kems.mlkem.MLKEMEngine (took 2 ms, size +9%)
INFO: Instrumented org.bouncycastle.crypto.kems.mlkem.MLKEMIndCpa (took 3 ms, size +17%)
INFO: Instrumented org.bouncycastle.crypto.Xof (took 0 ms, size +0%)
INFO: Instrumented org.bouncycastle.crypto.ExtendedDigest (took 0 ms, size +0%)
INFO: Instrumented org.bouncycastle.crypto.Digest (took 0 ms, size +0%)
INFO: Instrumented org.bouncycastle.crypto.kems.mlkem.PolyVec (took 2 ms, size +23%)
INFO: Instrumented org.bouncycastle.crypto.kems.mlkem.Poly (took 4 ms, size +20%)
INFO: Instrumented org.bouncycastle.crypto.digests.SHA3Digest (took 3 ms, size +26%)
INFO: Instrumented org.bouncycastle.crypto.SavableDigest (took 0 ms, size +0%)
INFO: Instrumented org.bouncycastle.crypto.digests.EncodableDigest (took 0 ms, size +0%)
INFO: Instrumented org.bouncycastle.crypto.EncodableService (took 0 ms, size +0%)
INFO: Instrumented org.bouncycastle.util.Memoable (took 0 ms, size +0%)
INFO: Instrumented org.bouncycastle.crypto.digests.KeccakDigest (took 4 ms, size +20%)
INFO: Instrumented org.bouncycastle.crypto.CryptoServicePurpose (took 1 ms, size +13%)
INFO: Instrumented org.bouncycastle.crypto.digests.Utils (took 0 ms, size +10%)
INFO: Instrumented org.bouncycastle.crypto.CryptoServiceProperties (took 0 ms, size +0%)
INFO: Instrumented org.bouncycastle.crypto.digests.Utils$DefaultPropertiesWithPRF (took 0 ms, size +12%)
INFO: Instrumented org.bouncycastle.util.Pack (took 10 ms, size +24%)
INFO: Instrumented org.bouncycastle.crypto.digests.SHAKEDigest (took 3 ms, size +22%)
INFO: Instrumented org.bouncycastle.crypto.digests.Utils$DefaultProperties (took 0 ms, size +14%)
INFO: Instrumented org.bouncycastle.crypto.kems.mlkem.CBD (took 0 ms, size +41%)
INFO: Instrumented org.bouncycastle.crypto.kems.mlkem.Ntt (took 2 ms, size +14%)
INFO: Instrumented org.bouncycastle.crypto.kems.mlkem.Reduce (took 1 ms, size +28%)
INFO: Instrumented org.bouncycastle.crypto.AsymmetricCipherKeyPair (took 0 ms, size +13%)
INFO: Instrumented org.bouncycastle.crypto.kems.MLKEMExtractor (took 1 ms, size +18%)
INFO: Instrumented org.bouncycastle.crypto.EncapsulatedSecretExtractor (took 0 ms, size +0%)
INFO: Instrumented org.pqcfuzz.target.TargetKind (took 1 ms, size +12%)
INFO: Instrumented org.pqcfuzz.classify.ExpectedRejections (took 0 ms, size +41%)
INFO: using inputs from: <repo>/.cifuzz-corpus/org.pqcfuzz.fuzz.PqcDecodeFuzzTest/mlKemPublicKeyParse
INFO: using inputs from: <repo>/target/test-classes/org/pqcfuzz/fuzz/PqcDecodeFuzzTestInputs/mlKemPublicKeyParse
INFO: using inputs from: /var/folders/m8/hjsd0821793bcvxlpgdpt23r0000gn/T/jazzer-java-seeds274500325732760874
INFO: found LLVMFuzzerCustomMutator (0x1094af038). Disabling -len_control by default.
INFO: Running with entropic power schedule (0xFF, 100).
INFO: Seed: 3489794513
INFO: Loaded 3 modules   (2048 inline 8-bit counters): 512 [0x7496250000, 0x7496250200), 512 [0x7496250200, 0x7496250400), 1024 [0x7496250400, 0x7496250800), 
INFO: Loaded 3 PC tables (2048 PCs): 512 [0x104d39c30,0x104d3bc30), 512 [0x749c160000,0x749c162000), 1024 [0x749c188000,0x749c18c000), 
INFO:        0 files found in <repo>/.cifuzz-corpus/org.pqcfuzz.fuzz.PqcDecodeFuzzTest/mlKemPublicKeyParse
INFO:        5 files found in <repo>/target/test-classes/org/pqcfuzz/fuzz/PqcDecodeFuzzTestInputs/mlKemPublicKeyParse
INFO:        0 files found in /var/folders/m8/hjsd0821793bcvxlpgdpt23r0000gn/T/jazzer-java-seeds274500325732760874
INFO: -max_len is not provided; libFuzzer will not generate inputs larger than 4096 bytes
INFO: seed corpus: files: 5 min: 1184b max: 1248b total: 5984b rss: 919Mb
#6	INITED cov: 44 ft: 44 corp: 2/2432b exec/s: 0 rss: 919Mb
#17	REDUCE cov: 44 ft: 44 corp: 2/2249b lim: 1248 exec/s: 0 rss: 919Mb L: 1065/1184 MS: 2 EraseBytes-Custom-
#19	REDUCE cov: 44 ft: 44 corp: 2/2005b lim: 1248 exec/s: 0 rss: 919Mb L: 821/1184 MS: 4 CopyPart-Custom-CrossOver-Custom-
#20	REDUCE cov: 44 ft: 44 corp: 2/1949b lim: 1248 exec/s: 0 rss: 919Mb L: 765/1184 MS: 2 EraseBytes-Custom-
#47	REDUCE cov: 44 ft: 44 corp: 2/1799b lim: 1248 exec/s: 0 rss: 919Mb L: 615/1184 MS: 4 ShuffleBytes-Custom-EraseBytes-Custom-
#53	NEW    cov: 46 ft: 46 corp: 3/2983b lim: 1248 exec/s: 0 rss: 919Mb L: 1184/1184 MS: 2 CopyPart-Custom-
#63	REDUCE cov: 46 ft: 46 corp: 3/2972b lim: 1248 exec/s: 0 rss: 919Mb L: 604/1184 MS: 10 InsertByte-Custom-ChangeASCIIInt-Custom-ShuffleBytes-Custom-ChangeASCIIInt-Custom-CrossOver-Custom-
#184	REDUCE cov: 46 ft: 46 corp: 3/2892b lim: 1248 exec/s: 0 rss: 919Mb L: 524/1184 MS: 2 EraseBytes-Custom-
#196	REDUCE cov: 46 ft: 46 corp: 3/2656b lim: 1248 exec/s: 0 rss: 919Mb L: 288/1184 MS: 4 ChangeBit-Custom-EraseBytes-Custom-
#198	REDUCE cov: 46 ft: 46 corp: 3/2655b lim: 1248 exec/s: 0 rss: 919Mb L: 287/1184 MS: 4 ChangeBit-Custom-EraseBytes-Custom-
#240	REDUCE cov: 46 ft: 46 corp: 3/2579b lim: 1248 exec/s: 0 rss: 919Mb L: 211/1184 MS: 4 CMP-Custom-EraseBytes-Custom- DE: "\000\000\000\000\000\000\000\000"-
#276	REDUCE cov: 46 ft: 46 corp: 3/2547b lim: 1248 exec/s: 0 rss: 919Mb L: 179/1184 MS: 2 EraseBytes-Custom-
#282	REDUCE cov: 46 ft: 46 corp: 3/2494b lim: 1248 exec/s: 0 rss: 919Mb L: 126/1184 MS: 2 EraseBytes-Custom-
#303	REDUCE cov: 46 ft: 46 corp: 3/2465b lim: 1248 exec/s: 0 rss: 919Mb L: 97/1184 MS: 2 EraseBytes-Custom-
#379	REDUCE cov: 46 ft: 46 corp: 3/2428b lim: 1248 exec/s: 0 rss: 919Mb L: 60/1184 MS: 2 EraseBytes-Custom-
#487	REDUCE cov: 46 ft: 46 corp: 3/2418b lim: 1248 exec/s: 0 rss: 919Mb L: 50/1184 MS: 6 ChangeByte-Custom-CMP-Custom-EraseBytes-Custom- DE: "\357\002"-
#506	REDUCE cov: 46 ft: 46 corp: 3/2399b lim: 1248 exec/s: 0 rss: 919Mb L: 31/1184 MS: 8 InsertByte-Custom-ChangeBit-Custom-CrossOver-Custom-EraseBytes-Custom-
#560	REDUCE cov: 46 ft: 46 corp: 3/2391b lim: 1248 exec/s: 0 rss: 919Mb L: 23/1184 MS: 8 ChangeBinInt-Custom-CopyPart-Custom-ChangeBinInt-Custom-EraseBytes-Custom-
#611	REDUCE cov: 46 ft: 46 corp: 3/2381b lim: 1248 exec/s: 0 rss: 919Mb L: 13/1184 MS: 2 EraseBytes-Custom-
#613	REDUCE cov: 46 ft: 46 corp: 3/2379b lim: 1248 exec/s: 0 rss: 919Mb L: 11/1184 MS: 4 PersAutoDict-Custom-EraseBytes-Custom- DE: "\357\002"-
#616	REDUCE cov: 46 ft: 46 corp: 3/2377b lim: 1248 exec/s: 0 rss: 919Mb L: 9/1184 MS: 6 ChangeBit-Custom-CopyPart-Custom-EraseBytes-Custom-
#662	REDUCE cov: 46 ft: 46 corp: 3/2375b lim: 1248 exec/s: 0 rss: 919Mb L: 7/1184 MS: 2 EraseBytes-Custom-
#715	REDUCE cov: 46 ft: 46 corp: 3/2373b lim: 1248 exec/s: 0 rss: 919Mb L: 5/1184 MS: 6 ChangeBit-Custom-ChangeByte-Custom-EraseBytes-Custom-
#723	REDUCE cov: 46 ft: 46 corp: 3/2372b lim: 1248 exec/s: 0 rss: 919Mb L: 4/1184 MS: 6 CMP-Custom-CopyPart-Custom-EraseBytes-Custom- DE: "\241\004"-
#749	REDUCE cov: 46 ft: 46 corp: 3/2371b lim: 1248 exec/s: 0 rss: 919Mb L: 3/1184 MS: 2 EraseBytes-Custom-
#771	REDUCE cov: 46 ft: 46 corp: 3/2370b lim: 1248 exec/s: 0 rss: 919Mb L: 2/1184 MS: 4 ChangeByte-Custom-EraseBytes-Custom-
#843	REDUCE cov: 46 ft: 46 corp: 3/2369b lim: 1248 exec/s: 0 rss: 919Mb L: 1/1184 MS: 4 PersAutoDict-Custom-EraseBytes-Custom- DE: "\241\004"-
#524288	pulse  cov: 46 ft: 46 corp: 3/2369b lim: 4096 exec/s: 262144 rss: 920Mb
#1048576	pulse  cov: 46 ft: 46 corp: 3/2369b lim: 4096 exec/s: 262144 rss: 920Mb
#2097152	pulse  cov: 46 ft: 46 corp: 3/2369b lim: 4096 exec/s: 233016 rss: 940Mb
#4194304	pulse  cov: 46 ft: 46 corp: 3/2369b lim: 4096 exec/s: 246723 rss: 940Mb
#8388608	pulse  cov: 46 ft: 46 corp: 3/2369b lim: 4096 exec/s: 239674 rss: 940Mb
#16777216	pulse  cov: 46 ft: 46 corp: 3/2369b lim: 4096 exec/s: 236298 rss: 940Mb
#28483032	DONE   cov: 46 ft: 46 corp: 3/2369b lim: 4096 exec/s: 235396 rss: 940Mb
[INFO] Tests run: 7, Failures: 0, Errors: 0, Skipped: 0, Time elapsed: 123.4 s -- in org.pqcfuzz.fuzz.PqcDecodeFuzzTest
[INFO] Tests run: 7, Failures: 0, Errors: 0, Skipped: 0
