INFO: Loaded 287 hooks from com.code_intelligence.jazzer.runtime.TraceCmpHooks
INFO: Loaded 5 hooks from com.code_intelligence.jazzer.runtime.TraceDivHooks
INFO: Loaded 2 hooks from com.code_intelligence.jazzer.runtime.TraceIndirHooks
INFO: Loaded 4 hooks from com.code_intelligence.jazzer.runtime.NativeLibHooks
INFO: Loaded 2 hooks from com.code_intelligence.jazzer.sanitizers.ClojureLangHooks
INFO: Loaded 5 hooks from com.code_intelligence.jazzer.sanitizers.Deserialization
INFO: Loaded 5 hooks from com.code_intelligence.jazzer.sanitizers.ExpressionLanguageInjection
INFO: Loaded 70 hooks from com.code_intelligence.jazzer.sanitizers.LdapInjection
INFO: Loaded 46 hooks from com.code_intelligence.jazzer.sanitizers.NamingContextLookup
INFO: Loaded 1 hooks from com.code_intelligence.jazzer.sanitizers.OsCommandInjection
INFO: Loaded 48 hooks from com.code_intelligence.jazzer.sanitizers.ReflectiveCall
INFO: Loaded 8 hooks from com.code_intelligence.jazzer.sanitizers.RegexInjection
INFO: Loaded 16 hooks from com.code_intelligence.jazzer.sanitizers.RegexRoadblocks
INFO: Loaded 12 hooks from com.code_intelligence.jazzer.sanitizers.ScriptEngineInjection
INFO: Loaded 3 hooks from com.code_intelligence.jazzer.sanitizers.ServerSideRequestForgery
INFO: Loaded 19 hooks from com.code_intelligence.jazzer.sanitizers.SqlInjection
INFO: Loaded 6 hooks from com.code_intelligence.jazzer.sanitizers.XPathInjection
INFO: Instrumented org.pqcfuzz.classify.Classifier (took 65 ms, size +26%)
INFO: Instrumented org.pqcfuzz.target.FuzzTarget (took 2 ms, size +12%)
INFO: Instrumented org.pqcfuzz.classify.Outcome (took 4 ms, size +13%)
INFO: Instrumented org.pqcfuzz.fuzz.PqcDecodeFuzzTest (took 14 ms, size +12%)
INFO: Instrumented org.pqcfuzz.target.Targets (took 9 ms, size +19%)
INFO: Instrumented org.pqcfuzz.target.mlkem.MlKem768DecapTarget (took 5 ms, size +13%)
INFO: Instrumented org.pqcfuzz.target.mlkem.MlKem768PublicKeyParseTarget (took 4 ms, size +15%)
INFO: Instrumented org.pqcfuzz.target.mldsa.MlDsa65VerifyTarget (took 4 ms, size +11%)
INFO: Instrumented org.bouncycastle.crypto.CipherParameters (took 0 ms, size +0%)
INFO: Instrumented org.pqcfuzz.target.mldsa.MlDsa65PublicKeyParseTarget (took 3 ms, size +15%)
INFO: Instrumented org.pqcfuzz.target.slhdsa.SlhDsaVerifyTarget (took 4 ms, size +10%)
INFO: Instrumented org.pqcfuzz.target.slhdsa.SlhDsaPublicKeyParseTarget (took 3 ms, size +14%)
INFO: Instrumented org.pqcfuzz.target.mlkem.MlKem768ParseAndEncapsulateTarget (took 2 ms, size +11%)
INFO: Instrumented org.bouncycastle.crypto.params.AsymmetricKeyParameter (took 1 ms, size +32%)
INFO: Instrumented org.bouncycastle.crypto.params.MLKEMPublicKeyParameters (took 3 ms, size +22%)
INFO: Instrumented org.bouncycastle.crypto.params.MLKEMKeyParameters (took 2 ms, size +23%)
INFO: Instrumented org.pqcfuzz.util.DeterministicSecureRandom (took 2 ms, size +24%)
INFO: Instrumented org.pqcfuzz.target.mldsa.MlDsa65ParseAndVerifyTarget (took 1 ms, size +10%)
INFO: Instrumented org.pqcfuzz.target.slhdsa.SlhDsaParseAndVerifyTarget (took 1 ms, size +10%)
INFO: Instrumented org.pqcfuzz.target.jdk.JdkMlKem768DecapTarget (took 1 ms, size +12%)
INFO: Instrumented org.pqcfuzz.target.jdk.JdkMlKem768PublicKeyParseTarget (took 2 ms, size +11%)
INFO: Instrumented org.pqcfuzz.target.jdk.JdkMlDsa65VerifyTarget (took 2 ms, size +10%)
INFO: Instrumented org.pqcfuzz.target.jdk.JdkMlDsa65PublicKeyParseTarget (took 1 ms, size +12%)
INFO: Instrumented org.pqcfuzz.target.jdk.JdkMlKem768ParseAndEncapsulateTarget (took 2 ms, size +9%)
INFO: Instrumented org.pqcfuzz.target.jdk.JdkMlDsa65ParseAndVerifyTarget (took 2 ms, size +9%)
INFO: Instrumented org.pqcfuzz.target.mlkem.MlKemKeys (took 1 ms, size +6%)
INFO: Instrumented org.bouncycastle.crypto.KeyGenerationParameters (took 1 ms, size +19%)
INFO: Instrumented org.bouncycastle.crypto.params.MLKEMKeyGenerationParameters (took 0 ms, size +20%)
INFO: Instrumented org.bouncycastle.crypto.params.MLKEMParameters (took 1 ms, size +11%)
INFO: Instrumented org.bouncycastle.crypto.KEMParameters (took 0 ms, size +0%)
INFO: Instrumented org.bouncycastle.crypto.generators.MLKEMKeyPairGenerator (took 2 ms, size +7%)
INFO: Instrumented org.bouncycastle.crypto.AsymmetricCipherKeyPairGenerator (took 0 ms, size +0%)
INFO: Instrumented org.bouncycastle.crypto.params.MLKEMPrivateKeyParameters (took 4 ms, size +15%)
INFO: New number of coverage counters: 1024
INFO: Instrumented org.bouncycastle.crypto.CryptoServicesRegistrar (took 14 ms, size +12%)
INFO: Instrumented org.bouncycastle.crypto.CryptoServicesPermission (took 2 ms, size +72%)
INFO: Instrumented org.bouncycastle.crypto.SecureRandomProvider (took 0 ms, size +0%)
INFO: Instrumented org.bouncycastle.crypto.CryptoServicesConstraints (took 0 ms, size +0%)
INFO: Instrumented org.bouncycastle.crypto.CryptoServicesRegistrar$ThreadLocalSecureRandomProvider (took 0 ms, size +13%)
INFO: Instrumented org.bouncycastle.crypto.CryptoServicesRegistrar$1 (took 0 ms, size +24%)
INFO: Instrumented org.bouncycastle.crypto.params.DSAParameters (took 2 ms, size +66%)
INFO: Instrumented org.bouncycastle.crypto.params.DSAValidationParameters (took 2 ms, size +38%)
INFO: Instrumented org.bouncycastle.util.encoders.Hex (took 3 ms, size +15%)
INFO: Instrumented org.bouncycastle.util.encoders.DecoderException (took 0 ms, size +27%)
INFO: Instrumented org.bouncycastle.util.encoders.EncoderException (took 0 ms, size +27%)
INFO: Instrumented org.bouncycastle.util.encoders.HexEncoder (took 2 ms, size +37%)
INFO: Instrumented org.bouncycastle.util.encoders.Encoder (took 0 ms, size +0%)
INFO: Instrumented org.bouncycastle.util.Arrays (took 23 ms, size +34%)
INFO: Instrumented org.bouncycastle.crypto.CryptoServicesRegistrar$Property (took 1 ms, size +10%)
INFO: New number of coverage counters: 2048
INFO: Instrumented org.bouncycastle.asn1.x9.X9ECParameters (took 5 ms, size +12%)
INFO: Instrumented org.bouncycastle.asn1.x9.X9ObjectIdentifiers (took 0 ms, size +3%)
INFO: Instrumented org.bouncycastle.asn1.ASN1Object (took 1 ms, size +30%)
INFO: Instrumented org.bouncycastle.asn1.ASN1Encodable (took 0 ms, size +0%)
INFO: Instrumented org.bouncycastle.util.Encodable (took 0 ms, size +0%)
INFO: Instrumented org.bouncycastle.crypto.params.DHParameters (took 2 ms, size +39%)
INFO: Instrumented org.bouncycastle.crypto.params.DHValidationParameters (took 0 ms, size +45%)
INFO: Instrumented org.bouncycastle.crypto.kems.mlkem.MLKEMEngine (took 3 ms, size +9%)
INFO: Instrumented org.bouncycastle.crypto.kems.mlkem.MLKEMIndCpa (took 2 ms, size +17%)
INFO: Instrumented org.bouncycastle.crypto.Xof (took 0 ms, size +0%)
INFO: Instrumented org.bouncycastle.crypto.ExtendedDigest (took 0 ms, size +0%)
INFO: Instrumented org.bouncycastle.crypto.Digest (took 0 ms, size +0%)
INFO: Instrumented org.bouncycastle.crypto.kems.mlkem.PolyVec (took 3 ms, size +23%)
INFO: Instrumented org.bouncycastle.crypto.kems.mlkem.Poly (took 5 ms, size +20%)
INFO: Instrumented org.bouncycastle.crypto.digests.SHA3Digest (took 3 ms, size +26%)
INFO: Instrumented org.bouncycastle.crypto.SavableDigest (took 0 ms, size +0%)
INFO: Instrumented org.bouncycastle.crypto.digests.EncodableDigest (took 0 ms, size +0%)
INFO: Instrumented org.bouncycastle.crypto.EncodableService (took 0 ms, size +0%)
INFO: Instrumented org.bouncycastle.util.Memoable (took 0 ms, size +0%)
INFO: Instrumented org.bouncycastle.crypto.digests.KeccakDigest (took 5 ms, size +20%)
INFO: Instrumented org.bouncycastle.crypto.CryptoServicePurpose (took 2 ms, size +13%)
INFO: Instrumented org.bouncycastle.crypto.digests.Utils (took 0 ms, size +10%)
INFO: Instrumented org.bouncycastle.crypto.CryptoServiceProperties (took 0 ms, size +0%)
INFO: Instrumented org.bouncycastle.crypto.digests.Utils$DefaultPropertiesWithPRF (took 0 ms, size +12%)
INFO: Instrumented org.bouncycastle.util.Pack (took 8 ms, size +24%)
INFO: Instrumented org.bouncycastle.crypto.digests.SHAKEDigest (took 4 ms, size +22%)
INFO: Instrumented org.bouncycastle.crypto.digests.Utils$DefaultProperties (took 0 ms, size +14%)
INFO: Instrumented org.bouncycastle.crypto.kems.mlkem.CBD (took 0 ms, size +41%)
INFO: Instrumented org.bouncycastle.crypto.kems.mlkem.Ntt (took 1 ms, size +14%)
INFO: Instrumented org.bouncycastle.crypto.kems.mlkem.Reduce (took 0 ms, size +28%)
INFO: Instrumented org.bouncycastle.crypto.AsymmetricCipherKeyPair (took 0 ms, size +13%)
INFO: Instrumented org.bouncycastle.crypto.kems.MLKEMExtractor (took 0 ms, size +18%)
INFO: Instrumented org.bouncycastle.crypto.EncapsulatedSecretExtractor (took 0 ms, size +0%)
INFO: Instrumented org.bouncycastle.crypto.kems.MLKEMGenerator (took 0 ms, size +14%)
INFO: Instrumented org.bouncycastle.crypto.EncapsulatedSecretGenerator (took 0 ms, size +0%)
INFO: Instrumented org.bouncycastle.crypto.SecretWithEncapsulation (took 0 ms, size +0%)
INFO: Instrumented org.pqcfuzz.target.TargetKind (took 0 ms, size +12%)
INFO: Instrumented org.pqcfuzz.classify.ExpectedRejections (took 0 ms, size +41%)
INFO: Instrumented org.bouncycastle.pqc.crypto.util.SecretWithEncapsulationImpl (took 0 ms, size +25%)
INFO: found LLVMFuzzerCustomMutator (0x1095fb038). Disabling -len_control by default.
INFO: Running with entropic power schedule (0xFF, 100).
INFO: Seed: 2491695207
INFO: Loaded 3 modules   (2048 inline 8-bit counters): 512 [0x7944444000, 0x7944444200), 512 [0x7944444200, 0x7944444400), 1024 [0x7944444400, 0x7944444800), 
INFO: Loaded 3 PC tables (2048 PCs): 512 [0x794716c000,0x794716e000), 512 [0x794717c000,0x794717e000), 1024 [0x79476f4000,0x79476f8000), 
INFO:        0 files found in <repo>/.cifuzz-corpus/org.pqcfuzz.fuzz.PqcDecodeFuzzTest/mlKemParseAndEncapsulate
INFO:        5 files found in <repo>/target/test-classes/org/pqcfuzz/fuzz/PqcDecodeFuzzTestInputs/mlKemParseAndEncapsulate
INFO:        0 files found in /var/folders/m8/hjsd0821793bcvxlpgdpt23r0000gn/T/jazzer-java-seeds12761040207976288882
INFO: -max_len is not provided; libFuzzer will not generate inputs larger than 4096 bytes
INFO: seed corpus: files: 5 min: 1184b max: 1248b total: 5984b rss: 1228Mb
#6	INITED cov: 251 ft: 263 corp: 5/5984b exec/s: 0 rss: 1228Mb
#13	REDUCE cov: 251 ft: 263 corp: 5/5426b lim: 1248 exec/s: 0 rss: 1228Mb L: 690/1184 MS: 4 ChangeBinInt-Custom-EraseBytes-Custom-
#29	REDUCE cov: 251 ft: 263 corp: 5/5391b lim: 1248 exec/s: 0 rss: 1228Mb L: 655/1184 MS: 2 EraseBytes-Custom-
#31	NEW    cov: 253 ft: 266 corp: 6/6575b lim: 1248 exec/s: 0 rss: 1228Mb L: 1184/1184 MS: 4 ChangeASCIIInt-Custom-CopyPart-Custom-
#143	NEW    cov: 253 ft: 267 corp: 7/7759b lim: 1248 exec/s: 0 rss: 1228Mb L: 1184/1184 MS: 4 ChangeBit-Custom-ChangeASCIIInt-Custom-
#157	REDUCE cov: 253 ft: 267 corp: 7/7513b lim: 1248 exec/s: 0 rss: 1228Mb L: 409/1184 MS: 8 ChangeByte-Custom-ChangeBit-Custom-ChangeASCIIInt-Custom-EraseBytes-Custom-
INFO: using inputs from: <repo>/.cifuzz-corpus/org.pqcfuzz.fuzz.PqcDecodeFuzzTest/mlKemParseAndEncapsulate
INFO: using inputs from: <repo>/target/test-classes/org/pqcfuzz/fuzz/PqcDecodeFuzzTestInputs/mlKemParseAndEncapsulate
INFO: using inputs from: /var/folders/m8/hjsd0821793bcvxlpgdpt23r0000gn/T/jazzer-java-seeds12761040207976288882
#398	REDUCE cov: 253 ft: 267 corp: 7/7460b lim: 1248 exec/s: 0 rss: 1228Mb L: 356/1184 MS: 2 EraseBytes-Custom-
#504	NEW    cov: 253 ft: 268 corp: 8/8644b lim: 1248 exec/s: 0 rss: 1228Mb L: 1184/1184 MS: 2 CrossOver-Custom-
#507	REDUCE cov: 253 ft: 268 corp: 8/8619b lim: 1248 exec/s: 0 rss: 1228Mb L: 331/1184 MS: 6 CopyPart-Custom-ChangeBit-Custom-EraseBytes-Custom-
#1159	REDUCE cov: 253 ft: 268 corp: 8/8593b lim: 1248 exec/s: 0 rss: 1228Mb L: 305/1184 MS: 4 InsertByte-Custom-EraseBytes-Custom-
#1305	REDUCE cov: 253 ft: 268 corp: 8/8453b lim: 1248 exec/s: 0 rss: 1228Mb L: 165/1184 MS: 2 EraseBytes-Custom-
#2027	REDUCE cov: 253 ft: 268 corp: 8/8397b lim: 1248 exec/s: 0 rss: 1228Mb L: 109/1184 MS: 4 ChangeBinInt-Custom-EraseBytes-Custom-
#2039	REDUCE cov: 253 ft: 268 corp: 8/8346b lim: 1248 exec/s: 0 rss: 1228Mb L: 58/1184 MS: 4 CMP-Custom-EraseBytes-Custom- DE: "\377\377\377\377\377\377\377\377"-
#2241	NEW    cov: 253 ft: 269 corp: 9/9530b lim: 1248 exec/s: 0 rss: 1228Mb L: 1184/1184 MS: 4 ChangeBinInt-Custom-ChangeByte-Custom-
#2398	REDUCE cov: 253 ft: 269 corp: 9/9526b lim: 1248 exec/s: 0 rss: 1228Mb L: 54/1184 MS: 4 PersAutoDict-Custom-EraseBytes-Custom- DE: "\377\377\377\377\377\377\377\377"-
#2650	NEW    cov: 253 ft: 270 corp: 10/10710b lim: 1248 exec/s: 0 rss: 1228Mb L: 1184/1184 MS: 4 ChangeByte-Custom-ShuffleBytes-Custom-
#2962	NEW    cov: 253 ft: 271 corp: 11/11894b lim: 1248 exec/s: 0 rss: 1228Mb L: 1184/1184 MS: 4 ChangeBinInt-Custom-CopyPart-Custom-
#3028	REDUCE cov: 253 ft: 271 corp: 11/11867b lim: 1248 exec/s: 0 rss: 1228Mb L: 27/1184 MS: 2 EraseBytes-Custom-
#3494	REDUCE cov: 253 ft: 271 corp: 11/11858b lim: 1248 exec/s: 0 rss: 1228Mb L: 18/1184 MS: 2 EraseBytes-Custom-
#3725	NEW    cov: 258 ft: 277 corp: 12/13042b lim: 1248 exec/s: 0 rss: 1228Mb L: 1184/1184 MS: 2 ChangeBinInt-Custom-
#3924	REDUCE cov: 258 ft: 277 corp: 12/13040b lim: 1248 exec/s: 0 rss: 1228Mb L: 16/1184 MS: 8 ChangeBit-Custom-ChangeByte-Custom-ChangeBit-Custom-EraseBytes-Custom-
#5995	NEW    cov: 258 ft: 278 corp: 13/14224b lim: 1268 exec/s: 0 rss: 1228Mb L: 1184/1184 MS: 2 CopyPart-Custom-
#6072	REDUCE cov: 258 ft: 278 corp: 13/14218b lim: 1268 exec/s: 0 rss: 1228Mb L: 10/1184 MS: 4 InsertByte-Custom-EraseBytes-Custom-
#6183	REDUCE cov: 258 ft: 278 corp: 13/14214b lim: 1268 exec/s: 0 rss: 1228Mb L: 6/1184 MS: 2 EraseBytes-Custom-
#8234	NEW    cov: 258 ft: 279 corp: 14/15398b lim: 1288 exec/s: 0 rss: 1228Mb L: 1184/1184 MS: 2 ChangeBinInt-Custom-
#9130	NEW    cov: 258 ft: 280 corp: 15/16Kb lim: 1288 exec/s: 0 rss: 1228Mb L: 1184/1184 MS: 2 ChangeASCIIInt-Custom-
#9156	REDUCE cov: 258 ft: 280 corp: 15/16Kb lim: 1288 exec/s: 0 rss: 1228Mb L: 3/1184 MS: 2 EraseBytes-Custom-
#9223	REDUCE cov: 258 ft: 280 corp: 15/16Kb lim: 1288 exec/s: 0 rss: 1228Mb L: 2/1184 MS: 4 ShuffleBytes-Custom-EraseBytes-Custom-
#9240	REDUCE cov: 258 ft: 280 corp: 15/16Kb lim: 1288 exec/s: 0 rss: 1228Mb L: 1/1184 MS: 4 ChangeBinInt-Custom-EraseBytes-Custom-
#13947	NEW    cov: 258 ft: 281 corp: 16/17Kb lim: 1328 exec/s: 0 rss: 1228Mb L: 1184/1184 MS: 4 ChangeByte-Custom-CrossOver-Custom-
#31748	NEW    cov: 258 ft: 282 corp: 17/18Kb lim: 1498 exec/s: 0 rss: 1228Mb L: 1184/1184 MS: 2 CopyPart-Custom-
#36832	NEW    cov: 258 ft: 283 corp: 18/19Kb lim: 1548 exec/s: 36832 rss: 1228Mb L: 1184/1184 MS: 4 ChangeByte-Custom-ChangeBinInt-Custom-
#43584	NEW    cov: 258 ft: 292 corp: 19/20Kb lim: 1608 exec/s: 43584 rss: 1228Mb L: 1184/1184 MS: 4 ChangeBinInt-Custom-CopyPart-Custom-
#131072	pulse  cov: 258 ft: 292 corp: 19/20Kb lim: 2477 exec/s: 43690 rss: 1228Mb
#262144	pulse  cov: 258 ft: 292 corp: 19/20Kb lim: 3775 exec/s: 37449 rss: 1228Mb
#507892	NEW    cov: 258 ft: 299 corp: 20/21Kb lim: 4096 exec/s: 39068 rss: 1228Mb L: 1184/1184 MS: 6 ChangeBit-Custom-ChangeASCIIInt-Custom-CopyPart-Custom-
#524288	pulse  cov: 258 ft: 299 corp: 20/21Kb lim: 4096 exec/s: 40329 rss: 1228Mb
#1048576	pulse  cov: 258 ft: 299 corp: 20/21Kb lim: 4096 exec/s: 38836 rss: 1228Mb
#2097152	pulse  cov: 258 ft: 299 corp: 20/21Kb lim: 4096 exec/s: 38836 rss: 1228Mb
#4194304	pulse  cov: 258 ft: 299 corp: 20/21Kb lim: 4096 exec/s: 38836 rss: 1228Mb
#4659207	DONE   cov: 258 ft: 299 corp: 20/21Kb lim: 4096 exec/s: 38505 rss: 1228Mb
[INFO] Tests run: 7, Failures: 0, Errors: 0, Skipped: 0, Time elapsed: 123.4 s -- in org.pqcfuzz.fuzz.PqcDecodeFuzzTest
[INFO] Tests run: 7, Failures: 0, Errors: 0, Skipped: 0
