INFO: Loaded 287 hooks from com.code_intelligence.jazzer.runtime.TraceCmpHooks
INFO: Loaded 5 hooks from com.code_intelligence.jazzer.runtime.TraceDivHooks
INFO: Loaded 2 hooks from com.code_intelligence.jazzer.runtime.TraceIndirHooks
INFO: Loaded 4 hooks from com.code_intelligence.jazzer.runtime.NativeLibHooks
INFO: Loaded 2 hooks from com.code_intelligence.jazzer.sanitizers.ClojureLangHooks
INFO: Loaded 5 hooks from com.code_intelligence.jazzer.sanitizers.Deserialization
INFO: Loaded 5 hooks from com.code_intelligence.jazzer.sanitizers.ExpressionLanguageInjection
INFO: Loaded 70 hooks from com.code_intelligence.jazzer.sanitizers.LdapInjection
INFO: Loaded 46 hooks from com.code_intelligence.jazzer.sanitizers.NamingContextLookup
INFO: Loaded 1 hooks from com.code_intelligence.jazzer.sanitizers.OsCommandInjection
INFO: Loaded 48 hooks from com.code_intelligence.jazzer.sanitizers.ReflectiveCall
INFO: Loaded 8 hooks from com.code_intelligence.jazzer.sanitizers.RegexInjection
INFO: Loaded 16 hooks from com.code_intelligence.jazzer.sanitizers.RegexRoadblocks
INFO: Loaded 12 hooks from com.code_intelligence.jazzer.sanitizers.ScriptEngineInjection
INFO: Loaded 3 hooks from com.code_intelligence.jazzer.sanitizers.ServerSideRequestForgery
INFO: Loaded 19 hooks from com.code_intelligence.jazzer.sanitizers.SqlInjection
INFO: Loaded 6 hooks from com.code_intelligence.jazzer.sanitizers.XPathInjection
INFO: Instrumented org.pqcfuzz.classify.Classifier (took 85 ms, size +26%)
INFO: Instrumented org.pqcfuzz.target.FuzzTarget (took 1 ms, size +12%)
INFO: Instrumented org.pqcfuzz.classify.Outcome (took 2 ms, size +13%)
INFO: Instrumented org.pqcfuzz.fuzz.PqcDecodeFuzzTest (took 21 ms, size +12%)
INFO: Instrumented org.pqcfuzz.target.Targets (took 13 ms, size +19%)
INFO: Instrumented org.pqcfuzz.target.mlkem.MlKem768DecapTarget (took 2 ms, size +13%)
INFO: Instrumented org.pqcfuzz.target.mlkem.MlKem768PublicKeyParseTarget (took 2 ms, size +15%)
INFO: Instrumented org.pqcfuzz.target.mldsa.MlDsa65VerifyTarget (took 3 ms, size +11%)
INFO: Instrumented org.bouncycastle.crypto.CipherParameters (took 0 ms, size +0%)
INFO: Instrumented org.pqcfuzz.target.mldsa.MlDsa65PublicKeyParseTarget (took 3 ms, size +15%)
INFO: Instrumented org.pqcfuzz.target.slhdsa.SlhDsaVerifyTarget (took 3 ms, size +10%)
INFO: Instrumented org.pqcfuzz.target.slhdsa.SlhDsaPublicKeyParseTarget (took 1 ms, size +14%)
INFO: Instrumented org.pqcfuzz.target.mlkem.MlKem768ParseAndEncapsulateTarget (took 1 ms, size +11%)
INFO: Instrumented org.bouncycastle.crypto.params.AsymmetricKeyParameter (took 0 ms, size +32%)
INFO: Instrumented org.bouncycastle.crypto.params.MLKEMPublicKeyParameters (took 2 ms, size +22%)
INFO: Instrumented org.bouncycastle.crypto.params.MLKEMKeyParameters (took 0 ms, size +23%)
INFO: Instrumented org.pqcfuzz.util.DeterministicSecureRandom (took 1 ms, size +24%)
INFO: Instrumented org.pqcfuzz.target.mldsa.MlDsa65ParseAndVerifyTarget (took 2 ms, size +10%)
INFO: Instrumented org.pqcfuzz.target.slhdsa.SlhDsaParseAndVerifyTarget (took 3 ms, size +10%)
INFO: Instrumented org.pqcfuzz.target.jdk.JdkMlKem768DecapTarget (took 2 ms, size +12%)
INFO: Instrumented org.pqcfuzz.target.jdk.JdkMlKem768PublicKeyParseTarget (took 2 ms, size +11%)
INFO: Instrumented org.pqcfuzz.target.jdk.JdkMlDsa65VerifyTarget (took 3 ms, size +10%)
INFO: Instrumented org.pqcfuzz.target.jdk.JdkMlDsa65PublicKeyParseTarget (took 1 ms, size +12%)
INFO: Instrumented org.pqcfuzz.target.jdk.JdkMlKem768ParseAndEncapsulateTarget (took 2 ms, size +9%)
INFO: Instrumented org.pqcfuzz.target.jdk.JdkMlDsa65ParseAndVerifyTarget (took 2 ms, size +9%)
INFO: Instrumented org.pqcfuzz.target.mlkem.MlKemKeys (took 1 ms, size +6%)
INFO: Instrumented org.bouncycastle.crypto.KeyGenerationParameters (took 0 ms, size +19%)
INFO: Instrumented org.bouncycastle.crypto.params.MLKEMKeyGenerationParameters (took 0 ms, size +20%)
INFO: Instrumented org.bouncycastle.crypto.params.MLKEMParameters (took 1 ms, size +11%)
INFO: Instrumented org.bouncycastle.crypto.KEMParameters (took 0 ms, size +0%)
INFO: Instrumented org.bouncycastle.crypto.generators.MLKEMKeyPairGenerator (took 1 ms, size +7%)
INFO: Instrumented org.bouncycastle.crypto.AsymmetricCipherKeyPairGenerator (took 0 ms, size +0%)
INFO: Instrumented org.bouncycastle.crypto.params.MLKEMPrivateKeyParameters (took 5 ms, size +15%)
INFO: New number of coverage counters: 1024
INFO: Instrumented org.bouncycastle.crypto.CryptoServicesRegistrar (took 15 ms, size +12%)
INFO: Instrumented org.bouncycastle.crypto.CryptoServicesPermission (took 1 ms, size +72%)
INFO: Instrumented org.bouncycastle.crypto.SecureRandomProvider (took 0 ms, size +0%)
INFO: Instrumented org.bouncycastle.crypto.CryptoServicesConstraints (took 0 ms, size +0%)
INFO: Instrumented org.bouncycastle.crypto.CryptoServicesRegistrar$ThreadLocalSecureRandomProvider (took 1 ms, size +13%)
INFO: Instrumented org.bouncycastle.crypto.CryptoServicesRegistrar$1 (took 1 ms, size +24%)
INFO: Instrumented org.bouncycastle.crypto.params.DSAParameters (took 3 ms, size +66%)
INFO: Instrumented org.bouncycastle.crypto.params.DSAValidationParameters (took 2 ms, size +38%)
INFO: Instrumented org.bouncycastle.util.encoders.Hex (took 6 ms, size +15%)
INFO: Instrumented org.bouncycastle.util.encoders.DecoderException (took 0 ms, size +27%)
INFO: Instrumented org.bouncycastle.util.encoders.EncoderException (took 0 ms, size +27%)
INFO: Instrumented org.bouncycastle.util.encoders.HexEncoder (took 2 ms, size +37%)
INFO: Instrumented org.bouncycastle.util.encoders.Encoder (took 0 ms, size +0%)
INFO: Instrumented org.bouncycastle.util.Arrays (took 14 ms, size +34%)
INFO: Instrumented org.bouncycastle.crypto.CryptoServicesRegistrar$Property (took 1 ms, size +10%)
INFO: New number of coverage counters: 2048
INFO: Instrumented org.bouncycastle.asn1.x9.X9ECParameters (took 2 ms, size +12%)
INFO: Instrumented org.bouncycastle.asn1.x9.X9ObjectIdentifiers (took 2 ms, size +3%)
INFO: Instrumented org.bouncycastle.asn1.ASN1Object (took 1 ms, size +30%)
INFO: Instrumented org.bouncycastle.asn1.ASN1Encodable (took 0 ms, size +0%)
INFO: Instrumented org.bouncycastle.util.Encodable (took 0 ms, size +0%)
INFO: Instrumented org.bouncycastle.crypto.params.DHParameters (took 4 ms, size +39%)
INFO: Instrumented org.bouncycastle.crypto.params.DHValidationParameters (took 1 ms, size +45%)
INFO: Instrumented org.bouncycastle.crypto.kems.mlkem.MLKEMEngine (took 6 ms, size +9%)
INFO: Instrumented org.bouncycastle.crypto.kems.mlkem.MLKEMIndCpa (took 5 ms, size +17%)
INFO: Instrumented org.bouncycastle.crypto.Xof (took 0 ms, size +0%)
INFO: Instrumented org.bouncycastle.crypto.ExtendedDigest (took 0 ms, size +0%)
INFO: Instrumented org.bouncycastle.crypto.Digest (took 0 ms, size +0%)
INFO: Instrumented org.bouncycastle.crypto.kems.mlkem.PolyVec (took 6 ms, size +23%)
INFO: Instrumented org.bouncycastle.crypto.kems.mlkem.Poly (took 6 ms, size +20%)
INFO: Instrumented org.bouncycastle.crypto.digests.SHA3Digest (took 6 ms, size +26%)
INFO: Instrumented org.bouncycastle.crypto.SavableDigest (took 0 ms, size +0%)
INFO: Instrumented org.bouncycastle.crypto.digests.EncodableDigest (took 0 ms, size +0%)
INFO: Instrumented org.bouncycastle.crypto.EncodableService (took 0 ms, size +0%)
INFO: Instrumented org.bouncycastle.util.Memoable (took 1 ms, size +0%)
INFO: Instrumented org.bouncycastle.crypto.digests.KeccakDigest (took 9 ms, size +20%)
INFO: Instrumented org.bouncycastle.crypto.CryptoServicePurpose (took 3 ms, size +13%)
INFO: Instrumented org.bouncycastle.crypto.digests.Utils (took 1 ms, size +10%)
INFO: Instrumented org.bouncycastle.crypto.CryptoServiceProperties (took 0 ms, size +0%)
INFO: Instrumented org.bouncycastle.crypto.digests.Utils$DefaultPropertiesWithPRF (took 0 ms, size +12%)
INFO: Instrumented org.bouncycastle.util.Pack (took 8 ms, size +24%)
INFO: Instrumented org.bouncycastle.crypto.digests.SHAKEDigest (took 2 ms, size +22%)
INFO: Instrumented org.bouncycastle.crypto.digests.Utils$DefaultProperties (took 0 ms, size +14%)
INFO: Instrumented org.bouncycastle.crypto.kems.mlkem.CBD (took 1 ms, size +41%)
INFO: Instrumented org.bouncycastle.crypto.kems.mlkem.Ntt (took 5 ms, size +14%)
INFO: Instrumented org.bouncycastle.crypto.kems.mlkem.Reduce (took 0 ms, size +28%)
INFO: Instrumented org.bouncycastle.crypto.AsymmetricCipherKeyPair (took 1 ms, size +13%)
INFO: Instrumented org.bouncycastle.crypto.kems.MLKEMExtractor (took 1 ms, size +18%)
INFO: Instrumented org.bouncycastle.crypto.EncapsulatedSecretExtractor (took 0 ms, size +0%)
INFO: Instrumented org.pqcfuzz.target.TargetKind (took 2 ms, size +12%)
INFO: Instrumented org.pqcfuzz.classify.ExpectedRejections (took 0 ms, size +41%)
INFO: found LLVMFuzzerCustomMutator (0x11d1cb038). Disabling -len_control by default.
INFO: Running with entropic power schedule (0xFF, 100).
INFO: Seed: 3287911280
INFO: Loaded 3 modules   (2048 inline 8-bit counters): 512 [0x78f8400000, 0x78f8400200), 512 [0x78f8400200, 0x78f8400400), 1024 [0x78f8400400, 0x78f8400800), 
INFO: Loaded 3 PC tables (2048 PCs): 512 [0x78fb0f4000,0x78fb0f6000), 512 [0x78fb0fa000,0x78fb0fc000), 1024 [0x78fd2d4000,0x78fd2d8000), 
INFO:        0 files found in <repo>/.cifuzz-corpus/org.pqcfuzz.fuzz.PqcDecodeFuzzTest/mlKemPublicKeyParse
INFO:        5 files found in <repo>/target/test-classes/org/pqcfuzz/fuzz/PqcDecodeFuzzTestInputs/mlKemPublicKeyParse
INFO:        0 files found in /var/folders/m8/hjsd0821793bcvxlpgdpt23r0000gn/T/jazzer-java-seeds10703475247745939669
INFO: -max_len is not provided; libFuzzer will not generate inputs larger than 4096 bytes
INFO: seed corpus: files: 5 min: 1184b max: 1248b total: 5984b rss: 1117Mb
#6	INITED cov: 44 ft: 44 corp: 2/2432b exec/s: 0 rss: 1117Mb
#13	REDUCE cov: 44 ft: 44 corp: 2/1522b lim: 1248 exec/s: 0 rss: 1117Mb L: 338/1184 MS: 4 ShuffleBytes-Custom-CrossOver-Custom-
#17	REDUCE cov: 44 ft: 44 corp: 2/1393b lim: 1248 exec/s: 0 rss: 1117Mb L: 209/1184 MS: 8 CopyPart-Custom-ChangeByte-Custom-CMP-Custom-EraseBytes-Custom- DE: "\001\000\000\000\000\000\000\000"-
#34	REDUCE cov: 44 ft: 44 corp: 2/1348b lim: 1248 exec/s: 0 rss: 1117Mb L: 164/1184 MS: 4 ChangeByte-Custom-EraseBytes-Custom-
#115	NEW    cov: 46 ft: 46 corp: 3/2532b lim: 1248 exec/s: 0 rss: 1117Mb L: 1184/1184 MS: 2 ShuffleBytes-Custom-
#228	REDUCE cov: 46 ft: 46 corp: 3/2462b lim: 1248 exec/s: 0 rss: 1117Mb L: 94/1184 MS: 6 ChangeBinInt-Custom-CopyPart-Custom-EraseBytes-Custom-
#244	REDUCE cov: 46 ft: 46 corp: 3/2420b lim: 1248 exec/s: 0 rss: 1117Mb L: 52/1184 MS: 2 EraseBytes-Custom-
#265	REDUCE cov: 46 ft: 46 corp: 3/2415b lim: 1248 exec/s: 0 rss: 1117Mb L: 47/1184 MS: 2 EraseBytes-Custom-
#294	REDUCE cov: 46 ft: 46 corp: 3/2399b lim: 1248 exec/s: 0 rss: 1117Mb L: 31/1184 MS: 8 CopyPart-Custom-ShuffleBytes-Custom-ShuffleBytes-Custom-EraseBytes-Custom-
#325	REDUCE cov: 46 ft: 46 corp: 3/2395b lim: 1248 exec/s: 0 rss: 1117Mb L: 27/1184 MS: 2 EraseBytes-Custom-
#333	REDUCE cov: 46 ft: 46 corp: 3/2391b lim: 1248 exec/s: 0 rss: 1117Mb L: 23/1184 MS: 6 ShuffleBytes-Custom-ShuffleBytes-Custom-EraseBytes-Custom-
#444	REDUCE cov: 46 ft: 46 corp: 3/2389b lim: 1248 exec/s: 0 rss: 1117Mb L: 21/1184 MS: 2 EraseBytes-Custom-
#488	REDUCE cov: 46 ft: 46 corp: 3/2385b lim: 1248 exec/s: 0 rss: 1117Mb L: 17/1184 MS: 8 ShuffleBytes-Custom-ChangeByte-Custom-ChangeBit-Custom-EraseBytes-Custom-
#492	REDUCE cov: 46 ft: 46 corp: 3/2381b lim: 1248 exec/s: 0 rss: 1117Mb L: 13/1184 MS: 8 ChangeByte-Custom-PersAutoDict-Custom-ChangeBinInt-Custom-EraseBytes-Custom- DE: "\001\000\000\000\000\000\000\000"-
#536	REDUCE cov: 46 ft: 46 corp: 3/2379b lim: 1248 exec/s: 0 rss: 1117Mb L: 11/1184 MS: 8 PersAutoDict-Custom-ChangeByte-Custom-ShuffleBytes-Custom-EraseBytes-Custom- DE: "\001\000\000\000\000\000\000\000"-
#547	REDUCE cov: 46 ft: 46 corp: 3/2376b lim: 1248 exec/s: 0 rss: 1117Mb L: 8/1184 MS: 2 EraseBytes-Custom-
#591	REDUCE cov: 46 ft: 46 corp: 3/2374b lim: 1248 exec/s: 0 rss: 1117Mb L: 6/1184 MS: 8 ChangeBit-Custom-ChangeByte-Custom-CMP-Custom-EraseBytes-Custom- DE: "\377\377\377\377\377\377\377\377"-
#605	REDUCE cov: 46 ft: 46 corp: 3/2372b lim: 1248 exec/s: 0 rss: 1117Mb L: 4/1184 MS: 8 ChangeBit-Custom-ShuffleBytes-Custom-InsertByte-Custom-EraseBytes-Custom-
#676	REDUCE cov: 46 ft: 46 corp: 3/2370b lim: 1248 exec/s: 0 rss: 1117Mb L: 2/1184 MS: 2 EraseBytes-Custom-
#859	REDUCE cov: 46 ft: 46 corp: 3/2369b lim: 1248 exec/s: 0 rss: 1117Mb L: 1/1184 MS: 6 ChangeByte-Custom-ChangeByte-Custom-EraseBytes-Custom-
INFO: using inputs from: <repo>/.cifuzz-corpus/org.pqcfuzz.fuzz.PqcDecodeFuzzTest/mlKemPublicKeyParse
INFO: using inputs from: <repo>/target/test-classes/org/pqcfuzz/fuzz/PqcDecodeFuzzTestInputs/mlKemPublicKeyParse
INFO: using inputs from: /var/folders/m8/hjsd0821793bcvxlpgdpt23r0000gn/T/jazzer-java-seeds10703475247745939669
#524288	pulse  cov: 46 ft: 46 corp: 3/2369b lim: 4096 exec/s: 262144 rss: 1121Mb
#1048576	pulse  cov: 46 ft: 46 corp: 3/2369b lim: 4096 exec/s: 262144 rss: 1121Mb
#2097152	pulse  cov: 46 ft: 46 corp: 3/2369b lim: 4096 exec/s: 209715 rss: 1121Mb
#4194304	pulse  cov: 46 ft: 46 corp: 3/2369b lim: 4096 exec/s: 209715 rss: 1121Mb
#8388608	pulse  cov: 46 ft: 46 corp: 3/2369b lim: 4096 exec/s: 215092 rss: 1121Mb
#16777216	pulse  cov: 46 ft: 46 corp: 3/2369b lim: 4096 exec/s: 217885 rss: 1121Mb
#27030786	DONE   cov: 46 ft: 46 corp: 3/2369b lim: 4096 exec/s: 223394 rss: 1121Mb
[INFO] Tests run: 7, Failures: 0, Errors: 0, Skipped: 0, Time elapsed: 123.8 s -- in org.pqcfuzz.fuzz.PqcDecodeFuzzTest
[INFO] Tests run: 7, Failures: 0, Errors: 0, Skipped: 0
