INFO: Loaded 287 hooks from com.code_intelligence.jazzer.runtime.TraceCmpHooks
INFO: Loaded 5 hooks from com.code_intelligence.jazzer.runtime.TraceDivHooks
INFO: Loaded 2 hooks from com.code_intelligence.jazzer.runtime.TraceIndirHooks
INFO: Loaded 4 hooks from com.code_intelligence.jazzer.runtime.NativeLibHooks
INFO: Loaded 2 hooks from com.code_intelligence.jazzer.sanitizers.ClojureLangHooks
INFO: Loaded 5 hooks from com.code_intelligence.jazzer.sanitizers.Deserialization
INFO: Loaded 5 hooks from com.code_intelligence.jazzer.sanitizers.ExpressionLanguageInjection
INFO: Loaded 70 hooks from com.code_intelligence.jazzer.sanitizers.LdapInjection
INFO: Loaded 46 hooks from com.code_intelligence.jazzer.sanitizers.NamingContextLookup
INFO: Loaded 1 hooks from com.code_intelligence.jazzer.sanitizers.OsCommandInjection
INFO: Loaded 48 hooks from com.code_intelligence.jazzer.sanitizers.ReflectiveCall
INFO: Loaded 8 hooks from com.code_intelligence.jazzer.sanitizers.RegexInjection
INFO: Loaded 16 hooks from com.code_intelligence.jazzer.sanitizers.RegexRoadblocks
INFO: Loaded 12 hooks from com.code_intelligence.jazzer.sanitizers.ScriptEngineInjection
INFO: Loaded 3 hooks from com.code_intelligence.jazzer.sanitizers.ServerSideRequestForgery
INFO: Loaded 19 hooks from com.code_intelligence.jazzer.sanitizers.SqlInjection
INFO: Loaded 6 hooks from com.code_intelligence.jazzer.sanitizers.XPathInjection
INFO: Instrumented org.pqcfuzz.classify.Classifier (took 62 ms, size +26%)
INFO: Instrumented org.pqcfuzz.target.FuzzTarget (took 0 ms, size +12%)
INFO: Instrumented org.pqcfuzz.classify.Outcome (took 2 ms, size +13%)
INFO: Instrumented org.pqcfuzz.fuzz.PqcDecodeFuzzTest (took 9 ms, size +12%)
INFO: Instrumented org.pqcfuzz.target.Targets (took 13 ms, size +19%)
INFO: Instrumented org.pqcfuzz.target.mlkem.MlKem768DecapTarget (took 4 ms, size +13%)
INFO: Instrumented org.pqcfuzz.target.mlkem.MlKem768PublicKeyParseTarget (took 2 ms, size +15%)
INFO: Instrumented org.pqcfuzz.target.mldsa.MlDsa65VerifyTarget (took 2 ms, size +11%)
INFO: Instrumented org.bouncycastle.crypto.CipherParameters (took 0 ms, size +0%)
INFO: Instrumented org.pqcfuzz.target.mldsa.MlDsa65PublicKeyParseTarget (took 2 ms, size +15%)
INFO: Instrumented org.pqcfuzz.target.slhdsa.SlhDsaVerifyTarget (took 1 ms, size +10%)
INFO: Instrumented org.pqcfuzz.target.slhdsa.SlhDsaPublicKeyParseTarget (took 1 ms, size +14%)
INFO: Instrumented org.pqcfuzz.target.mlkem.MlKem768ParseAndEncapsulateTarget (took 2 ms, size +11%)
INFO: Instrumented org.bouncycastle.crypto.params.AsymmetricKeyParameter (took 0 ms, size +32%)
INFO: Instrumented org.bouncycastle.crypto.params.MLKEMPublicKeyParameters (took 1 ms, size +22%)
INFO: Instrumented org.bouncycastle.crypto.params.MLKEMKeyParameters (took 0 ms, size +23%)
INFO: Instrumented org.pqcfuzz.util.DeterministicSecureRandom (took 1 ms, size +24%)
INFO: Instrumented org.pqcfuzz.target.mldsa.MlDsa65ParseAndVerifyTarget (took 1 ms, size +10%)
INFO: Instrumented org.pqcfuzz.target.slhdsa.SlhDsaParseAndVerifyTarget (took 1 ms, size +10%)
INFO: Instrumented org.pqcfuzz.target.jdk.JdkMlKem768DecapTarget (took 1 ms, size +12%)
INFO: Instrumented org.pqcfuzz.target.jdk.JdkMlKem768PublicKeyParseTarget (took 1 ms, size +11%)
INFO: Instrumented org.pqcfuzz.target.jdk.JdkMlDsa65VerifyTarget (took 1 ms, size +10%)
INFO: Instrumented org.pqcfuzz.target.jdk.JdkMlDsa65PublicKeyParseTarget (took 2 ms, size +12%)
INFO: Instrumented org.pqcfuzz.target.jdk.JdkMlKem768ParseAndEncapsulateTarget (took 2 ms, size +9%)
INFO: Instrumented org.pqcfuzz.target.jdk.JdkMlDsa65ParseAndVerifyTarget (took 3 ms, size +9%)
INFO: Instrumented org.pqcfuzz.target.slhdsa.SlhDsaKeys (took 1 ms, size +7%)
INFO: Instrumented org.bouncycastle.crypto.KeyGenerationParameters (took 1 ms, size +19%)
INFO: Instrumented org.bouncycastle.crypto.params.SLHDSAKeyGenerationParameters (took 0 ms, size +20%)
INFO: Instrumented org.bouncycastle.crypto.params.SLHDSAParameters (took 2 ms, size +7%)
INFO: Instrumented org.bouncycastle.crypto.params.SLHDSAParameters$SLHDSAEngineProvider (took 0 ms, size +0%)
INFO: Instrumented org.bouncycastle.crypto.params.SLHDSAParameters$Sha2EngineProvider (took 1 ms, size +12%)
INFO: Instrumented org.bouncycastle.crypto.signers.slhdsa.SLHDSAEngine (took 3 ms, size +10%)
INFO: Instrumented org.bouncycastle.crypto.signers.slhdsa.SLHDSAEngine$Sha2Engine (took 3 ms, size +9%)
INFO: Instrumented org.bouncycastle.crypto.params.SLHDSAParameters$Shake256EngineProvider (took 1 ms, size +12%)
INFO: Instrumented org.bouncycastle.crypto.signers.slhdsa.SLHDSAEngine$Shake256Engine (took 1 ms, size +12%)
INFO: Instrumented org.bouncycastle.crypto.generators.SLHDSAKeyPairGenerator (took 1 ms, size +8%)
INFO: Instrumented org.bouncycastle.crypto.AsymmetricCipherKeyPairGenerator (took 0 ms, size +0%)
INFO: New number of coverage counters: 1024
INFO: Instrumented org.bouncycastle.crypto.CryptoServicesRegistrar (took 7 ms, size +12%)
INFO: Instrumented org.bouncycastle.crypto.CryptoServicesPermission (took 2 ms, size +72%)
INFO: Instrumented org.bouncycastle.crypto.SecureRandomProvider (took 0 ms, size +0%)
INFO: Instrumented org.bouncycastle.crypto.CryptoServicesConstraints (took 0 ms, size +0%)
INFO: Instrumented org.bouncycastle.crypto.CryptoServicesRegistrar$ThreadLocalSecureRandomProvider (took 1 ms, size +13%)
INFO: Instrumented org.bouncycastle.crypto.CryptoServicesRegistrar$1 (took 0 ms, size +24%)
INFO: Instrumented org.bouncycastle.crypto.params.DSAParameters (took 2 ms, size +66%)
INFO: Instrumented org.bouncycastle.crypto.params.DSAValidationParameters (took 1 ms, size +38%)
INFO: Instrumented org.bouncycastle.util.encoders.Hex (took 2 ms, size +15%)
INFO: Instrumented org.bouncycastle.util.encoders.DecoderException (took 0 ms, size +27%)
INFO: Instrumented org.bouncycastle.util.encoders.EncoderException (took 0 ms, size +27%)
INFO: Instrumented org.bouncycastle.util.encoders.HexEncoder (took 4 ms, size +37%)
INFO: Instrumented org.bouncycastle.util.encoders.Encoder (took 0 ms, size +0%)
INFO: New number of coverage counters: 2048
INFO: Instrumented org.bouncycastle.util.Arrays (took 12 ms, size +34%)
INFO: Instrumented org.bouncycastle.crypto.CryptoServicesRegistrar$Property (took 0 ms, size +10%)
INFO: Instrumented org.bouncycastle.asn1.x9.X9ECParameters (took 4 ms, size +12%)
INFO: Instrumented org.bouncycastle.asn1.x9.X9ObjectIdentifiers (took 1 ms, size +3%)
INFO: Instrumented org.bouncycastle.asn1.ASN1Object (took 2 ms, size +30%)
INFO: Instrumented org.bouncycastle.asn1.ASN1Encodable (took 0 ms, size +0%)
INFO: Instrumented org.bouncycastle.util.Encodable (took 0 ms, size +0%)
INFO: Instrumented org.bouncycastle.crypto.params.DHParameters (took 1 ms, size +39%)
INFO: Instrumented org.bouncycastle.crypto.params.DHValidationParameters (took 0 ms, size +45%)
INFO: Instrumented org.bouncycastle.crypto.params.SLHDSAPrivateKeyParameters (took 3 ms, size +15%)
INFO: Instrumented org.bouncycastle.crypto.params.SLHDSAKeyParameters (took 0 ms, size +22%)
INFO: Instrumented org.bouncycastle.crypto.params.SLHDSAPublicKeyParameters (took 1 ms, size +25%)
INFO: Instrumented org.bouncycastle.crypto.DerivationParameters (took 0 ms, size +0%)
INFO: Instrumented org.bouncycastle.crypto.Digest (took 0 ms, size +0%)
INFO: Instrumented org.bouncycastle.crypto.digests.SHA256Digest (took 3 ms, size +9%)
INFO: Instrumented org.bouncycastle.crypto.SavableDigest (took 0 ms, size +0%)
INFO: Instrumented org.bouncycastle.crypto.ExtendedDigest (took 0 ms, size +0%)
INFO: Instrumented org.bouncycastle.crypto.digests.EncodableDigest (took 0 ms, size +0%)
INFO: Instrumented org.bouncycastle.crypto.EncodableService (took 0 ms, size +0%)
INFO: Instrumented org.bouncycastle.util.Memoable (took 0 ms, size +0%)
INFO: Instrumented org.bouncycastle.crypto.digests.GeneralDigest (took 2 ms, size +23%)
INFO: Instrumented org.bouncycastle.crypto.CryptoServicePurpose (took 2 ms, size +13%)
INFO: Instrumented org.bouncycastle.crypto.digests.Utils (took 0 ms, size +10%)
INFO: Instrumented org.bouncycastle.crypto.CryptoServiceProperties (took 0 ms, size +0%)
INFO: Instrumented org.bouncycastle.crypto.digests.Utils$DefaultPropertiesWithPRF (took 0 ms, size +12%)
INFO: Instrumented org.bouncycastle.crypto.macs.HMac (took 1 ms, size +21%)
INFO: Instrumented org.bouncycastle.crypto.Mac (took 0 ms, size +0%)
INFO: Instrumented org.bouncycastle.util.Integers (took 2 ms, size +30%)
INFO: Instrumented org.bouncycastle.crypto.generators.MGF1BytesGenerator (took 2 ms, size +26%)
INFO: Instrumented org.bouncycastle.crypto.DerivationFunction (took 0 ms, size +0%)
INFO: Instrumented org.bouncycastle.crypto.OutputLengthException (took 0 ms, size +46%)
INFO: Instrumented org.bouncycastle.crypto.DataLengthException (took 0 ms, size +39%)
INFO: Instrumented org.bouncycastle.crypto.RuntimeCryptoException (took 0 ms, size +42%)
INFO: Instrumented org.bouncycastle.util.Pack (took 5 ms, size +24%)
INFO: Instrumented org.bouncycastle.crypto.signers.slhdsa.HT (took 1 ms, size +15%)
INFO: Instrumented org.bouncycastle.crypto.signers.slhdsa.WotsPlus (took 1 ms, size +21%)
INFO: Instrumented org.bouncycastle.crypto.signers.slhdsa.ADRS (took 1 ms, size +9%)
INFO: Instrumented org.bouncycastle.crypto.signers.slhdsa.NodeEntry (took 0 ms, size +37%)
INFO: Instrumented org.bouncycastle.crypto.AsymmetricCipherKeyPair (took 0 ms, size +13%)
INFO: Instrumented org.bouncycastle.crypto.params.SLHDSAPrivateKeyParameters$SK (took 0 ms, size +27%)
INFO: Instrumented org.bouncycastle.crypto.params.SLHDSAPrivateKeyParameters$PK (took 0 ms, size +27%)
INFO: Instrumented org.pqcfuzz.target.TargetKind (took 0 ms, size +12%)
INFO: Instrumented org.pqcfuzz.classify.ExpectedRejections (took 0 ms, size +41%)
INFO: found LLVMFuzzerCustomMutator (0x10573f038). Disabling -len_control by default.
INFO: Running with entropic power schedule (0xFF, 100).
INFO: Seed: 4237776599
INFO: Loaded 3 modules   (2048 inline 8-bit counters): 512 [0x74dac00000, 0x74dac00200), 512 [0x74dac00200, 0x74dac00400), 1024 [0x74dac00400, 0x74dac00800), 
INFO: Loaded 3 PC tables (2048 PCs): 512 [0x74dc27c000,0x74dc27e000), 512 [0x74dc27e000,0x74dc280000), 1024 [0x74dd5b0000,0x74dd5b4000), 
INFO:        0 files found in <repo>/.cifuzz-corpus/org.pqcfuzz.fuzz.PqcDecodeFuzzTest/slhDsaPublicKeyParse
INFO:        5 files found in <repo>/target/test-classes/org/pqcfuzz/fuzz/PqcDecodeFuzzTestInputs/slhDsaPublicKeyParse
INFO:        0 files found in /var/folders/m8/hjsd0821793bcvxlpgdpt23r0000gn/T/jazzer-java-seeds18086417936034911195
INFO: -max_len is not provided; libFuzzer will not generate inputs larger than 4096 bytes
INFO: seed corpus: files: 5 min: 32b max: 96b total: 224b rss: 1285Mb
#6	INITED cov: 32 ft: 32 corp: 2/128b exec/s: 0 rss: 1285Mb
#11	REDUCE cov: 32 ft: 32 corp: 2/126b lim: 96 exec/s: 0 rss: 1285Mb L: 94/94 MS: 10 ChangeByte-Custom-ChangeBit-Custom-ShuffleBytes-Custom-CMP-Custom-EraseBytes-Custom- DE: "\010\000"-
#17	REDUCE cov: 32 ft: 32 corp: 2/87b lim: 96 exec/s: 0 rss: 1285Mb L: 55/55 MS: 2 EraseBytes-Custom-
#130	REDUCE cov: 32 ft: 32 corp: 2/85b lim: 96 exec/s: 0 rss: 1285Mb L: 53/53 MS: 6 ChangeBinInt-Custom-CrossOver-Custom-EraseBytes-Custom-
#133	REDUCE cov: 32 ft: 32 corp: 2/46b lim: 96 exec/s: 0 rss: 1285Mb L: 14/32 MS: 6 InsertByte-Custom-ChangeByte-Custom-CrossOver-Custom-
#183	REDUCE cov: 32 ft: 32 corp: 2/44b lim: 96 exec/s: 0 rss: 1285Mb L: 12/32 MS: 10 InsertByte-Custom-ShuffleBytes-Custom-ShuffleBytes-Custom-ChangeBit-Custom-EraseBytes-Custom-
#200	REDUCE cov: 32 ft: 32 corp: 2/38b lim: 96 exec/s: 0 rss: 1285Mb L: 6/32 MS: 4 CopyPart-Custom-EraseBytes-Custom-
#208	REDUCE cov: 32 ft: 32 corp: 2/37b lim: 96 exec/s: 0 rss: 1285Mb L: 5/32 MS: 6 ChangeByte-Custom-ChangeBit-Custom-EraseBytes-Custom-
#344	REDUCE cov: 32 ft: 32 corp: 2/35b lim: 96 exec/s: 0 rss: 1285Mb L: 3/32 MS: 2 EraseBytes-Custom-
#403	REDUCE cov: 32 ft: 32 corp: 2/34b lim: 96 exec/s: 0 rss: 1285Mb L: 2/32 MS: 8 ShuffleBytes-Custom-InsertByte-Custom-ChangeBinInt-Custom-EraseBytes-Custom-
#485	REDUCE cov: 32 ft: 32 corp: 2/33b lim: 96 exec/s: 0 rss: 1285Mb L: 1/32 MS: 4 ChangeBit-Custom-EraseBytes-Custom-
INFO: using inputs from: <repo>/.cifuzz-corpus/org.pqcfuzz.fuzz.PqcDecodeFuzzTest/slhDsaPublicKeyParse
INFO: using inputs from: <repo>/target/test-classes/org/pqcfuzz/fuzz/PqcDecodeFuzzTestInputs/slhDsaPublicKeyParse
INFO: using inputs from: /var/folders/m8/hjsd0821793bcvxlpgdpt23r0000gn/T/jazzer-java-seeds18086417936034911195
#1048576	pulse  cov: 32 ft: 32 corp: 2/33b lim: 4096 exec/s: 349525 rss: 1321Mb
#2097152	pulse  cov: 32 ft: 32 corp: 2/33b lim: 4096 exec/s: 299593 rss: 1321Mb
#4194304	pulse  cov: 32 ft: 32 corp: 2/33b lim: 4096 exec/s: 279620 rss: 1341Mb
#8388608	pulse  cov: 32 ft: 32 corp: 2/33b lim: 4096 exec/s: 279620 rss: 1341Mb
#16777216	pulse  cov: 32 ft: 32 corp: 2/33b lim: 4096 exec/s: 275036 rss: 1341Mb
#33237519	DONE   cov: 32 ft: 32 corp: 2/33b lim: 4096 exec/s: 274690 rss: 1341Mb
[INFO] Tests run: 7, Failures: 0, Errors: 0, Skipped: 0, Time elapsed: 123.3 s -- in org.pqcfuzz.fuzz.PqcDecodeFuzzTest
[INFO] Tests run: 7, Failures: 0, Errors: 0, Skipped: 0
