INFO: Loaded 287 hooks from com.code_intelligence.jazzer.runtime.TraceCmpHooks
INFO: Loaded 5 hooks from com.code_intelligence.jazzer.runtime.TraceDivHooks
INFO: Loaded 2 hooks from com.code_intelligence.jazzer.runtime.TraceIndirHooks
INFO: Loaded 4 hooks from com.code_intelligence.jazzer.runtime.NativeLibHooks
INFO: Loaded 2 hooks from com.code_intelligence.jazzer.sanitizers.ClojureLangHooks
INFO: Loaded 5 hooks from com.code_intelligence.jazzer.sanitizers.Deserialization
INFO: Loaded 5 hooks from com.code_intelligence.jazzer.sanitizers.ExpressionLanguageInjection
INFO: Loaded 70 hooks from com.code_intelligence.jazzer.sanitizers.LdapInjection
INFO: Loaded 46 hooks from com.code_intelligence.jazzer.sanitizers.NamingContextLookup
INFO: Loaded 1 hooks from com.code_intelligence.jazzer.sanitizers.OsCommandInjection
INFO: Loaded 48 hooks from com.code_intelligence.jazzer.sanitizers.ReflectiveCall
INFO: Loaded 8 hooks from com.code_intelligence.jazzer.sanitizers.RegexInjection
INFO: Loaded 16 hooks from com.code_intelligence.jazzer.sanitizers.RegexRoadblocks
INFO: Loaded 12 hooks from com.code_intelligence.jazzer.sanitizers.ScriptEngineInjection
INFO: Loaded 3 hooks from com.code_intelligence.jazzer.sanitizers.ServerSideRequestForgery
INFO: Loaded 19 hooks from com.code_intelligence.jazzer.sanitizers.SqlInjection
INFO: Loaded 6 hooks from com.code_intelligence.jazzer.sanitizers.XPathInjection
INFO: Instrumented org.pqcfuzz.classify.Classifier (took 97 ms, size +26%)
INFO: Instrumented org.pqcfuzz.target.FuzzTarget (took 0 ms, size +12%)
INFO: Instrumented org.pqcfuzz.classify.Outcome (took 2 ms, size +13%)
INFO: Instrumented org.pqcfuzz.fuzz.PqcDecodeFuzzTest (took 8 ms, size +12%)
INFO: Instrumented org.pqcfuzz.target.Targets (took 8 ms, size +19%)
INFO: Instrumented org.pqcfuzz.target.mlkem.MlKem768DecapTarget (took 3 ms, size +13%)
INFO: Instrumented org.pqcfuzz.target.mlkem.MlKem768PublicKeyParseTarget (took 1 ms, size +15%)
INFO: Instrumented org.pqcfuzz.target.mldsa.MlDsa65VerifyTarget (took 3 ms, size +11%)
INFO: Instrumented org.bouncycastle.crypto.CipherParameters (took 0 ms, size +0%)
INFO: Instrumented org.pqcfuzz.target.mldsa.MlDsa65PublicKeyParseTarget (took 1 ms, size +15%)
INFO: Instrumented org.pqcfuzz.target.slhdsa.SlhDsaVerifyTarget (took 1 ms, size +10%)
INFO: Instrumented org.pqcfuzz.target.slhdsa.SlhDsaPublicKeyParseTarget (took 1 ms, size +14%)
INFO: Instrumented org.pqcfuzz.target.mlkem.MlKem768ParseAndEncapsulateTarget (took 2 ms, size +11%)
INFO: Instrumented org.bouncycastle.crypto.params.AsymmetricKeyParameter (took 0 ms, size +32%)
INFO: Instrumented org.bouncycastle.crypto.params.MLKEMPublicKeyParameters (took 2 ms, size +22%)
INFO: Instrumented org.bouncycastle.crypto.params.MLKEMKeyParameters (took 1 ms, size +23%)
INFO: Instrumented org.pqcfuzz.util.DeterministicSecureRandom (took 6 ms, size +24%)
INFO: Instrumented org.pqcfuzz.target.mldsa.MlDsa65ParseAndVerifyTarget (took 1 ms, size +10%)
INFO: Instrumented org.pqcfuzz.target.slhdsa.SlhDsaParseAndVerifyTarget (took 2 ms, size +10%)
INFO: Instrumented org.pqcfuzz.target.jdk.JdkMlKem768DecapTarget (took 2 ms, size +12%)
INFO: Instrumented org.pqcfuzz.target.jdk.JdkMlKem768PublicKeyParseTarget (took 1 ms, size +11%)
INFO: Instrumented org.pqcfuzz.target.jdk.JdkMlDsa65VerifyTarget (took 1 ms, size +10%)
INFO: Instrumented org.pqcfuzz.target.jdk.JdkMlDsa65PublicKeyParseTarget (took 1 ms, size +12%)
INFO: Instrumented org.pqcfuzz.target.jdk.JdkMlKem768ParseAndEncapsulateTarget (took 2 ms, size +9%)
INFO: Instrumented org.pqcfuzz.target.jdk.JdkMlDsa65ParseAndVerifyTarget (took 1 ms, size +9%)
INFO: Instrumented org.pqcfuzz.target.slhdsa.SlhDsaKeys (took 1 ms, size +7%)
INFO: Instrumented org.bouncycastle.crypto.KeyGenerationParameters (took 1 ms, size +19%)
INFO: Instrumented org.bouncycastle.crypto.params.SLHDSAKeyGenerationParameters (took 0 ms, size +20%)
INFO: Instrumented org.bouncycastle.crypto.params.SLHDSAParameters (took 3 ms, size +7%)
INFO: Instrumented org.bouncycastle.crypto.params.SLHDSAParameters$SLHDSAEngineProvider (took 0 ms, size +0%)
INFO: Instrumented org.bouncycastle.crypto.params.SLHDSAParameters$Sha2EngineProvider (took 1 ms, size +12%)
INFO: Instrumented org.bouncycastle.crypto.signers.slhdsa.SLHDSAEngine (took 3 ms, size +10%)
INFO: Instrumented org.bouncycastle.crypto.signers.slhdsa.SLHDSAEngine$Sha2Engine (took 3 ms, size +9%)
INFO: Instrumented org.bouncycastle.crypto.params.SLHDSAParameters$Shake256EngineProvider (took 0 ms, size +12%)
INFO: Instrumented org.bouncycastle.crypto.signers.slhdsa.SLHDSAEngine$Shake256Engine (took 1 ms, size +12%)
INFO: Instrumented org.bouncycastle.crypto.generators.SLHDSAKeyPairGenerator (took 2 ms, size +8%)
INFO: Instrumented org.bouncycastle.crypto.AsymmetricCipherKeyPairGenerator (took 0 ms, size +0%)
INFO: New number of coverage counters: 1024
INFO: Instrumented org.bouncycastle.crypto.CryptoServicesRegistrar (took 5 ms, size +12%)
INFO: Instrumented org.bouncycastle.crypto.CryptoServicesPermission (took 1 ms, size +72%)
INFO: Instrumented org.bouncycastle.crypto.SecureRandomProvider (took 0 ms, size +0%)
INFO: Instrumented org.bouncycastle.crypto.CryptoServicesConstraints (took 0 ms, size +0%)
INFO: Instrumented org.bouncycastle.crypto.CryptoServicesRegistrar$ThreadLocalSecureRandomProvider (took 0 ms, size +13%)
INFO: Instrumented org.bouncycastle.crypto.CryptoServicesRegistrar$1 (took 0 ms, size +24%)
INFO: Instrumented org.bouncycastle.crypto.params.DSAParameters (took 2 ms, size +66%)
INFO: Instrumented org.bouncycastle.crypto.params.DSAValidationParameters (took 1 ms, size +38%)
INFO: Instrumented org.bouncycastle.util.encoders.Hex (took 2 ms, size +15%)
INFO: Instrumented org.bouncycastle.util.encoders.DecoderException (took 0 ms, size +27%)
INFO: Instrumented org.bouncycastle.util.encoders.EncoderException (took 0 ms, size +27%)
INFO: Instrumented org.bouncycastle.util.encoders.HexEncoder (took 2 ms, size +37%)
INFO: Instrumented org.bouncycastle.util.encoders.Encoder (took 0 ms, size +0%)
INFO: New number of coverage counters: 2048
INFO: Instrumented org.bouncycastle.util.Arrays (took 15 ms, size +34%)
INFO: Instrumented org.bouncycastle.crypto.CryptoServicesRegistrar$Property (took 2 ms, size +10%)
INFO: Instrumented org.bouncycastle.asn1.x9.X9ECParameters (took 4 ms, size +12%)
INFO: Instrumented org.bouncycastle.asn1.x9.X9ObjectIdentifiers (took 1 ms, size +3%)
INFO: Instrumented org.bouncycastle.asn1.ASN1Object (took 2 ms, size +30%)
INFO: Instrumented org.bouncycastle.asn1.ASN1Encodable (took 0 ms, size +0%)
INFO: Instrumented org.bouncycastle.util.Encodable (took 0 ms, size +0%)
INFO: Instrumented org.bouncycastle.crypto.params.DHParameters (took 4 ms, size +39%)
INFO: Instrumented org.bouncycastle.crypto.params.DHValidationParameters (took 0 ms, size +45%)
INFO: Instrumented org.bouncycastle.crypto.params.SLHDSAPrivateKeyParameters (took 1 ms, size +15%)
INFO: Instrumented org.bouncycastle.crypto.params.SLHDSAKeyParameters (took 0 ms, size +22%)
INFO: Instrumented org.bouncycastle.crypto.params.SLHDSAPublicKeyParameters (took 0 ms, size +25%)
INFO: Instrumented org.bouncycastle.crypto.DerivationParameters (took 0 ms, size +0%)
INFO: Instrumented org.bouncycastle.crypto.Digest (took 0 ms, size +0%)
INFO: Instrumented org.bouncycastle.crypto.digests.SHA256Digest (took 3 ms, size +9%)
INFO: Instrumented org.bouncycastle.crypto.SavableDigest (took 0 ms, size +0%)
INFO: Instrumented org.bouncycastle.crypto.ExtendedDigest (took 0 ms, size +0%)
INFO: Instrumented org.bouncycastle.crypto.digests.EncodableDigest (took 0 ms, size +0%)
INFO: Instrumented org.bouncycastle.crypto.EncodableService (took 0 ms, size +0%)
INFO: Instrumented org.bouncycastle.util.Memoable (took 0 ms, size +0%)
INFO: Instrumented org.bouncycastle.crypto.digests.GeneralDigest (took 1 ms, size +23%)
INFO: Instrumented org.bouncycastle.crypto.CryptoServicePurpose (took 1 ms, size +13%)
INFO: Instrumented org.bouncycastle.crypto.digests.Utils (took 0 ms, size +10%)
INFO: Instrumented org.bouncycastle.crypto.CryptoServiceProperties (took 0 ms, size +0%)
INFO: Instrumented org.bouncycastle.crypto.digests.Utils$DefaultPropertiesWithPRF (took 0 ms, size +12%)
INFO: Instrumented org.bouncycastle.crypto.macs.HMac (took 1 ms, size +21%)
INFO: Instrumented org.bouncycastle.crypto.Mac (took 0 ms, size +0%)
INFO: Instrumented org.bouncycastle.util.Integers (took 1 ms, size +30%)
INFO: Instrumented org.bouncycastle.crypto.generators.MGF1BytesGenerator (took 0 ms, size +26%)
INFO: Instrumented org.bouncycastle.crypto.DerivationFunction (took 0 ms, size +0%)
INFO: Instrumented org.bouncycastle.crypto.OutputLengthException (took 0 ms, size +46%)
INFO: Instrumented org.bouncycastle.crypto.DataLengthException (took 0 ms, size +39%)
INFO: Instrumented org.bouncycastle.crypto.RuntimeCryptoException (took 0 ms, size +42%)
INFO: Instrumented org.bouncycastle.util.Pack (took 11 ms, size +24%)
INFO: Instrumented org.bouncycastle.crypto.signers.slhdsa.HT (took 1 ms, size +15%)
INFO: Instrumented org.bouncycastle.crypto.signers.slhdsa.WotsPlus (took 0 ms, size +21%)
INFO: Instrumented org.bouncycastle.crypto.signers.slhdsa.ADRS (took 0 ms, size +9%)
INFO: Instrumented org.bouncycastle.crypto.signers.slhdsa.NodeEntry (took 0 ms, size +37%)
INFO: Instrumented org.bouncycastle.crypto.AsymmetricCipherKeyPair (took 0 ms, size +13%)
INFO: Instrumented org.bouncycastle.crypto.params.SLHDSAPrivateKeyParameters$SK (took 0 ms, size +27%)
INFO: Instrumented org.bouncycastle.crypto.params.SLHDSAPrivateKeyParameters$PK (took 0 ms, size +27%)
INFO: Instrumented org.bouncycastle.crypto.signers.SLHDSASigner (took 2 ms, size +14%)
INFO: Instrumented org.bouncycastle.pqc.crypto.MessageSigner (took 0 ms, size +0%)
INFO: Instrumented org.bouncycastle.crypto.params.ParametersWithContext (took 0 ms, size +23%)
INFO: Instrumented org.bouncycastle.crypto.params.ParametersWithRandom (took 0 ms, size +13%)
INFO: Instrumented org.bouncycastle.crypto.signers.slhdsa.Fors (took 2 ms, size +16%)
INFO: Instrumented org.bouncycastle.crypto.params.KeyParameter (took 1 ms, size +27%)
INFO: Instrumented org.bouncycastle.crypto.params.MGFParameters (took 0 ms, size +23%)
INFO: Instrumented org.bouncycastle.util.Bytes (took 2 ms, size +37%)
INFO: Instrumented org.bouncycastle.crypto.signers.slhdsa.IndexedDigest (took 0 ms, size +32%)
INFO: Instrumented org.bouncycastle.crypto.signers.slhdsa.SIG_FORS (took 0 ms, size +31%)
INFO: Instrumented org.bouncycastle.crypto.signers.slhdsa.SIG_XMSS (took 0 ms, size +31%)
INFO: Instrumented org.pqcfuzz.target.TargetKind (took 0 ms, size +12%)
INFO: Instrumented org.bouncycastle.crypto.signers.slhdsa.SIG (took 2 ms, size +25%)
INFO: using inputs from: <repo>/.cifuzz-corpus/org.pqcfuzz.fuzz.PqcDecodeFuzzTest/slhDsaVerify
INFO: using inputs from: <repo>/target/test-classes/org/pqcfuzz/fuzz/PqcDecodeFuzzTestInputs/slhDsaVerify
INFO: using inputs from: /var/folders/m8/hjsd0821793bcvxlpgdpt23r0000gn/T/jazzer-java-seeds12951769615205478916
INFO: found LLVMFuzzerCustomMutator (0x10d09f038). Disabling -len_control by default.
INFO: Running with entropic power schedule (0xFF, 100).
INFO: Seed: 2990698423
INFO: Loaded 3 modules   (2048 inline 8-bit counters): 512 [0x7a52988000, 0x7a52988200), 512 [0x7a52988200, 0x7a52988400), 1024 [0x7a52988400, 0x7a52988800), 
INFO: Loaded 3 PC tables (2048 PCs): 512 [0x102a39e30,0x102a3be30), 512 [0x7a576b4000,0x7a576b6000), 1024 [0x7a57e64000,0x7a57e68000), 
INFO:        0 files found in <repo>/.cifuzz-corpus/org.pqcfuzz.fuzz.PqcDecodeFuzzTest/slhDsaVerify
INFO:        4 files found in <repo>/target/test-classes/org/pqcfuzz/fuzz/PqcDecodeFuzzTestInputs/slhDsaVerify
INFO:        0 files found in /var/folders/m8/hjsd0821793bcvxlpgdpt23r0000gn/T/jazzer-java-seeds12951769615205478916
INFO: -max_len is not provided; libFuzzer will not generate inputs larger than 17152 bytes
INFO: seed corpus: files: 4 min: 17088b max: 17152b total: 68416b rss: 1169Mb
#5	INITED cov: 193 ft: 243 corp: 4/66Kb exec/s: 0 rss: 1169Mb
#11	NEW    cov: 193 ft: 274 corp: 5/83Kb lim: 17152 exec/s: 0 rss: 1169Mb L: 17088/17152 MS: 2 CrossOver-Custom-
#26	REDUCE cov: 193 ft: 274 corp: 5/78Kb lim: 17152 exec/s: 0 rss: 1169Mb L: 12103/17088 MS: 10 ChangeBinInt-Custom-ChangeASCIIInt-Custom-ChangeBinInt-Custom-CrossOver-Custom-EraseBytes-Custom-
#58	NEW    cov: 193 ft: 297 corp: 6/95Kb lim: 17152 exec/s: 0 rss: 1169Mb L: 17088/17088 MS: 4 ChangeASCIIInt-Custom-ChangeASCIIInt-Custom-
#64	NEW    cov: 193 ft: 301 corp: 7/111Kb lim: 17152 exec/s: 0 rss: 1169Mb L: 17088/17088 MS: 2 ChangeByte-Custom-
#65	NEW    cov: 193 ft: 303 corp: 8/128Kb lim: 17152 exec/s: 0 rss: 1169Mb L: 17088/17088 MS: 2 ChangeBit-Custom-
#86	NEW    cov: 193 ft: 305 corp: 9/145Kb lim: 17152 exec/s: 0 rss: 1170Mb L: 17088/17088 MS: 2 ChangeBit-Custom-
#95	NEW    cov: 193 ft: 313 corp: 10/162Kb lim: 17152 exec/s: 0 rss: 1170Mb L: 17088/17088 MS: 8 ChangeByte-Custom-ShuffleBytes-Custom-ShuffleBytes-Custom-ChangeBinInt-Custom-
#96	NEW    cov: 193 ft: 315 corp: 11/178Kb lim: 17152 exec/s: 0 rss: 1170Mb L: 17088/17088 MS: 2 CrossOver-Custom-
#98	REDUCE cov: 193 ft: 315 corp: 11/176Kb lim: 17152 exec/s: 0 rss: 1170Mb L: 9920/17088 MS: 4 InsertByte-Custom-EraseBytes-Custom-
#99	NEW    cov: 193 ft: 316 corp: 12/193Kb lim: 17152 exec/s: 0 rss: 1170Mb L: 17088/17088 MS: 2 ShuffleBytes-Custom-
#109	REDUCE cov: 193 ft: 316 corp: 12/191Kb lim: 17152 exec/s: 0 rss: 1170Mb L: 7777/17088 MS: 10 ChangeByte-Custom-ChangeBinInt-Custom-ChangeBinInt-Custom-InsertRepeatedBytes-Custom-EraseBytes-Custom-
#110	NEW    cov: 193 ft: 317 corp: 13/207Kb lim: 17152 exec/s: 0 rss: 1170Mb L: 17088/17088 MS: 2 ShuffleBytes-Custom-
#112	NEW    cov: 193 ft: 326 corp: 14/224Kb lim: 17152 exec/s: 0 rss: 1170Mb L: 17088/17088 MS: 4 ChangeBinInt-Custom-ChangeByte-Custom-
#123	NEW    cov: 193 ft: 347 corp: 15/241Kb lim: 17152 exec/s: 0 rss: 1170Mb L: 17088/17088 MS: 2 ChangeByte-Custom-
#154	NEW    cov: 193 ft: 353 corp: 16/257Kb lim: 17152 exec/s: 0 rss: 1170Mb L: 17088/17088 MS: 2 ShuffleBytes-Custom-
#205	NEW    cov: 193 ft: 355 corp: 17/274Kb lim: 17152 exec/s: 0 rss: 1170Mb L: 17088/17088 MS: 2 ChangeBit-Custom-
#220	NEW    cov: 193 ft: 357 corp: 18/291Kb lim: 17152 exec/s: 0 rss: 1170Mb L: 17088/17088 MS: 10 CopyPart-Custom-ShuffleBytes-Custom-ChangeASCIIInt-Custom-ChangeASCIIInt-Custom-ShuffleBytes-Custom-
#247	REDUCE cov: 193 ft: 357 corp: 18/289Kb lim: 17152 exec/s: 0 rss: 1170Mb L: 5604/17088 MS: 4 ChangeBinInt-Custom-EraseBytes-Custom-
#703	REDUCE cov: 193 ft: 357 corp: 18/286Kb lim: 17152 exec/s: 0 rss: 1172Mb L: 2897/17088 MS: 2 EraseBytes-Custom-
#852	REDUCE cov: 193 ft: 357 corp: 18/286Kb lim: 17152 exec/s: 852 rss: 1172Mb L: 2574/17088 MS: 10 CMP-Custom-ShuffleBytes-Custom-ChangeASCIIInt-Custom-CopyPart-Custom-EraseBytes-Custom- DE: "\001\000\000\000\000\000\000\000"-
#1260	REDUCE cov: 193 ft: 357 corp: 18/285Kb lim: 17152 exec/s: 1260 rss: 1173Mb L: 1710/17088 MS: 6 CMP-Custom-CopyPart-Custom-EraseBytes-Custom- DE: "\020\000"-
#1283	REDUCE cov: 193 ft: 357 corp: 18/284Kb lim: 17152 exec/s: 1283 rss: 1173Mb L: 881/17088 MS: 6 ShuffleBytes-Custom-ChangeBit-Custom-EraseBytes-Custom-
#1914	REDUCE cov: 193 ft: 357 corp: 18/284Kb lim: 17152 exec/s: 957 rss: 1179Mb L: 726/17088 MS: 6 InsertByte-Custom-CrossOver-Custom-EraseBytes-Custom-
#2021	NEW    cov: 193 ft: 360 corp: 19/301Kb lim: 17152 exec/s: 1010 rss: 1179Mb L: 17088/17088 MS: 4 ChangeBinInt-Custom-ChangeASCIIInt-Custom-
#2048	pulse  cov: 193 ft: 360 corp: 19/301Kb lim: 17152 exec/s: 1024 rss: 1179Mb
#2352	REDUCE cov: 193 ft: 360 corp: 19/301Kb lim: 17152 exec/s: 784 rss: 1180Mb L: 710/17088 MS: 8 ChangeASCIIInt-Custom-ChangeByte-Custom-CopyPart-Custom-EraseBytes-Custom-
#2439	REDUCE cov: 193 ft: 360 corp: 19/300Kb lim: 17152 exec/s: 813 rss: 1180Mb L: 434/17088 MS: 4 ChangeBinInt-Custom-EraseBytes-Custom-
#3081	REDUCE cov: 193 ft: 360 corp: 19/300Kb lim: 17152 exec/s: 770 rss: 1180Mb L: 421/17088 MS: 4 InsertByte-Custom-EraseBytes-Custom-
#3260	REDUCE cov: 193 ft: 360 corp: 19/300Kb lim: 17152 exec/s: 815 rss: 1180Mb L: 247/17088 MS: 2 EraseBytes-Custom-
#4096	pulse  cov: 193 ft: 360 corp: 19/300Kb lim: 17152 exec/s: 819 rss: 1181Mb
#4107	REDUCE cov: 193 ft: 360 corp: 19/300Kb lim: 17152 exec/s: 821 rss: 1181Mb L: 208/17088 MS: 4 ChangeASCIIInt-Custom-EraseBytes-Custom-
#4195	REDUCE cov: 193 ft: 360 corp: 19/300Kb lim: 17152 exec/s: 839 rss: 1181Mb L: 134/17088 MS: 6 CopyPart-Custom-ChangeBit-Custom-EraseBytes-Custom-
#4223	REDUCE cov: 193 ft: 360 corp: 19/300Kb lim: 17152 exec/s: 844 rss: 1181Mb L: 112/17088 MS: 6 PersAutoDict-Custom-CMP-Custom-EraseBytes-Custom- DE: "\001\000\000\000\000\000\000\000"-"\325\247n\360\354/\235J\266\001\324\212i\0372\014"-
#4441	REDUCE cov: 193 ft: 360 corp: 19/300Kb lim: 17152 exec/s: 888 rss: 1181Mb L: 65/17088 MS: 6 CMP-Custom-ChangeBinInt-Custom-EraseBytes-Custom- DE: "\001\000\000\000\000\000\000\000"-
#4504	REDUCE cov: 193 ft: 360 corp: 19/300Kb lim: 17152 exec/s: 900 rss: 1181Mb L: 58/17088 MS: 6 ShuffleBytes-Custom-ChangeBit-Custom-EraseBytes-Custom-
#4877	REDUCE cov: 193 ft: 360 corp: 19/300Kb lim: 17152 exec/s: 812 rss: 1181Mb L: 33/17088 MS: 4 ChangeByte-Custom-EraseBytes-Custom-
#5326	REDUCE cov: 193 ft: 360 corp: 19/300Kb lim: 17152 exec/s: 760 rss: 1181Mb L: 22/17088 MS: 8 InsertByte-Custom-CMP-Custom-ChangeBit-Custom-EraseBytes-Custom- DE: "\017\000"-
#6411	REDUCE cov: 193 ft: 360 corp: 19/300Kb lim: 17152 exec/s: 801 rss: 1181Mb L: 20/17088 MS: 4 ChangeBinInt-Custom-EraseBytes-Custom-
#6442	REDUCE cov: 193 ft: 360 corp: 19/300Kb lim: 17152 exec/s: 805 rss: 1181Mb L: 18/17088 MS: 2 EraseBytes-Custom-
#6978	REDUCE cov: 193 ft: 360 corp: 19/300Kb lim: 17152 exec/s: 775 rss: 1181Mb L: 14/17088 MS: 2 EraseBytes-Custom-
#7247	REDUCE cov: 193 ft: 360 corp: 19/300Kb lim: 17152 exec/s: 805 rss: 1181Mb L: 8/17088 MS: 2 EraseBytes-Custom-
#7599	REDUCE cov: 193 ft: 360 corp: 19/300Kb lim: 17152 exec/s: 844 rss: 1181Mb L: 5/17088 MS: 4 ChangeBit-Custom-EraseBytes-Custom-
#8047	REDUCE cov: 193 ft: 360 corp: 19/300Kb lim: 17152 exec/s: 804 rss: 1181Mb L: 3/17088 MS: 2 EraseBytes-Custom-
#8192	pulse  cov: 193 ft: 360 corp: 19/300Kb lim: 17152 exec/s: 819 rss: 1181Mb
#8323	REDUCE cov: 193 ft: 360 corp: 19/300Kb lim: 17152 exec/s: 832 rss: 1181Mb L: 2/17088 MS: 2 EraseBytes-Custom-
#9113	REDUCE cov: 193 ft: 360 corp: 19/300Kb lim: 17152 exec/s: 828 rss: 1181Mb L: 1/17088 MS: 6 PersAutoDict-Custom-InsertRepeatedBytes-Custom-CrossOver-Custom- DE: "\017\000"-
#10841	NEW    cov: 193 ft: 361 corp: 20/317Kb lim: 17152 exec/s: 774 rss: 1181Mb L: 17088/17088 MS: 4 ChangeBit-Custom-ChangeBinInt-Custom-
#16384	pulse  cov: 193 ft: 361 corp: 20/317Kb lim: 17152 exec/s: 780 rss: 1181Mb
#32768	pulse  cov: 193 ft: 361 corp: 20/317Kb lim: 17152 exec/s: 799 rss: 1181Mb
#65536	pulse  cov: 193 ft: 361 corp: 20/317Kb lim: 17152 exec/s: 771 rss: 1181Mb
#92011	DONE   cov: 193 ft: 361 corp: 20/317Kb lim: 17152 exec/s: 760 rss: 1181Mb
[INFO] Tests run: 6, Failures: 0, Errors: 0, Skipped: 0, Time elapsed: 123.6 s -- in org.pqcfuzz.fuzz.PqcDecodeFuzzTest
[INFO] Tests run: 6, Failures: 0, Errors: 0, Skipped: 0
