INFO: Loaded 287 hooks from com.code_intelligence.jazzer.runtime.TraceCmpHooks
INFO: Loaded 5 hooks from com.code_intelligence.jazzer.runtime.TraceDivHooks
INFO: Loaded 2 hooks from com.code_intelligence.jazzer.runtime.TraceIndirHooks
INFO: Loaded 4 hooks from com.code_intelligence.jazzer.runtime.NativeLibHooks
INFO: Loaded 2 hooks from com.code_intelligence.jazzer.sanitizers.ClojureLangHooks
INFO: Loaded 5 hooks from com.code_intelligence.jazzer.sanitizers.Deserialization
INFO: Loaded 5 hooks from com.code_intelligence.jazzer.sanitizers.ExpressionLanguageInjection
INFO: Loaded 70 hooks from com.code_intelligence.jazzer.sanitizers.LdapInjection
INFO: Loaded 46 hooks from com.code_intelligence.jazzer.sanitizers.NamingContextLookup
INFO: Loaded 1 hooks from com.code_intelligence.jazzer.sanitizers.OsCommandInjection
INFO: Loaded 48 hooks from com.code_intelligence.jazzer.sanitizers.ReflectiveCall
INFO: Loaded 8 hooks from com.code_intelligence.jazzer.sanitizers.RegexInjection
INFO: Loaded 16 hooks from com.code_intelligence.jazzer.sanitizers.RegexRoadblocks
INFO: Loaded 12 hooks from com.code_intelligence.jazzer.sanitizers.ScriptEngineInjection
INFO: Loaded 3 hooks from com.code_intelligence.jazzer.sanitizers.ServerSideRequestForgery
INFO: Loaded 19 hooks from com.code_intelligence.jazzer.sanitizers.SqlInjection
INFO: Loaded 6 hooks from com.code_intelligence.jazzer.sanitizers.XPathInjection
INFO: Instrumented org.pqcfuzz.classify.Classifier (took 95 ms, size +26%)
INFO: Instrumented org.pqcfuzz.target.FuzzTarget (took 0 ms, size +12%)
INFO: Instrumented org.pqcfuzz.classify.Outcome (took 2 ms, size +13%)
INFO: Instrumented org.pqcfuzz.fuzz.PqcDecodeFuzzTest (took 8 ms, size +12%)
INFO: Instrumented org.pqcfuzz.target.Targets (took 10 ms, size +19%)
INFO: Instrumented org.pqcfuzz.target.mlkem.MlKem768DecapTarget (took 3 ms, size +13%)
INFO: Instrumented org.pqcfuzz.target.mlkem.MlKem768PublicKeyParseTarget (took 2 ms, size +15%)
INFO: Instrumented org.pqcfuzz.target.mldsa.MlDsa65VerifyTarget (took 5 ms, size +11%)
INFO: Instrumented org.bouncycastle.crypto.CipherParameters (took 0 ms, size +0%)
INFO: Instrumented org.pqcfuzz.target.mldsa.MlDsa65PublicKeyParseTarget (took 3 ms, size +15%)
INFO: Instrumented org.pqcfuzz.target.slhdsa.SlhDsaVerifyTarget (took 3 ms, size +10%)
INFO: Instrumented org.pqcfuzz.target.slhdsa.SlhDsaPublicKeyParseTarget (took 2 ms, size +14%)
INFO: Instrumented org.pqcfuzz.target.mlkem.MlKem768ParseAndEncapsulateTarget (took 2 ms, size +11%)
INFO: Instrumented org.bouncycastle.crypto.params.AsymmetricKeyParameter (took 0 ms, size +32%)
INFO: Instrumented org.bouncycastle.crypto.params.MLKEMPublicKeyParameters (took 1 ms, size +22%)
INFO: Instrumented org.bouncycastle.crypto.params.MLKEMKeyParameters (took 0 ms, size +23%)
INFO: Instrumented org.pqcfuzz.util.DeterministicSecureRandom (took 1 ms, size +24%)
INFO: Instrumented org.pqcfuzz.target.mldsa.MlDsa65ParseAndVerifyTarget (took 3 ms, size +10%)
INFO: Instrumented org.pqcfuzz.target.slhdsa.SlhDsaParseAndVerifyTarget (took 1 ms, size +10%)
INFO: Instrumented org.pqcfuzz.target.jdk.JdkMlKem768DecapTarget (took 1 ms, size +12%)
INFO: Instrumented org.pqcfuzz.target.jdk.JdkMlKem768PublicKeyParseTarget (took 1 ms, size +11%)
INFO: Instrumented org.pqcfuzz.target.jdk.JdkMlDsa65VerifyTarget (took 1 ms, size +10%)
INFO: Instrumented org.pqcfuzz.target.jdk.JdkMlDsa65PublicKeyParseTarget (took 1 ms, size +12%)
INFO: Instrumented org.pqcfuzz.target.jdk.JdkMlKem768ParseAndEncapsulateTarget (took 1 ms, size +9%)
INFO: Instrumented org.pqcfuzz.target.jdk.JdkMlDsa65ParseAndVerifyTarget (took 1 ms, size +9%)
INFO: Instrumented org.pqcfuzz.target.slhdsa.SlhDsaKeys (took 1 ms, size +7%)
INFO: Instrumented org.bouncycastle.crypto.KeyGenerationParameters (took 1 ms, size +19%)
INFO: Instrumented org.bouncycastle.crypto.params.SLHDSAKeyGenerationParameters (took 0 ms, size +20%)
INFO: Instrumented org.bouncycastle.crypto.params.SLHDSAParameters (took 2 ms, size +7%)
INFO: Instrumented org.bouncycastle.crypto.params.SLHDSAParameters$SLHDSAEngineProvider (took 0 ms, size +0%)
INFO: Instrumented org.bouncycastle.crypto.params.SLHDSAParameters$Sha2EngineProvider (took 0 ms, size +12%)
INFO: Instrumented org.bouncycastle.crypto.signers.slhdsa.SLHDSAEngine (took 2 ms, size +10%)
INFO: Instrumented org.bouncycastle.crypto.signers.slhdsa.SLHDSAEngine$Sha2Engine (took 4 ms, size +9%)
INFO: Instrumented org.bouncycastle.crypto.params.SLHDSAParameters$Shake256EngineProvider (took 1 ms, size +12%)
INFO: Instrumented org.bouncycastle.crypto.signers.slhdsa.SLHDSAEngine$Shake256Engine (took 3 ms, size +12%)
INFO: Instrumented org.bouncycastle.crypto.generators.SLHDSAKeyPairGenerator (took 1 ms, size +8%)
INFO: Instrumented org.bouncycastle.crypto.AsymmetricCipherKeyPairGenerator (took 0 ms, size +0%)
INFO: New number of coverage counters: 1024
INFO: Instrumented org.bouncycastle.crypto.CryptoServicesRegistrar (took 4 ms, size +12%)
INFO: Instrumented org.bouncycastle.crypto.CryptoServicesPermission (took 1 ms, size +72%)
INFO: Instrumented org.bouncycastle.crypto.SecureRandomProvider (took 0 ms, size +0%)
INFO: Instrumented org.bouncycastle.crypto.CryptoServicesConstraints (took 0 ms, size +0%)
INFO: Instrumented org.bouncycastle.crypto.CryptoServicesRegistrar$ThreadLocalSecureRandomProvider (took 0 ms, size +13%)
INFO: Instrumented org.bouncycastle.crypto.CryptoServicesRegistrar$1 (took 0 ms, size +24%)
INFO: Instrumented org.bouncycastle.crypto.params.DSAParameters (took 1 ms, size +66%)
INFO: Instrumented org.bouncycastle.crypto.params.DSAValidationParameters (took 1 ms, size +38%)
INFO: Instrumented org.bouncycastle.util.encoders.Hex (took 2 ms, size +15%)
INFO: Instrumented org.bouncycastle.util.encoders.DecoderException (took 0 ms, size +27%)
INFO: Instrumented org.bouncycastle.util.encoders.EncoderException (took 0 ms, size +27%)
INFO: Instrumented org.bouncycastle.util.encoders.HexEncoder (took 3 ms, size +37%)
INFO: Instrumented org.bouncycastle.util.encoders.Encoder (took 0 ms, size +0%)
INFO: New number of coverage counters: 2048
INFO: Instrumented org.bouncycastle.util.Arrays (took 29 ms, size +34%)
INFO: Instrumented org.bouncycastle.crypto.CryptoServicesRegistrar$Property (took 2 ms, size +10%)
INFO: Instrumented org.bouncycastle.asn1.x9.X9ECParameters (took 3 ms, size +12%)
INFO: Instrumented org.bouncycastle.asn1.x9.X9ObjectIdentifiers (took 1 ms, size +3%)
INFO: Instrumented org.bouncycastle.asn1.ASN1Object (took 1 ms, size +30%)
INFO: Instrumented org.bouncycastle.asn1.ASN1Encodable (took 0 ms, size +0%)
INFO: Instrumented org.bouncycastle.util.Encodable (took 0 ms, size +0%)
INFO: Instrumented org.bouncycastle.crypto.params.DHParameters (took 3 ms, size +39%)
INFO: Instrumented org.bouncycastle.crypto.params.DHValidationParameters (took 1 ms, size +45%)
INFO: Instrumented org.bouncycastle.crypto.params.SLHDSAPrivateKeyParameters (took 1 ms, size +15%)
INFO: Instrumented org.bouncycastle.crypto.params.SLHDSAKeyParameters (took 0 ms, size +22%)
INFO: Instrumented org.bouncycastle.crypto.params.SLHDSAPublicKeyParameters (took 0 ms, size +25%)
INFO: Instrumented org.bouncycastle.crypto.DerivationParameters (took 0 ms, size +0%)
INFO: Instrumented org.bouncycastle.crypto.Digest (took 0 ms, size +0%)
INFO: Instrumented org.bouncycastle.crypto.digests.SHA256Digest (took 3 ms, size +9%)
INFO: Instrumented org.bouncycastle.crypto.SavableDigest (took 0 ms, size +0%)
INFO: Instrumented org.bouncycastle.crypto.ExtendedDigest (took 0 ms, size +0%)
INFO: Instrumented org.bouncycastle.crypto.digests.EncodableDigest (took 0 ms, size +0%)
INFO: Instrumented org.bouncycastle.crypto.EncodableService (took 0 ms, size +0%)
INFO: Instrumented org.bouncycastle.util.Memoable (took 0 ms, size +0%)
INFO: Instrumented org.bouncycastle.crypto.digests.GeneralDigest (took 1 ms, size +23%)
INFO: Instrumented org.bouncycastle.crypto.CryptoServicePurpose (took 0 ms, size +13%)
INFO: Instrumented org.bouncycastle.crypto.digests.Utils (took 0 ms, size +10%)
INFO: Instrumented org.bouncycastle.crypto.CryptoServiceProperties (took 0 ms, size +0%)
INFO: Instrumented org.bouncycastle.crypto.digests.Utils$DefaultPropertiesWithPRF (took 0 ms, size +12%)
INFO: Instrumented org.bouncycastle.crypto.macs.HMac (took 2 ms, size +21%)
INFO: Instrumented org.bouncycastle.crypto.Mac (took 0 ms, size +0%)
INFO: Instrumented org.bouncycastle.util.Integers (took 1 ms, size +30%)
INFO: Instrumented org.bouncycastle.crypto.generators.MGF1BytesGenerator (took 0 ms, size +26%)
INFO: Instrumented org.bouncycastle.crypto.DerivationFunction (took 0 ms, size +0%)
INFO: Instrumented org.bouncycastle.crypto.OutputLengthException (took 0 ms, size +46%)
INFO: Instrumented org.bouncycastle.crypto.DataLengthException (took 0 ms, size +39%)
INFO: Instrumented org.bouncycastle.crypto.RuntimeCryptoException (took 0 ms, size +42%)
INFO: Instrumented org.bouncycastle.util.Pack (took 5 ms, size +24%)
INFO: Instrumented org.bouncycastle.crypto.signers.slhdsa.HT (took 1 ms, size +15%)
INFO: Instrumented org.bouncycastle.crypto.signers.slhdsa.WotsPlus (took 0 ms, size +21%)
INFO: Instrumented org.bouncycastle.crypto.signers.slhdsa.ADRS (took 1 ms, size +9%)
INFO: Instrumented org.bouncycastle.crypto.signers.slhdsa.NodeEntry (took 0 ms, size +37%)
INFO: Instrumented org.bouncycastle.crypto.AsymmetricCipherKeyPair (took 1 ms, size +13%)
INFO: Instrumented org.bouncycastle.crypto.params.SLHDSAPrivateKeyParameters$SK (took 0 ms, size +27%)
INFO: Instrumented org.bouncycastle.crypto.params.SLHDSAPrivateKeyParameters$PK (took 0 ms, size +27%)
INFO: Instrumented org.bouncycastle.crypto.signers.SLHDSASigner (took 1 ms, size +14%)
INFO: Instrumented org.bouncycastle.pqc.crypto.MessageSigner (took 0 ms, size +0%)
INFO: Instrumented org.bouncycastle.crypto.params.ParametersWithContext (took 0 ms, size +23%)
INFO: Instrumented org.bouncycastle.crypto.params.ParametersWithRandom (took 0 ms, size +13%)
INFO: Instrumented org.bouncycastle.crypto.signers.slhdsa.Fors (took 1 ms, size +16%)
INFO: Instrumented org.bouncycastle.crypto.params.KeyParameter (took 0 ms, size +27%)
INFO: Instrumented org.bouncycastle.crypto.params.MGFParameters (took 0 ms, size +23%)
INFO: Instrumented org.bouncycastle.util.Bytes (took 1 ms, size +37%)
INFO: Instrumented org.bouncycastle.crypto.signers.slhdsa.IndexedDigest (took 0 ms, size +32%)
INFO: Instrumented org.bouncycastle.crypto.signers.slhdsa.SIG_FORS (took 0 ms, size +31%)
INFO: Instrumented org.bouncycastle.crypto.signers.slhdsa.SIG_XMSS (took 0 ms, size +31%)
INFO: Instrumented org.pqcfuzz.target.TargetKind (took 0 ms, size +12%)
INFO: Instrumented org.bouncycastle.crypto.signers.slhdsa.SIG (took 0 ms, size +25%)
INFO: using inputs from: <repo>/.cifuzz-corpus/org.pqcfuzz.fuzz.PqcDecodeFuzzTest/slhDsaVerify
INFO: using inputs from: <repo>/target/test-classes/org/pqcfuzz/fuzz/PqcDecodeFuzzTestInputs/slhDsaVerify
INFO: using inputs from: /var/folders/m8/hjsd0821793bcvxlpgdpt23r0000gn/T/jazzer-java-seeds17914388011814961644
INFO: found LLVMFuzzerCustomMutator (0x12a207038). Disabling -len_control by default.
INFO: Running with entropic power schedule (0xFF, 100).
INFO: Seed: 4113139635
INFO: Loaded 3 modules   (2048 inline 8-bit counters): 512 [0x77e6e70000, 0x77e6e70200), 512 [0x77e6e70200, 0x77e6e70400), 1024 [0x77e6e70400, 0x77e6e70800), 
INFO: Loaded 3 PC tables (2048 PCs): 512 [0x1011da4a0,0x1011dc4a0), 512 [0x77eb3d0000,0x77eb3d2000), 1024 [0x77eb800000,0x77eb804000), 
INFO:        0 files found in <repo>/.cifuzz-corpus/org.pqcfuzz.fuzz.PqcDecodeFuzzTest/slhDsaVerify
INFO:        4 files found in <repo>/target/test-classes/org/pqcfuzz/fuzz/PqcDecodeFuzzTestInputs/slhDsaVerify
INFO:        0 files found in /var/folders/m8/hjsd0821793bcvxlpgdpt23r0000gn/T/jazzer-java-seeds17914388011814961644
INFO: -max_len is not provided; libFuzzer will not generate inputs larger than 17152 bytes
INFO: seed corpus: files: 4 min: 17088b max: 17152b total: 68416b rss: 1270Mb
#5	INITED cov: 193 ft: 243 corp: 3/50Kb exec/s: 0 rss: 1270Mb
#6	REDUCE cov: 193 ft: 243 corp: 3/46Kb lim: 17152 exec/s: 0 rss: 1270Mb L: 12936/17088 MS: 2 EraseBytes-Custom-
#7	NEW    cov: 193 ft: 271 corp: 4/62Kb lim: 17152 exec/s: 0 rss: 1270Mb L: 17088/17088 MS: 2 ShuffleBytes-Custom-
#8	NEW    cov: 193 ft: 276 corp: 5/79Kb lim: 17152 exec/s: 0 rss: 1270Mb L: 17088/17088 MS: 2 ChangeASCIIInt-Custom-
#10	NEW    cov: 193 ft: 281 corp: 6/96Kb lim: 17152 exec/s: 0 rss: 1270Mb L: 17088/17088 MS: 4 ShuffleBytes-Custom-ShuffleBytes-Custom-
#12	REDUCE cov: 193 ft: 281 corp: 6/93Kb lim: 17152 exec/s: 0 rss: 1270Mb L: 10394/17088 MS: 4 ChangeASCIIInt-Custom-EraseBytes-Custom-
#24	NEW    cov: 193 ft: 290 corp: 7/110Kb lim: 17152 exec/s: 0 rss: 1271Mb L: 17088/17088 MS: 4 ChangeByte-Custom-CopyPart-Custom-
#35	NEW    cov: 193 ft: 291 corp: 8/126Kb lim: 17152 exec/s: 0 rss: 1271Mb L: 17088/17088 MS: 2 ChangeBinInt-Custom-
#66	NEW    cov: 193 ft: 298 corp: 9/143Kb lim: 17152 exec/s: 0 rss: 1271Mb L: 17088/17088 MS: 2 ChangeByte-Custom-
#83	NEW    cov: 193 ft: 322 corp: 10/160Kb lim: 17152 exec/s: 0 rss: 1271Mb L: 17088/17088 MS: 4 ShuffleBytes-Custom-ShuffleBytes-Custom-
#84	NEW    cov: 193 ft: 325 corp: 11/177Kb lim: 17152 exec/s: 0 rss: 1271Mb L: 17088/17088 MS: 2 ShuffleBytes-Custom-
#96	REDUCE cov: 193 ft: 325 corp: 11/171Kb lim: 17152 exec/s: 0 rss: 1271Mb L: 4432/17088 MS: 4 ChangeByte-Custom-CrossOver-Custom-
#97	NEW    cov: 193 ft: 327 corp: 12/187Kb lim: 17152 exec/s: 0 rss: 1271Mb L: 17088/17088 MS: 2 ChangeASCIIInt-Custom-
#125	NEW    cov: 193 ft: 331 corp: 13/204Kb lim: 17152 exec/s: 0 rss: 1271Mb L: 17088/17088 MS: 6 ShuffleBytes-Custom-ChangeBit-Custom-ChangeBit-Custom-
#161	NEW    cov: 193 ft: 333 corp: 14/221Kb lim: 17152 exec/s: 0 rss: 1271Mb L: 17088/17088 MS: 2 ChangeASCIIInt-Custom-
#170	NEW    cov: 193 ft: 335 corp: 15/237Kb lim: 17152 exec/s: 0 rss: 1271Mb L: 17088/17088 MS: 8 CMP-Custom-ChangeBit-Custom-ChangeBit-Custom-ChangeBit-Custom- DE: "D]\252\371\213\353'\223\202\277\257\007\352\201\350\273"-
#181	NEW    cov: 193 ft: 336 corp: 16/254Kb lim: 17152 exec/s: 0 rss: 1271Mb L: 17088/17088 MS: 2 ShuffleBytes-Custom-
#219	REDUCE cov: 193 ft: 336 corp: 16/254Kb lim: 17152 exec/s: 0 rss: 1271Mb L: 3875/17088 MS: 6 ChangeBinInt-Custom-ChangeBit-Custom-EraseBytes-Custom-
#375	NEW    cov: 193 ft: 357 corp: 17/270Kb lim: 17152 exec/s: 0 rss: 1271Mb L: 17088/17088 MS: 2 ChangeByte-Custom-
#585	REDUCE cov: 193 ft: 357 corp: 17/269Kb lim: 17152 exec/s: 0 rss: 1271Mb L: 2092/17088 MS: 10 InsertRepeatedBytes-Custom-ChangeByte-Custom-ChangeBit-Custom-InsertRepeatedBytes-Custom-EraseBytes-Custom-
#677	REDUCE cov: 193 ft: 357 corp: 17/268Kb lim: 17152 exec/s: 677 rss: 1271Mb L: 1662/17088 MS: 4 InsertRepeatedBytes-Custom-EraseBytes-Custom-
#1750	REDUCE cov: 193 ft: 357 corp: 17/268Kb lim: 17152 exec/s: 875 rss: 1277Mb L: 1207/17088 MS: 6 ChangeByte-Custom-InsertRepeatedBytes-Custom-EraseBytes-Custom-
#1990	REDUCE cov: 193 ft: 357 corp: 17/267Kb lim: 17152 exec/s: 995 rss: 1277Mb L: 845/17088 MS: 10 InsertRepeatedBytes-Custom-CopyPart-Custom-ChangeByte-Custom-ChangeBit-Custom-EraseBytes-Custom-
#2048	pulse  cov: 193 ft: 357 corp: 17/267Kb lim: 17152 exec/s: 1024 rss: 1279Mb
#2228	REDUCE cov: 193 ft: 357 corp: 17/267Kb lim: 17152 exec/s: 1114 rss: 1279Mb L: 439/17088 MS: 6 ChangeByte-Custom-InsertByte-Custom-EraseBytes-Custom-
#2310	NEW    cov: 193 ft: 360 corp: 18/284Kb lim: 17152 exec/s: 770 rss: 1280Mb L: 17088/17088 MS: 4 ChangeASCIIInt-Custom-ChangeASCIIInt-Custom-
#2437	REDUCE cov: 193 ft: 360 corp: 18/284Kb lim: 17152 exec/s: 812 rss: 1280Mb L: 399/17088 MS: 4 ChangeBit-Custom-EraseBytes-Custom-
#2751	REDUCE cov: 193 ft: 360 corp: 18/283Kb lim: 17152 exec/s: 917 rss: 1281Mb L: 280/17088 MS: 8 CopyPart-Custom-ChangeBit-Custom-ChangeASCIIInt-Custom-EraseBytes-Custom-
#2971	REDUCE cov: 193 ft: 360 corp: 18/283Kb lim: 17152 exec/s: 990 rss: 1282Mb L: 219/17088 MS: 10 ChangeBit-Custom-CopyPart-Custom-PersAutoDict-Custom-ChangeASCIIInt-Custom-EraseBytes-Custom- DE: "D]\252\371\213\353'\223\202\277\257\007\352\201\350\273"-
#3132	REDUCE cov: 193 ft: 360 corp: 18/283Kb lim: 17152 exec/s: 783 rss: 1282Mb L: 191/17088 MS: 2 EraseBytes-Custom-
#3433	REDUCE cov: 193 ft: 360 corp: 18/283Kb lim: 17152 exec/s: 858 rss: 1282Mb L: 110/17088 MS: 2 EraseBytes-Custom-
#3839	REDUCE cov: 193 ft: 360 corp: 18/283Kb lim: 17152 exec/s: 767 rss: 1282Mb L: 70/17088 MS: 2 EraseBytes-Custom-
#4096	pulse  cov: 193 ft: 360 corp: 18/283Kb lim: 17152 exec/s: 819 rss: 1282Mb
#5366	REDUCE cov: 193 ft: 360 corp: 18/283Kb lim: 17152 exec/s: 766 rss: 1282Mb L: 41/17088 MS: 4 ShuffleBytes-Custom-EraseBytes-Custom-
#5865	REDUCE cov: 193 ft: 360 corp: 18/283Kb lim: 17152 exec/s: 733 rss: 1282Mb L: 33/17088 MS: 2 EraseBytes-Custom-
#7048	REDUCE cov: 193 ft: 360 corp: 18/283Kb lim: 17152 exec/s: 783 rss: 1282Mb L: 23/17088 MS: 4 CrossOver-Custom-EraseBytes-Custom-
#7084	REDUCE cov: 193 ft: 360 corp: 18/283Kb lim: 17152 exec/s: 787 rss: 1282Mb L: 15/17088 MS: 2 EraseBytes-Custom-
#7146	REDUCE cov: 193 ft: 360 corp: 18/283Kb lim: 17152 exec/s: 794 rss: 1282Mb L: 13/17088 MS: 4 CopyPart-Custom-EraseBytes-Custom-
#7936	NEW    cov: 193 ft: 361 corp: 19/300Kb lim: 17152 exec/s: 793 rss: 1282Mb L: 17088/17088 MS: 4 CopyPart-Custom-PersAutoDict-Custom- DE: "D]\252\371\213\353'\223\202\277\257\007\352\201\350\273"-
#8192	pulse  cov: 193 ft: 361 corp: 19/300Kb lim: 17152 exec/s: 819 rss: 1282Mb
#8700	REDUCE cov: 193 ft: 361 corp: 19/300Kb lim: 17152 exec/s: 790 rss: 1282Mb L: 12/17088 MS: 4 ChangeBit-Custom-EraseBytes-Custom-
#8903	REDUCE cov: 193 ft: 361 corp: 19/300Kb lim: 17152 exec/s: 741 rss: 1282Mb L: 9/17088 MS: 6 ChangeBit-Custom-ChangeByte-Custom-EraseBytes-Custom-
#8930	REDUCE cov: 193 ft: 361 corp: 19/300Kb lim: 17152 exec/s: 744 rss: 1282Mb L: 7/17088 MS: 4 ChangeASCIIInt-Custom-EraseBytes-Custom-
#9539	REDUCE cov: 193 ft: 361 corp: 19/300Kb lim: 17152 exec/s: 794 rss: 1282Mb L: 6/17088 MS: 4 ShuffleBytes-Custom-EraseBytes-Custom-
#9968	REDUCE cov: 193 ft: 361 corp: 19/300Kb lim: 17152 exec/s: 766 rss: 1282Mb L: 5/17088 MS: 2 EraseBytes-Custom-
#10405	REDUCE cov: 193 ft: 361 corp: 19/300Kb lim: 17152 exec/s: 743 rss: 1282Mb L: 3/17088 MS: 4 CopyPart-Custom-EraseBytes-Custom-
#10708	REDUCE cov: 193 ft: 361 corp: 19/300Kb lim: 17152 exec/s: 764 rss: 1282Mb L: 2/17088 MS: 2 EraseBytes-Custom-
#11135	REDUCE cov: 193 ft: 361 corp: 19/300Kb lim: 17152 exec/s: 742 rss: 1282Mb L: 1/17088 MS: 4 ChangeBit-Custom-EraseBytes-Custom-
#16384	pulse  cov: 193 ft: 361 corp: 19/300Kb lim: 17152 exec/s: 780 rss: 1282Mb
#32768	pulse  cov: 193 ft: 361 corp: 19/300Kb lim: 17152 exec/s: 762 rss: 1283Mb
#65536	pulse  cov: 193 ft: 361 corp: 19/300Kb lim: 17152 exec/s: 771 rss: 1283Mb
#92858	DONE   cov: 193 ft: 361 corp: 19/300Kb lim: 17152 exec/s: 767 rss: 1283Mb
[INFO] Tests run: 6, Failures: 0, Errors: 0, Skipped: 0, Time elapsed: 123.6 s -- in org.pqcfuzz.fuzz.PqcDecodeFuzzTest
[INFO] Tests run: 6, Failures: 0, Errors: 0, Skipped: 0
