INFO: Loaded 287 hooks from com.code_intelligence.jazzer.runtime.TraceCmpHooks
INFO: Loaded 5 hooks from com.code_intelligence.jazzer.runtime.TraceDivHooks
INFO: Loaded 2 hooks from com.code_intelligence.jazzer.runtime.TraceIndirHooks
INFO: Loaded 4 hooks from com.code_intelligence.jazzer.runtime.NativeLibHooks
INFO: Loaded 2 hooks from com.code_intelligence.jazzer.sanitizers.ClojureLangHooks
INFO: Loaded 5 hooks from com.code_intelligence.jazzer.sanitizers.Deserialization
INFO: Loaded 5 hooks from com.code_intelligence.jazzer.sanitizers.ExpressionLanguageInjection
INFO: Loaded 70 hooks from com.code_intelligence.jazzer.sanitizers.LdapInjection
INFO: Loaded 46 hooks from com.code_intelligence.jazzer.sanitizers.NamingContextLookup
INFO: Loaded 1 hooks from com.code_intelligence.jazzer.sanitizers.OsCommandInjection
INFO: Loaded 48 hooks from com.code_intelligence.jazzer.sanitizers.ReflectiveCall
INFO: Loaded 8 hooks from com.code_intelligence.jazzer.sanitizers.RegexInjection
INFO: Loaded 16 hooks from com.code_intelligence.jazzer.sanitizers.RegexRoadblocks
INFO: Loaded 12 hooks from com.code_intelligence.jazzer.sanitizers.ScriptEngineInjection
INFO: Loaded 3 hooks from com.code_intelligence.jazzer.sanitizers.ServerSideRequestForgery
INFO: Loaded 19 hooks from com.code_intelligence.jazzer.sanitizers.SqlInjection
INFO: Loaded 6 hooks from com.code_intelligence.jazzer.sanitizers.XPathInjection
INFO: Instrumented org.pqcfuzz.classify.Classifier (took 90 ms, size +26%)
INFO: Instrumented org.pqcfuzz.target.FuzzTarget (took 1 ms, size +12%)
INFO: Instrumented org.pqcfuzz.classify.Outcome (took 5 ms, size +13%)
INFO: Instrumented org.pqcfuzz.fuzz.PqcDecodeFuzzTest (took 12 ms, size +12%)
INFO: Instrumented org.pqcfuzz.target.Targets (took 8 ms, size +19%)
INFO: Instrumented org.pqcfuzz.target.mlkem.MlKem768DecapTarget (took 2 ms, size +13%)
INFO: Instrumented org.pqcfuzz.target.mlkem.MlKem768PublicKeyParseTarget (took 3 ms, size +15%)
INFO: Instrumented org.pqcfuzz.target.mldsa.MlDsa65VerifyTarget (took 2 ms, size +11%)
INFO: Instrumented org.bouncycastle.crypto.CipherParameters (took 0 ms, size +0%)
INFO: Instrumented org.pqcfuzz.target.mldsa.MlDsa65PublicKeyParseTarget (took 2 ms, size +15%)
INFO: Instrumented org.pqcfuzz.target.slhdsa.SlhDsaVerifyTarget (took 2 ms, size +10%)
INFO: Instrumented org.pqcfuzz.target.slhdsa.SlhDsaPublicKeyParseTarget (took 1 ms, size +14%)
INFO: Instrumented org.pqcfuzz.target.mlkem.MlKem768ParseAndEncapsulateTarget (took 2 ms, size +11%)
INFO: Instrumented org.bouncycastle.crypto.params.AsymmetricKeyParameter (took 0 ms, size +32%)
INFO: Instrumented org.bouncycastle.crypto.params.MLKEMPublicKeyParameters (took 1 ms, size +22%)
INFO: Instrumented org.bouncycastle.crypto.params.MLKEMKeyParameters (took 0 ms, size +23%)
INFO: Instrumented org.pqcfuzz.util.DeterministicSecureRandom (took 1 ms, size +24%)
INFO: Instrumented org.pqcfuzz.target.mldsa.MlDsa65ParseAndVerifyTarget (took 2 ms, size +10%)
INFO: Instrumented org.pqcfuzz.target.slhdsa.SlhDsaParseAndVerifyTarget (took 3 ms, size +10%)
INFO: Instrumented org.pqcfuzz.target.jdk.JdkMlKem768DecapTarget (took 3 ms, size +12%)
INFO: Instrumented org.pqcfuzz.target.jdk.JdkMlKem768PublicKeyParseTarget (took 1 ms, size +11%)
INFO: Instrumented org.pqcfuzz.target.jdk.JdkMlDsa65VerifyTarget (took 1 ms, size +10%)
INFO: Instrumented org.pqcfuzz.target.jdk.JdkMlDsa65PublicKeyParseTarget (took 1 ms, size +12%)
INFO: Instrumented org.pqcfuzz.target.jdk.JdkMlKem768ParseAndEncapsulateTarget (took 1 ms, size +9%)
INFO: Instrumented org.pqcfuzz.target.jdk.JdkMlDsa65ParseAndVerifyTarget (took 1 ms, size +9%)
INFO: Instrumented org.pqcfuzz.target.slhdsa.SlhDsaKeys (took 1 ms, size +7%)
INFO: Instrumented org.bouncycastle.crypto.KeyGenerationParameters (took 0 ms, size +19%)
INFO: Instrumented org.bouncycastle.crypto.params.SLHDSAKeyGenerationParameters (took 0 ms, size +20%)
INFO: Instrumented org.bouncycastle.crypto.params.SLHDSAParameters (took 1 ms, size +7%)
INFO: Instrumented org.bouncycastle.crypto.params.SLHDSAParameters$SLHDSAEngineProvider (took 0 ms, size +0%)
INFO: Instrumented org.bouncycastle.crypto.params.SLHDSAParameters$Sha2EngineProvider (took 0 ms, size +12%)
INFO: Instrumented org.bouncycastle.crypto.signers.slhdsa.SLHDSAEngine (took 1 ms, size +10%)
INFO: Instrumented org.bouncycastle.crypto.signers.slhdsa.SLHDSAEngine$Sha2Engine (took 2 ms, size +9%)
INFO: Instrumented org.bouncycastle.crypto.params.SLHDSAParameters$Shake256EngineProvider (took 1 ms, size +12%)
INFO: Instrumented org.bouncycastle.crypto.signers.slhdsa.SLHDSAEngine$Shake256Engine (took 1 ms, size +12%)
INFO: Instrumented org.bouncycastle.crypto.generators.SLHDSAKeyPairGenerator (took 2 ms, size +8%)
INFO: Instrumented org.bouncycastle.crypto.AsymmetricCipherKeyPairGenerator (took 0 ms, size +0%)
INFO: New number of coverage counters: 1024
INFO: Instrumented org.bouncycastle.crypto.CryptoServicesRegistrar (took 5 ms, size +12%)
INFO: Instrumented org.bouncycastle.crypto.CryptoServicesPermission (took 1 ms, size +72%)
INFO: Instrumented org.bouncycastle.crypto.SecureRandomProvider (took 0 ms, size +0%)
INFO: Instrumented org.bouncycastle.crypto.CryptoServicesConstraints (took 0 ms, size +0%)
INFO: Instrumented org.bouncycastle.crypto.CryptoServicesRegistrar$ThreadLocalSecureRandomProvider (took 1 ms, size +13%)
INFO: Instrumented org.bouncycastle.crypto.CryptoServicesRegistrar$1 (took 0 ms, size +24%)
INFO: Instrumented org.bouncycastle.crypto.params.DSAParameters (took 1 ms, size +66%)
INFO: Instrumented org.bouncycastle.crypto.params.DSAValidationParameters (took 0 ms, size +38%)
INFO: Instrumented org.bouncycastle.util.encoders.Hex (took 2 ms, size +15%)
INFO: Instrumented org.bouncycastle.util.encoders.DecoderException (took 0 ms, size +27%)
INFO: Instrumented org.bouncycastle.util.encoders.EncoderException (took 0 ms, size +27%)
INFO: Instrumented org.bouncycastle.util.encoders.HexEncoder (took 2 ms, size +37%)
INFO: Instrumented org.bouncycastle.util.encoders.Encoder (took 0 ms, size +0%)
INFO: New number of coverage counters: 2048
INFO: Instrumented org.bouncycastle.util.Arrays (took 19 ms, size +34%)
INFO: Instrumented org.bouncycastle.crypto.CryptoServicesRegistrar$Property (took 1 ms, size +10%)
INFO: Instrumented org.bouncycastle.asn1.x9.X9ECParameters (took 3 ms, size +12%)
INFO: Instrumented org.bouncycastle.asn1.x9.X9ObjectIdentifiers (took 0 ms, size +3%)
INFO: Instrumented org.bouncycastle.asn1.ASN1Object (took 1 ms, size +30%)
INFO: Instrumented org.bouncycastle.asn1.ASN1Encodable (took 0 ms, size +0%)
INFO: Instrumented org.bouncycastle.util.Encodable (took 0 ms, size +0%)
INFO: Instrumented org.bouncycastle.crypto.params.DHParameters (took 2 ms, size +39%)
INFO: Instrumented org.bouncycastle.crypto.params.DHValidationParameters (took 0 ms, size +45%)
INFO: Instrumented org.bouncycastle.crypto.params.SLHDSAPrivateKeyParameters (took 1 ms, size +15%)
INFO: Instrumented org.bouncycastle.crypto.params.SLHDSAKeyParameters (took 0 ms, size +22%)
INFO: Instrumented org.bouncycastle.crypto.params.SLHDSAPublicKeyParameters (took 0 ms, size +25%)
INFO: Instrumented org.bouncycastle.crypto.DerivationParameters (took 0 ms, size +0%)
INFO: Instrumented org.bouncycastle.crypto.Digest (took 0 ms, size +0%)
INFO: Instrumented org.bouncycastle.crypto.digests.SHA256Digest (took 3 ms, size +9%)
INFO: Instrumented org.bouncycastle.crypto.SavableDigest (took 0 ms, size +0%)
INFO: Instrumented org.bouncycastle.crypto.ExtendedDigest (took 0 ms, size +0%)
INFO: Instrumented org.bouncycastle.crypto.digests.EncodableDigest (took 0 ms, size +0%)
INFO: Instrumented org.bouncycastle.crypto.EncodableService (took 0 ms, size +0%)
INFO: Instrumented org.bouncycastle.util.Memoable (took 0 ms, size +0%)
INFO: Instrumented org.bouncycastle.crypto.digests.GeneralDigest (took 3 ms, size +23%)
INFO: Instrumented org.bouncycastle.crypto.CryptoServicePurpose (took 2 ms, size +13%)
INFO: Instrumented org.bouncycastle.crypto.digests.Utils (took 0 ms, size +10%)
INFO: Instrumented org.bouncycastle.crypto.CryptoServiceProperties (took 0 ms, size +0%)
INFO: Instrumented org.bouncycastle.crypto.digests.Utils$DefaultPropertiesWithPRF (took 0 ms, size +12%)
INFO: Instrumented org.bouncycastle.crypto.macs.HMac (took 1 ms, size +21%)
INFO: Instrumented org.bouncycastle.crypto.Mac (took 0 ms, size +0%)
INFO: Instrumented org.bouncycastle.util.Integers (took 1 ms, size +30%)
INFO: Instrumented org.bouncycastle.crypto.generators.MGF1BytesGenerator (took 0 ms, size +26%)
INFO: Instrumented org.bouncycastle.crypto.DerivationFunction (took 0 ms, size +0%)
INFO: Instrumented org.bouncycastle.crypto.OutputLengthException (took 0 ms, size +46%)
INFO: Instrumented org.bouncycastle.crypto.DataLengthException (took 0 ms, size +39%)
INFO: Instrumented org.bouncycastle.crypto.RuntimeCryptoException (took 0 ms, size +42%)
INFO: Instrumented org.bouncycastle.util.Pack (took 6 ms, size +24%)
INFO: Instrumented org.bouncycastle.crypto.signers.slhdsa.HT (took 2 ms, size +15%)
INFO: Instrumented org.bouncycastle.crypto.signers.slhdsa.WotsPlus (took 1 ms, size +21%)
INFO: Instrumented org.bouncycastle.crypto.signers.slhdsa.ADRS (took 0 ms, size +9%)
INFO: Instrumented org.bouncycastle.crypto.signers.slhdsa.NodeEntry (took 0 ms, size +37%)
INFO: Instrumented org.bouncycastle.crypto.AsymmetricCipherKeyPair (took 1 ms, size +13%)
INFO: Instrumented org.bouncycastle.crypto.params.SLHDSAPrivateKeyParameters$SK (took 0 ms, size +27%)
INFO: Instrumented org.bouncycastle.crypto.params.SLHDSAPrivateKeyParameters$PK (took 1 ms, size +27%)
INFO: Instrumented org.bouncycastle.crypto.signers.SLHDSASigner (took 2 ms, size +14%)
INFO: Instrumented org.bouncycastle.pqc.crypto.MessageSigner (took 0 ms, size +0%)
INFO: Instrumented org.bouncycastle.crypto.params.ParametersWithContext (took 1 ms, size +23%)
INFO: Instrumented org.bouncycastle.crypto.params.ParametersWithRandom (took 0 ms, size +13%)
INFO: Instrumented org.bouncycastle.crypto.signers.slhdsa.Fors (took 2 ms, size +16%)
INFO: Instrumented org.bouncycastle.crypto.params.KeyParameter (took 0 ms, size +27%)
INFO: Instrumented org.bouncycastle.crypto.params.MGFParameters (took 0 ms, size +23%)
INFO: Instrumented org.bouncycastle.util.Bytes (took 1 ms, size +37%)
INFO: Instrumented org.bouncycastle.crypto.signers.slhdsa.IndexedDigest (took 0 ms, size +32%)
INFO: Instrumented org.bouncycastle.crypto.signers.slhdsa.SIG_FORS (took 0 ms, size +31%)
INFO: Instrumented org.bouncycastle.crypto.signers.slhdsa.SIG_XMSS (took 1 ms, size +31%)
INFO: Instrumented org.pqcfuzz.target.TargetKind (took 0 ms, size +12%)
INFO: Instrumented org.bouncycastle.crypto.signers.slhdsa.SIG (took 0 ms, size +25%)
INFO: using inputs from: <repo>/.cifuzz-corpus/org.pqcfuzz.fuzz.PqcDecodeFuzzTest/slhDsaVerify
INFO: using inputs from: <repo>/target/test-classes/org/pqcfuzz/fuzz/PqcDecodeFuzzTestInputs/slhDsaVerify
INFO: using inputs from: /var/folders/m8/hjsd0821793bcvxlpgdpt23r0000gn/T/jazzer-java-seeds1437518967909100755
INFO: found LLVMFuzzerCustomMutator (0x1074ff038). Disabling -len_control by default.
INFO: Running with entropic power schedule (0xFF, 100).
INFO: Seed: 1868165249
INFO: Loaded 3 modules   (2048 inline 8-bit counters): 512 [0x7a252bc000, 0x7a252bc200), 512 [0x7a252bc200, 0x7a252bc400), 1024 [0x7a252bc400, 0x7a252bc800), 
INFO: Loaded 3 PC tables (2048 PCs): 512 [0x102e68d80,0x102e6ad80), 512 [0x7a29ce4000,0x7a29ce6000), 1024 [0x7a299f0000,0x7a299f4000), 
INFO:        0 files found in <repo>/.cifuzz-corpus/org.pqcfuzz.fuzz.PqcDecodeFuzzTest/slhDsaVerify
INFO:        4 files found in <repo>/target/test-classes/org/pqcfuzz/fuzz/PqcDecodeFuzzTestInputs/slhDsaVerify
INFO:        0 files found in /var/folders/m8/hjsd0821793bcvxlpgdpt23r0000gn/T/jazzer-java-seeds1437518967909100755
INFO: -max_len is not provided; libFuzzer will not generate inputs larger than 17152 bytes
INFO: seed corpus: files: 4 min: 17088b max: 17152b total: 68416b rss: 1084Mb
#5	INITED cov: 193 ft: 243 corp: 3/50Kb exec/s: 0 rss: 1084Mb
#7	REDUCE cov: 193 ft: 243 corp: 3/41Kb lim: 17152 exec/s: 0 rss: 1084Mb L: 8746/17088 MS: 4 ShuffleBytes-Custom-CrossOver-Custom-
#13	NEW    cov: 193 ft: 264 corp: 4/58Kb lim: 17152 exec/s: 0 rss: 1084Mb L: 17088/17088 MS: 2 ChangeBit-Custom-
#16	REDUCE cov: 193 ft: 264 corp: 4/55Kb lim: 17152 exec/s: 0 rss: 1084Mb L: 5162/17088 MS: 6 ChangeBit-Custom-InsertRepeatedBytes-Custom-EraseBytes-Custom-
#18	NEW    cov: 193 ft: 268 corp: 5/71Kb lim: 17152 exec/s: 0 rss: 1085Mb L: 17088/17088 MS: 4 ShuffleBytes-Custom-ShuffleBytes-Custom-
#24	NEW    cov: 193 ft: 294 corp: 6/88Kb lim: 17152 exec/s: 0 rss: 1085Mb L: 17088/17088 MS: 2 ChangeBinInt-Custom-
#30	NEW    cov: 193 ft: 297 corp: 7/105Kb lim: 17152 exec/s: 0 rss: 1085Mb L: 17088/17088 MS: 2 ChangeASCIIInt-Custom-
#31	NEW    cov: 193 ft: 299 corp: 8/121Kb lim: 17152 exec/s: 0 rss: 1085Mb L: 17088/17088 MS: 2 ChangeByte-Custom-
#55	NEW    cov: 193 ft: 305 corp: 9/138Kb lim: 17152 exec/s: 0 rss: 1085Mb L: 17088/17088 MS: 8 ShuffleBytes-Custom-ChangeASCIIInt-Custom-ChangeASCIIInt-Custom-ChangeBit-Custom-
#76	NEW    cov: 193 ft: 314 corp: 10/155Kb lim: 17152 exec/s: 0 rss: 1085Mb L: 17088/17088 MS: 2 ChangeASCIIInt-Custom-
#99	NEW    cov: 193 ft: 316 corp: 11/171Kb lim: 17152 exec/s: 0 rss: 1085Mb L: 17088/17088 MS: 6 CopyPart-Custom-ChangeASCIIInt-Custom-ChangeByte-Custom-
#123	NEW    cov: 193 ft: 317 corp: 12/188Kb lim: 17152 exec/s: 0 rss: 1085Mb L: 17088/17088 MS: 8 ShuffleBytes-Custom-ChangeByte-Custom-ShuffleBytes-Custom-ShuffleBytes-Custom-
#139	NEW    cov: 193 ft: 341 corp: 13/205Kb lim: 17152 exec/s: 0 rss: 1085Mb L: 17088/17088 MS: 2 ChangeBit-Custom-
#147	NEW    cov: 193 ft: 350 corp: 14/221Kb lim: 17152 exec/s: 0 rss: 1085Mb L: 17088/17088 MS: 6 ChangeBit-Custom-ChangeBinInt-Custom-ChangeBit-Custom-
#158	NEW    cov: 193 ft: 352 corp: 15/238Kb lim: 17152 exec/s: 0 rss: 1085Mb L: 17088/17088 MS: 2 ShuffleBytes-Custom-
#167	NEW    cov: 193 ft: 356 corp: 16/255Kb lim: 17152 exec/s: 0 rss: 1085Mb L: 17088/17088 MS: 8 ChangeASCIIInt-Custom-CMP-Custom-CrossOver-Custom-ChangeBit-Custom- DE: "\240\275Fq\370\332Vh\374\326\031\000D\310\030\306"-
#173	NEW    cov: 193 ft: 357 corp: 17/272Kb lim: 17152 exec/s: 0 rss: 1085Mb L: 17088/17088 MS: 2 ChangeByte-Custom-
#189	REDUCE cov: 193 ft: 357 corp: 17/270Kb lim: 17152 exec/s: 0 rss: 1085Mb L: 3093/17088 MS: 2 EraseBytes-Custom-
#498	REDUCE cov: 193 ft: 357 corp: 17/269Kb lim: 17152 exec/s: 0 rss: 1085Mb L: 2223/17088 MS: 8 CMP-Custom-ChangeByte-Custom-CopyPart-Custom-EraseBytes-Custom- DE: "\377\377\377\377\377\377\377\377"-
#1138	REDUCE cov: 193 ft: 357 corp: 17/268Kb lim: 17152 exec/s: 1138 rss: 1086Mb L: 1976/17088 MS: 4 PersAutoDict-Custom-EraseBytes-Custom- DE: "\240\275Fq\370\332Vh\374\326\031\000D\310\030\306"-
#1185	REDUCE cov: 193 ft: 357 corp: 17/267Kb lim: 17152 exec/s: 1185 rss: 1086Mb L: 1003/17088 MS: 4 ChangeASCIIInt-Custom-EraseBytes-Custom-
#1465	REDUCE cov: 193 ft: 357 corp: 17/267Kb lim: 17152 exec/s: 1465 rss: 1086Mb L: 658/17088 MS: 10 ChangeBit-Custom-CrossOver-Custom-ChangeBinInt-Custom-ShuffleBytes-Custom-EraseBytes-Custom-
#2048	pulse  cov: 193 ft: 357 corp: 17/267Kb lim: 17152 exec/s: 1024 rss: 1086Mb
#3172	REDUCE cov: 193 ft: 357 corp: 17/267Kb lim: 17152 exec/s: 793 rss: 1086Mb L: 466/17088 MS: 6 InsertRepeatedBytes-Custom-InsertByte-Custom-EraseBytes-Custom-
#3933	REDUCE cov: 193 ft: 357 corp: 17/267Kb lim: 17152 exec/s: 786 rss: 1086Mb L: 379/17088 MS: 6 CopyPart-Custom-ChangeBinInt-Custom-EraseBytes-Custom-
#4080	REDUCE cov: 193 ft: 357 corp: 17/267Kb lim: 17152 exec/s: 816 rss: 1086Mb L: 306/17088 MS: 2 EraseBytes-Custom-
#4096	pulse  cov: 193 ft: 357 corp: 17/267Kb lim: 17152 exec/s: 819 rss: 1086Mb
#4347	REDUCE cov: 193 ft: 357 corp: 17/267Kb lim: 17152 exec/s: 869 rss: 1086Mb L: 168/17088 MS: 4 ChangeBit-Custom-EraseBytes-Custom-
#4492	REDUCE cov: 193 ft: 357 corp: 17/267Kb lim: 17152 exec/s: 898 rss: 1086Mb L: 148/17088 MS: 10 InsertByte-Custom-ChangeASCIIInt-Custom-ChangeASCIIInt-Custom-CopyPart-Custom-EraseBytes-Custom-
#4797	REDUCE cov: 193 ft: 357 corp: 17/267Kb lim: 17152 exec/s: 799 rss: 1086Mb L: 108/17088 MS: 4 ChangeByte-Custom-EraseBytes-Custom-
#4904	REDUCE cov: 193 ft: 357 corp: 17/267Kb lim: 17152 exec/s: 817 rss: 1086Mb L: 69/17088 MS: 4 CrossOver-Custom-EraseBytes-Custom-
#5213	REDUCE cov: 193 ft: 357 corp: 17/267Kb lim: 17152 exec/s: 868 rss: 1086Mb L: 44/17088 MS: 8 ChangeBit-Custom-ChangeASCIIInt-Custom-ChangeASCIIInt-Custom-EraseBytes-Custom-
#5886	REDUCE cov: 193 ft: 357 corp: 17/267Kb lim: 17152 exec/s: 840 rss: 1086Mb L: 31/17088 MS: 6 ShuffleBytes-Custom-ShuffleBytes-Custom-EraseBytes-Custom-
#6548	NEW    cov: 193 ft: 360 corp: 18/283Kb lim: 17152 exec/s: 818 rss: 1086Mb L: 17088/17088 MS: 8 ChangeByte-Custom-ChangeBit-Custom-ChangeBit-Custom-PersAutoDict-Custom- DE: "\377\377\377\377\377\377\377\377"-
#6939	REDUCE cov: 193 ft: 360 corp: 18/283Kb lim: 17152 exec/s: 771 rss: 1086Mb L: 30/17088 MS: 2 EraseBytes-Custom-
#7753	REDUCE cov: 193 ft: 360 corp: 18/283Kb lim: 17152 exec/s: 775 rss: 1086Mb L: 15/17088 MS: 6 CopyPart-Custom-ChangeBinInt-Custom-EraseBytes-Custom-
#8192	pulse  cov: 193 ft: 360 corp: 18/283Kb lim: 17152 exec/s: 819 rss: 1086Mb
#8757	REDUCE cov: 193 ft: 360 corp: 18/283Kb lim: 17152 exec/s: 796 rss: 1086Mb L: 8/17088 MS: 6 ChangeByte-Custom-InsertByte-Custom-EraseBytes-Custom-
#10286	REDUCE cov: 193 ft: 360 corp: 18/283Kb lim: 17152 exec/s: 791 rss: 1086Mb L: 7/17088 MS: 6 CopyPart-Custom-CrossOver-Custom-EraseBytes-Custom-
#10847	REDUCE cov: 193 ft: 360 corp: 18/283Kb lim: 17152 exec/s: 834 rss: 1086Mb L: 6/17088 MS: 2 EraseBytes-Custom-
#10874	REDUCE cov: 193 ft: 360 corp: 18/283Kb lim: 17152 exec/s: 836 rss: 1086Mb L: 5/17088 MS: 4 ChangeBit-Custom-EraseBytes-Custom-
#11788	REDUCE cov: 193 ft: 360 corp: 18/283Kb lim: 17152 exec/s: 785 rss: 1086Mb L: 3/17088 MS: 2 EraseBytes-Custom-
#11815	REDUCE cov: 193 ft: 360 corp: 18/283Kb lim: 17152 exec/s: 787 rss: 1086Mb L: 2/17088 MS: 4 ChangeBit-Custom-EraseBytes-Custom-
#13111	REDUCE cov: 193 ft: 360 corp: 18/283Kb lim: 17152 exec/s: 819 rss: 1086Mb L: 1/17088 MS: 4 ChangeByte-Custom-EraseBytes-Custom-
#16384	pulse  cov: 193 ft: 360 corp: 18/283Kb lim: 17152 exec/s: 819 rss: 1086Mb
#21656	NEW    cov: 193 ft: 361 corp: 19/300Kb lim: 17152 exec/s: 802 rss: 1086Mb L: 17088/17088 MS: 6 ShuffleBytes-Custom-PersAutoDict-Custom-ChangeBinInt-Custom- DE: "\240\275Fq\370\332Vh\374\326\031\000D\310\030\306"-
#32768	pulse  cov: 193 ft: 361 corp: 19/300Kb lim: 17152 exec/s: 799 rss: 1086Mb
#65536	pulse  cov: 193 ft: 361 corp: 19/300Kb lim: 17152 exec/s: 789 rss: 1087Mb
#95426	DONE   cov: 193 ft: 361 corp: 19/300Kb lim: 17152 exec/s: 788 rss: 1087Mb
[INFO] Tests run: 6, Failures: 0, Errors: 0, Skipped: 0, Time elapsed: 123.8 s -- in org.pqcfuzz.fuzz.PqcDecodeFuzzTest
[INFO] Tests run: 6, Failures: 0, Errors: 0, Skipped: 0
