INFO: Loaded 287 hooks from com.code_intelligence.jazzer.runtime.TraceCmpHooks
INFO: Loaded 5 hooks from com.code_intelligence.jazzer.runtime.TraceDivHooks
INFO: Loaded 2 hooks from com.code_intelligence.jazzer.runtime.TraceIndirHooks
INFO: Loaded 4 hooks from com.code_intelligence.jazzer.runtime.NativeLibHooks
INFO: Loaded 2 hooks from com.code_intelligence.jazzer.sanitizers.ClojureLangHooks
INFO: Loaded 5 hooks from com.code_intelligence.jazzer.sanitizers.Deserialization
INFO: Loaded 5 hooks from com.code_intelligence.jazzer.sanitizers.ExpressionLanguageInjection
INFO: Loaded 70 hooks from com.code_intelligence.jazzer.sanitizers.LdapInjection
INFO: Loaded 46 hooks from com.code_intelligence.jazzer.sanitizers.NamingContextLookup
INFO: Loaded 1 hooks from com.code_intelligence.jazzer.sanitizers.OsCommandInjection
INFO: Loaded 48 hooks from com.code_intelligence.jazzer.sanitizers.ReflectiveCall
INFO: Loaded 8 hooks from com.code_intelligence.jazzer.sanitizers.RegexInjection
INFO: Loaded 16 hooks from com.code_intelligence.jazzer.sanitizers.RegexRoadblocks
INFO: Loaded 12 hooks from com.code_intelligence.jazzer.sanitizers.ScriptEngineInjection
INFO: Loaded 3 hooks from com.code_intelligence.jazzer.sanitizers.ServerSideRequestForgery
INFO: Loaded 19 hooks from com.code_intelligence.jazzer.sanitizers.SqlInjection
INFO: Loaded 6 hooks from com.code_intelligence.jazzer.sanitizers.XPathInjection
INFO: Instrumented org.pqcfuzz.classify.Classifier (took 84 ms, size +26%)
INFO: Instrumented org.pqcfuzz.target.FuzzTarget (took 1 ms, size +12%)
INFO: Instrumented org.pqcfuzz.classify.Outcome (took 2 ms, size +13%)
INFO: Instrumented org.pqcfuzz.fuzz.PqcDecodeFuzzTest (took 9 ms, size +12%)
INFO: Instrumented org.pqcfuzz.target.Targets (took 10 ms, size +19%)
INFO: Instrumented org.pqcfuzz.target.mlkem.MlKem768DecapTarget (took 2 ms, size +13%)
INFO: Instrumented org.pqcfuzz.target.mlkem.MlKem768PublicKeyParseTarget (took 1 ms, size +15%)
INFO: Instrumented org.pqcfuzz.target.mldsa.MlDsa65VerifyTarget (took 3 ms, size +11%)
INFO: Instrumented org.bouncycastle.crypto.CipherParameters (took 0 ms, size +0%)
INFO: Instrumented org.pqcfuzz.target.mldsa.MlDsa65PublicKeyParseTarget (took 3 ms, size +15%)
INFO: Instrumented org.pqcfuzz.target.slhdsa.SlhDsaVerifyTarget (took 4 ms, size +10%)
INFO: Instrumented org.pqcfuzz.target.slhdsa.SlhDsaPublicKeyParseTarget (took 1 ms, size +14%)
INFO: Instrumented org.pqcfuzz.target.mlkem.MlKem768ParseAndEncapsulateTarget (took 3 ms, size +11%)
INFO: Instrumented org.pqcfuzz.util.DeterministicSecureRandom (took 5 ms, size +24%)
INFO: Instrumented org.bouncycastle.crypto.params.AsymmetricKeyParameter (took 0 ms, size +32%)
INFO: Instrumented org.bouncycastle.crypto.params.MLKEMPublicKeyParameters (took 3 ms, size +22%)
INFO: Instrumented org.bouncycastle.crypto.params.MLKEMKeyParameters (took 0 ms, size +23%)
INFO: Instrumented org.pqcfuzz.target.mldsa.MlDsa65ParseAndVerifyTarget (took 3 ms, size +10%)
INFO: Instrumented org.pqcfuzz.target.slhdsa.SlhDsaParseAndVerifyTarget (took 2 ms, size +10%)
INFO: Instrumented org.pqcfuzz.target.jdk.JdkMlKem768DecapTarget (took 3 ms, size +12%)
INFO: Instrumented org.pqcfuzz.target.jdk.JdkMlKem768PublicKeyParseTarget (took 2 ms, size +11%)
INFO: Instrumented org.pqcfuzz.target.jdk.JdkMlDsa65VerifyTarget (took 6 ms, size +10%)
INFO: Instrumented org.pqcfuzz.target.jdk.JdkMlDsa65PublicKeyParseTarget (took 5 ms, size +12%)
INFO: Instrumented org.pqcfuzz.target.jdk.JdkMlKem768ParseAndEncapsulateTarget (took 4 ms, size +9%)
INFO: Instrumented org.pqcfuzz.target.jdk.JdkMlDsa65ParseAndVerifyTarget (took 3 ms, size +9%)
INFO: Instrumented org.pqcfuzz.target.slhdsa.SlhDsaKeys (took 1 ms, size +7%)
INFO: Instrumented org.bouncycastle.crypto.KeyGenerationParameters (took 1 ms, size +19%)
INFO: Instrumented org.bouncycastle.crypto.params.SLHDSAKeyGenerationParameters (took 0 ms, size +20%)
INFO: Instrumented org.bouncycastle.crypto.params.SLHDSAParameters (took 5 ms, size +7%)
INFO: Instrumented org.bouncycastle.crypto.params.SLHDSAParameters$SLHDSAEngineProvider (took 0 ms, size +0%)
INFO: Instrumented org.bouncycastle.crypto.params.SLHDSAParameters$Sha2EngineProvider (took 1 ms, size +12%)
INFO: Instrumented org.bouncycastle.crypto.signers.slhdsa.SLHDSAEngine (took 3 ms, size +10%)
INFO: Instrumented org.bouncycastle.crypto.signers.slhdsa.SLHDSAEngine$Sha2Engine (took 3 ms, size +9%)
INFO: Instrumented org.bouncycastle.crypto.params.SLHDSAParameters$Shake256EngineProvider (took 0 ms, size +12%)
INFO: Instrumented org.bouncycastle.crypto.signers.slhdsa.SLHDSAEngine$Shake256Engine (took 2 ms, size +12%)
INFO: Instrumented org.bouncycastle.crypto.generators.SLHDSAKeyPairGenerator (took 1 ms, size +8%)
INFO: Instrumented org.bouncycastle.crypto.AsymmetricCipherKeyPairGenerator (took 0 ms, size +0%)
INFO: New number of coverage counters: 1024
INFO: Instrumented org.bouncycastle.crypto.CryptoServicesRegistrar (took 10 ms, size +12%)
INFO: Instrumented org.bouncycastle.crypto.CryptoServicesPermission (took 1 ms, size +72%)
INFO: Instrumented org.bouncycastle.crypto.SecureRandomProvider (took 0 ms, size +0%)
INFO: Instrumented org.bouncycastle.crypto.CryptoServicesConstraints (took 0 ms, size +0%)
INFO: Instrumented org.bouncycastle.crypto.CryptoServicesRegistrar$ThreadLocalSecureRandomProvider (took 1 ms, size +13%)
INFO: Instrumented org.bouncycastle.crypto.CryptoServicesRegistrar$1 (took 0 ms, size +24%)
INFO: Instrumented org.bouncycastle.crypto.params.DSAParameters (took 1 ms, size +66%)
INFO: Instrumented org.bouncycastle.crypto.params.DSAValidationParameters (took 1 ms, size +38%)
INFO: Instrumented org.bouncycastle.util.encoders.Hex (took 2 ms, size +15%)
INFO: Instrumented org.bouncycastle.util.encoders.DecoderException (took 0 ms, size +27%)
INFO: Instrumented org.bouncycastle.util.encoders.EncoderException (took 0 ms, size +27%)
INFO: Instrumented org.bouncycastle.util.encoders.HexEncoder (took 2 ms, size +37%)
INFO: Instrumented org.bouncycastle.util.encoders.Encoder (took 0 ms, size +0%)
INFO: New number of coverage counters: 2048
INFO: Instrumented org.bouncycastle.util.Arrays (took 22 ms, size +34%)
INFO: Instrumented org.bouncycastle.crypto.CryptoServicesRegistrar$Property (took 0 ms, size +10%)
INFO: Instrumented org.bouncycastle.asn1.x9.X9ECParameters (took 2 ms, size +12%)
INFO: Instrumented org.bouncycastle.asn1.x9.X9ObjectIdentifiers (took 0 ms, size +3%)
INFO: Instrumented org.bouncycastle.asn1.ASN1Object (took 1 ms, size +30%)
INFO: Instrumented org.bouncycastle.asn1.ASN1Encodable (took 0 ms, size +0%)
INFO: Instrumented org.bouncycastle.util.Encodable (took 0 ms, size +0%)
INFO: Instrumented org.bouncycastle.crypto.params.DHParameters (took 2 ms, size +39%)
INFO: Instrumented org.bouncycastle.crypto.params.DHValidationParameters (took 0 ms, size +45%)
INFO: Instrumented org.bouncycastle.crypto.params.SLHDSAPrivateKeyParameters (took 1 ms, size +15%)
INFO: Instrumented org.bouncycastle.crypto.params.SLHDSAKeyParameters (took 0 ms, size +22%)
INFO: Instrumented org.bouncycastle.crypto.params.SLHDSAPublicKeyParameters (took 0 ms, size +25%)
INFO: Instrumented org.bouncycastle.crypto.Digest (took 0 ms, size +0%)
INFO: Instrumented org.bouncycastle.crypto.DerivationParameters (took 0 ms, size +0%)
INFO: Instrumented org.bouncycastle.crypto.digests.SHA256Digest (took 4 ms, size +9%)
INFO: Instrumented org.bouncycastle.crypto.SavableDigest (took 0 ms, size +0%)
INFO: Instrumented org.bouncycastle.crypto.ExtendedDigest (took 0 ms, size +0%)
INFO: Instrumented org.bouncycastle.crypto.digests.EncodableDigest (took 0 ms, size +0%)
INFO: Instrumented org.bouncycastle.crypto.EncodableService (took 0 ms, size +0%)
INFO: Instrumented org.bouncycastle.util.Memoable (took 0 ms, size +0%)
INFO: Instrumented org.bouncycastle.crypto.digests.GeneralDigest (took 3 ms, size +23%)
INFO: Instrumented org.bouncycastle.crypto.CryptoServicePurpose (took 2 ms, size +13%)
INFO: Instrumented org.bouncycastle.crypto.digests.Utils (took 1 ms, size +10%)
INFO: Instrumented org.bouncycastle.crypto.CryptoServiceProperties (took 0 ms, size +0%)
INFO: Instrumented org.bouncycastle.crypto.digests.Utils$DefaultPropertiesWithPRF (took 0 ms, size +12%)
INFO: Instrumented org.bouncycastle.crypto.macs.HMac (took 3 ms, size +21%)
INFO: Instrumented org.bouncycastle.crypto.Mac (took 0 ms, size +0%)
INFO: Instrumented org.bouncycastle.util.Integers (took 3 ms, size +30%)
INFO: Instrumented org.bouncycastle.crypto.generators.MGF1BytesGenerator (took 2 ms, size +26%)
INFO: Instrumented org.bouncycastle.crypto.DerivationFunction (took 0 ms, size +0%)
INFO: Instrumented org.bouncycastle.crypto.OutputLengthException (took 0 ms, size +46%)
INFO: Instrumented org.bouncycastle.crypto.DataLengthException (took 0 ms, size +39%)
INFO: Instrumented org.bouncycastle.crypto.RuntimeCryptoException (took 0 ms, size +42%)
INFO: Instrumented org.bouncycastle.util.Pack (took 8 ms, size +24%)
INFO: Instrumented org.bouncycastle.crypto.signers.slhdsa.HT (took 2 ms, size +15%)
INFO: Instrumented org.bouncycastle.crypto.signers.slhdsa.WotsPlus (took 1 ms, size +21%)
INFO: Instrumented org.bouncycastle.crypto.signers.slhdsa.ADRS (took 1 ms, size +9%)
INFO: Instrumented org.bouncycastle.crypto.signers.slhdsa.NodeEntry (took 0 ms, size +37%)
INFO: Instrumented org.bouncycastle.crypto.AsymmetricCipherKeyPair (took 1 ms, size +13%)
INFO: Instrumented org.bouncycastle.crypto.params.SLHDSAPrivateKeyParameters$SK (took 0 ms, size +27%)
INFO: Instrumented org.bouncycastle.crypto.params.SLHDSAPrivateKeyParameters$PK (took 0 ms, size +27%)
INFO: Instrumented org.bouncycastle.crypto.signers.SLHDSASigner (took 2 ms, size +14%)
INFO: Instrumented org.bouncycastle.pqc.crypto.MessageSigner (took 0 ms, size +0%)
INFO: Instrumented org.bouncycastle.crypto.params.ParametersWithContext (took 0 ms, size +23%)
INFO: Instrumented org.bouncycastle.crypto.params.ParametersWithRandom (took 1 ms, size +13%)
INFO: Instrumented org.bouncycastle.crypto.signers.slhdsa.Fors (took 3 ms, size +16%)
INFO: Instrumented org.bouncycastle.crypto.params.KeyParameter (took 1 ms, size +27%)
INFO: Instrumented org.bouncycastle.crypto.params.MGFParameters (took 0 ms, size +23%)
INFO: Instrumented org.bouncycastle.util.Bytes (took 1 ms, size +37%)
INFO: Instrumented org.bouncycastle.crypto.signers.slhdsa.IndexedDigest (took 0 ms, size +32%)
INFO: Instrumented org.bouncycastle.crypto.signers.slhdsa.SIG_FORS (took 0 ms, size +31%)
INFO: Instrumented org.bouncycastle.crypto.signers.slhdsa.SIG_XMSS (took 0 ms, size +31%)
INFO: Instrumented org.pqcfuzz.target.TargetKind (took 1 ms, size +12%)
INFO: Instrumented org.bouncycastle.crypto.signers.slhdsa.SIG (took 0 ms, size +25%)
INFO: found LLVMFuzzerCustomMutator (0x10f863038). Disabling -len_control by default.
INFO: Running with entropic power schedule (0xFF, 100).
INFO: Seed: 744624452
INFO: Loaded 3 modules   (2048 inline 8-bit counters): 512 [0x7b74c00000, 0x7b74c00200), 512 [0x7b74c00200, 0x7b74c00400), 1024 [0x7b74c00400, 0x7b74c00800), 
INFO: Loaded 3 PC tables (2048 PCs): 512 [0x10508e5c0,0x1050905c0), 512 [0x7b79854000,0x7b79856000), 1024 [0x7b7951c000,0x7b79520000), 
INFO:        0 files found in <repo>/.cifuzz-corpus/org.pqcfuzz.fuzz.PqcDecodeFuzzTest/slhDsaVerify
INFO:        4 files found in <repo>/target/test-classes/org/pqcfuzz/fuzz/PqcDecodeFuzzTestInputs/slhDsaVerify
INFO:        0 files found in /var/folders/m8/hjsd0821793bcvxlpgdpt23r0000gn/T/jazzer-java-seeds15825826617855433439
INFO: -max_len is not provided; libFuzzer will not generate inputs larger than 17152 bytes
INFO: seed corpus: files: 4 min: 17088b max: 17152b total: 68416b rss: 1183Mb
INFO: using inputs from: <repo>/.cifuzz-corpus/org.pqcfuzz.fuzz.PqcDecodeFuzzTest/slhDsaVerify
INFO: using inputs from: <repo>/target/test-classes/org/pqcfuzz/fuzz/PqcDecodeFuzzTestInputs/slhDsaVerify
INFO: using inputs from: /var/folders/m8/hjsd0821793bcvxlpgdpt23r0000gn/T/jazzer-java-seeds15825826617855433439
#5	INITED cov: 193 ft: 243 corp: 4/66Kb exec/s: 0 rss: 1183Mb
#6	NEW    cov: 193 ft: 264 corp: 5/83Kb lim: 17152 exec/s: 0 rss: 1183Mb L: 17088/17152 MS: 2 ChangeBit-Custom-
#7	NEW    cov: 193 ft: 272 corp: 6/100Kb lim: 17152 exec/s: 0 rss: 1183Mb L: 17088/17152 MS: 2 ChangeASCIIInt-Custom-
#13	NEW    cov: 193 ft: 278 corp: 7/116Kb lim: 17152 exec/s: 0 rss: 1183Mb L: 17088/17152 MS: 2 ChangeByte-Custom-
#22	REDUCE cov: 193 ft: 278 corp: 7/101Kb lim: 17152 exec/s: 0 rss: 1183Mb L: 1183/17088 MS: 8 ChangeBinInt-Custom-ChangeBit-Custom-ShuffleBytes-Custom-CrossOver-Custom-
#33	REDUCE cov: 193 ft: 278 corp: 7/101Kb lim: 17152 exec/s: 0 rss: 1183Mb L: 945/17088 MS: 2 EraseBytes-Custom-
#44	NEW    cov: 193 ft: 280 corp: 8/117Kb lim: 17152 exec/s: 0 rss: 1183Mb L: 17088/17088 MS: 2 ChangeBit-Custom-
#50	NEW    cov: 193 ft: 281 corp: 9/134Kb lim: 17152 exec/s: 0 rss: 1183Mb L: 17088/17088 MS: 2 CopyPart-Custom-
#51	NEW    cov: 193 ft: 290 corp: 10/151Kb lim: 17152 exec/s: 0 rss: 1183Mb L: 17088/17088 MS: 2 CrossOver-Custom-
#52	NEW    cov: 193 ft: 292 corp: 11/167Kb lim: 17152 exec/s: 0 rss: 1183Mb L: 17088/17088 MS: 2 ChangeASCIIInt-Custom-
#82	NEW    cov: 193 ft: 300 corp: 12/184Kb lim: 17152 exec/s: 0 rss: 1183Mb L: 17088/17088 MS: 10 ChangeBit-Custom-ChangeByte-Custom-ShuffleBytes-Custom-ChangeBit-Custom-ChangeByte-Custom-
#99	NEW    cov: 193 ft: 301 corp: 13/201Kb lim: 17152 exec/s: 0 rss: 1183Mb L: 17088/17088 MS: 4 ChangeBit-Custom-ChangeByte-Custom-
#100	NEW    cov: 193 ft: 303 corp: 14/217Kb lim: 17152 exec/s: 0 rss: 1183Mb L: 17088/17088 MS: 2 CMP-Custom- DE: "7\353lk\310\2124\\\256\254\206D4\352\277\321"-
#144	NEW    cov: 193 ft: 306 corp: 15/234Kb lim: 17152 exec/s: 0 rss: 1183Mb L: 17088/17088 MS: 8 CopyPart-Custom-ChangeBinInt-Custom-CopyPart-Custom-ChangeByte-Custom-
#150	NEW    cov: 193 ft: 330 corp: 16/251Kb lim: 17152 exec/s: 0 rss: 1183Mb L: 17088/17088 MS: 2 ChangeASCIIInt-Custom-
#204	REDUCE cov: 193 ft: 330 corp: 16/251Kb lim: 17152 exec/s: 0 rss: 1183Mb L: 864/17088 MS: 8 CopyPart-Custom-ShuffleBytes-Custom-InsertRepeatedBytes-Custom-EraseBytes-Custom-
#225	REDUCE cov: 193 ft: 330 corp: 16/250Kb lim: 17152 exec/s: 0 rss: 1183Mb L: 526/17088 MS: 2 EraseBytes-Custom-
#336	NEW    cov: 193 ft: 351 corp: 17/267Kb lim: 17152 exec/s: 0 rss: 1183Mb L: 17088/17088 MS: 2 ChangeBinInt-Custom-
#366	REDUCE cov: 193 ft: 351 corp: 17/267Kb lim: 17152 exec/s: 0 rss: 1183Mb L: 460/17088 MS: 10 InsertRepeatedBytes-Custom-CrossOver-Custom-CMP-Custom-CMP-Custom-EraseBytes-Custom- DE: "\001\020"-"\001\000\000\000\000\000\000\000"-
#413	NEW    cov: 193 ft: 357 corp: 18/284Kb lim: 17152 exec/s: 0 rss: 1183Mb L: 17088/17088 MS: 4 ChangeBinInt-Custom-ChangeBinInt-Custom-
#760	REDUCE cov: 193 ft: 357 corp: 18/284Kb lim: 17152 exec/s: 760 rss: 1183Mb L: 383/17088 MS: 4 ShuffleBytes-Custom-EraseBytes-Custom-
#917	REDUCE cov: 193 ft: 357 corp: 18/284Kb lim: 17152 exec/s: 917 rss: 1183Mb L: 334/17088 MS: 4 InsertByte-Custom-EraseBytes-Custom-
#975	REDUCE cov: 193 ft: 357 corp: 18/283Kb lim: 17152 exec/s: 975 rss: 1183Mb L: 184/17088 MS: 6 InsertRepeatedBytes-Custom-EraseBytes-Custom-EraseBytes-Custom-
#1551	REDUCE cov: 193 ft: 357 corp: 18/283Kb lim: 17152 exec/s: 1551 rss: 1183Mb L: 162/17088 MS: 2 EraseBytes-Custom-
#2048	pulse  cov: 193 ft: 357 corp: 18/283Kb lim: 17152 exec/s: 1024 rss: 1183Mb
#2210	REDUCE cov: 193 ft: 357 corp: 18/283Kb lim: 17152 exec/s: 1105 rss: 1183Mb L: 134/17088 MS: 2 EraseBytes-Custom-
#3138	REDUCE cov: 193 ft: 357 corp: 18/283Kb lim: 17152 exec/s: 1046 rss: 1183Mb L: 102/17088 MS: 4 CMP-Custom-EraseBytes-Custom- DE: "\232\312\211\274-`)\252\343\322\333\203\340\260\363\325"-
#3238	REDUCE cov: 193 ft: 357 corp: 18/283Kb lim: 17152 exec/s: 809 rss: 1183Mb L: 82/17088 MS: 8 CMP-Custom-ChangeBinInt-Custom-PersAutoDict-Custom-EraseBytes-Custom- DE: "\240\275Fq\370\332Vh\374\326\031\000D\310\030\306"-"\001\020"-
#4096	pulse  cov: 193 ft: 357 corp: 18/283Kb lim: 17152 exec/s: 819 rss: 1183Mb
#4364	REDUCE cov: 193 ft: 357 corp: 18/283Kb lim: 17152 exec/s: 872 rss: 1183Mb L: 53/17088 MS: 2 EraseBytes-Custom-
#4857	REDUCE cov: 193 ft: 357 corp: 18/283Kb lim: 17152 exec/s: 809 rss: 1183Mb L: 44/17088 MS: 2 EraseBytes-Custom-
#5064	REDUCE cov: 193 ft: 357 corp: 18/283Kb lim: 17152 exec/s: 844 rss: 1183Mb L: 38/17088 MS: 4 InsertByte-Custom-EraseBytes-Custom-
#5320	REDUCE cov: 193 ft: 357 corp: 18/283Kb lim: 17152 exec/s: 886 rss: 1183Mb L: 32/17088 MS: 2 EraseBytes-Custom-
#5353	REDUCE cov: 193 ft: 357 corp: 18/283Kb lim: 17152 exec/s: 892 rss: 1183Mb L: 21/17088 MS: 6 CMP-Custom-CrossOver-Custom-EraseBytes-Custom- DE: "B/oB\327\2649s\220\213\377|s'm\265"-
#6294	REDUCE cov: 193 ft: 357 corp: 18/283Kb lim: 17152 exec/s: 899 rss: 1183Mb L: 18/17088 MS: 4 ChangeBinInt-Custom-EraseBytes-Custom-
#6793	REDUCE cov: 193 ft: 357 corp: 18/283Kb lim: 17152 exec/s: 849 rss: 1183Mb L: 9/17088 MS: 4 ChangeBit-Custom-EraseBytes-Custom-
#7174	REDUCE cov: 193 ft: 357 corp: 18/283Kb lim: 17152 exec/s: 797 rss: 1183Mb L: 5/17088 MS: 2 EraseBytes-Custom-
#7402	REDUCE cov: 193 ft: 357 corp: 18/283Kb lim: 17152 exec/s: 822 rss: 1183Mb L: 4/17088 MS: 2 EraseBytes-Custom-
#7509	REDUCE cov: 193 ft: 357 corp: 18/283Kb lim: 17152 exec/s: 834 rss: 1183Mb L: 2/17088 MS: 4 ChangeByte-Custom-EraseBytes-Custom-
#7623	REDUCE cov: 193 ft: 357 corp: 18/283Kb lim: 17152 exec/s: 847 rss: 1183Mb L: 1/17088 MS: 8 PersAutoDict-Custom-ChangeByte-Custom-ChangeByte-Custom-EraseBytes-Custom- DE: "\001\020"-
#7654	NEW    cov: 193 ft: 360 corp: 19/300Kb lim: 17152 exec/s: 850 rss: 1183Mb L: 17088/17088 MS: 2 CopyPart-Custom-
#7685	NEW    cov: 193 ft: 361 corp: 20/317Kb lim: 17152 exec/s: 853 rss: 1183Mb L: 17088/17088 MS: 2 CMP-Custom- DE: "\240\275Fq\370\332Vh\374\326\031\000D\310\030\306"-
#8192	pulse  cov: 193 ft: 361 corp: 20/317Kb lim: 17152 exec/s: 819 rss: 1183Mb
#16384	pulse  cov: 193 ft: 361 corp: 20/317Kb lim: 17152 exec/s: 780 rss: 1183Mb
#32768	pulse  cov: 193 ft: 361 corp: 20/317Kb lim: 17152 exec/s: 744 rss: 1183Mb
#65536	pulse  cov: 193 ft: 361 corp: 20/317Kb lim: 17152 exec/s: 736 rss: 1183Mb
#89528	DONE   cov: 193 ft: 361 corp: 20/317Kb lim: 17152 exec/s: 739 rss: 1183Mb
[INFO] Tests run: 6, Failures: 0, Errors: 0, Skipped: 0, Time elapsed: 123.9 s -- in org.pqcfuzz.fuzz.PqcDecodeFuzzTest
[INFO] Tests run: 6, Failures: 0, Errors: 0, Skipped: 0
