INFO: Loaded 287 hooks from com.code_intelligence.jazzer.runtime.TraceCmpHooks
INFO: Loaded 5 hooks from com.code_intelligence.jazzer.runtime.TraceDivHooks
INFO: Loaded 2 hooks from com.code_intelligence.jazzer.runtime.TraceIndirHooks
INFO: Loaded 4 hooks from com.code_intelligence.jazzer.runtime.NativeLibHooks
INFO: Loaded 2 hooks from com.code_intelligence.jazzer.sanitizers.ClojureLangHooks
INFO: Loaded 5 hooks from com.code_intelligence.jazzer.sanitizers.Deserialization
INFO: Loaded 5 hooks from com.code_intelligence.jazzer.sanitizers.ExpressionLanguageInjection
INFO: Loaded 70 hooks from com.code_intelligence.jazzer.sanitizers.LdapInjection
INFO: Loaded 46 hooks from com.code_intelligence.jazzer.sanitizers.NamingContextLookup
INFO: Loaded 1 hooks from com.code_intelligence.jazzer.sanitizers.OsCommandInjection
INFO: Loaded 48 hooks from com.code_intelligence.jazzer.sanitizers.ReflectiveCall
INFO: Loaded 8 hooks from com.code_intelligence.jazzer.sanitizers.RegexInjection
INFO: Loaded 16 hooks from com.code_intelligence.jazzer.sanitizers.RegexRoadblocks
INFO: Loaded 12 hooks from com.code_intelligence.jazzer.sanitizers.ScriptEngineInjection
INFO: Loaded 3 hooks from com.code_intelligence.jazzer.sanitizers.ServerSideRequestForgery
INFO: Loaded 19 hooks from com.code_intelligence.jazzer.sanitizers.SqlInjection
INFO: Loaded 6 hooks from com.code_intelligence.jazzer.sanitizers.XPathInjection
INFO: Instrumented org.pqcfuzz.classify.Classifier (took 87 ms, size +26%)
INFO: Instrumented org.pqcfuzz.target.FuzzTarget (took 0 ms, size +12%)
INFO: Instrumented org.pqcfuzz.classify.Outcome (took 8 ms, size +13%)
INFO: Instrumented org.pqcfuzz.fuzz.PqcDecodeFuzzTest (took 9 ms, size +12%)
INFO: Instrumented org.pqcfuzz.target.Targets (took 10 ms, size +19%)
INFO: Instrumented org.pqcfuzz.target.mlkem.MlKem768DecapTarget (took 4 ms, size +13%)
INFO: Instrumented org.pqcfuzz.target.mlkem.MlKem768PublicKeyParseTarget (took 3 ms, size +15%)
INFO: Instrumented org.pqcfuzz.target.mldsa.MlDsa65VerifyTarget (took 4 ms, size +11%)
INFO: Instrumented org.bouncycastle.crypto.CipherParameters (took 0 ms, size +0%)
INFO: Instrumented org.pqcfuzz.target.mldsa.MlDsa65PublicKeyParseTarget (took 3 ms, size +15%)
INFO: Instrumented org.pqcfuzz.target.slhdsa.SlhDsaVerifyTarget (took 3 ms, size +10%)
INFO: Instrumented org.pqcfuzz.target.slhdsa.SlhDsaPublicKeyParseTarget (took 2 ms, size +14%)
INFO: Instrumented org.pqcfuzz.target.mlkem.MlKem768ParseAndEncapsulateTarget (took 1 ms, size +11%)
INFO: Instrumented org.bouncycastle.crypto.params.AsymmetricKeyParameter (took 1 ms, size +32%)
INFO: Instrumented org.bouncycastle.crypto.params.MLKEMPublicKeyParameters (took 2 ms, size +22%)
INFO: Instrumented org.bouncycastle.crypto.params.MLKEMKeyParameters (took 0 ms, size +23%)
INFO: Instrumented org.pqcfuzz.util.DeterministicSecureRandom (took 2 ms, size +24%)
INFO: Instrumented org.pqcfuzz.target.mldsa.MlDsa65ParseAndVerifyTarget (took 2 ms, size +10%)
INFO: Instrumented org.pqcfuzz.target.slhdsa.SlhDsaParseAndVerifyTarget (took 2 ms, size +10%)
INFO: Instrumented org.pqcfuzz.target.jdk.JdkMlKem768DecapTarget (took 2 ms, size +12%)
INFO: Instrumented org.pqcfuzz.target.jdk.JdkMlKem768PublicKeyParseTarget (took 1 ms, size +11%)
INFO: Instrumented org.pqcfuzz.target.jdk.JdkMlDsa65VerifyTarget (took 2 ms, size +10%)
INFO: Instrumented org.pqcfuzz.target.jdk.JdkMlDsa65PublicKeyParseTarget (took 2 ms, size +12%)
INFO: Instrumented org.pqcfuzz.target.jdk.JdkMlKem768ParseAndEncapsulateTarget (took 2 ms, size +9%)
INFO: Instrumented org.pqcfuzz.target.jdk.JdkMlDsa65ParseAndVerifyTarget (took 1 ms, size +9%)
INFO: Instrumented org.pqcfuzz.target.slhdsa.SlhDsaKeys (took 0 ms, size +7%)
INFO: Instrumented org.bouncycastle.crypto.KeyGenerationParameters (took 1 ms, size +19%)
INFO: Instrumented org.bouncycastle.crypto.params.SLHDSAKeyGenerationParameters (took 0 ms, size +20%)
INFO: Instrumented org.bouncycastle.crypto.params.SLHDSAParameters (took 1 ms, size +7%)
INFO: Instrumented org.bouncycastle.crypto.params.SLHDSAParameters$SLHDSAEngineProvider (took 0 ms, size +0%)
INFO: Instrumented org.bouncycastle.crypto.params.SLHDSAParameters$Sha2EngineProvider (took 0 ms, size +12%)
INFO: Instrumented org.bouncycastle.crypto.signers.slhdsa.SLHDSAEngine (took 1 ms, size +10%)
INFO: Instrumented org.bouncycastle.crypto.signers.slhdsa.SLHDSAEngine$Sha2Engine (took 2 ms, size +9%)
INFO: Instrumented org.bouncycastle.crypto.params.SLHDSAParameters$Shake256EngineProvider (took 0 ms, size +12%)
INFO: Instrumented org.bouncycastle.crypto.signers.slhdsa.SLHDSAEngine$Shake256Engine (took 2 ms, size +12%)
INFO: Instrumented org.bouncycastle.crypto.generators.SLHDSAKeyPairGenerator (took 1 ms, size +8%)
INFO: Instrumented org.bouncycastle.crypto.AsymmetricCipherKeyPairGenerator (took 0 ms, size +0%)
INFO: New number of coverage counters: 1024
INFO: Instrumented org.bouncycastle.crypto.CryptoServicesRegistrar (took 4 ms, size +12%)
INFO: Instrumented org.bouncycastle.crypto.CryptoServicesPermission (took 1 ms, size +72%)
INFO: Instrumented org.bouncycastle.crypto.SecureRandomProvider (took 0 ms, size +0%)
INFO: Instrumented org.bouncycastle.crypto.CryptoServicesConstraints (took 0 ms, size +0%)
INFO: Instrumented org.bouncycastle.crypto.CryptoServicesRegistrar$ThreadLocalSecureRandomProvider (took 0 ms, size +13%)
INFO: Instrumented org.bouncycastle.crypto.CryptoServicesRegistrar$1 (took 0 ms, size +24%)
INFO: Instrumented org.bouncycastle.crypto.params.DSAParameters (took 1 ms, size +66%)
INFO: Instrumented org.bouncycastle.crypto.params.DSAValidationParameters (took 1 ms, size +38%)
INFO: Instrumented org.bouncycastle.util.encoders.Hex (took 3 ms, size +15%)
INFO: Instrumented org.bouncycastle.util.encoders.DecoderException (took 0 ms, size +27%)
INFO: Instrumented org.bouncycastle.util.encoders.EncoderException (took 0 ms, size +27%)
INFO: Instrumented org.bouncycastle.util.encoders.HexEncoder (took 2 ms, size +37%)
INFO: Instrumented org.bouncycastle.util.encoders.Encoder (took 0 ms, size +0%)
INFO: New number of coverage counters: 2048
INFO: Instrumented org.bouncycastle.util.Arrays (took 19 ms, size +34%)
INFO: Instrumented org.bouncycastle.crypto.CryptoServicesRegistrar$Property (took 2 ms, size +10%)
INFO: Instrumented org.bouncycastle.asn1.x9.X9ECParameters (took 2 ms, size +12%)
INFO: Instrumented org.bouncycastle.asn1.x9.X9ObjectIdentifiers (took 0 ms, size +3%)
INFO: Instrumented org.bouncycastle.asn1.ASN1Object (took 0 ms, size +30%)
INFO: Instrumented org.bouncycastle.asn1.ASN1Encodable (took 0 ms, size +0%)
INFO: Instrumented org.bouncycastle.util.Encodable (took 0 ms, size +0%)
INFO: Instrumented org.bouncycastle.crypto.params.DHParameters (took 4 ms, size +39%)
INFO: Instrumented org.bouncycastle.crypto.params.DHValidationParameters (took 0 ms, size +45%)
INFO: Instrumented org.bouncycastle.crypto.params.SLHDSAPrivateKeyParameters (took 1 ms, size +15%)
INFO: Instrumented org.bouncycastle.crypto.params.SLHDSAKeyParameters (took 0 ms, size +22%)
INFO: Instrumented org.bouncycastle.crypto.params.SLHDSAPublicKeyParameters (took 0 ms, size +25%)
INFO: Instrumented org.bouncycastle.crypto.DerivationParameters (took 0 ms, size +0%)
INFO: Instrumented org.bouncycastle.crypto.Digest (took 0 ms, size +0%)
INFO: Instrumented org.bouncycastle.crypto.digests.SHA256Digest (took 3 ms, size +9%)
INFO: Instrumented org.bouncycastle.crypto.SavableDigest (took 0 ms, size +0%)
INFO: Instrumented org.bouncycastle.crypto.ExtendedDigest (took 0 ms, size +0%)
INFO: Instrumented org.bouncycastle.crypto.digests.EncodableDigest (took 0 ms, size +0%)
INFO: Instrumented org.bouncycastle.crypto.EncodableService (took 0 ms, size +0%)
INFO: Instrumented org.bouncycastle.util.Memoable (took 0 ms, size +0%)
INFO: Instrumented org.bouncycastle.crypto.digests.GeneralDigest (took 3 ms, size +23%)
INFO: Instrumented org.bouncycastle.crypto.CryptoServicePurpose (took 1 ms, size +13%)
INFO: Instrumented org.bouncycastle.crypto.digests.Utils (took 0 ms, size +10%)
INFO: Instrumented org.bouncycastle.crypto.CryptoServiceProperties (took 0 ms, size +0%)
INFO: Instrumented org.bouncycastle.crypto.digests.Utils$DefaultPropertiesWithPRF (took 1 ms, size +12%)
INFO: Instrumented org.bouncycastle.crypto.macs.HMac (took 2 ms, size +21%)
INFO: Instrumented org.bouncycastle.crypto.Mac (took 0 ms, size +0%)
INFO: Instrumented org.bouncycastle.util.Integers (took 3 ms, size +30%)
INFO: Instrumented org.bouncycastle.crypto.generators.MGF1BytesGenerator (took 2 ms, size +26%)
INFO: Instrumented org.bouncycastle.crypto.DerivationFunction (took 0 ms, size +0%)
INFO: Instrumented org.bouncycastle.crypto.OutputLengthException (took 0 ms, size +46%)
INFO: Instrumented org.bouncycastle.crypto.DataLengthException (took 0 ms, size +39%)
INFO: Instrumented org.bouncycastle.crypto.RuntimeCryptoException (took 0 ms, size +42%)
INFO: Instrumented org.bouncycastle.util.Pack (took 6 ms, size +24%)
INFO: Instrumented org.bouncycastle.crypto.signers.slhdsa.HT (took 1 ms, size +15%)
INFO: Instrumented org.bouncycastle.crypto.signers.slhdsa.WotsPlus (took 1 ms, size +21%)
INFO: Instrumented org.bouncycastle.crypto.signers.slhdsa.ADRS (took 1 ms, size +9%)
INFO: Instrumented org.bouncycastle.crypto.signers.slhdsa.NodeEntry (took 0 ms, size +37%)
INFO: Instrumented org.bouncycastle.crypto.AsymmetricCipherKeyPair (took 1 ms, size +13%)
INFO: Instrumented org.bouncycastle.crypto.params.SLHDSAPrivateKeyParameters$SK (took 0 ms, size +27%)
INFO: Instrumented org.bouncycastle.crypto.params.SLHDSAPrivateKeyParameters$PK (took 0 ms, size +27%)
INFO: Instrumented org.bouncycastle.crypto.signers.SLHDSASigner (took 1 ms, size +14%)
INFO: Instrumented org.bouncycastle.pqc.crypto.MessageSigner (took 0 ms, size +0%)
INFO: Instrumented org.bouncycastle.crypto.params.ParametersWithContext (took 1 ms, size +23%)
INFO: Instrumented org.bouncycastle.crypto.params.ParametersWithRandom (took 0 ms, size +13%)
INFO: Instrumented org.bouncycastle.crypto.signers.slhdsa.Fors (took 1 ms, size +16%)
INFO: Instrumented org.bouncycastle.crypto.params.KeyParameter (took 1 ms, size +27%)
INFO: Instrumented org.bouncycastle.crypto.params.MGFParameters (took 0 ms, size +23%)
INFO: Instrumented org.bouncycastle.util.Bytes (took 2 ms, size +37%)
INFO: Instrumented org.bouncycastle.crypto.signers.slhdsa.IndexedDigest (took 0 ms, size +32%)
INFO: Instrumented org.bouncycastle.crypto.signers.slhdsa.SIG_FORS (took 0 ms, size +31%)
INFO: Instrumented org.bouncycastle.crypto.signers.slhdsa.SIG_XMSS (took 0 ms, size +31%)
INFO: Instrumented org.pqcfuzz.target.TargetKind (took 1 ms, size +12%)
INFO: Instrumented org.bouncycastle.crypto.signers.slhdsa.SIG (took 0 ms, size +25%)
INFO: found LLVMFuzzerCustomMutator (0x10aa93038). Disabling -len_control by default.
INFO: Running with entropic power schedule (0xFF, 100).
INFO: Seed: 3912655696
INFO: Loaded 3 modules   (2048 inline 8-bit counters): 512 [0x7774c00000, 0x7774c00200), 512 [0x7774c00200, 0x7774c00400), 1024 [0x7774c00400, 0x7774c00800), 
INFO: Loaded 3 PC tables (2048 PCs): 512 [0x100b4b960,0x100b4d960), 512 [0x7779800000,0x7779802000), 1024 [0x7779240000,0x7779244000), 
INFO:        0 files found in <repo>/.cifuzz-corpus/org.pqcfuzz.fuzz.PqcDecodeFuzzTest/slhDsaVerify
INFO:        4 files found in <repo>/target/test-classes/org/pqcfuzz/fuzz/PqcDecodeFuzzTestInputs/slhDsaVerify
INFO:        0 files found in /var/folders/m8/hjsd0821793bcvxlpgdpt23r0000gn/T/jazzer-java-seeds9780990995056953846
INFO: -max_len is not provided; libFuzzer will not generate inputs larger than 17152 bytes
INFO: seed corpus: files: 4 min: 17088b max: 17152b total: 68416b rss: 1225Mb
#5	INITED cov: 193 ft: 243 corp: 4/66Kb exec/s: 0 rss: 1225Mb
#6	NEW    cov: 193 ft: 252 corp: 5/83Kb lim: 17152 exec/s: 0 rss: 1225Mb L: 17088/17152 MS: 2 ShuffleBytes-Custom-
INFO: using inputs from: <repo>/.cifuzz-corpus/org.pqcfuzz.fuzz.PqcDecodeFuzzTest/slhDsaVerify
INFO: using inputs from: <repo>/target/test-classes/org/pqcfuzz/fuzz/PqcDecodeFuzzTestInputs/slhDsaVerify
INFO: using inputs from: /var/folders/m8/hjsd0821793bcvxlpgdpt23r0000gn/T/jazzer-java-seeds9780990995056953846
#7	NEW    cov: 193 ft: 256 corp: 6/100Kb lim: 17152 exec/s: 0 rss: 1225Mb L: 17088/17152 MS: 2 ChangeBinInt-Custom-
#13	REDUCE cov: 193 ft: 256 corp: 6/100Kb lim: 17152 exec/s: 0 rss: 1225Mb L: 16988/17088 MS: 2 EraseBytes-Custom-
#16	NEW    cov: 193 ft: 274 corp: 7/116Kb lim: 17152 exec/s: 0 rss: 1225Mb L: 17088/17088 MS: 6 ShuffleBytes-Custom-ChangeASCIIInt-Custom-ChangeBit-Custom-
#38	NEW    cov: 193 ft: 276 corp: 8/133Kb lim: 17152 exec/s: 0 rss: 1225Mb L: 17088/17088 MS: 4 ShuffleBytes-Custom-CopyPart-Custom-
#44	NEW    cov: 193 ft: 280 corp: 9/150Kb lim: 17152 exec/s: 0 rss: 1225Mb L: 17088/17088 MS: 2 ShuffleBytes-Custom-
#50	NEW    cov: 193 ft: 289 corp: 10/166Kb lim: 17152 exec/s: 0 rss: 1225Mb L: 17088/17088 MS: 2 CrossOver-Custom-
#51	NEW    cov: 193 ft: 291 corp: 11/183Kb lim: 17152 exec/s: 0 rss: 1225Mb L: 17088/17088 MS: 2 ChangeBinInt-Custom-
#77	NEW    cov: 193 ft: 292 corp: 12/200Kb lim: 17152 exec/s: 0 rss: 1225Mb L: 17088/17088 MS: 2 ChangeASCIIInt-Custom-
#78	NEW    cov: 193 ft: 316 corp: 13/216Kb lim: 17152 exec/s: 0 rss: 1225Mb L: 17088/17088 MS: 2 ChangeASCIIInt-Custom-
#94	NEW    cov: 193 ft: 337 corp: 14/233Kb lim: 17152 exec/s: 0 rss: 1225Mb L: 17088/17088 MS: 2 ChangeBinInt-Custom-
#102	NEW    cov: 193 ft: 343 corp: 15/250Kb lim: 17152 exec/s: 0 rss: 1225Mb L: 17088/17088 MS: 6 ChangeASCIIInt-Custom-ChangeASCIIInt-Custom-CrossOver-Custom-
#158	NEW    cov: 193 ft: 351 corp: 16/266Kb lim: 17152 exec/s: 0 rss: 1225Mb L: 17088/17088 MS: 2 ChangeBit-Custom-
#179	NEW    cov: 193 ft: 355 corp: 17/283Kb lim: 17152 exec/s: 0 rss: 1225Mb L: 17088/17088 MS: 2 ChangeBinInt-Custom-
#180	NEW    cov: 193 ft: 357 corp: 18/300Kb lim: 17152 exec/s: 0 rss: 1225Mb L: 17088/17088 MS: 2 CMP-Custom- DE: "\020\000"-
#203	REDUCE cov: 193 ft: 357 corp: 18/286Kb lim: 17152 exec/s: 0 rss: 1225Mb L: 2918/17088 MS: 6 ChangeByte-Custom-CopyPart-Custom-CrossOver-Custom-
#381	REDUCE cov: 193 ft: 357 corp: 18/285Kb lim: 17152 exec/s: 0 rss: 1225Mb L: 2257/17088 MS: 6 ChangeByte-Custom-ChangeASCIIInt-Custom-EraseBytes-Custom-
#712	REDUCE cov: 193 ft: 357 corp: 18/284Kb lim: 17152 exec/s: 0 rss: 1225Mb L: 1230/17088 MS: 2 EraseBytes-Custom-
#1171	REDUCE cov: 193 ft: 357 corp: 18/284Kb lim: 17152 exec/s: 1171 rss: 1225Mb L: 1050/17088 MS: 2 EraseBytes-Custom-
#1573	REDUCE cov: 193 ft: 357 corp: 18/284Kb lim: 17152 exec/s: 786 rss: 1225Mb L: 761/17088 MS: 10 ChangeByte-Custom-CMP-Custom-ShuffleBytes-Custom-PersAutoDict-Custom-EraseBytes-Custom- DE: "\377\377\377\377\377\377\377\377"-"\020\000"-
#2048	pulse  cov: 193 ft: 357 corp: 18/284Kb lim: 17152 exec/s: 1024 rss: 1225Mb
#2195	REDUCE cov: 193 ft: 357 corp: 18/284Kb lim: 17152 exec/s: 1097 rss: 1225Mb L: 741/17088 MS: 4 PersAutoDict-Custom-EraseBytes-Custom- DE: "\020\000"-
#2434	NEW    cov: 193 ft: 360 corp: 19/301Kb lim: 17152 exec/s: 811 rss: 1225Mb L: 17088/17088 MS: 4 ChangeByte-Custom-PersAutoDict-Custom- DE: "\377\377\377\377\377\377\377\377"-
#2560	NEW    cov: 193 ft: 361 corp: 20/317Kb lim: 17152 exec/s: 853 rss: 1225Mb L: 17088/17088 MS: 2 ChangeByte-Custom-
#2702	REDUCE cov: 193 ft: 361 corp: 20/317Kb lim: 17152 exec/s: 900 rss: 1225Mb L: 465/17088 MS: 4 ChangeASCIIInt-Custom-EraseBytes-Custom-
#2973	REDUCE cov: 193 ft: 361 corp: 20/317Kb lim: 17152 exec/s: 991 rss: 1225Mb L: 384/17088 MS: 2 EraseBytes-Custom-
#3036	REDUCE cov: 193 ft: 361 corp: 20/317Kb lim: 17152 exec/s: 1012 rss: 1225Mb L: 375/17088 MS: 6 ShuffleBytes-Custom-InsertByte-Custom-EraseBytes-Custom-
#3107	REDUCE cov: 193 ft: 361 corp: 20/317Kb lim: 17152 exec/s: 1035 rss: 1225Mb L: 332/17088 MS: 2 EraseBytes-Custom-
#3202	REDUCE cov: 193 ft: 361 corp: 20/317Kb lim: 17152 exec/s: 800 rss: 1225Mb L: 218/17088 MS: 2 EraseBytes-Custom-
#3273	REDUCE cov: 193 ft: 361 corp: 20/317Kb lim: 17152 exec/s: 818 rss: 1225Mb L: 162/17088 MS: 2 EraseBytes-Custom-
#3597	REDUCE cov: 193 ft: 361 corp: 20/317Kb lim: 17152 exec/s: 899 rss: 1225Mb L: 85/17088 MS: 8 InsertByte-Custom-ChangeBinInt-Custom-CopyPart-Custom-EraseBytes-Custom-
#3633	REDUCE cov: 193 ft: 361 corp: 20/317Kb lim: 17152 exec/s: 908 rss: 1225Mb L: 74/17088 MS: 2 EraseBytes-Custom-
#3777	REDUCE cov: 193 ft: 361 corp: 20/317Kb lim: 17152 exec/s: 944 rss: 1225Mb L: 49/17088 MS: 8 ChangeByte-Custom-InsertByte-Custom-ShuffleBytes-Custom-EraseBytes-Custom-
#4096	pulse  cov: 193 ft: 361 corp: 20/317Kb lim: 17152 exec/s: 819 rss: 1225Mb
#4526	REDUCE cov: 193 ft: 361 corp: 20/317Kb lim: 17152 exec/s: 905 rss: 1225Mb L: 36/17088 MS: 4 ChangeByte-Custom-EraseBytes-Custom-
#4621	REDUCE cov: 193 ft: 361 corp: 20/317Kb lim: 17152 exec/s: 770 rss: 1225Mb L: 33/17088 MS: 4 ChangeByte-Custom-EraseBytes-Custom-
#4712	REDUCE cov: 193 ft: 361 corp: 20/317Kb lim: 17152 exec/s: 785 rss: 1225Mb L: 30/17088 MS: 2 EraseBytes-Custom-
#4913	REDUCE cov: 193 ft: 361 corp: 20/317Kb lim: 17152 exec/s: 818 rss: 1225Mb L: 27/17088 MS: 2 EraseBytes-Custom-
#5384	REDUCE cov: 193 ft: 361 corp: 20/317Kb lim: 17152 exec/s: 897 rss: 1225Mb L: 15/17088 MS: 2 EraseBytes-Custom-
#6338	REDUCE cov: 193 ft: 361 corp: 20/317Kb lim: 17152 exec/s: 792 rss: 1225Mb L: 12/17088 MS: 10 CopyPart-Custom-ChangeByte-Custom-CopyPart-Custom-ChangeBit-Custom-EraseBytes-Custom-
#6526	REDUCE cov: 193 ft: 361 corp: 20/317Kb lim: 17152 exec/s: 815 rss: 1225Mb L: 10/17088 MS: 6 PersAutoDict-Custom-ChangeBinInt-Custom-EraseBytes-Custom- DE: "\377\377\377\377\377\377\377\377"-
#6738	REDUCE cov: 193 ft: 361 corp: 20/317Kb lim: 17152 exec/s: 842 rss: 1225Mb L: 8/17088 MS: 4 ShuffleBytes-Custom-EraseBytes-Custom-
#8192	pulse  cov: 193 ft: 361 corp: 20/317Kb lim: 17152 exec/s: 819 rss: 1225Mb
#8847	REDUCE cov: 193 ft: 361 corp: 20/317Kb lim: 17152 exec/s: 804 rss: 1225Mb L: 6/17088 MS: 2 EraseBytes-Custom-
#8882	REDUCE cov: 193 ft: 361 corp: 20/317Kb lim: 17152 exec/s: 807 rss: 1225Mb L: 4/17088 MS: 10 ChangeBit-Custom-CMP-Custom-EraseBytes-Custom-ShuffleBytes-Custom-EraseBytes-Custom- DE: "\001\000\000\000\000\000\000\000"-
#9183	REDUCE cov: 193 ft: 361 corp: 20/317Kb lim: 17152 exec/s: 834 rss: 1225Mb L: 3/17088 MS: 2 EraseBytes-Custom-
#9435	REDUCE cov: 193 ft: 361 corp: 20/317Kb lim: 17152 exec/s: 786 rss: 1225Mb L: 2/17088 MS: 4 CrossOver-Custom-EraseBytes-Custom-
#10468	REDUCE cov: 193 ft: 361 corp: 20/317Kb lim: 17152 exec/s: 805 rss: 1225Mb L: 1/17088 MS: 8 CopyPart-Custom-ChangeBinInt-Custom-ShuffleBytes-Custom-EraseBytes-Custom-
#16384	pulse  cov: 193 ft: 361 corp: 20/317Kb lim: 17152 exec/s: 819 rss: 1225Mb
#32768	pulse  cov: 193 ft: 361 corp: 20/317Kb lim: 17152 exec/s: 799 rss: 1225Mb
#65536	pulse  cov: 193 ft: 361 corp: 20/317Kb lim: 17152 exec/s: 771 rss: 1225Mb
#90280	DONE   cov: 193 ft: 361 corp: 20/317Kb lim: 17152 exec/s: 746 rss: 1225Mb
[INFO] Tests run: 6, Failures: 0, Errors: 0, Skipped: 0, Time elapsed: 123.9 s -- in org.pqcfuzz.fuzz.PqcDecodeFuzzTest
[INFO] Tests run: 6, Failures: 0, Errors: 0, Skipped: 0
