INFO: Loaded 287 hooks from com.code_intelligence.jazzer.runtime.TraceCmpHooks
INFO: Loaded 5 hooks from com.code_intelligence.jazzer.runtime.TraceDivHooks
INFO: Loaded 2 hooks from com.code_intelligence.jazzer.runtime.TraceIndirHooks
INFO: Loaded 4 hooks from com.code_intelligence.jazzer.runtime.NativeLibHooks
INFO: Loaded 2 hooks from com.code_intelligence.jazzer.sanitizers.ClojureLangHooks
INFO: Loaded 5 hooks from com.code_intelligence.jazzer.sanitizers.Deserialization
INFO: Loaded 5 hooks from com.code_intelligence.jazzer.sanitizers.ExpressionLanguageInjection
INFO: Loaded 70 hooks from com.code_intelligence.jazzer.sanitizers.LdapInjection
INFO: Loaded 46 hooks from com.code_intelligence.jazzer.sanitizers.NamingContextLookup
INFO: Loaded 1 hooks from com.code_intelligence.jazzer.sanitizers.OsCommandInjection
INFO: Loaded 48 hooks from com.code_intelligence.jazzer.sanitizers.ReflectiveCall
INFO: Loaded 8 hooks from com.code_intelligence.jazzer.sanitizers.RegexInjection
INFO: Loaded 16 hooks from com.code_intelligence.jazzer.sanitizers.RegexRoadblocks
INFO: Loaded 12 hooks from com.code_intelligence.jazzer.sanitizers.ScriptEngineInjection
INFO: Loaded 3 hooks from com.code_intelligence.jazzer.sanitizers.ServerSideRequestForgery
INFO: Loaded 19 hooks from com.code_intelligence.jazzer.sanitizers.SqlInjection
INFO: Loaded 6 hooks from com.code_intelligence.jazzer.sanitizers.XPathInjection
INFO: Instrumented org.pqcfuzz.classify.Classifier (took 65 ms, size +26%)
INFO: Instrumented org.pqcfuzz.target.FuzzTarget (took 1 ms, size +12%)
INFO: Instrumented org.pqcfuzz.classify.Outcome (took 4 ms, size +13%)
INFO: Instrumented org.pqcfuzz.fuzz.PqcDecodeFuzzTest (took 10 ms, size +12%)
INFO: Instrumented org.pqcfuzz.target.Targets (took 13 ms, size +19%)
INFO: Instrumented org.pqcfuzz.target.mlkem.MlKem768DecapTarget (took 3 ms, size +13%)
INFO: Instrumented org.pqcfuzz.target.mlkem.MlKem768PublicKeyParseTarget (took 3 ms, size +15%)
INFO: Instrumented org.pqcfuzz.target.mldsa.MlDsa65VerifyTarget (took 4 ms, size +11%)
INFO: Instrumented org.bouncycastle.crypto.CipherParameters (took 0 ms, size +0%)
INFO: Instrumented org.pqcfuzz.target.mldsa.MlDsa65PublicKeyParseTarget (took 2 ms, size +15%)
INFO: Instrumented org.pqcfuzz.target.slhdsa.SlhDsaVerifyTarget (took 2 ms, size +10%)
INFO: Instrumented org.pqcfuzz.target.slhdsa.SlhDsaPublicKeyParseTarget (took 1 ms, size +14%)
INFO: Instrumented org.pqcfuzz.target.mlkem.MlKem768ParseAndEncapsulateTarget (took 2 ms, size +11%)
INFO: Instrumented org.bouncycastle.crypto.params.AsymmetricKeyParameter (took 0 ms, size +32%)
INFO: Instrumented org.bouncycastle.crypto.params.MLKEMPublicKeyParameters (took 1 ms, size +22%)
INFO: Instrumented org.bouncycastle.crypto.params.MLKEMKeyParameters (took 1 ms, size +23%)
INFO: Instrumented org.pqcfuzz.util.DeterministicSecureRandom (took 2 ms, size +24%)
INFO: Instrumented org.pqcfuzz.target.mldsa.MlDsa65ParseAndVerifyTarget (took 1 ms, size +10%)
INFO: Instrumented org.pqcfuzz.target.slhdsa.SlhDsaParseAndVerifyTarget (took 1 ms, size +10%)
INFO: Instrumented org.pqcfuzz.target.jdk.JdkMlKem768DecapTarget (took 1 ms, size +12%)
INFO: Instrumented org.pqcfuzz.target.jdk.JdkMlKem768PublicKeyParseTarget (took 1 ms, size +11%)
INFO: Instrumented org.pqcfuzz.target.jdk.JdkMlDsa65VerifyTarget (took 2 ms, size +10%)
INFO: Instrumented org.pqcfuzz.target.jdk.JdkMlDsa65PublicKeyParseTarget (took 2 ms, size +12%)
INFO: Instrumented org.pqcfuzz.target.jdk.JdkMlKem768ParseAndEncapsulateTarget (took 1 ms, size +9%)
INFO: Instrumented org.pqcfuzz.target.jdk.JdkMlDsa65ParseAndVerifyTarget (took 1 ms, size +9%)
INFO: Instrumented org.pqcfuzz.target.slhdsa.SlhDsaKeys (took 1 ms, size +7%)
INFO: Instrumented org.bouncycastle.crypto.KeyGenerationParameters (took 1 ms, size +19%)
INFO: Instrumented org.bouncycastle.crypto.params.SLHDSAKeyGenerationParameters (took 0 ms, size +20%)
INFO: Instrumented org.bouncycastle.crypto.params.SLHDSAParameters (took 1 ms, size +7%)
INFO: Instrumented org.bouncycastle.crypto.params.SLHDSAParameters$SLHDSAEngineProvider (took 0 ms, size +0%)
INFO: Instrumented org.bouncycastle.crypto.params.SLHDSAParameters$Sha2EngineProvider (took 0 ms, size +12%)
INFO: Instrumented org.bouncycastle.crypto.signers.slhdsa.SLHDSAEngine (took 1 ms, size +10%)
INFO: Instrumented org.bouncycastle.crypto.signers.slhdsa.SLHDSAEngine$Sha2Engine (took 2 ms, size +9%)
INFO: Instrumented org.bouncycastle.crypto.params.SLHDSAParameters$Shake256EngineProvider (took 0 ms, size +12%)
INFO: Instrumented org.bouncycastle.crypto.signers.slhdsa.SLHDSAEngine$Shake256Engine (took 3 ms, size +12%)
INFO: Instrumented org.bouncycastle.crypto.generators.SLHDSAKeyPairGenerator (took 2 ms, size +8%)
INFO: Instrumented org.bouncycastle.crypto.AsymmetricCipherKeyPairGenerator (took 0 ms, size +0%)
INFO: New number of coverage counters: 1024
INFO: Instrumented org.bouncycastle.crypto.CryptoServicesRegistrar (took 8 ms, size +12%)
INFO: Instrumented org.bouncycastle.crypto.CryptoServicesPermission (took 1 ms, size +72%)
INFO: Instrumented org.bouncycastle.crypto.SecureRandomProvider (took 0 ms, size +0%)
INFO: Instrumented org.bouncycastle.crypto.CryptoServicesConstraints (took 0 ms, size +0%)
INFO: Instrumented org.bouncycastle.crypto.CryptoServicesRegistrar$ThreadLocalSecureRandomProvider (took 0 ms, size +13%)
INFO: Instrumented org.bouncycastle.crypto.CryptoServicesRegistrar$1 (took 0 ms, size +24%)
INFO: Instrumented org.bouncycastle.crypto.params.DSAParameters (took 1 ms, size +66%)
INFO: Instrumented org.bouncycastle.crypto.params.DSAValidationParameters (took 2 ms, size +38%)
INFO: Instrumented org.bouncycastle.util.encoders.Hex (took 2 ms, size +15%)
INFO: Instrumented org.bouncycastle.util.encoders.DecoderException (took 0 ms, size +27%)
INFO: Instrumented org.bouncycastle.util.encoders.EncoderException (took 0 ms, size +27%)
INFO: Instrumented org.bouncycastle.util.encoders.HexEncoder (took 2 ms, size +37%)
INFO: Instrumented org.bouncycastle.util.encoders.Encoder (took 0 ms, size +0%)
INFO: New number of coverage counters: 2048
INFO: Instrumented org.bouncycastle.util.Arrays (took 23 ms, size +34%)
INFO: Instrumented org.bouncycastle.crypto.CryptoServicesRegistrar$Property (took 1 ms, size +10%)
INFO: Instrumented org.bouncycastle.asn1.x9.X9ECParameters (took 4 ms, size +12%)
INFO: Instrumented org.bouncycastle.asn1.x9.X9ObjectIdentifiers (took 1 ms, size +3%)
INFO: Instrumented org.bouncycastle.asn1.ASN1Object (took 1 ms, size +30%)
INFO: Instrumented org.bouncycastle.asn1.ASN1Encodable (took 0 ms, size +0%)
INFO: Instrumented org.bouncycastle.util.Encodable (took 0 ms, size +0%)
INFO: Instrumented org.bouncycastle.crypto.params.DHParameters (took 1 ms, size +39%)
INFO: Instrumented org.bouncycastle.crypto.params.DHValidationParameters (took 0 ms, size +45%)
INFO: Instrumented org.bouncycastle.crypto.params.SLHDSAPrivateKeyParameters (took 1 ms, size +15%)
INFO: Instrumented org.bouncycastle.crypto.params.SLHDSAKeyParameters (took 0 ms, size +22%)
INFO: Instrumented org.bouncycastle.crypto.params.SLHDSAPublicKeyParameters (took 0 ms, size +25%)
INFO: Instrumented org.bouncycastle.crypto.DerivationParameters (took 0 ms, size +0%)
INFO: Instrumented org.bouncycastle.crypto.Digest (took 0 ms, size +0%)
INFO: Instrumented org.bouncycastle.crypto.digests.SHA256Digest (took 6 ms, size +9%)
INFO: Instrumented org.bouncycastle.crypto.SavableDigest (took 0 ms, size +0%)
INFO: Instrumented org.bouncycastle.crypto.ExtendedDigest (took 0 ms, size +0%)
INFO: Instrumented org.bouncycastle.crypto.digests.EncodableDigest (took 0 ms, size +0%)
INFO: Instrumented org.bouncycastle.crypto.EncodableService (took 0 ms, size +0%)
INFO: Instrumented org.bouncycastle.util.Memoable (took 0 ms, size +0%)
INFO: Instrumented org.bouncycastle.crypto.digests.GeneralDigest (took 1 ms, size +23%)
INFO: Instrumented org.bouncycastle.crypto.CryptoServicePurpose (took 0 ms, size +13%)
INFO: Instrumented org.bouncycastle.crypto.digests.Utils (took 0 ms, size +10%)
INFO: Instrumented org.bouncycastle.crypto.CryptoServiceProperties (took 0 ms, size +0%)
INFO: Instrumented org.bouncycastle.crypto.digests.Utils$DefaultPropertiesWithPRF (took 0 ms, size +12%)
INFO: Instrumented org.bouncycastle.crypto.macs.HMac (took 1 ms, size +21%)
INFO: Instrumented org.bouncycastle.crypto.Mac (took 0 ms, size +0%)
INFO: Instrumented org.bouncycastle.util.Integers (took 2 ms, size +30%)
INFO: Instrumented org.bouncycastle.crypto.generators.MGF1BytesGenerator (took 1 ms, size +26%)
INFO: Instrumented org.bouncycastle.crypto.DerivationFunction (took 0 ms, size +0%)
INFO: Instrumented org.bouncycastle.crypto.OutputLengthException (took 0 ms, size +46%)
INFO: Instrumented org.bouncycastle.crypto.DataLengthException (took 0 ms, size +39%)
INFO: Instrumented org.bouncycastle.crypto.RuntimeCryptoException (took 0 ms, size +42%)
INFO: Instrumented org.bouncycastle.util.Pack (took 4 ms, size +24%)
INFO: Instrumented org.bouncycastle.crypto.signers.slhdsa.HT (took 1 ms, size +15%)
INFO: Instrumented org.bouncycastle.crypto.signers.slhdsa.WotsPlus (took 0 ms, size +21%)
INFO: Instrumented org.bouncycastle.crypto.signers.slhdsa.ADRS (took 1 ms, size +9%)
INFO: Instrumented org.bouncycastle.crypto.signers.slhdsa.NodeEntry (took 0 ms, size +37%)
INFO: Instrumented org.bouncycastle.crypto.AsymmetricCipherKeyPair (took 1 ms, size +13%)
INFO: Instrumented org.bouncycastle.crypto.params.SLHDSAPrivateKeyParameters$SK (took 0 ms, size +27%)
INFO: Instrumented org.bouncycastle.crypto.params.SLHDSAPrivateKeyParameters$PK (took 0 ms, size +27%)
INFO: Instrumented org.bouncycastle.crypto.signers.SLHDSASigner (took 2 ms, size +14%)
INFO: Instrumented org.bouncycastle.pqc.crypto.MessageSigner (took 0 ms, size +0%)
INFO: Instrumented org.bouncycastle.crypto.params.ParametersWithContext (took 1 ms, size +23%)
INFO: Instrumented org.bouncycastle.crypto.params.ParametersWithRandom (took 6 ms, size +13%)
INFO: Instrumented org.bouncycastle.crypto.signers.slhdsa.Fors (took 2 ms, size +16%)
INFO: Instrumented org.bouncycastle.crypto.params.KeyParameter (took 0 ms, size +27%)
INFO: Instrumented org.bouncycastle.crypto.params.MGFParameters (took 0 ms, size +23%)
INFO: Instrumented org.bouncycastle.util.Bytes (took 1 ms, size +37%)
INFO: Instrumented org.bouncycastle.crypto.signers.slhdsa.IndexedDigest (took 0 ms, size +32%)
INFO: Instrumented org.bouncycastle.crypto.signers.slhdsa.SIG_FORS (took 0 ms, size +31%)
INFO: Instrumented org.bouncycastle.crypto.signers.slhdsa.SIG_XMSS (took 0 ms, size +31%)
INFO: Instrumented org.pqcfuzz.target.TargetKind (took 0 ms, size +12%)
INFO: Instrumented org.pqcfuzz.classify.ExpectedRejections (took 0 ms, size +41%)
INFO: Instrumented org.bouncycastle.crypto.signers.slhdsa.SIG (took 0 ms, size +25%)
INFO: using inputs from: <repo>/.cifuzz-corpus/org.pqcfuzz.fuzz.PqcDecodeFuzzTest/slhDsaParseAndVerify
INFO: using inputs from: <repo>/target/test-classes/org/pqcfuzz/fuzz/PqcDecodeFuzzTestInputs/slhDsaParseAndVerify
INFO: using inputs from: /var/folders/m8/hjsd0821793bcvxlpgdpt23r0000gn/T/jazzer-java-seeds15653137545195917994
INFO: found LLVMFuzzerCustomMutator (0x10d803038). Disabling -len_control by default.
INFO: Running with entropic power schedule (0xFF, 100).
INFO: Seed: 67623336
INFO: Loaded 3 modules   (2048 inline 8-bit counters): 512 [0x7c38800000, 0x7c38800200), 512 [0x7c38800200, 0x7c38800400), 1024 [0x7c38800400, 0x7c38800800), 
INFO: Loaded 3 PC tables (2048 PCs): 512 [0x103217f10,0x103219f10), 512 [0x7c3b1cc000,0x7c3b1ce000), 1024 [0x7c3b1ec000,0x7c3b1f0000), 
INFO:        0 files found in <repo>/.cifuzz-corpus/org.pqcfuzz.fuzz.PqcDecodeFuzzTest/slhDsaParseAndVerify
INFO:        4 files found in <repo>/target/test-classes/org/pqcfuzz/fuzz/PqcDecodeFuzzTestInputs/slhDsaParseAndVerify
INFO:        0 files found in /var/folders/m8/hjsd0821793bcvxlpgdpt23r0000gn/T/jazzer-java-seeds15653137545195917994
INFO: -max_len is not provided; libFuzzer will not generate inputs larger than 4096 bytes
INFO: seed corpus: files: 4 min: 32b max: 96b total: 192b rss: 1263Mb
#5	INITED cov: 218 ft: 273 corp: 4/192b exec/s: 0 rss: 1263Mb
#13	REDUCE cov: 218 ft: 273 corp: 4/160b lim: 96 exec/s: 0 rss: 1263Mb L: 64/64 MS: 6 CopyPart-Custom-ChangeBit-Custom-EraseBytes-Custom-
#39	NEW    cov: 218 ft: 294 corp: 5/192b lim: 96 exec/s: 0 rss: 1263Mb L: 32/64 MS: 2 CrossOver-Custom-
#46	NEW    cov: 218 ft: 323 corp: 6/224b lim: 96 exec/s: 0 rss: 1263Mb L: 32/64 MS: 4 ShuffleBytes-Custom-ChangeBit-Custom-
#77	REDUCE cov: 218 ft: 323 corp: 6/193b lim: 96 exec/s: 0 rss: 1263Mb L: 33/33 MS: 2 EraseBytes-Custom-
#79	NEW    cov: 218 ft: 324 corp: 7/225b lim: 96 exec/s: 0 rss: 1263Mb L: 32/33 MS: 4 ShuffleBytes-Custom-ChangeBinInt-Custom-
#85	NEW    cov: 218 ft: 328 corp: 8/257b lim: 96 exec/s: 0 rss: 1263Mb L: 32/33 MS: 2 ShuffleBytes-Custom-
#91	NEW    cov: 218 ft: 332 corp: 9/289b lim: 96 exec/s: 0 rss: 1263Mb L: 32/33 MS: 2 ChangeBit-Custom-
#102	NEW    cov: 218 ft: 335 corp: 10/321b lim: 96 exec/s: 0 rss: 1263Mb L: 32/33 MS: 2 ShuffleBytes-Custom-
#118	NEW    cov: 218 ft: 344 corp: 11/353b lim: 96 exec/s: 0 rss: 1263Mb L: 32/33 MS: 2 ShuffleBytes-Custom-
#124	NEW    cov: 218 ft: 348 corp: 12/385b lim: 96 exec/s: 0 rss: 1263Mb L: 32/33 MS: 2 ChangeBit-Custom-
#141	NEW    cov: 218 ft: 350 corp: 13/417b lim: 96 exec/s: 0 rss: 1263Mb L: 32/33 MS: 4 CMP-Custom-CrossOver-Custom- DE: "\274\314\371\026\201\321\213\352K\002\345\302\261L\035\264"-
#168	NEW    cov: 218 ft: 352 corp: 14/449b lim: 96 exec/s: 0 rss: 1263Mb L: 32/33 MS: 4 CopyPart-Custom-ChangeBit-Custom-
#169	NEW    cov: 218 ft: 357 corp: 15/481b lim: 96 exec/s: 0 rss: 1263Mb L: 32/33 MS: 2 ChangeBinInt-Custom-
#175	NEW    cov: 218 ft: 359 corp: 16/513b lim: 96 exec/s: 0 rss: 1263Mb L: 32/33 MS: 2 PersAutoDict-Custom- DE: "\274\314\371\026\201\321\213\352K\002\345\302\261L\035\264"-
#176	NEW    cov: 218 ft: 361 corp: 17/545b lim: 96 exec/s: 0 rss: 1263Mb L: 32/33 MS: 2 ChangeBinInt-Custom-
#197	NEW    cov: 218 ft: 367 corp: 18/577b lim: 96 exec/s: 0 rss: 1263Mb L: 32/33 MS: 2 PersAutoDict-Custom- DE: "\274\314\371\026\201\321\213\352K\002\345\302\261L\035\264"-
#297	REDUCE cov: 218 ft: 367 corp: 18/559b lim: 96 exec/s: 0 rss: 1263Mb L: 15/32 MS: 10 ChangeBit-Custom-CMP-Custom-PersAutoDict-Custom-CMP-Custom-CrossOver-Custom- DE: "\314\371\026\201\321\213\352K\002\345\302\261L\035\264\264"-"\274\314\371\026\201\321\213\352K\002\345\302\261L\035\264"-"\377\377\377\013"-
#423	REDUCE cov: 218 ft: 367 corp: 18/556b lim: 96 exec/s: 0 rss: 1264Mb L: 12/32 MS: 2 EraseBytes-Custom-
#947	REDUCE cov: 218 ft: 367 corp: 18/552b lim: 96 exec/s: 947 rss: 1264Mb L: 8/32 MS: 2 EraseBytes-Custom-
#1308	REDUCE cov: 218 ft: 367 corp: 18/549b lim: 96 exec/s: 1308 rss: 1264Mb L: 5/32 MS: 2 EraseBytes-Custom-
#1326	REDUCE cov: 218 ft: 367 corp: 18/548b lim: 96 exec/s: 1326 rss: 1264Mb L: 4/32 MS: 6 CopyPart-Custom-ShuffleBytes-Custom-EraseBytes-Custom-
#1575	NEW    cov: 218 ft: 368 corp: 19/580b lim: 96 exec/s: 1575 rss: 1264Mb L: 32/32 MS: 8 ChangeBit-Custom-PersAutoDict-Custom-ChangeBinInt-Custom-ChangeByte-Custom- DE: "\377\377\377\013"-
#2048	pulse  cov: 218 ft: 368 corp: 19/580b lim: 96 exec/s: 1024 rss: 1266Mb
#2416	REDUCE cov: 218 ft: 368 corp: 19/578b lim: 102 exec/s: 1208 rss: 1267Mb L: 2/32 MS: 10 InsertByte-Custom-ChangeBit-Custom-CrossOver-Custom-EraseBytes-Custom-EraseBytes-Custom-
#2477	REDUCE cov: 218 ft: 368 corp: 19/577b lim: 102 exec/s: 1238 rss: 1267Mb L: 1/32 MS: 2 EraseBytes-Custom-
#4096	pulse  cov: 218 ft: 368 corp: 19/577b lim: 114 exec/s: 1024 rss: 1273Mb
#8192	pulse  cov: 218 ft: 368 corp: 19/577b lim: 153 exec/s: 910 rss: 1273Mb
#16384	pulse  cov: 218 ft: 368 corp: 19/577b lim: 237 exec/s: 910 rss: 1273Mb
#20804	NEW    cov: 218 ft: 370 corp: 20/609b lim: 282 exec/s: 866 rss: 1273Mb L: 32/32 MS: 2 ChangeByte-Custom-
#30734	NEW    cov: 218 ft: 371 corp: 21/641b lim: 378 exec/s: 878 rss: 1273Mb L: 32/32 MS: 10 PersAutoDict-Custom-CrossOver-Custom-ChangeBit-Custom-ShuffleBytes-Custom-ChangeBinInt-Custom- DE: "\314\371\026\201\321\213\352K\002\345\302\261L\035\264\264"-
#32768	pulse  cov: 218 ft: 371 corp: 21/641b lim: 394 exec/s: 862 rss: 1273Mb
#65536	pulse  cov: 218 ft: 371 corp: 21/641b lim: 721 exec/s: 851 rss: 1273Mb
#101649	DONE   cov: 218 ft: 371 corp: 21/641b lim: 1077 exec/s: 840 rss: 1273Mb
[INFO] Tests run: 6, Failures: 0, Errors: 0, Skipped: 0, Time elapsed: 123.5 s -- in org.pqcfuzz.fuzz.PqcDecodeFuzzTest
[INFO] Tests run: 6, Failures: 0, Errors: 0, Skipped: 0
