INFO: Loaded 287 hooks from com.code_intelligence.jazzer.runtime.TraceCmpHooks
INFO: Loaded 5 hooks from com.code_intelligence.jazzer.runtime.TraceDivHooks
INFO: Loaded 2 hooks from com.code_intelligence.jazzer.runtime.TraceIndirHooks
INFO: Loaded 4 hooks from com.code_intelligence.jazzer.runtime.NativeLibHooks
INFO: Loaded 2 hooks from com.code_intelligence.jazzer.sanitizers.ClojureLangHooks
INFO: Loaded 5 hooks from com.code_intelligence.jazzer.sanitizers.Deserialization
INFO: Loaded 5 hooks from com.code_intelligence.jazzer.sanitizers.ExpressionLanguageInjection
INFO: Loaded 70 hooks from com.code_intelligence.jazzer.sanitizers.LdapInjection
INFO: Loaded 46 hooks from com.code_intelligence.jazzer.sanitizers.NamingContextLookup
INFO: Loaded 1 hooks from com.code_intelligence.jazzer.sanitizers.OsCommandInjection
INFO: Loaded 48 hooks from com.code_intelligence.jazzer.sanitizers.ReflectiveCall
INFO: Loaded 8 hooks from com.code_intelligence.jazzer.sanitizers.RegexInjection
INFO: Loaded 16 hooks from com.code_intelligence.jazzer.sanitizers.RegexRoadblocks
INFO: Loaded 12 hooks from com.code_intelligence.jazzer.sanitizers.ScriptEngineInjection
INFO: Loaded 3 hooks from com.code_intelligence.jazzer.sanitizers.ServerSideRequestForgery
INFO: Loaded 19 hooks from com.code_intelligence.jazzer.sanitizers.SqlInjection
INFO: Loaded 6 hooks from com.code_intelligence.jazzer.sanitizers.XPathInjection
INFO: Instrumented org.pqcfuzz.classify.Classifier (took 82 ms, size +26%)
INFO: Instrumented org.pqcfuzz.target.FuzzTarget (took 1 ms, size +12%)
INFO: Instrumented org.pqcfuzz.classify.Outcome (took 2 ms, size +13%)
INFO: Instrumented org.pqcfuzz.fuzz.PqcDecodeFuzzTest (took 13 ms, size +12%)
INFO: Instrumented org.pqcfuzz.target.Targets (took 10 ms, size +19%)
INFO: Instrumented org.pqcfuzz.target.mlkem.MlKem768DecapTarget (took 2 ms, size +13%)
INFO: Instrumented org.pqcfuzz.target.mlkem.MlKem768PublicKeyParseTarget (took 5 ms, size +15%)
INFO: Instrumented org.pqcfuzz.target.mldsa.MlDsa65VerifyTarget (took 6 ms, size +11%)
INFO: Instrumented org.bouncycastle.crypto.CipherParameters (took 0 ms, size +0%)
INFO: Instrumented org.pqcfuzz.target.mldsa.MlDsa65PublicKeyParseTarget (took 3 ms, size +15%)
INFO: Instrumented org.pqcfuzz.target.slhdsa.SlhDsaVerifyTarget (took 1 ms, size +10%)
INFO: Instrumented org.pqcfuzz.target.slhdsa.SlhDsaPublicKeyParseTarget (took 1 ms, size +14%)
INFO: Instrumented org.pqcfuzz.target.mlkem.MlKem768ParseAndEncapsulateTarget (took 2 ms, size +11%)
INFO: Instrumented org.bouncycastle.crypto.params.AsymmetricKeyParameter (took 0 ms, size +32%)
INFO: Instrumented org.bouncycastle.crypto.params.MLKEMPublicKeyParameters (took 1 ms, size +22%)
INFO: Instrumented org.bouncycastle.crypto.params.MLKEMKeyParameters (took 0 ms, size +23%)
INFO: Instrumented org.pqcfuzz.util.DeterministicSecureRandom (took 0 ms, size +24%)
INFO: Instrumented org.pqcfuzz.target.mldsa.MlDsa65ParseAndVerifyTarget (took 2 ms, size +10%)
INFO: Instrumented org.pqcfuzz.target.slhdsa.SlhDsaParseAndVerifyTarget (took 1 ms, size +10%)
INFO: Instrumented org.pqcfuzz.target.jdk.JdkMlKem768DecapTarget (took 1 ms, size +12%)
INFO: Instrumented org.pqcfuzz.target.jdk.JdkMlKem768PublicKeyParseTarget (took 1 ms, size +11%)
INFO: Instrumented org.pqcfuzz.target.jdk.JdkMlDsa65VerifyTarget (took 1 ms, size +10%)
INFO: Instrumented org.pqcfuzz.target.jdk.JdkMlDsa65PublicKeyParseTarget (took 2 ms, size +12%)
INFO: Instrumented org.pqcfuzz.target.jdk.JdkMlKem768ParseAndEncapsulateTarget (took 1 ms, size +9%)
INFO: Instrumented org.pqcfuzz.target.jdk.JdkMlDsa65ParseAndVerifyTarget (took 1 ms, size +9%)
INFO: Instrumented org.pqcfuzz.target.slhdsa.SlhDsaKeys (took 2 ms, size +7%)
INFO: Instrumented org.bouncycastle.crypto.KeyGenerationParameters (took 1 ms, size +19%)
INFO: Instrumented org.bouncycastle.crypto.params.SLHDSAKeyGenerationParameters (took 0 ms, size +20%)
INFO: Instrumented org.bouncycastle.crypto.params.SLHDSAParameters (took 3 ms, size +7%)
INFO: Instrumented org.bouncycastle.crypto.params.SLHDSAParameters$SLHDSAEngineProvider (took 0 ms, size +0%)
INFO: Instrumented org.bouncycastle.crypto.params.SLHDSAParameters$Sha2EngineProvider (took 1 ms, size +12%)
INFO: Instrumented org.bouncycastle.crypto.signers.slhdsa.SLHDSAEngine (took 1 ms, size +10%)
INFO: Instrumented org.bouncycastle.crypto.signers.slhdsa.SLHDSAEngine$Sha2Engine (took 4 ms, size +9%)
INFO: Instrumented org.bouncycastle.crypto.params.SLHDSAParameters$Shake256EngineProvider (took 0 ms, size +12%)
INFO: Instrumented org.bouncycastle.crypto.signers.slhdsa.SLHDSAEngine$Shake256Engine (took 1 ms, size +12%)
INFO: Instrumented org.bouncycastle.crypto.generators.SLHDSAKeyPairGenerator (took 2 ms, size +8%)
INFO: Instrumented org.bouncycastle.crypto.AsymmetricCipherKeyPairGenerator (took 0 ms, size +0%)
INFO: New number of coverage counters: 1024
INFO: Instrumented org.bouncycastle.crypto.CryptoServicesRegistrar (took 8 ms, size +12%)
INFO: Instrumented org.bouncycastle.crypto.CryptoServicesPermission (took 3 ms, size +72%)
INFO: Instrumented org.bouncycastle.crypto.SecureRandomProvider (took 0 ms, size +0%)
INFO: Instrumented org.bouncycastle.crypto.CryptoServicesConstraints (took 0 ms, size +0%)
INFO: Instrumented org.bouncycastle.crypto.CryptoServicesRegistrar$ThreadLocalSecureRandomProvider (took 0 ms, size +13%)
INFO: Instrumented org.bouncycastle.crypto.CryptoServicesRegistrar$1 (took 0 ms, size +24%)
INFO: Instrumented org.bouncycastle.crypto.params.DSAParameters (took 1 ms, size +66%)
INFO: Instrumented org.bouncycastle.crypto.params.DSAValidationParameters (took 0 ms, size +38%)
INFO: Instrumented org.bouncycastle.util.encoders.Hex (took 1 ms, size +15%)
INFO: Instrumented org.bouncycastle.util.encoders.DecoderException (took 0 ms, size +27%)
INFO: Instrumented org.bouncycastle.util.encoders.EncoderException (took 0 ms, size +27%)
INFO: Instrumented org.bouncycastle.util.encoders.HexEncoder (took 3 ms, size +37%)
INFO: Instrumented org.bouncycastle.util.encoders.Encoder (took 0 ms, size +0%)
INFO: New number of coverage counters: 2048
INFO: Instrumented org.bouncycastle.util.Arrays (took 14 ms, size +34%)
INFO: Instrumented org.bouncycastle.crypto.CryptoServicesRegistrar$Property (took 0 ms, size +10%)
INFO: Instrumented org.bouncycastle.asn1.x9.X9ECParameters (took 2 ms, size +12%)
INFO: Instrumented org.bouncycastle.asn1.x9.X9ObjectIdentifiers (took 0 ms, size +3%)
INFO: Instrumented org.bouncycastle.asn1.ASN1Object (took 1 ms, size +30%)
INFO: Instrumented org.bouncycastle.asn1.ASN1Encodable (took 0 ms, size +0%)
INFO: Instrumented org.bouncycastle.util.Encodable (took 0 ms, size +0%)
INFO: Instrumented org.bouncycastle.crypto.params.DHParameters (took 1 ms, size +39%)
INFO: Instrumented org.bouncycastle.crypto.params.DHValidationParameters (took 0 ms, size +45%)
INFO: Instrumented org.bouncycastle.crypto.params.SLHDSAPrivateKeyParameters (took 1 ms, size +15%)
INFO: Instrumented org.bouncycastle.crypto.params.SLHDSAKeyParameters (took 0 ms, size +22%)
INFO: Instrumented org.bouncycastle.crypto.params.SLHDSAPublicKeyParameters (took 0 ms, size +25%)
INFO: Instrumented org.bouncycastle.crypto.DerivationParameters (took 0 ms, size +0%)
INFO: Instrumented org.bouncycastle.crypto.Digest (took 0 ms, size +0%)
INFO: Instrumented org.bouncycastle.crypto.digests.SHA256Digest (took 3 ms, size +9%)
INFO: Instrumented org.bouncycastle.crypto.SavableDigest (took 0 ms, size +0%)
INFO: Instrumented org.bouncycastle.crypto.ExtendedDigest (took 0 ms, size +0%)
INFO: Instrumented org.bouncycastle.crypto.digests.EncodableDigest (took 0 ms, size +0%)
INFO: Instrumented org.bouncycastle.crypto.EncodableService (took 0 ms, size +0%)
INFO: Instrumented org.bouncycastle.util.Memoable (took 0 ms, size +0%)
INFO: Instrumented org.bouncycastle.crypto.digests.GeneralDigest (took 2 ms, size +23%)
INFO: Instrumented org.bouncycastle.crypto.CryptoServicePurpose (took 2 ms, size +13%)
INFO: Instrumented org.bouncycastle.crypto.digests.Utils (took 1 ms, size +10%)
INFO: Instrumented org.bouncycastle.crypto.CryptoServiceProperties (took 0 ms, size +0%)
INFO: Instrumented org.bouncycastle.crypto.digests.Utils$DefaultPropertiesWithPRF (took 0 ms, size +12%)
INFO: Instrumented org.bouncycastle.crypto.macs.HMac (took 6 ms, size +21%)
INFO: Instrumented org.bouncycastle.crypto.Mac (took 0 ms, size +0%)
INFO: Instrumented org.bouncycastle.util.Integers (took 1 ms, size +30%)
INFO: Instrumented org.bouncycastle.crypto.generators.MGF1BytesGenerator (took 0 ms, size +26%)
INFO: Instrumented org.bouncycastle.crypto.DerivationFunction (took 0 ms, size +0%)
INFO: Instrumented org.bouncycastle.crypto.OutputLengthException (took 0 ms, size +46%)
INFO: Instrumented org.bouncycastle.crypto.DataLengthException (took 0 ms, size +39%)
INFO: Instrumented org.bouncycastle.crypto.RuntimeCryptoException (took 0 ms, size +42%)
INFO: Instrumented org.bouncycastle.util.Pack (took 4 ms, size +24%)
INFO: Instrumented org.bouncycastle.crypto.signers.slhdsa.HT (took 2 ms, size +15%)
INFO: Instrumented org.bouncycastle.crypto.signers.slhdsa.WotsPlus (took 2 ms, size +21%)
INFO: Instrumented org.bouncycastle.crypto.signers.slhdsa.ADRS (took 2 ms, size +9%)
INFO: Instrumented org.bouncycastle.crypto.signers.slhdsa.NodeEntry (took 0 ms, size +37%)
INFO: Instrumented org.bouncycastle.crypto.AsymmetricCipherKeyPair (took 0 ms, size +13%)
INFO: Instrumented org.bouncycastle.crypto.params.SLHDSAPrivateKeyParameters$SK (took 0 ms, size +27%)
INFO: Instrumented org.bouncycastle.crypto.params.SLHDSAPrivateKeyParameters$PK (took 0 ms, size +27%)
INFO: Instrumented org.bouncycastle.crypto.signers.SLHDSASigner (took 1 ms, size +14%)
INFO: Instrumented org.bouncycastle.pqc.crypto.MessageSigner (took 0 ms, size +0%)
INFO: Instrumented org.bouncycastle.crypto.params.ParametersWithContext (took 0 ms, size +23%)
INFO: Instrumented org.bouncycastle.crypto.params.ParametersWithRandom (took 0 ms, size +13%)
INFO: Instrumented org.bouncycastle.crypto.signers.slhdsa.Fors (took 0 ms, size +16%)
INFO: Instrumented org.bouncycastle.crypto.params.KeyParameter (took 0 ms, size +27%)
INFO: Instrumented org.bouncycastle.crypto.params.MGFParameters (took 0 ms, size +23%)
INFO: Instrumented org.bouncycastle.util.Bytes (took 1 ms, size +37%)
INFO: Instrumented org.bouncycastle.crypto.signers.slhdsa.IndexedDigest (took 0 ms, size +32%)
INFO: Instrumented org.bouncycastle.crypto.signers.slhdsa.SIG_FORS (took 0 ms, size +31%)
INFO: Instrumented org.bouncycastle.crypto.signers.slhdsa.SIG_XMSS (took 0 ms, size +31%)
INFO: Instrumented org.pqcfuzz.target.TargetKind (took 0 ms, size +12%)
INFO: Instrumented org.pqcfuzz.classify.ExpectedRejections (took 0 ms, size +41%)
INFO: Instrumented org.bouncycastle.crypto.signers.slhdsa.SIG (took 1 ms, size +25%)
INFO: found LLVMFuzzerCustomMutator (0x10b0bb038). Disabling -len_control by default.
INFO: Running with entropic power schedule (0xFF, 100).
INFO: Seed: 4163015996
INFO: Loaded 3 modules   (2048 inline 8-bit counters): 512 [0x76d1c00000, 0x76d1c00200), 512 [0x76d1c00200, 0x76d1c00400), 1024 [0x76d1c00400, 0x76d1c00800), 
INFO: Loaded 3 PC tables (2048 PCs): 512 [0x76d5104000,0x76d5106000), 512 [0x76d5108000,0x76d510a000), 1024 [0x76d5298000,0x76d529c000), 
INFO:        0 files found in <repo>/.cifuzz-corpus/org.pqcfuzz.fuzz.PqcDecodeFuzzTest/slhDsaParseAndVerify
INFO:        4 files found in <repo>/target/test-classes/org/pqcfuzz/fuzz/PqcDecodeFuzzTestInputs/slhDsaParseAndVerify
INFO:        0 files found in /var/folders/m8/hjsd0821793bcvxlpgdpt23r0000gn/T/jazzer-java-seeds8048253856883055192
INFO: -max_len is not provided; libFuzzer will not generate inputs larger than 4096 bytes
INFO: seed corpus: files: 4 min: 32b max: 96b total: 192b rss: 1036Mb
#5	INITED cov: 218 ft: 273 corp: 4/192b exec/s: 0 rss: 1036Mb
#6	NEW    cov: 218 ft: 275 corp: 5/224b lim: 96 exec/s: 0 rss: 1036Mb L: 32/96 MS: 2 CopyPart-Custom-
#12	NEW    cov: 218 ft: 300 corp: 6/256b lim: 96 exec/s: 0 rss: 1036Mb L: 32/96 MS: 2 ChangeBinInt-Custom-
#14	REDUCE cov: 218 ft: 300 corp: 6/238b lim: 96 exec/s: 0 rss: 1036Mb L: 78/78 MS: 4 ShuffleBytes-Custom-EraseBytes-Custom-
#15	NEW    cov: 218 ft: 302 corp: 7/270b lim: 96 exec/s: 0 rss: 1036Mb L: 32/78 MS: 2 ChangeByte-Custom-
#16	REDUCE cov: 218 ft: 302 corp: 7/250b lim: 96 exec/s: 0 rss: 1036Mb L: 58/58 MS: 2 EraseBytes-Custom-
#23	NEW    cov: 218 ft: 309 corp: 8/282b lim: 96 exec/s: 0 rss: 1036Mb L: 32/58 MS: 4 CMP-Custom-ChangeBinInt-Custom- DE: "\000\000\000\000\000\000\000\000"-
INFO: using inputs from: <repo>/.cifuzz-corpus/org.pqcfuzz.fuzz.PqcDecodeFuzzTest/slhDsaParseAndVerify
INFO: using inputs from: <repo>/target/test-classes/org/pqcfuzz/fuzz/PqcDecodeFuzzTestInputs/slhDsaParseAndVerify
INFO: using inputs from: /var/folders/m8/hjsd0821793bcvxlpgdpt23r0000gn/T/jazzer-java-seeds8048253856883055192
#29	NEW    cov: 218 ft: 328 corp: 9/314b lim: 96 exec/s: 0 rss: 1036Mb L: 32/58 MS: 2 ChangeByte-Custom-
#51	NEW    cov: 218 ft: 331 corp: 10/346b lim: 96 exec/s: 0 rss: 1036Mb L: 32/58 MS: 4 ChangeByte-Custom-ChangeBit-Custom-
#57	NEW    cov: 218 ft: 333 corp: 11/378b lim: 96 exec/s: 0 rss: 1036Mb L: 32/58 MS: 2 CopyPart-Custom-
#58	NEW    cov: 218 ft: 335 corp: 12/410b lim: 96 exec/s: 0 rss: 1036Mb L: 32/58 MS: 2 CrossOver-Custom-
#69	NEW    cov: 218 ft: 340 corp: 13/442b lim: 96 exec/s: 0 rss: 1036Mb L: 32/58 MS: 2 ChangeBinInt-Custom-
#70	NEW    cov: 218 ft: 349 corp: 14/474b lim: 96 exec/s: 0 rss: 1036Mb L: 32/58 MS: 2 ChangeBinInt-Custom-
#71	NEW    cov: 218 ft: 358 corp: 15/506b lim: 96 exec/s: 0 rss: 1036Mb L: 32/58 MS: 2 ShuffleBytes-Custom-
#123	REDUCE cov: 218 ft: 358 corp: 15/489b lim: 96 exec/s: 0 rss: 1036Mb L: 41/41 MS: 4 InsertByte-Custom-EraseBytes-Custom-
#132	NEW    cov: 218 ft: 361 corp: 16/521b lim: 96 exec/s: 0 rss: 1036Mb L: 32/41 MS: 8 CopyPart-Custom-CrossOver-Custom-PersAutoDict-Custom-ChangeByte-Custom- DE: "\000\000\000\000\000\000\000\000"-
#163	NEW    cov: 218 ft: 365 corp: 17/553b lim: 96 exec/s: 0 rss: 1036Mb L: 32/41 MS: 2 CrossOver-Custom-
#239	NEW    cov: 218 ft: 367 corp: 18/585b lim: 96 exec/s: 0 rss: 1036Mb L: 32/41 MS: 2 CopyPart-Custom-
#272	REDUCE cov: 218 ft: 367 corp: 18/575b lim: 96 exec/s: 0 rss: 1036Mb L: 31/32 MS: 6 ChangeBinInt-Custom-ChangeBit-Custom-EraseBytes-Custom-
#338	REDUCE cov: 218 ft: 367 corp: 18/551b lim: 96 exec/s: 0 rss: 1036Mb L: 7/32 MS: 2 CrossOver-Custom-
#354	REDUCE cov: 218 ft: 367 corp: 18/550b lim: 96 exec/s: 0 rss: 1036Mb L: 6/32 MS: 2 EraseBytes-Custom-
#636	NEW    cov: 218 ft: 370 corp: 19/582b lim: 96 exec/s: 0 rss: 1036Mb L: 32/32 MS: 4 ChangeBit-Custom-ChangeByte-Custom-
#1148	REDUCE cov: 218 ft: 370 corp: 19/579b lim: 96 exec/s: 1148 rss: 1036Mb L: 3/32 MS: 4 ChangeBinInt-Custom-EraseBytes-Custom-
#1540	REDUCE cov: 218 ft: 370 corp: 19/578b lim: 96 exec/s: 1540 rss: 1036Mb L: 2/32 MS: 4 CopyPart-Custom-EraseBytes-Custom-
#1916	REDUCE cov: 218 ft: 370 corp: 19/577b lim: 96 exec/s: 958 rss: 1037Mb L: 1/32 MS: 4 ChangeByte-Custom-EraseBytes-Custom-
#2048	pulse  cov: 218 ft: 370 corp: 19/577b lim: 96 exec/s: 1024 rss: 1037Mb
#4096	pulse  cov: 218 ft: 370 corp: 19/577b lim: 114 exec/s: 1024 rss: 1037Mb
#8192	pulse  cov: 218 ft: 370 corp: 19/577b lim: 153 exec/s: 910 rss: 1037Mb
#16384	pulse  cov: 218 ft: 370 corp: 19/577b lim: 237 exec/s: 862 rss: 1037Mb
#32768	pulse  cov: 218 ft: 370 corp: 19/577b lim: 402 exec/s: 862 rss: 1037Mb
#65536	pulse  cov: 218 ft: 370 corp: 19/577b lim: 721 exec/s: 851 rss: 1037Mb
#102028	DONE   cov: 218 ft: 370 corp: 19/577b lim: 1087 exec/s: 843 rss: 1037Mb
[INFO] Tests run: 6, Failures: 0, Errors: 0, Skipped: 0, Time elapsed: 123.7 s -- in org.pqcfuzz.fuzz.PqcDecodeFuzzTest
[INFO] Tests run: 6, Failures: 0, Errors: 0, Skipped: 0
