bc186 mlKemDecap t1 exit=0 wall=127s | #2748555	DONE   cov: 255 ft: 256 corp: 2/1089b lim: 4096 exec/s: 22715 rss: 787Mb
bc186 mlKemPublicKeyParse t1 exit=0 wall=125s | #27030786	DONE   cov: 46 ft: 46 corp: 3/2369b lim: 4096 exec/s: 223394 rss: 1121Mb
bc186 mlKemParseAndEncapsulate t1 exit=0 wall=125s | #4063013	DONE   cov: 258 ft: 304 corp: 19/20Kb lim: 4096 exec/s: 33578 rss: 1248Mb
bc186 mlDsaVerify t1 exit=0 wall=125s | #2954614	DONE   cov: 258 ft: 381 corp: 42/132Kb lim: 4096 exec/s: 24418 rss: 1150Mb
bc186 mlDsaPublicKeyParse t1 exit=0 wall=125s | #22032514	DONE   cov: 60 ft: 60 corp: 2/1953b lim: 4096 exec/s: 182086 rss: 1114Mb
bc186 mlDsaParseAndVerify t1 exit=0 wall=125s | #1181245	DONE   cov: 285 ft: 317 corp: 11/19Kb lim: 4096 exec/s: 9762 rss: 1533Mb
bc186 slhDsaVerify t1 exit=0 wall=125s | #90280	DONE   cov: 193 ft: 361 corp: 20/317Kb lim: 17152 exec/s: 746 rss: 1225Mb
bc186 slhDsaPublicKeyParse t1 exit=0 wall=125s | #32977832	DONE   cov: 32 ft: 32 corp: 2/33b lim: 4096 exec/s: 272544 rss: 1128Mb
bc186 slhDsaParseAndVerify t1 exit=0 wall=125s | #102028	DONE   cov: 218 ft: 370 corp: 19/577b lim: 1087 exec/s: 843 rss: 1037Mb
bc186 mlKemDecap t2 exit=0 wall=126s | #2900744	DONE   cov: 255 ft: 256 corp: 2/1089b lim: 4096 exec/s: 23973 rss: 828Mb
bc186 mlKemPublicKeyParse t2 exit=0 wall=125s | #27258708	DONE   cov: 46 ft: 46 corp: 3/2369b lim: 4096 exec/s: 225278 rss: 1263Mb
bc186 mlKemParseAndEncapsulate t2 exit=0 wall=125s | #4181850	DONE   cov: 258 ft: 292 corp: 18/19Kb lim: 4096 exec/s: 34560 rss: 1109Mb
bc186 mlDsaVerify t2 exit=0 wall=125s | #3081774	DONE   cov: 258 ft: 380 corp: 42/132Kb lim: 4096 exec/s: 25469 rss: 1288Mb
bc186 mlDsaPublicKeyParse t2 exit=0 wall=126s | #21416508	DONE   cov: 60 ft: 60 corp: 2/1953b lim: 4096 exec/s: 176995 rss: 1166Mb
bc186 mlDsaParseAndVerify t2 exit=0 wall=125s | #1172222	DONE   cov: 285 ft: 325 corp: 17/30Kb lim: 4096 exec/s: 9687 rss: 974Mb
bc186 slhDsaVerify t2 exit=0 wall=125s | #89528	DONE   cov: 193 ft: 361 corp: 20/317Kb lim: 17152 exec/s: 739 rss: 1183Mb
bc186 slhDsaPublicKeyParse t2 exit=0 wall=125s | #34200245	DONE   cov: 32 ft: 32 corp: 2/33b lim: 4096 exec/s: 282646 rss: 1325Mb
bc186 slhDsaParseAndVerify t2 exit=0 wall=125s | #94517	DONE   cov: 218 ft: 371 corp: 21/641b lim: 1018 exec/s: 781 rss: 1384Mb
bc186 mlKemDecap t3 exit=0 wall=125s | #2954971	DONE   cov: 255 ft: 256 corp: 2/1089b lim: 4096 exec/s: 24421 rss: 1269Mb
bc186 mlKemPublicKeyParse t3 exit=0 wall=125s | #28470116	DONE   cov: 46 ft: 46 corp: 3/2369b lim: 4096 exec/s: 235290 rss: 1157Mb
bc186 mlKemParseAndEncapsulate t3 exit=0 wall=124s | #4703790	DONE   cov: 258 ft: 299 corp: 20/21Kb lim: 4096 exec/s: 38874 rss: 1467Mb
bc186 mlDsaVerify t3 exit=0 wall=125s | #2931989	DONE   cov: 258 ft: 379 corp: 40/126Kb lim: 4096 exec/s: 24231 rss: 992Mb
bc186 mlDsaPublicKeyParse t3 exit=0 wall=125s | #22563418	DONE   cov: 60 ft: 60 corp: 2/1953b lim: 4096 exec/s: 186474 rss: 941Mb
bc186 mlDsaParseAndVerify t3 exit=0 wall=124s | #1164743	DONE   cov: 285 ft: 321 corp: 14/24Kb lim: 4096 exec/s: 9625 rss: 1144Mb
bc186 slhDsaVerify t3 exit=0 wall=125s | #95426	DONE   cov: 193 ft: 361 corp: 19/300Kb lim: 17152 exec/s: 788 rss: 1087Mb
bc186 slhDsaPublicKeyParse t3 exit=0 wall=124s | #33730276	DONE   cov: 32 ft: 32 corp: 2/33b lim: 4096 exec/s: 278762 rss: 1165Mb
bc186 slhDsaParseAndVerify t3 exit=0 wall=125s | #99771	DONE   cov: 218 ft: 371 corp: 22/673b lim: 1057 exec/s: 824 rss: 1340Mb
bc186 mlKemDecap t4 exit=0 wall=125s | #3056830	DONE   cov: 255 ft: 256 corp: 2/1089b lim: 4096 exec/s: 25263 rss: 1112Mb
bc186 mlKemPublicKeyParse t4 exit=0 wall=124s | #28601956	DONE   cov: 46 ft: 46 corp: 3/2369b lim: 4096 exec/s: 236379 rss: 1120Mb
bc186 mlKemParseAndEncapsulate t4 exit=0 wall=125s | #4659207	DONE   cov: 258 ft: 299 corp: 20/21Kb lim: 4096 exec/s: 38505 rss: 1228Mb
bc186 mlDsaVerify t4 exit=0 wall=125s | #2977074	DONE   cov: 258 ft: 380 corp: 41/129Kb lim: 4096 exec/s: 24603 rss: 878Mb
bc186 mlDsaPublicKeyParse t4 exit=0 wall=124s | #22472705	DONE   cov: 60 ft: 60 corp: 2/1953b lim: 4096 exec/s: 185724 rss: 1264Mb
bc186 mlDsaParseAndVerify t4 exit=0 wall=125s | #1173826	DONE   cov: 285 ft: 317 corp: 11/19Kb lim: 4096 exec/s: 9701 rss: 1134Mb
bc186 slhDsaVerify t4 exit=0 wall=125s | #92011	DONE   cov: 193 ft: 361 corp: 20/317Kb lim: 17152 exec/s: 760 rss: 1181Mb
bc186 slhDsaPublicKeyParse t4 exit=0 wall=125s | #33626401	DONE   cov: 32 ft: 32 corp: 2/33b lim: 4096 exec/s: 277904 rss: 1199Mb
bc186 slhDsaParseAndVerify t4 exit=0 wall=125s | #102448	DONE   cov: 218 ft: 370 corp: 20/609b lim: 1097 exec/s: 846 rss: 1264Mb
bc186 mlKemDecap t5 exit=0 wall=124s | #2948608	DONE   cov: 255 ft: 256 corp: 2/1089b lim: 4096 exec/s: 24368 rss: 1123Mb
bc186 mlKemPublicKeyParse t5 exit=0 wall=125s | #28483032	DONE   cov: 46 ft: 46 corp: 3/2369b lim: 4096 exec/s: 235396 rss: 940Mb
bc186 mlKemParseAndEncapsulate t5 exit=0 wall=125s | #4082686	DONE   cov: 258 ft: 292 corp: 18/19Kb lim: 4096 exec/s: 33741 rss: 1327Mb
bc186 mlDsaVerify t5 exit=0 wall=124s | #2854906	DONE   cov: 258 ft: 380 corp: 40/126Kb lim: 4096 exec/s: 23594 rss: 1335Mb
bc186 mlDsaPublicKeyParse t5 exit=0 wall=125s | #22443496	DONE   cov: 60 ft: 60 corp: 2/1953b lim: 4096 exec/s: 185483 rss: 1037Mb
bc186 mlDsaParseAndVerify t5 exit=0 wall=125s | #1172473	DONE   cov: 285 ft: 321 corp: 15/26Kb lim: 4096 exec/s: 9689 rss: 1467Mb
bc186 slhDsaVerify t5 exit=0 wall=124s | #92858	DONE   cov: 193 ft: 361 corp: 19/300Kb lim: 17152 exec/s: 767 rss: 1283Mb
bc186 slhDsaPublicKeyParse t5 exit=0 wall=124s | #33237519	DONE   cov: 32 ft: 32 corp: 2/33b lim: 4096 exec/s: 274690 rss: 1341Mb
bc186 slhDsaParseAndVerify t5 exit=0 wall=125s | #101649	DONE   cov: 218 ft: 371 corp: 21/641b lim: 1077 exec/s: 840 rss: 1273Mb
ALLDONE
